[ +314 ms] Artifact Instance of 'MaterialFonts' is not required, skipping update.
[        ] Artifact Instance of 'GradleWrapper' is not required, skipping update.
[        ] Artifact Instance of 'AndroidGenSnapshotArtifacts' is not required, skipping update.
[        ] Artifact Instance of 'AndroidInternalBuildArtifacts' is not required, skipping update.
[        ] Artifact Instance of 'IOSEngineArtifacts' is not required, skipping update.
[        ] Artifact Instance of 'FlutterWebSdk' is not required, skipping update.
[        ] Artifact Instance of 'LegacyCanvasKitRemover' is not required, skipping update.
[        ] Artifact Instance of 'FlutterSdk' is not required, skipping update.
[        ] Artifact Instance of 'WindowsEngineArtifacts' is not required, skipping update.
[        ] Artifact Instance of 'MacOSEngineArtifacts' is not required, skipping update.
[        ] Artifact Instance of 'LinuxEngineArtifacts' is not required, skipping update.
[        ] Artifact Instance of 'LinuxFuchsiaSDKArtifacts' is not required, skipping update.
[        ] Artifact Instance of 'MacOSFuchsiaSDKArtifacts' is not required, skipping update.
[        ] Artifact Instance of 'FlutterRunnerSDKArtifacts' is not required, skipping update.
[        ] Artifact Instance of 'FlutterRunnerDebugSymbols' is not required, skipping update.
[        ] Artifact Instance of 'IosUsbArtifacts' is not required, skipping update.
[        ] Artifact Instance of 'IosUsbArtifacts' is not required, skipping update.
[        ] Artifact Instance of 'IosUsbArtifacts' is not required, skipping update.
[        ] Artifact Instance of 'IosUsbArtifacts' is not required, skipping update.
[        ] Artifact Instance of 'IosUsbArtifacts' is not required, skipping update.
[        ] Artifact Instance of 'IosUsbArtifacts' is not required, skipping update.
[        ] Artifact Instance of 'FontSubsetArtifacts' is not required, skipping update.
[        ] Artifact Instance of 'PubDependencies' is not required, skipping update.
[        ] executing: [C:\flutter_windows_3.41.2-stable\flutter/] git -c log.showSignature=false log HEAD -n 1 --pretty=format:%ad --date=iso
[  +55 ms] Exit code 0 from: git -c log.showSignature=false log HEAD -n 1 --pretty=format:%ad --date=iso
[        ] 2026-02-18 13:54:59 -0800
[  +12 ms] Artifact Instance of 'AndroidGenSnapshotArtifacts' is not required, skipping update.
[        ] Artifact Instance of 'AndroidInternalBuildArtifacts' is not required, skipping update.
[        ] Artifact Instance of 'IOSEngineArtifacts' is not required, skipping update.
[        ] Artifact Instance of 'FlutterWebSdk' is not required, skipping update.
[        ] Artifact Instance of 'FlutterEngineStamp' is not required, skipping update.
[        ] Artifact Instance of 'LegacyCanvasKitRemover' is not required, skipping update.
[   +1 ms] Artifact Instance of 'WindowsEngineArtifacts' is not required, skipping update.
[        ] Artifact Instance of 'MacOSEngineArtifacts' is not required, skipping update.
[        ] Artifact Instance of 'LinuxEngineArtifacts' is not required, skipping update.
[        ] Artifact Instance of 'LinuxFuchsiaSDKArtifacts' is not required, skipping update.
[        ] Artifact Instance of 'MacOSFuchsiaSDKArtifacts' is not required, skipping update.
[        ] Artifact Instance of 'FlutterRunnerSDKArtifacts' is not required, skipping update.
[        ] Artifact Instance of 'FlutterRunnerDebugSymbols' is not required, skipping update.
[  +40 ms] Artifact Instance of 'MaterialFonts' is not required, skipping update.
[        ] Artifact Instance of 'GradleWrapper' is not required, skipping update.
[   +7 ms] Artifact Instance of 'AndroidInternalBuildArtifacts' is not required, skipping update.
[        ] Artifact Instance of 'IOSEngineArtifacts' is not required, skipping update.
[        ] Artifact Instance of 'FlutterWebSdk' is not required, skipping update.
[        ] Artifact Instance of 'FlutterEngineStamp' is not required, skipping update.
[        ] Artifact Instance of 'LegacyCanvasKitRemover' is not required, skipping update.
[        ] Artifact Instance of 'FlutterSdk' is not required, skipping update.
[        ] Artifact Instance of 'WindowsEngineArtifacts' is not required, skipping update.
[        ] Artifact Instance of 'MacOSEngineArtifacts' is not required, skipping update.
[        ] Artifact Instance of 'LinuxEngineArtifacts' is not required, skipping update.
[        ] Artifact Instance of 'LinuxFuchsiaSDKArtifacts' is not required, skipping update.
[        ] Artifact Instance of 'MacOSFuchsiaSDKArtifacts' is not required, skipping update.
[        ] Artifact Instance of 'FlutterRunnerSDKArtifacts' is not required, skipping update.
[        ] Artifact Instance of 'FlutterRunnerDebugSymbols' is not required, skipping update.
[        ] Artifact Instance of 'IosUsbArtifacts' is not required, skipping update.
[        ] Artifact Instance of 'IosUsbArtifacts' is not required, skipping update.
[        ] Artifact Instance of 'IosUsbArtifacts' is not required, skipping update.
[        ] Artifact Instance of 'IosUsbArtifacts' is not required, skipping update.
[        ] Artifact Instance of 'IosUsbArtifacts' is not required, skipping update.
[        ] Artifact Instance of 'IosUsbArtifacts' is not required, skipping update.
[        ] Artifact Instance of 'FontSubsetArtifacts' is not required, skipping update.
[        ] Artifact Instance of 'PubDependencies' is not required, skipping update.
[  +53 ms] Skipping pub get: version match.
[  +75 ms] Found plugin shared_preferences at C:\Users\midhu\AppData\Local\Pub\Cache\hosted\pub.dev\shared_preferences-2.5.4\
[   +4 ms] Found plugin shared_preferences_windows at C:\Users\midhu\AppData\Local\Pub\Cache\hosted\pub.dev\shared_preferences_windows-2.4.1\
[   +4 ms] Found plugin path_provider_windows at C:\Users\midhu\AppData\Local\Pub\Cache\hosted\pub.dev\path_provider_windows-2.3.0\
[   +6 ms] Found plugin shared_preferences_web at C:\Users\midhu\AppData\Local\Pub\Cache\hosted\pub.dev\shared_preferences_web-2.4.3\
[   +4 ms] Found plugin shared_preferences_linux at C:\Users\midhu\AppData\Local\Pub\Cache\hosted\pub.dev\shared_preferences_linux-2.4.1\
[   +2 ms] Found plugin path_provider_linux at C:\Users\midhu\AppData\Local\Pub\Cache\hosted\pub.dev\path_provider_linux-2.2.1\
[   +3 ms] Found plugin shared_preferences_foundation at C:\Users\midhu\AppData\Local\Pub\Cache\hosted\pub.dev\shared_preferences_foundation-2.5.6\
[   +2 ms] Found plugin shared_preferences_android at C:\Users\midhu\AppData\Local\Pub\Cache\hosted\pub.dev\shared_preferences_android-2.4.21\
[   +2 ms] Found plugin razorpay_flutter at C:\Users\midhu\AppData\Local\Pub\Cache\hosted\pub.dev\razorpay_flutter-1.4.1\
[  +11 ms] Found plugin mobile_scanner at C:\Users\midhu\AppData\Local\Pub\Cache\hosted\pub.dev\mobile_scanner-4.0.1\
[   +4 ms] Found plugin image_picker at C:\Users\midhu\AppData\Local\Pub\Cache\hosted\pub.dev\image_picker-1.2.1\
[   +1 ms] Found plugin image_picker_windows at C:\Users\midhu\AppData\Local\Pub\Cache\hosted\pub.dev\image_picker_windows-0.2.2\
[  +10 ms] Found plugin file_selector_windows at C:\Users\midhu\AppData\Local\Pub\Cache\hosted\pub.dev\file_selector_windows-0.9.3+5\
[   +3 ms] Found plugin image_picker_macos at C:\Users\midhu\AppData\Local\Pub\Cache\hosted\pub.dev\image_picker_macos-0.2.2+1\
[   +1 ms] Found plugin file_selector_macos at C:\Users\midhu\AppData\Local\Pub\Cache\hosted\pub.dev\file_selector_macos-0.9.5\
[   +1 ms] Found plugin image_picker_linux at C:\Users\midhu\AppData\Local\Pub\Cache\hosted\pub.dev\image_picker_linux-0.2.2\
[   +2 ms] Found plugin file_selector_linux at C:\Users\midhu\AppData\Local\Pub\Cache\hosted\pub.dev\file_selector_linux-0.9.4\
[   +1 ms] Found plugin image_picker_ios at C:\Users\midhu\AppData\Local\Pub\Cache\hosted\pub.dev\image_picker_ios-0.8.13+6\
[   +1 ms] Found plugin image_picker_for_web at C:\Users\midhu\AppData\Local\Pub\Cache\hosted\pub.dev\image_picker_for_web-3.1.1\
[   +2 ms] Found plugin image_picker_android at C:\Users\midhu\AppData\Local\Pub\Cache\hosted\pub.dev\image_picker_android-0.8.13+14\
[   +1 ms] Found plugin flutter_plugin_android_lifecycle at C:\Users\midhu\AppData\Local\Pub\Cache\hosted\pub.dev\flutter_plugin_android_lifecycle-2.0.33\
[   +2 ms] Found plugin path_provider at C:\Users\midhu\AppData\Local\Pub\Cache\hosted\pub.dev\path_provider-2.1.5\
[   +1 ms] Found plugin path_provider_foundation at C:\Users\midhu\AppData\Local\Pub\Cache\hosted\pub.dev\path_provider_foundation-2.6.0\
[   +9 ms] Found plugin path_provider_android at C:\Users\midhu\AppData\Local\Pub\Cache\hosted\pub.dev\path_provider_android-2.2.22\
[   +1 ms] Found plugin firebase_messaging at C:\Users\midhu\AppData\Local\Pub\Cache\hosted\pub.dev\firebase_messaging-14.9.4\
[        ] Found plugin firebase_messaging_web at C:\Users\midhu\AppData\Local\Pub\Cache\hosted\pub.dev\firebase_messaging_web-3.8.7\
[   +1 ms] Found plugin firebase_core at C:\Users\midhu\AppData\Local\Pub\Cache\hosted\pub.dev\firebase_core-2.32.0\
[   +1 ms] Found plugin firebase_core_web at C:\Users\midhu\AppData\Local\Pub\Cache\hosted\pub.dev\firebase_core_web-2.17.5\
[   +3 ms] Found plugin firebase_auth at C:\Users\midhu\AppData\Local\Pub\Cache\hosted\pub.dev\firebase_auth-4.20.0\
[   +1 ms] Found plugin firebase_auth_web at C:\Users\midhu\AppData\Local\Pub\Cache\hosted\pub.dev\firebase_auth_web-5.12.0\
[   +2 ms] Found plugin cloud_firestore at C:\Users\midhu\AppData\Local\Pub\Cache\hosted\pub.dev\cloud_firestore-4.17.5\
[   +1 ms] Found plugin cloud_firestore_web at C:\Users\midhu\AppData\Local\Pub\Cache\hosted\pub.dev\cloud_firestore_web-3.12.5\
[  +35 ms] Found plugin shared_preferences at C:\Users\midhu\AppData\Local\Pub\Cache\hosted\pub.dev\shared_preferences-2.5.4\
[   +1 ms] Found plugin shared_preferences_windows at C:\Users\midhu\AppData\Local\Pub\Cache\hosted\pub.dev\shared_preferences_windows-2.4.1\
[   +3 ms] Found plugin path_provider_windows at C:\Users\midhu\AppData\Local\Pub\Cache\hosted\pub.dev\path_provider_windows-2.3.0\
[   +6 ms] Found plugin shared_preferences_web at C:\Users\midhu\AppData\Local\Pub\Cache\hosted\pub.dev\shared_preferences_web-2.4.3\
[   +2 ms] Found plugin shared_preferences_linux at C:\Users\midhu\AppData\Local\Pub\Cache\hosted\pub.dev\shared_preferences_linux-2.4.1\
[   +1 ms] Found plugin path_provider_linux at C:\Users\midhu\AppData\Local\Pub\Cache\hosted\pub.dev\path_provider_linux-2.2.1\
[   +1 ms] Found plugin shared_preferences_foundation at C:\Users\midhu\AppData\Local\Pub\Cache\hosted\pub.dev\shared_preferences_foundation-2.5.6\
[        ] Found plugin shared_preferences_android at C:\Users\midhu\AppData\Local\Pub\Cache\hosted\pub.dev\shared_preferences_android-2.4.21\
[   +1 ms] Found plugin razorpay_flutter at C:\Users\midhu\AppData\Local\Pub\Cache\hosted\pub.dev\razorpay_flutter-1.4.1\
[   +5 ms] Found plugin mobile_scanner at C:\Users\midhu\AppData\Local\Pub\Cache\hosted\pub.dev\mobile_scanner-4.0.1\
[   +2 ms] Found plugin image_picker at C:\Users\midhu\AppData\Local\Pub\Cache\hosted\pub.dev\image_picker-1.2.1\
[        ] Found plugin image_picker_windows at C:\Users\midhu\AppData\Local\Pub\Cache\hosted\pub.dev\image_picker_windows-0.2.2\
[   +3 ms] Found plugin file_selector_windows at C:\Users\midhu\AppData\Local\Pub\Cache\hosted\pub.dev\file_selector_windows-0.9.3+5\
[   +1 ms] Found plugin image_picker_macos at C:\Users\midhu\AppData\Local\Pub\Cache\hosted\pub.dev\image_picker_macos-0.2.2+1\
[        ] Found plugin file_selector_macos at C:\Users\midhu\AppData\Local\Pub\Cache\hosted\pub.dev\file_selector_macos-0.9.5\
[   +1 ms] Found plugin image_picker_linux at C:\Users\midhu\AppData\Local\Pub\Cache\hosted\pub.dev\image_picker_linux-0.2.2\
[   +1 ms] Found plugin file_selector_linux at C:\Users\midhu\AppData\Local\Pub\Cache\hosted\pub.dev\file_selector_linux-0.9.4\
[        ] Found plugin image_picker_ios at C:\Users\midhu\AppData\Local\Pub\Cache\hosted\pub.dev\image_picker_ios-0.8.13+6\
[        ] Found plugin image_picker_for_web at C:\Users\midhu\AppData\Local\Pub\Cache\hosted\pub.dev\image_picker_for_web-3.1.1\
[   +1 ms] Found plugin image_picker_android at C:\Users\midhu\AppData\Local\Pub\Cache\hosted\pub.dev\image_picker_android-0.8.13+14\
[        ] Found plugin flutter_plugin_android_lifecycle at C:\Users\midhu\AppData\Local\Pub\Cache\hosted\pub.dev\flutter_plugin_android_lifecycle-2.0.33\
[   +1 ms] Found plugin path_provider at C:\Users\midhu\AppData\Local\Pub\Cache\hosted\pub.dev\path_provider-2.1.5\
[   +1 ms] Found plugin path_provider_foundation at C:\Users\midhu\AppData\Local\Pub\Cache\hosted\pub.dev\path_provider_foundation-2.6.0\
[   +7 ms] Found plugin path_provider_android at C:\Users\midhu\AppData\Local\Pub\Cache\hosted\pub.dev\path_provider_android-2.2.22\
[   +1 ms] Found plugin firebase_messaging at C:\Users\midhu\AppData\Local\Pub\Cache\hosted\pub.dev\firebase_messaging-14.9.4\
[   +1 ms] Found plugin firebase_messaging_web at C:\Users\midhu\AppData\Local\Pub\Cache\hosted\pub.dev\firebase_messaging_web-3.8.7\
[   +1 ms] Found plugin firebase_core at C:\Users\midhu\AppData\Local\Pub\Cache\hosted\pub.dev\firebase_core-2.32.0\
[        ] Found plugin firebase_core_web at C:\Users\midhu\AppData\Local\Pub\Cache\hosted\pub.dev\firebase_core_web-2.17.5\
[   +2 ms] Found plugin firebase_auth at C:\Users\midhu\AppData\Local\Pub\Cache\hosted\pub.dev\firebase_auth-4.20.0\
[        ] Found plugin firebase_auth_web at C:\Users\midhu\AppData\Local\Pub\Cache\hosted\pub.dev\firebase_auth_web-5.12.0\
[   +1 ms] Found plugin cloud_firestore at C:\Users\midhu\AppData\Local\Pub\Cache\hosted\pub.dev\cloud_firestore-4.17.5\
[        ] Found plugin cloud_firestore_web at C:\Users\midhu\AppData\Local\Pub\Cache\hosted\pub.dev\cloud_firestore_web-3.12.5\
[   +8 ms] Skipping generating web_plugin_registrant.dart because it is up-to-date.
[  +23 ms] Found plugin shared_preferences at C:\Users\midhu\AppData\Local\Pub\Cache\hosted\pub.dev\shared_preferences-2.5.4\
[   +1 ms] Found plugin shared_preferences_windows at C:\Users\midhu\AppData\Local\Pub\Cache\hosted\pub.dev\shared_preferences_windows-2.4.1\
[   +2 ms] Found plugin path_provider_windows at C:\Users\midhu\AppData\Local\Pub\Cache\hosted\pub.dev\path_provider_windows-2.3.0\
[   +3 ms] Found plugin shared_preferences_web at C:\Users\midhu\AppData\Local\Pub\Cache\hosted\pub.dev\shared_preferences_web-2.4.3\
[   +2 ms] Found plugin shared_preferences_linux at C:\Users\midhu\AppData\Local\Pub\Cache\hosted\pub.dev\shared_preferences_linux-2.4.1\
[        ] Found plugin path_provider_linux at C:\Users\midhu\AppData\Local\Pub\Cache\hosted\pub.dev\path_provider_linux-2.2.1\
[   +1 ms] Found plugin shared_preferences_foundation at C:\Users\midhu\AppData\Local\Pub\Cache\hosted\pub.dev\shared_preferences_foundation-2.5.6\
[        ] Found plugin shared_preferences_android at C:\Users\midhu\AppData\Local\Pub\Cache\hosted\pub.dev\shared_preferences_android-2.4.21\
[   +1 ms] Found plugin razorpay_flutter at C:\Users\midhu\AppData\Local\Pub\Cache\hosted\pub.dev\razorpay_flutter-1.4.1\
[   +3 ms] Found plugin mobile_scanner at C:\Users\midhu\AppData\Local\Pub\Cache\hosted\pub.dev\mobile_scanner-4.0.1\
[   +2 ms] Found plugin image_picker at C:\Users\midhu\AppData\Local\Pub\Cache\hosted\pub.dev\image_picker-1.2.1\
[        ] Found plugin image_picker_windows at C:\Users\midhu\AppData\Local\Pub\Cache\hosted\pub.dev\image_picker_windows-0.2.2\
[   +3 ms] Found plugin file_selector_windows at C:\Users\midhu\AppData\Local\Pub\Cache\hosted\pub.dev\file_selector_windows-0.9.3+5\
[   +1 ms] Found plugin image_picker_macos at C:\Users\midhu\AppData\Local\Pub\Cache\hosted\pub.dev\image_picker_macos-0.2.2+1\
[        ] Found plugin file_selector_macos at C:\Users\midhu\AppData\Local\Pub\Cache\hosted\pub.dev\file_selector_macos-0.9.5\
[        ] Found plugin image_picker_linux at C:\Users\midhu\AppData\Local\Pub\Cache\hosted\pub.dev\image_picker_linux-0.2.2\
[        ] Found plugin file_selector_linux at C:\Users\midhu\AppData\Local\Pub\Cache\hosted\pub.dev\file_selector_linux-0.9.4\
[   +1 ms] Found plugin image_picker_ios at C:\Users\midhu\AppData\Local\Pub\Cache\hosted\pub.dev\image_picker_ios-0.8.13+6\
[        ] Found plugin image_picker_for_web at C:\Users\midhu\AppData\Local\Pub\Cache\hosted\pub.dev\image_picker_for_web-3.1.1\
[   +1 ms] Found plugin image_picker_android at C:\Users\midhu\AppData\Local\Pub\Cache\hosted\pub.dev\image_picker_android-0.8.13+14\
[        ] Found plugin flutter_plugin_android_lifecycle at C:\Users\midhu\AppData\Local\Pub\Cache\hosted\pub.dev\flutter_plugin_android_lifecycle-2.0.33\
[   +1 ms] Found plugin path_provider at C:\Users\midhu\AppData\Local\Pub\Cache\hosted\pub.dev\path_provider-2.1.5\
[        ] Found plugin path_provider_foundation at C:\Users\midhu\AppData\Local\Pub\Cache\hosted\pub.dev\path_provider_foundation-2.6.0\
[  +12 ms] Found plugin path_provider_android at C:\Users\midhu\AppData\Local\Pub\Cache\hosted\pub.dev\path_provider_android-2.2.22\
[   +1 ms] Found plugin firebase_messaging at C:\Users\midhu\AppData\Local\Pub\Cache\hosted\pub.dev\firebase_messaging-14.9.4\
[        ] Found plugin firebase_messaging_web at C:\Users\midhu\AppData\Local\Pub\Cache\hosted\pub.dev\firebase_messaging_web-3.8.7\
[   +1 ms] Found plugin firebase_core at C:\Users\midhu\AppData\Local\Pub\Cache\hosted\pub.dev\firebase_core-2.32.0\
[   +1 ms] Found plugin firebase_core_web at C:\Users\midhu\AppData\Local\Pub\Cache\hosted\pub.dev\firebase_core_web-2.17.5\
[   +2 ms] Found plugin firebase_auth at C:\Users\midhu\AppData\Local\Pub\Cache\hosted\pub.dev\firebase_auth-4.20.0\
[        ] Found plugin firebase_auth_web at C:\Users\midhu\AppData\Local\Pub\Cache\hosted\pub.dev\firebase_auth_web-5.12.0\
[   +1 ms] Found plugin cloud_firestore at C:\Users\midhu\AppData\Local\Pub\Cache\hosted\pub.dev\cloud_firestore-4.17.5\
[        ] Found plugin cloud_firestore_web at C:\Users\midhu\AppData\Local\Pub\Cache\hosted\pub.dev\cloud_firestore_web-3.12.5\
[   +4 ms] Generating C:\MINI PROJECT-SGMSA\android\app\src\main\java\io\flutter\plugins\GeneratedPluginRegistrant.java
[   +1 ms] Skipping generating GeneratedPluginRegistrant.java because it is up-to-date.
[  +30 ms] executing: C:\Program Files\Android\Android Studio1\jbr\bin\java -version
[ +104 ms] Exit code 0 from: C:\Program Files\Android\Android Studio1\jbr\bin\java -version
[        ] openjdk version "21.0.8" 2025-07-15
           OpenJDK Runtime Environment (build 21.0.8+-14196175-b1038.72)
           OpenJDK 64-Bit Server VM (build 21.0.8+-14196175-b1038.72, mixed mode)
[  +58 ms] Top-level Gradle build file not found, skipping migration of task "clean".
[        ] Android Studio version could not be detected, skipping Gradle-Java version compatibility check.
[  +10 ms] CMake project not found, skipping support Android 15 16k page size migration.
[   +3 ms] Using gradle from C:\MINI PROJECT-SGMSA\android\gradlew.bat.
[   +7 ms] LocalFile: 'C:\MINI PROJECT-SGMSA\android\build.gradle.kts' doesn't provide an AGP version. Checking settings.
[   +1 ms] LocalFile: 'C:\MINI PROJECT-SGMSA\android\settings.gradle.kts' provides AGP version: 8.9.1
[   +3 ms] Running Gradle task 'assembleRelease'...
[   +1 ms] executing: [C:\MINI PROJECT-SGMSA\android/] C:\MINI PROJECT-SGMSA\android\gradlew.bat --full-stacktrace --info -Pverbose=true -Ptarget-platform=android-arm,android-arm64,android-x64 -Ptarget=lib\main.dart -Pbase-application-name=android.app.Application -Pdart-defines=RkxVVFRFUl9WRVJTSU9OPTMuNDEuMg==,RkxVVFRFUl9DSEFOTkVMPXN0YWJsZQ==,RkxVVFRFUl9HSVRfVVJMPWh0dHBzOi8vZ2l0aHViLmNvbS9mbHV0dGVyL2ZsdXR0ZXIuZ2l0,RkxVVFRFUl9GUkFNRVdPUktfUkVWSVNJT049OTA2NzNhNGVlZg==,RkxVVFRFUl9FTkdJTkVfUkVWSVNJT049NmMwYmFhZWJmNw==,RkxVVFRFUl9EQVJUX1ZFUlNJT049My4xMS4w -Pdart-obfuscation=false -Ptrack-widget-creation=true -Ptree-shake-icons=true assembleRelease
[        ] Initialized native services in: C:\Users\midhu\.gradle\native
[        ] Initialized jansi services in: C:\Users\midhu\.gradle\native
[ +207 ms] Found daemon DaemonInfo{pid=27484, address=[06ce4507-24ad-40ea-99e1-51a29dc83d49 port:55726, addresses:[/127.0.0.1]], state=Idle, lastBusy=1772555758440, context=DefaultDaemonContext[uid=5880a346-9c9f-4a88-a5da-b821dc229681,javaHome=C:\Program Files\Eclipse Adoptium\jdk-25.0.1.8-hotspot,javaVersion=25,javaVendor=Eclipse Adoptium,daemonRegistryDir=C:\Users\midhu\.gradle\daemon,pid=27484,idleTimeout=10800000,priority=NORMAL,applyInstrumentationAgent=true,nativeServicesMode=ENABLED,daemonOpts=-XX:MaxMetaspaceSize=4G,-XX:ReservedCodeCacheSize=512m,-XX:+HeapDumpOnOutOfMemoryError,-Xmx8G,-Dfile.encoding=UTF-8,-Duser.country=IN,-Duser.language=en,-Duser.variant]} however its context does not match the desired criteria.
[        ] JVM is incompatible.
[        ] Wanted: DaemonRequestContext{jvmCriteria=C:\Program Files\Android\Android Studio1\jbr (from org.gradle.java.home), daemonOpts=[-XX:MaxMetaspaceSize=4G, -XX:ReservedCodeCacheSize=512m, -XX:+HeapDumpOnOutOfMemoryError, -Xmx8G, -Dfile.encoding=UTF-8, -Duser.country=IN, -Duser.language=en, -Duser.variant], applyInstrumentationAgent=true, nativeServicesMode=ENABLED, priority=NORMAL}
[        ] Actual: DefaultDaemonContext[uid=5880a346-9c9f-4a88-a5da-b821dc229681,javaHome=C:\Program Files\Eclipse Adoptium\jdk-25.0.1.8-hotspot,javaVersion=25,javaVendor=Eclipse Adoptium,daemonRegistryDir=C:\Users\midhu\.gradle\daemon,pid=27484,idleTimeout=10800000,priority=NORMAL,applyInstrumentationAgent=true,nativeServicesMode=ENABLED,daemonOpts=-XX:MaxMetaspaceSize=4G,-XX:ReservedCodeCacheSize=512m,-XX:+HeapDumpOnOutOfMemoryError,-Xmx8G,-Dfile.encoding=UTF-8,-Duser.country=IN,-Duser.language=en,-Duser.variant]
[        ]   Looking for a different daemon...
[  +97 ms] The client will now receive all logging from the daemon (pid: 15760). The daemon log file: C:\Users\midhu\.gradle\daemon\8.11.1\daemon-15760.out.log
[        ] Starting 3rd build in daemon [uptime: 7 mins 21.442 secs, performance: 100%, GC rate: 0.00/s, heap usage: 0% of 8 GiB, non-heap usage: 3% of 4 GiB]
[        ] Using 12 worker leases.
[        ] Now considering [C:\MINI PROJECT-SGMSA\android, C:\flutter_windows_3.41.2-stable\flutter\packages\flutter_tools\gradle] as hierarchies to watch
[        ] Watching the file system is configured to be enabled if available
[        ] File system watching is active
[        ] Starting Build
[        ] Now considering [C:\flutter_windows_3.41.2-stable\flutter\packages\flutter_tools\gradle, C:\MINI PROJECT-SGMSA\android] as hierarchies to watch
[ +101 ms] > Configure project :gradle
[        ] Evaluating project ':gradle' using build file 'C:\flutter_windows_3.41.2-stable\flutter\packages\flutter_tools\gradle\build.gradle.kts'.
[        ] Transforming gradle-kotlin-dsl-plugins-5.1.1.jar (org.gradle.kotlin:gradle-kotlin-dsl-plugins:5.1.1) with InstrumentationAnalysisTransform
[        ] Transforming kotlin-stdlib-2.0.20.jar (org.jetbrains.kotlin:kotlin-stdlib:2.0.20) with InstrumentationAnalysisTransform
[        ] Transforming annotations-13.0.jar (org.jetbrains:annotations:13.0) with InstrumentationAnalysisTransform
[        ] Transforming kotlin-sam-with-receiver-2.0.20-gradle85.jar (org.jetbrains.kotlin:kotlin-sam-with-receiver:2.0.20) with InstrumentationAnalysisTransform
[        ] Transforming kotlin-assignment-2.0.20-gradle85.jar (org.jetbrains.kotlin:kotlin-assignment:2.0.20) with InstrumentationAnalysisTransform
[        ] Transforming kotlin-gradle-plugin-model-2.0.20.jar (org.jetbrains.kotlin:kotlin-gradle-plugin-model:2.0.20) with InstrumentationAnalysisTransform
[        ] Transforming kotlin-gradle-plugin-api-2.0.20.jar (org.jetbrains.kotlin:kotlin-gradle-plugin-api:2.0.20) with InstrumentationAnalysisTransform
[        ] Transforming kotlin-gradle-plugin-api-2.0.20-gradle85.jar (org.jetbrains.kotlin:kotlin-gradle-plugin-api:2.0.20) with InstrumentationAnalysisTransform
[        ] Transforming kotlin-gradle-plugin-2.0.20-gradle85.jar (org.jetbrains.kotlin:kotlin-gradle-plugin:2.0.20) with InstrumentationAnalysisTransform
[        ] Transforming kotlin-gradle-plugin-idea-proto-2.0.20.jar (org.jetbrains.kotlin:kotlin-gradle-plugin-idea-proto:2.0.20) with InstrumentationAnalysisTransform
[        ] Transforming kotlin-gradle-plugin-idea-2.0.20.jar (org.jetbrains.kotlin:kotlin-gradle-plugin-idea:2.0.20) with InstrumentationAnalysisTransform
[        ] Transforming kotlin-klib-commonizer-api-2.0.20.jar (org.jetbrains.kotlin:kotlin-klib-commonizer-api:2.0.20) with InstrumentationAnalysisTransform
[        ] Transforming kotlin-build-statistics-2.0.20.jar (org.jetbrains.kotlin:kotlin-build-statistics:2.0.20) with InstrumentationAnalysisTransform
[        ] Transforming kotlin-build-tools-api-2.0.20.jar (org.jetbrains.kotlin:kotlin-build-tools-api:2.0.20) with InstrumentationAnalysisTransform
[        ] Transforming kotlin-compiler-runner-2.0.20.jar (org.jetbrains.kotlin:kotlin-compiler-runner:2.0.20) with InstrumentationAnalysisTransform
[        ] Transforming kotlin-native-utils-2.0.20.jar (org.jetbrains.kotlin:kotlin-native-utils:2.0.20) with InstrumentationAnalysisTransform
[        ] Transforming kotlin-util-klib-2.0.20.jar (org.jetbrains.kotlin:kotlin-util-klib:2.0.20) with InstrumentationAnalysisTransform
[        ] Transforming kotlin-compiler-embeddable-2.0.20.jar (org.jetbrains.kotlin:kotlin-compiler-embeddable:2.0.20) with InstrumentationAnalysisTransform
[        ] Transforming kotlin-gradle-plugin-annotations-2.0.20.jar (org.jetbrains.kotlin:kotlin-gradle-plugin-annotations:2.0.20) with InstrumentationAnalysisTransform
[        ] Transforming kotlin-tooling-core-2.0.20.jar (org.jetbrains.kotlin:kotlin-tooling-core:2.0.20) with InstrumentationAnalysisTransform
[        ] Transforming gson-2.8.9.jar (com.google.code.gson:gson:2.8.9) with InstrumentationAnalysisTransform
[        ] Transforming kotlin-daemon-client-2.0.20.jar (org.jetbrains.kotlin:kotlin-daemon-client:2.0.20) with InstrumentationAnalysisTransform
[        ] Transforming kotlinx-coroutines-core-jvm-1.6.4.jar (org.jetbrains.kotlinx:kotlinx-coroutines-core-jvm:1.6.4) with InstrumentationAnalysisTransform
[        ] Transforming kotlin-util-io-2.0.20.jar (org.jetbrains.kotlin:kotlin-util-io:2.0.20) with InstrumentationAnalysisTransform
[        ] Transforming kotlin-daemon-embeddable-2.0.20.jar (org.jetbrains.kotlin:kotlin-daemon-embeddable:2.0.20) with InstrumentationAnalysisTransform
[        ] Transforming trove4j-1.0.20200330.jar (org.jetbrains.intellij.deps:trove4j:1.0.20200330) with InstrumentationAnalysisTransform
[        ] Transforming gradle-kotlin-dsl-plugins-5.1.1.jar (org.gradle.kotlin:gradle-kotlin-dsl-plugins:5.1.1) with InstrumentationAnalysisTransform
[        ] Transforming gradle-kotlin-dsl-plugins-5.1.1.jar (org.gradle.kotlin:gradle-kotlin-dsl-plugins:5.1.1) with MergeInstrumentationAnalysisTransform
[        ] Transforming kotlin-stdlib-2.0.20.jar (org.jetbrains.kotlin:kotlin-stdlib:2.0.20) with InstrumentationAnalysisTransform
[        ] Transforming kotlin-stdlib-2.0.20.jar (org.jetbrains.kotlin:kotlin-stdlib:2.0.20) with MergeInstrumentationAnalysisTransform
[        ] Transforming annotations-13.0.jar (org.jetbrains:annotations:13.0) with InstrumentationAnalysisTransform
[        ] Transforming annotations-13.0.jar (org.jetbrains:annotations:13.0) with MergeInstrumentationAnalysisTransform
[        ] Transforming kotlin-sam-with-receiver-2.0.20-gradle85.jar (org.jetbrains.kotlin:kotlin-sam-with-receiver:2.0.20) with InstrumentationAnalysisTransform
[        ] Transforming gradle-kotlin-dsl-plugins-5.1.1.jar (org.gradle.kotlin:gradle-kotlin-dsl-plugins:5.1.1) with ExternalDependencyInstrumentingArtifactTransform
[        ] Transforming kotlin-sam-with-receiver-2.0.20-gradle85.jar (org.jetbrains.kotlin:kotlin-sam-with-receiver:2.0.20) with MergeInstrumentationAnalysisTransform
[        ] Transforming annotations-13.0.jar (org.jetbrains:annotations:13.0) with ExternalDependencyInstrumentingArtifactTransform
[        ] Transforming kotlin-stdlib-2.0.20.jar (org.jetbrains.kotlin:kotlin-stdlib:2.0.20) with ExternalDependencyInstrumentingArtifactTransform
[   +1 ms] Transforming kotlin-assignment-2.0.20-gradle85.jar (org.jetbrains.kotlin:kotlin-assignment:2.0.20) with InstrumentationAnalysisTransform
[        ] Transforming kotlin-sam-with-receiver-2.0.20-gradle85.jar (org.jetbrains.kotlin:kotlin-sam-with-receiver:2.0.20) with ExternalDependencyInstrumentingArtifactTransform
[        ] Transforming kotlin-assignment-2.0.20-gradle85.jar (org.jetbrains.kotlin:kotlin-assignment:2.0.20) with MergeInstrumentationAnalysisTransform
[        ] Transforming kotlin-gradle-plugin-model-2.0.20.jar (org.jetbrains.kotlin:kotlin-gradle-plugin-model:2.0.20) with InstrumentationAnalysisTransform
[        ] Transforming kotlin-gradle-plugin-model-2.0.20.jar (org.jetbrains.kotlin:kotlin-gradle-plugin-model:2.0.20) with MergeInstrumentationAnalysisTransform
[        ] Transforming kotlin-assignment-2.0.20-gradle85.jar (org.jetbrains.kotlin:kotlin-assignment:2.0.20) with ExternalDependencyInstrumentingArtifactTransform
[        ] Transforming kotlin-gradle-plugin-api-2.0.20.jar (org.jetbrains.kotlin:kotlin-gradle-plugin-api:2.0.20) with InstrumentationAnalysisTransform
[        ] Transforming kotlin-gradle-plugin-api-2.0.20.jar (org.jetbrains.kotlin:kotlin-gradle-plugin-api:2.0.20) with MergeInstrumentationAnalysisTransform
[        ] Transforming kotlin-gradle-plugin-api-2.0.20-gradle85.jar (org.jetbrains.kotlin:kotlin-gradle-plugin-api:2.0.20) with InstrumentationAnalysisTransform
[        ] Transforming kotlin-gradle-plugin-model-2.0.20.jar (org.jetbrains.kotlin:kotlin-gradle-plugin-model:2.0.20) with ExternalDependencyInstrumentingArtifactTransform
[        ] Transforming kotlin-gradle-plugin-api-2.0.20-gradle85.jar (org.jetbrains.kotlin:kotlin-gradle-plugin-api:2.0.20) with MergeInstrumentationAnalysisTransform
[        ] Transforming kotlin-gradle-plugin-api-2.0.20.jar (org.jetbrains.kotlin:kotlin-gradle-plugin-api:2.0.20) with ExternalDependencyInstrumentingArtifactTransform
[        ] Transforming kotlin-gradle-plugin-2.0.20-gradle85.jar (org.jetbrains.kotlin:kotlin-gradle-plugin:2.0.20) with InstrumentationAnalysisTransform
[        ] Transforming kotlin-gradle-plugin-2.0.20-gradle85.jar (org.jetbrains.kotlin:kotlin-gradle-plugin:2.0.20) with MergeInstrumentationAnalysisTransform
[        ] Transforming kotlin-gradle-plugin-idea-proto-2.0.20.jar (org.jetbrains.kotlin:kotlin-gradle-plugin-idea-proto:2.0.20) with InstrumentationAnalysisTransform
[        ] Transforming kotlin-gradle-plugin-api-2.0.20-gradle85.jar (org.jetbrains.kotlin:kotlin-gradle-plugin-api:2.0.20) with ExternalDependencyInstrumentingArtifactTransform
[        ] Transforming kotlin-gradle-plugin-idea-proto-2.0.20.jar (org.jetbrains.kotlin:kotlin-gradle-plugin-idea-proto:2.0.20) with MergeInstrumentationAnalysisTransform
[        ] Transforming kotlin-gradle-plugin-2.0.20-gradle85.jar (org.jetbrains.kotlin:kotlin-gradle-plugin:2.0.20) with ExternalDependencyInstrumentingArtifactTransform
[        ] Transforming kotlin-gradle-plugin-idea-2.0.20.jar (org.jetbrains.kotlin:kotlin-gradle-plugin-idea:2.0.20) with InstrumentationAnalysisTransform
[        ] Transforming kotlin-gradle-plugin-idea-2.0.20.jar (org.jetbrains.kotlin:kotlin-gradle-plugin-idea:2.0.20) with MergeInstrumentationAnalysisTransform
[        ] Transforming kotlin-gradle-plugin-idea-proto-2.0.20.jar (org.jetbrains.kotlin:kotlin-gradle-plugin-idea-proto:2.0.20) with ExternalDependencyInstrumentingArtifactTransform
[        ] Transforming kotlin-klib-commonizer-api-2.0.20.jar (org.jetbrains.kotlin:kotlin-klib-commonizer-api:2.0.20) with InstrumentationAnalysisTransform
[        ] Transforming kotlin-klib-commonizer-api-2.0.20.jar (org.jetbrains.kotlin:kotlin-klib-commonizer-api:2.0.20) with MergeInstrumentationAnalysisTransform
[        ] Transforming kotlin-build-statistics-2.0.20.jar (org.jetbrains.kotlin:kotlin-build-statistics:2.0.20) with InstrumentationAnalysisTransform
[        ] Transforming kotlin-build-statistics-2.0.20.jar (org.jetbrains.kotlin:kotlin-build-statistics:2.0.20) with MergeInstrumentationAnalysisTransform
[        ] Transforming kotlin-build-tools-api-2.0.20.jar (org.jetbrains.kotlin:kotlin-build-tools-api:2.0.20) with InstrumentationAnalysisTransform
[        ] Transforming kotlin-build-tools-api-2.0.20.jar (org.jetbrains.kotlin:kotlin-build-tools-api:2.0.20) with MergeInstrumentationAnalysisTransform
[        ] Transforming kotlin-gradle-plugin-idea-2.0.20.jar (org.jetbrains.kotlin:kotlin-gradle-plugin-idea:2.0.20) with ExternalDependencyInstrumentingArtifactTransform
[        ] Transforming kotlin-klib-commonizer-api-2.0.20.jar (org.jetbrains.kotlin:kotlin-klib-commonizer-api:2.0.20) with ExternalDependencyInstrumentingArtifactTransform
[        ] Transforming kotlin-compiler-runner-2.0.20.jar (org.jetbrains.kotlin:kotlin-compiler-runner:2.0.20) with InstrumentationAnalysisTransform
[        ] Transforming kotlin-build-statistics-2.0.20.jar (org.jetbrains.kotlin:kotlin-build-statistics:2.0.20) with ExternalDependencyInstrumentingArtifactTransform
[        ] Transforming kotlin-build-tools-api-2.0.20.jar (org.jetbrains.kotlin:kotlin-build-tools-api:2.0.20) with ExternalDependencyInstrumentingArtifactTransform
[        ] Transforming kotlin-compiler-runner-2.0.20.jar (org.jetbrains.kotlin:kotlin-compiler-runner:2.0.20) with MergeInstrumentationAnalysisTransform
[        ] Transforming kotlin-native-utils-2.0.20.jar (org.jetbrains.kotlin:kotlin-native-utils:2.0.20) with InstrumentationAnalysisTransform
[        ] Transforming kotlin-native-utils-2.0.20.jar (org.jetbrains.kotlin:kotlin-native-utils:2.0.20) with MergeInstrumentationAnalysisTransform
[        ] Transforming kotlin-compiler-runner-2.0.20.jar (org.jetbrains.kotlin:kotlin-compiler-runner:2.0.20) with ExternalDependencyInstrumentingArtifactTransform
[        ] Transforming kotlin-util-klib-2.0.20.jar (org.jetbrains.kotlin:kotlin-util-klib:2.0.20) with InstrumentationAnalysisTransform
[        ] Transforming kotlin-util-klib-2.0.20.jar (org.jetbrains.kotlin:kotlin-util-klib:2.0.20) with MergeInstrumentationAnalysisTransform
[        ] Transforming kotlin-compiler-embeddable-2.0.20.jar (org.jetbrains.kotlin:kotlin-compiler-embeddable:2.0.20) with InstrumentationAnalysisTransform
[        ] Transforming kotlin-compiler-embeddable-2.0.20.jar (org.jetbrains.kotlin:kotlin-compiler-embeddable:2.0.20) with MergeInstrumentationAnalysisTransform
[        ] Transforming kotlin-gradle-plugin-annotations-2.0.20.jar (org.jetbrains.kotlin:kotlin-gradle-plugin-annotations:2.0.20) with InstrumentationAnalysisTransform
[        ] Transforming kotlin-native-utils-2.0.20.jar (org.jetbrains.kotlin:kotlin-native-utils:2.0.20) with ExternalDependencyInstrumentingArtifactTransform
[        ] Transforming kotlin-util-klib-2.0.20.jar (org.jetbrains.kotlin:kotlin-util-klib:2.0.20) with ExternalDependencyInstrumentingArtifactTransform
[        ] Transforming kotlin-gradle-plugin-annotations-2.0.20.jar (org.jetbrains.kotlin:kotlin-gradle-plugin-annotations:2.0.20) with MergeInstrumentationAnalysisTransform
[        ] Transforming kotlin-compiler-embeddable-2.0.20.jar (org.jetbrains.kotlin:kotlin-compiler-embeddable:2.0.20) with ExternalDependencyInstrumentingArtifactTransform
[        ] Transforming kotlin-tooling-core-2.0.20.jar (org.jetbrains.kotlin:kotlin-tooling-core:2.0.20) with InstrumentationAnalysisTransform
[        ] Transforming kotlin-gradle-plugin-annotations-2.0.20.jar (org.jetbrains.kotlin:kotlin-gradle-plugin-annotations:2.0.20) with ExternalDependencyInstrumentingArtifactTransform
[        ] Transforming kotlin-tooling-core-2.0.20.jar (org.jetbrains.kotlin:kotlin-tooling-core:2.0.20) with MergeInstrumentationAnalysisTransform
[        ] Transforming gson-2.8.9.jar (com.google.code.gson:gson:2.8.9) with InstrumentationAnalysisTransform
[        ] Transforming gson-2.8.9.jar (com.google.code.gson:gson:2.8.9) with MergeInstrumentationAnalysisTransform
[        ] Transforming kotlin-tooling-core-2.0.20.jar (org.jetbrains.kotlin:kotlin-tooling-core:2.0.20) with ExternalDependencyInstrumentingArtifactTransform
[        ] Transforming kotlin-daemon-client-2.0.20.jar (org.jetbrains.kotlin:kotlin-daemon-client:2.0.20) with InstrumentationAnalysisTransform
[        ] Transforming kotlin-daemon-client-2.0.20.jar (org.jetbrains.kotlin:kotlin-daemon-client:2.0.20) with MergeInstrumentationAnalysisTransform
[        ] Transforming kotlinx-coroutines-core-jvm-1.6.4.jar (org.jetbrains.kotlinx:kotlinx-coroutines-core-jvm:1.6.4) with InstrumentationAnalysisTransform
[        ] Transforming gson-2.8.9.jar (com.google.code.gson:gson:2.8.9) with ExternalDependencyInstrumentingArtifactTransform
[        ] Transforming kotlinx-coroutines-core-jvm-1.6.4.jar (org.jetbrains.kotlinx:kotlinx-coroutines-core-jvm:1.6.4) with MergeInstrumentationAnalysisTransform
[        ] Transforming kotlin-util-io-2.0.20.jar (org.jetbrains.kotlin:kotlin-util-io:2.0.20) with InstrumentationAnalysisTransform
[        ] Transforming kotlin-daemon-client-2.0.20.jar (org.jetbrains.kotlin:kotlin-daemon-client:2.0.20) with ExternalDependencyInstrumentingArtifactTransform
[        ] Transforming kotlin-util-io-2.0.20.jar (org.jetbrains.kotlin:kotlin-util-io:2.0.20) with MergeInstrumentationAnalysisTransform
[        ] Transforming kotlinx-coroutines-core-jvm-1.6.4.jar (org.jetbrains.kotlinx:kotlinx-coroutines-core-jvm:1.6.4) with ExternalDependencyInstrumentingArtifactTransform
[        ] Transforming kotlin-daemon-embeddable-2.0.20.jar (org.jetbrains.kotlin:kotlin-daemon-embeddable:2.0.20) with InstrumentationAnalysisTransform
[        ] Transforming kotlin-daemon-embeddable-2.0.20.jar (org.jetbrains.kotlin:kotlin-daemon-embeddable:2.0.20) with MergeInstrumentationAnalysisTransform
[        ] Transforming trove4j-1.0.20200330.jar (org.jetbrains.intellij.deps:trove4j:1.0.20200330) with InstrumentationAnalysisTransform
[        ] Transforming kotlin-util-io-2.0.20.jar (org.jetbrains.kotlin:kotlin-util-io:2.0.20) with ExternalDependencyInstrumentingArtifactTransform
[        ] Transforming trove4j-1.0.20200330.jar (org.jetbrains.intellij.deps:trove4j:1.0.20200330) with MergeInstrumentationAnalysisTransform
[        ] Transforming kotlin-daemon-embeddable-2.0.20.jar (org.jetbrains.kotlin:kotlin-daemon-embeddable:2.0.20) with ExternalDependencyInstrumentingArtifactTransform
[        ] Transforming trove4j-1.0.20200330.jar (org.jetbrains.intellij.deps:trove4j:1.0.20200330) with ExternalDependencyInstrumentingArtifactTransform
[        ] Using Kotlin Gradle Plugin gradle85 variant
[        ] kotlin scripting plugin: created the scripting discovery configuration: kotlinScriptDef
[        ] kotlin scripting plugin: created the scripting discovery configuration: testKotlinScriptDef
[        ] file or directory 'C:\flutter_windows_3.41.2-stable\flutter\packages\flutter_tools\gradle\src\main\java', not found
[        ] Resolve mutations for :gradle:checkKotlinGradlePluginConfigurationErrors (Thread[#401,Execution worker Thread 2,5,main]) started.
[        ] :gradle:checkKotlinGradlePluginConfigurationErrors (Thread[#401,Execution worker Thread 2,5,main]) started.
[        ] > Task :gradle:checkKotlinGradlePluginConfigurationErrors SKIPPED
[        ] Skipping task ':gradle:checkKotlinGradlePluginConfigurationErrors' as task onlyIf 'errorDiagnostics are present' is false.
[        ] Resolve mutations for :gradle:compileKotlin (Thread[#401,Execution worker Thread 2,5,main]) started.
[        ] :gradle:compileKotlin (Thread[#401,Execution worker Thread 2,5,main]) started.
[  +76 ms] > Task :gradle:compileKotlin UP-TO-DATE
[        ] Transforming gradle-api-8.11.1.jar with BuildToolsApiClasspathEntrySnapshotTransform
[        ] Transforming groovy-3.0.22.jar with BuildToolsApiClasspathEntrySnapshotTransform
[        ] Transforming groovy-ant-3.0.22.jar with BuildToolsApiClasspathEntrySnapshotTransform
[        ] Transforming groovy-astbuilder-3.0.22.jar with BuildToolsApiClasspathEntrySnapshotTransform
[        ] Transforming groovy-console-3.0.22.jar with BuildToolsApiClasspathEntrySnapshotTransform
[        ] Transforming groovy-datetime-3.0.22.jar with BuildToolsApiClasspathEntrySnapshotTransform
[        ] Transforming groovy-dateutil-3.0.22.jar with BuildToolsApiClasspathEntrySnapshotTransform
[        ] Transforming groovy-groovydoc-3.0.22.jar with BuildToolsApiClasspathEntrySnapshotTransform
[        ] Transforming groovy-json-3.0.22.jar with BuildToolsApiClasspathEntrySnapshotTransform
[        ] Transforming groovy-nio-3.0.22.jar with BuildToolsApiClasspathEntrySnapshotTransform
[        ] Transforming groovy-sql-3.0.22.jar with BuildToolsApiClasspathEntrySnapshotTransform
[        ] Transforming groovy-templates-3.0.22.jar with BuildToolsApiClasspathEntrySnapshotTransform
[        ] Transforming groovy-test-3.0.22.jar with BuildToolsApiClasspathEntrySnapshotTransform
[        ] Transforming groovy-xml-3.0.22.jar with BuildToolsApiClasspathEntrySnapshotTransform
[        ] Transforming javaparser-core-3.17.0.jar with BuildToolsApiClasspathEntrySnapshotTransform
[        ] Transforming kotlin-stdlib-2.0.20.jar with BuildToolsApiClasspathEntrySnapshotTransform
[        ] Transforming kotlin-reflect-2.0.20.jar with BuildToolsApiClasspathEntrySnapshotTransform
[        ] Transforming gradle-installation-beacon-8.11.1.jar with BuildToolsApiClasspathEntrySnapshotTransform
[        ] Transforming gradle-kotlin-dsl-extensions-8.11.1.jar with BuildToolsApiClasspathEntrySnapshotTransform
[        ] Transforming gradle-kotlin-dsl-8.11.1.jar with BuildToolsApiClasspathEntrySnapshotTransform
[        ] Transforming gradle-kotlin-dsl-shared-runtime-8.11.1.jar with BuildToolsApiClasspathEntrySnapshotTransform
[        ] Transforming gradle-kotlin-dsl-tooling-models-8.11.1.jar with BuildToolsApiClasspathEntrySnapshotTransform
[        ] Transforming annotation-jvm-1.9.1.jar with BuildToolsApiClasspathEntrySnapshotTransform
[        ] Transforming gradle-8.11.1.jar with BuildToolsApiClasspathEntrySnapshotTransform
[        ] Transforming kotlin-reflect-2.0.20.jar with BuildToolsApiClasspathEntrySnapshotTransform
[        ] Transforming kotlinx-serialization-json-jvm-1.4.0.jar with BuildToolsApiClasspathEntrySnapshotTransform
[        ] Transforming kotlinx-serialization-core-jvm-1.4.0.jar with BuildToolsApiClasspathEntrySnapshotTransform
[        ] Transforming kotlin-stdlib-jdk8-1.8.0.jar with BuildToolsApiClasspathEntrySnapshotTransform
[        ] Transforming kotlin-stdlib-jdk7-1.8.0.jar with BuildToolsApiClasspathEntrySnapshotTransform
[        ] Transforming kotlin-stdlib-2.0.20.jar with BuildToolsApiClasspathEntrySnapshotTransform
[        ] Transforming kotlin-gradle-plugin-1.8.0-gradle76.jar with BuildToolsApiClasspathEntrySnapshotTransform
[        ] Transforming builder-8.11.1.jar with BuildToolsApiClasspathEntrySnapshotTransform
[        ] Transforming builder-model-8.11.1.jar with BuildToolsApiClasspathEntrySnapshotTransform
[        ] Transforming gradle-api-8.11.1.jar with BuildToolsApiClasspathEntrySnapshotTransform
[        ] Transforming annotations-13.0.jar with BuildToolsApiClasspathEntrySnapshotTransform
[        ] Transforming kotlin-gradle-plugin-model-1.8.0.jar with BuildToolsApiClasspathEntrySnapshotTransform
[        ] Transforming kotlin-gradle-plugin-api-1.8.0-gradle76.jar with BuildToolsApiClasspathEntrySnapshotTransform
[        ] Transforming kotlin-gradle-plugin-api-1.8.0.jar with BuildToolsApiClasspathEntrySnapshotTransform
[        ] Transforming kotlin-tooling-core-1.8.0.jar with BuildToolsApiClasspathEntrySnapshotTransform
[        ] Transforming manifest-merger-31.11.1.jar with BuildToolsApiClasspathEntrySnapshotTransform
[        ] Transforming zipflinger-8.11.1.jar with BuildToolsApiClasspathEntrySnapshotTransform
[        ] Transforming apksig-8.11.1.jar with BuildToolsApiClasspathEntrySnapshotTransform
[        ] Transforming apkzlib-8.11.1.jar with BuildToolsApiClasspathEntrySnapshotTransform
[        ] Transforming javawriter-2.5.0.jar with BuildToolsApiClasspathEntrySnapshotTransform
[        ] Transforming asm-9.7.1.jar with BuildToolsApiClasspathEntrySnapshotTransform
[        ] Transforming kotlin-native-utils-1.8.0.jar with BuildToolsApiClasspathEntrySnapshotTransform
[        ] Transforming kotlin-project-model-1.8.0.jar with BuildToolsApiClasspathEntrySnapshotTransform
[        ] Transforming kotlin-util-io-1.8.0.jar with BuildToolsApiClasspathEntrySnapshotTransform
[        ] Caching disabled for task ':gradle:compileKotlin' because:
[        ]   Build cache is disabled
[        ] Skipping task ':gradle:compileKotlin' as it is up-to-date.
[        ] Resolve mutations for :gradle:compileJava (Thread[#401,Execution worker Thread 2,5,main]) started.
[        ] :gradle:compileJava (Thread[#401,Execution worker Thread 2,5,main]) started.
[        ] > Task :gradle:compileJava NO-SOURCE
[        ] Skipping task ':gradle:compileJava' as it has no source files and no previous output files.
[        ] Resolve mutations for :gradle:compileGroovy (Thread[#401,Execution worker Thread 2,5,main]) started.
[        ] :gradle:compileGroovy (Thread[#401,Execution worker Thread 2,5,main]) started.
[        ] > Task :gradle:compileGroovy NO-SOURCE
[        ] Skipping task ':gradle:compileGroovy' as it has no source files and no previous output files.
[        ] Resolve mutations for :gradle:pluginDescriptors (Thread[#403,Execution worker Thread 4,5,main]) started.
[        ] :gradle:pluginDescriptors (Thread[#403,Execution worker Thread 4,5,main]) started.
[        ] > Task :gradle:pluginDescriptors UP-TO-DATE
[        ] Caching disabled for task ':gradle:pluginDescriptors' because:
[        ]   Build cache is disabled
[        ]   Not worth caching
[        ] Skipping task ':gradle:pluginDescriptors' as it is up-to-date.
[        ] Resolve mutations for :gradle:processResources (Thread[#403,Execution worker Thread 4,5,main]) started.
[        ] :gradle:processResources (Thread[#403,Execution worker Thread 4,5,main]) started.
[        ] > Task :gradle:processResources UP-TO-DATE
[        ] Caching disabled for task ':gradle:processResources' because:
[        ]   Build cache is disabled
[        ]   Not worth caching
[        ] Skipping task ':gradle:processResources' as it is up-to-date.
[        ] Resolve mutations for :gradle:classes (Thread[#403,Execution worker Thread 4,5,main]) started.
[        ] :gradle:classes (Thread[#403,Execution worker Thread 4,5,main]) started.
[        ] > Task :gradle:classes UP-TO-DATE
[        ] Skipping task ':gradle:classes' as it has no actions.
[        ] Resolve mutations for :gradle:jar (Thread[#403,Execution worker Thread 4,5,main]) started.
[        ] :gradle:jar (Thread[#403,Execution worker Thread 4,5,main]) started.
[        ] > Task :gradle:jar UP-TO-DATE
[        ] Caching disabled for task ':gradle:jar' because:
[        ]   Build cache is disabled
[        ]   Not worth caching
[        ] Skipping task ':gradle:jar' as it is up-to-date.
[  +86 ms] Transforming kotlinx-serialization-json-jvm-1.4.0.jar (org.jetbrains.kotlinx:kotlinx-serialization-json-jvm:1.4.0) with InstrumentationAnalysisTransform
[        ] Transforming gradle-8.9.1.jar (com.android.tools.build:gradle:8.9.1) with InstrumentationAnalysisTransform
[        ] Transforming gradle-settings-api-8.9.1.jar (com.android.tools.build:gradle-settings-api:8.9.1) with InstrumentationAnalysisTransform
[        ] Transforming lint-model-31.9.1.jar (com.android.tools.lint:lint-model:31.9.1) with InstrumentationAnalysisTransform
[        ] Transforming builder-8.9.1.jar (com.android.tools.build:builder:8.9.1) with InstrumentationAnalysisTransform
[        ] Transforming manifest-merger-31.9.1.jar (com.android.tools.build:manifest-merger:31.9.1) with InstrumentationAnalysisTransform
[        ] Transforming sdk-common-31.9.1.jar (com.android.tools:sdk-common:31.9.1) with InstrumentationAnalysisTransform
[        ] Transforming sdklib-31.9.1.jar (com.android.tools:sdklib:31.9.1) with InstrumentationAnalysisTransform
[        ] Transforming repository-31.9.1.jar (com.android.tools:repository:31.9.1) with InstrumentationAnalysisTransform
[        ] Transforming aaptcompiler-8.9.1.jar (com.android.tools.build:aaptcompiler:8.9.1) with InstrumentationAnalysisTransform
[        ] Transforming tracker-31.9.1.jar (com.android.tools.analytics-library:tracker:31.9.1) with InstrumentationAnalysisTransform
[        ] Transforming shared-31.9.1.jar (com.android.tools.analytics-library:shared:31.9.1) with InstrumentationAnalysisTransform
[        ] Transforming databinding-compiler-common-8.9.1.jar (androidx.databinding:databinding-compiler-common:8.9.1) with InstrumentationAnalysisTransform
[        ] Transforming android-test-plugin-host-emulator-control-proto-31.9.1.jar (com.android.tools.utp:android-test-plugin-host-emulator-control-proto:31.9.1) with InstrumentationAnalysisTransform
[        ] Transforming android-test-plugin-host-retention-proto-31.9.1.jar (com.android.tools.utp:android-test-plugin-host-retention-proto:31.9.1) with InstrumentationAnalysisTransform
[        ] Transforming builder-model-8.9.1.jar (com.android.tools.build:builder-model:8.9.1) with InstrumentationAnalysisTransform
[        ] Transforming gradle-api-8.9.1.jar (com.android.tools.build:gradle-api:8.9.1) with InstrumentationAnalysisTransform
[        ] Transforming builder-test-api-8.9.1.jar (com.android.tools.build:builder-test-api:8.9.1) with InstrumentationAnalysisTransform
[        ] Transforming ddmlib-31.9.1.jar (com.android.tools.ddms:ddmlib:31.9.1) with InstrumentationAnalysisTransform
[        ] Transforming layoutlib-api-31.9.1.jar (com.android.tools.layoutlib:layoutlib-api:31.9.1) with InstrumentationAnalysisTransform
[        ] Transforming dvlib-31.9.1.jar (com.android.tools:dvlib:31.9.1) with InstrumentationAnalysisTransform
[        ] Transforming common-31.9.1.jar (com.android.tools:common:31.9.1) with InstrumentationAnalysisTransform
[        ] Transforming kotlinx-serialization-core-jvm-1.4.0.jar (org.jetbrains.kotlinx:kotlinx-serialization-core-jvm:1.4.0) with InstrumentationAnalysisTransform
[        ] Transforming kotlin-stdlib-jdk8-2.1.0.jar (org.jetbrains.kotlin:kotlin-stdlib-jdk8:2.1.0) with InstrumentationAnalysisTransform
[        ] Transforming jetifier-processor-1.0.0-beta10.jar (com.android.tools.build.jetifier:jetifier-processor:1.0.0-beta10) with InstrumentationAnalysisTransform
[        ] Transforming jetifier-core-1.0.0-beta10.jar (com.android.tools.build.jetifier:jetifier-core:1.0.0-beta10) with InstrumentationAnalysisTransform
[        ] Transforming kotlin-reflect-2.0.20.jar (org.jetbrains.kotlin:kotlin-reflect:2.0.20) with InstrumentationAnalysisTransform
[        ] Transforming kotlin-stdlib-jdk7-2.1.0.jar (org.jetbrains.kotlin:kotlin-stdlib-jdk7:2.1.0) with InstrumentationAnalysisTransform
[        ] Transforming kotlin-stdlib-2.0.20.jar (org.jetbrains.kotlin:kotlin-stdlib:2.0.20) with InstrumentationAnalysisTransform
[        ] Transforming annotations-13.0.jar (org.jetbrains:annotations:13.0) with InstrumentationAnalysisTransform
[        ] Transforming kotlin-gradle-plugin-model-2.0.21.jar (org.jetbrains.kotlin:kotlin-gradle-plugin-model:2.0.21) with InstrumentationAnalysisTransform
[        ] Transforming kotlin-gradle-plugin-api-2.0.21.jar (org.jetbrains.kotlin:kotlin-gradle-plugin-api:2.0.21) with InstrumentationAnalysisTransform
[        ] Transforming kotlin-gradle-plugin-2.0.21-gradle85.jar (org.jetbrains.kotlin:kotlin-gradle-plugin:2.0.21) with InstrumentationAnalysisTransform
[        ] Transforming bundletool-1.17.2.jar (com.android.tools.build:bundletool:1.17.2) with InstrumentationAnalysisTransform
[        ] Transforming aapt2-proto-8.9.1-12782657.jar (com.android.tools.build:aapt2-proto:8.9.1-12782657) with InstrumentationAnalysisTransform
[        ] Transforming crash-31.9.1.jar (com.android.tools.analytics-library:crash:31.9.1) with InstrumentationAnalysisTransform
[        ] Transforming lint-typedef-remover-31.9.1.jar (com.android.tools.lint:lint-typedef-remover:31.9.1) with InstrumentationAnalysisTransform
[        ] Transforming databinding-common-8.9.1.jar (androidx.databinding:databinding-common:8.9.1) with InstrumentationAnalysisTransform
[        ] Transforming baseLibrary-8.9.1.jar (com.android.databinding:baseLibrary:8.9.1) with InstrumentationAnalysisTransform
[        ] Transforming android-device-provider-ddmlib-proto-31.9.1.jar (com.android.tools.utp:android-device-provider-ddmlib-proto:31.9.1) with InstrumentationAnalysisTransform
[        ] Transforming android-device-provider-gradle-proto-31.9.1.jar (com.android.tools.utp:android-device-provider-gradle-proto:31.9.1) with InstrumentationAnalysisTransform
[        ] Transforming android-device-provider-profile-proto-31.9.1.jar (com.android.tools.utp:android-device-provider-profile-proto:31.9.1) with InstrumentationAnalysisTransform
[        ] Transforming android-test-plugin-host-additional-test-output-proto-31.9.1.jar (com.android.tools.utp:android-test-plugin-host-additional-test-output-proto:31.9.1) with InstrumentationAnalysisTransform
[        ] Transforming android-test-plugin-host-coverage-proto-31.9.1.jar (com.android.tools.utp:android-test-plugin-host-coverage-proto:31.9.1) with InstrumentationAnalysisTransform
[        ] Transforming android-test-plugin-host-logcat-proto-31.9.1.jar (com.android.tools.utp:android-test-plugin-host-logcat-proto:31.9.1) with InstrumentationAnalysisTransform
[        ] Transforming android-test-plugin-host-apk-installer-proto-31.9.1.jar (com.android.tools.utp:android-test-plugin-host-apk-installer-proto:31.9.1) with InstrumentationAnalysisTransform
[        ] Transforming android-test-plugin-result-listener-gradle-proto-31.9.1.jar (com.android.tools.utp:android-test-plugin-result-listener-gradle-proto:31.9.1) with InstrumentationAnalysisTransform
[        ] Transforming transform-api-2.0.0-deprecated-use-gradle-api.jar (com.android.tools.build:transform-api:2.0.0-deprecated-use-gradle-api) with InstrumentationAnalysisTransform
[        ] Transforming httpmime-4.5.6.jar (org.apache.httpcomponents:httpmime:4.5.6) with InstrumentationAnalysisTransform
[        ] Transforming commons-io-2.16.1.jar (commons-io:commons-io:2.16.1) with InstrumentationAnalysisTransform
[        ] Transforming asm-commons-9.7.jar (org.ow2.asm:asm-commons:9.7) with InstrumentationAnalysisTransform
[        ] Transforming asm-util-9.7.jar (org.ow2.asm:asm-util:9.7) with InstrumentationAnalysisTransform
[        ] Transforming asm-analysis-9.7.jar (org.ow2.asm:asm-analysis:9.7) with InstrumentationAnalysisTransform
[        ] Transforming asm-tree-9.7.jar (org.ow2.asm:asm-tree:9.7) with InstrumentationAnalysisTransform
[        ] Transforming asm-9.7.jar (org.ow2.asm:asm:9.7) with InstrumentationAnalysisTransform
[        ] Transforming apkzlib-8.9.1.jar (com.android.tools.build:apkzlib:8.9.1) with InstrumentationAnalysisTransform
[        ] Transforming bcpkix-jdk18on-1.79.jar (org.bouncycastle:bcpkix-jdk18on:1.79) with InstrumentationAnalysisTransform
[        ] Transforming jaxb-runtime-2.3.2.jar (org.glassfish.jaxb:jaxb-runtime:2.3.2) with InstrumentationAnalysisTransform
[        ] Transforming jopt-simple-4.9.jar (net.sf.jopt-simple:jopt-simple:4.9) with InstrumentationAnalysisTransform
[        ] Transforming javapoet-1.10.0.jar (com.squareup:javapoet:1.10.0) with InstrumentationAnalysisTransform
[        ] Transforming protobuf-java-util-3.22.3.jar (com.google.protobuf:protobuf-java-util:3.22.3) with InstrumentationAnalysisTransform
[        ] Transforming tink-1.7.0.jar (com.google.crypto.tink:tink:1.7.0) with InstrumentationAnalysisTransform
[        ] Transforming core-proto-0.0.9-alpha03.jar (com.google.testing.platform:core-proto:0.0.9-alpha03) with InstrumentationAnalysisTransform
[        ] Transforming protos-31.9.1.jar (com.android.tools.analytics-library:protos:31.9.1) with InstrumentationAnalysisTransform
[        ] Transforming grpc-protobuf-1.57.2.jar (io.grpc:grpc-protobuf:1.57.2) with InstrumentationAnalysisTransform
[        ] Transforming proto-google-common-protos-2.17.0.jar (com.google.api.grpc:proto-google-common-protos:2.17.0) with InstrumentationAnalysisTransform
[        ] Transforming protobuf-java-3.24.4.jar (com.google.protobuf:protobuf-java:3.24.4) with InstrumentationAnalysisTransform
[        ] Transforming kotlin-build-statistics-2.0.21.jar (org.jetbrains.kotlin:kotlin-build-statistics:2.0.21) with InstrumentationAnalysisTransform
[        ] Transforming grpc-netty-1.57.2.jar (io.grpc:grpc-netty:1.57.2) with InstrumentationAnalysisTransform
[        ] Transforming grpc-core-1.57.2.jar (io.grpc:grpc-core:1.57.2) with InstrumentationAnalysisTransform
[        ] Transforming gson-2.10.1.jar (com.google.code.gson:gson:2.10.1) with InstrumentationAnalysisTransform
[        ] Transforming grpc-stub-1.57.2.jar (io.grpc:grpc-stub:1.57.2) with InstrumentationAnalysisTransform
[        ] Transforming tensorflow-lite-metadata-0.2.0.jar (org.tensorflow:tensorflow-lite-metadata:0.2.0) with InstrumentationAnalysisTransform
[        ] Transforming flatbuffers-java-1.12.0.jar (com.google.flatbuffers:flatbuffers-java:1.12.0) with InstrumentationAnalysisTransform
[        ] Transforming kotlin-gradle-plugin-idea-proto-2.0.21.jar (org.jetbrains.kotlin:kotlin-gradle-plugin-idea-proto:2.0.21) with InstrumentationAnalysisTransform
[        ] Transforming kotlin-gradle-plugin-idea-2.0.21.jar (org.jetbrains.kotlin:kotlin-gradle-plugin-idea:2.0.21) with InstrumentationAnalysisTransform
[        ] Transforming kotlin-klib-commonizer-api-2.0.21.jar (org.jetbrains.kotlin:kotlin-klib-commonizer-api:2.0.21) with InstrumentationAnalysisTransform
[        ] Transforming kotlin-build-tools-api-2.0.21.jar (org.jetbrains.kotlin:kotlin-build-tools-api:2.0.21) with InstrumentationAnalysisTransform
[        ] Transforming kotlin-compiler-runner-2.0.21.jar (org.jetbrains.kotlin:kotlin-compiler-runner:2.0.21) with InstrumentationAnalysisTransform
[        ] Transforming kotlin-native-utils-2.0.21.jar (org.jetbrains.kotlin:kotlin-native-utils:2.0.21) with InstrumentationAnalysisTransform
[        ] Transforming kotlin-util-klib-2.0.21.jar (org.jetbrains.kotlin:kotlin-util-klib:2.0.21) with InstrumentationAnalysisTransform
[        ] Transforming kotlin-compiler-embeddable-2.0.21.jar (org.jetbrains.kotlin:kotlin-compiler-embeddable:2.0.21) with InstrumentationAnalysisTransform
[        ] Transforming jimfs-1.1.jar (com.google.jimfs:jimfs:1.1) with InstrumentationAnalysisTransform
[        ] Transforming grpc-context-1.57.2.jar (io.grpc:grpc-context:1.57.2) with InstrumentationAnalysisTransform
[        ] Transforming grpc-protobuf-lite-1.57.2.jar (io.grpc:grpc-protobuf-lite:1.57.2) with InstrumentationAnalysisTransform
[        ] Transforming grpc-api-1.57.2.jar (io.grpc:grpc-api:1.57.2) with InstrumentationAnalysisTransform
[        ] Transforming guava-32.0.1-jre.jar (com.google.guava:guava:32.0.1-jre) with InstrumentationAnalysisTransform
[        ] Transforming dagger-2.28.3.jar (com.google.dagger:dagger:2.28.3) with InstrumentationAnalysisTransform
[        ] Transforming javax.inject-1.jar (javax.inject:javax.inject:1) with InstrumentationAnalysisTransform
[        ] Transforming kxml2-2.3.0.jar (net.sf.kxml:kxml2:2.3.0) with InstrumentationAnalysisTransform
[        ] Transforming bcutil-jdk18on-1.79.jar (org.bouncycastle:bcutil-jdk18on:1.79) with InstrumentationAnalysisTransform
[        ] Transforming bcprov-jdk18on-1.79.jar (org.bouncycastle:bcprov-jdk18on:1.79) with InstrumentationAnalysisTransform
[        ] Transforming commons-compress-1.21.jar (org.apache.commons:commons-compress:1.21) with InstrumentationAnalysisTransform
[        ] Transforming httpclient-4.5.14.jar (org.apache.httpcomponents:httpclient:4.5.14) with InstrumentationAnalysisTransform
[        ] Transforming httpcore-4.4.16.jar (org.apache.httpcomponents:httpcore:4.4.16) with InstrumentationAnalysisTransform
[        ] Transforming javax.activation-1.2.0.jar (com.sun.activation:javax.activation:1.2.0) with InstrumentationAnalysisTransform
[        ] Transforming signflinger-8.9.1.jar (com.android:signflinger:8.9.1) with InstrumentationAnalysisTransform
[        ] Transforming zipflinger-8.9.1.jar (com.android:zipflinger:8.9.1) with InstrumentationAnalysisTransform
[        ] Transforming annotations-31.9.1.jar (com.android.tools:annotations:31.9.1) with InstrumentationAnalysisTransform
[        ] Transforming jna-platform-5.6.0.jar (net.java.dev.jna:jna-platform:5.6.0) with InstrumentationAnalysisTransform
[        ] Transforming juniversalchardet-1.0.3.jar (com.googlecode.juniversalchardet:juniversalchardet:1.0.3) with InstrumentationAnalysisTransform
[        ] Transforming javax.annotation-api-1.3.2.jar (javax.annotation:javax.annotation-api:1.3.2) with InstrumentationAnalysisTransform
[        ] Transforming stax-ex-1.8.1.jar (org.jvnet.staxex:stax-ex:1.8.1) with InstrumentationAnalysisTransform
[        ] Transforming jakarta.xml.bind-api-2.3.2.jar (jakarta.xml.bind:jakarta.xml.bind-api:2.3.2) with InstrumentationAnalysisTransform
[        ] Transforming txw2-2.3.2.jar (org.glassfish.jaxb:txw2:2.3.2) with InstrumentationAnalysisTransform
[        ] Transforming istack-commons-runtime-3.0.8.jar (com.sun.istack:istack-commons-runtime:3.0.8) with InstrumentationAnalysisTransform
[        ] Transforming FastInfoset-1.2.16.jar (com.sun.xml.fastinfoset:FastInfoset:1.2.16) with InstrumentationAnalysisTransform
[        ] Transforming jakarta.activation-api-1.2.1.jar (jakarta.activation:jakarta.activation-api:1.2.1) with InstrumentationAnalysisTransform
[        ] Transforming auto-value-annotations-1.6.2.jar (com.google.auto.value:auto-value-annotations:1.6.2) with InstrumentationAnalysisTransform
[        ] Transforming error_prone_annotations-2.18.0.jar (com.google.errorprone:error_prone_annotations:2.18.0) with InstrumentationAnalysisTransform
[        ] Transforming jose4j-0.9.5.jar (org.bitbucket.b_c:jose4j:0.9.5) with InstrumentationAnalysisTransform
[        ] Transforming slf4j-api-1.7.30.jar (org.slf4j:slf4j-api:1.7.30) with InstrumentationAnalysisTransform
[        ] Transforming jdom2-2.0.6.jar (org.jdom:jdom2:2.0.6) with InstrumentationAnalysisTransform
[        ] Transforming jsr305-3.0.2.jar (com.google.code.findbugs:jsr305:3.0.2) with InstrumentationAnalysisTransform
[        ] Transforming j2objc-annotations-2.8.jar (com.google.j2objc:j2objc-annotations:2.8) with InstrumentationAnalysisTransform
[        ] Transforming checker-qual-3.33.0.jar (org.checkerframework:checker-qual:3.33.0) with InstrumentationAnalysisTransform
[        ] Transforming apksig-8.9.1.jar (com.android.tools.build:apksig:8.9.1) with InstrumentationAnalysisTransform
[        ] Transforming javawriter-2.5.0.jar (com.squareup:javawriter:2.5.0) with InstrumentationAnalysisTransform
[        ] Transforming kotlin-gradle-plugin-annotations-2.0.21.jar (org.jetbrains.kotlin:kotlin-gradle-plugin-annotations:2.0.21) with InstrumentationAnalysisTransform
[        ] Transforming kotlin-tooling-core-2.0.21.jar (org.jetbrains.kotlin:kotlin-tooling-core:2.0.21) with InstrumentationAnalysisTransform
[        ] Transforming kotlin-daemon-client-2.0.21.jar (org.jetbrains.kotlin:kotlin-daemon-client:2.0.21) with InstrumentationAnalysisTransform
[        ] Transforming kotlinx-coroutines-core-jvm-1.6.4.jar (org.jetbrains.kotlinx:kotlinx-coroutines-core-jvm:1.6.4) with InstrumentationAnalysisTransform
[        ] Transforming kotlin-util-io-2.0.21.jar (org.jetbrains.kotlin:kotlin-util-io:2.0.21) with InstrumentationAnalysisTransform
[        ] Transforming kotlin-daemon-embeddable-2.0.21.jar (org.jetbrains.kotlin:kotlin-daemon-embeddable:2.0.21) with InstrumentationAnalysisTransform
[        ] Transforming trove4j-1.0.20200330.jar (org.jetbrains.intellij.deps:trove4j:1.0.20200330) with InstrumentationAnalysisTransform
[        ] Transforming failureaccess-1.0.1.jar (com.google.guava:failureaccess:1.0.1) with InstrumentationAnalysisTransform
[        ] Transforming listenablefuture-9999.0-empty-to-avoid-conflict-with-guava.jar (com.google.guava:listenablefuture:9999.0-empty-to-avoid-conflict-with-guava) with InstrumentationAnalysisTransform
[        ] Transforming commons-logging-1.2.jar (commons-logging:commons-logging:1.2) with InstrumentationAnalysisTransform
[        ] Transforming commons-codec-1.11.jar (commons-codec:commons-codec:1.11) with InstrumentationAnalysisTransform
[        ] Transforming jna-5.6.0.jar (net.java.dev.jna:jna:5.6.0) with InstrumentationAnalysisTransform
[        ] Transforming annotations-4.1.1.4.jar (com.google.android:annotations:4.1.1.4) with InstrumentationAnalysisTransform
[        ] Transforming animal-sniffer-annotations-1.23.jar (org.codehaus.mojo:animal-sniffer-annotations:1.23) with InstrumentationAnalysisTransform
[        ] Transforming perfmark-api-0.26.0.jar (io.perfmark:perfmark-api:0.26.0) with InstrumentationAnalysisTransform
[        ] Transforming netty-codec-http2-4.1.93.Final.jar (io.netty:netty-codec-http2:4.1.93.Final) with InstrumentationAnalysisTransform
[        ] Transforming netty-handler-proxy-4.1.93.Final.jar (io.netty:netty-handler-proxy:4.1.93.Final) with InstrumentationAnalysisTransform
[        ] Transforming netty-codec-http-4.1.93.Final.jar (io.netty:netty-codec-http:4.1.93.Final) with InstrumentationAnalysisTransform
[        ] Transforming netty-handler-4.1.93.Final.jar (io.netty:netty-handler:4.1.93.Final) with InstrumentationAnalysisTransform
[        ] Transforming netty-transport-native-unix-common-4.1.93.Final.jar (io.netty:netty-transport-native-unix-common:4.1.93.Final) with InstrumentationAnalysisTransform
[        ] Transforming netty-codec-socks-4.1.93.Final.jar (io.netty:netty-codec-socks:4.1.93.Final) with InstrumentationAnalysisTransform
[        ] Transforming netty-codec-4.1.93.Final.jar (io.netty:netty-codec:4.1.93.Final) with InstrumentationAnalysisTransform
[        ] Transforming netty-transport-4.1.93.Final.jar (io.netty:netty-transport:4.1.93.Final) with InstrumentationAnalysisTransform
[        ] Transforming netty-buffer-4.1.93.Final.jar (io.netty:netty-buffer:4.1.93.Final) with InstrumentationAnalysisTransform
[        ] Transforming netty-resolver-4.1.93.Final.jar (io.netty:netty-resolver:4.1.93.Final) with InstrumentationAnalysisTransform
[        ] Transforming netty-common-4.1.93.Final.jar (io.netty:netty-common:4.1.93.Final) with InstrumentationAnalysisTransform
[        ] Transforming main (project :gradle) with InstrumentationAnalysisTransform
[        ] Transforming main (project :gradle) with InstrumentationAnalysisTransform
[        ] Transforming main (project :gradle) with InstrumentationAnalysisTransform
[        ] Transforming kotlinx-serialization-json-jvm-1.4.0.jar (org.jetbrains.kotlinx:kotlinx-serialization-json-jvm:1.4.0) with InstrumentationAnalysisTransform
[        ] Transforming kotlinx-serialization-json-jvm-1.4.0.jar (org.jetbrains.kotlinx:kotlinx-serialization-json-jvm:1.4.0) with MergeInstrumentationAnalysisTransform
[        ] Transforming gradle-8.9.1.jar (com.android.tools.build:gradle:8.9.1) with InstrumentationAnalysisTransform
[        ] Transforming gradle-8.9.1.jar (com.android.tools.build:gradle:8.9.1) with MergeInstrumentationAnalysisTransform
[        ] Transforming gradle-settings-api-8.9.1.jar (com.android.tools.build:gradle-settings-api:8.9.1) with InstrumentationAnalysisTransform
[        ] Transforming gradle-settings-api-8.9.1.jar (com.android.tools.build:gradle-settings-api:8.9.1) with MergeInstrumentationAnalysisTransform
[        ] Transforming lint-model-31.9.1.jar (com.android.tools.lint:lint-model:31.9.1) with InstrumentationAnalysisTransform
[        ] Transforming lint-model-31.9.1.jar (com.android.tools.lint:lint-model:31.9.1) with MergeInstrumentationAnalysisTransform
[        ] Transforming kotlinx-serialization-json-jvm-1.4.0.jar (org.jetbrains.kotlinx:kotlinx-serialization-json-jvm:1.4.0) with ExternalDependencyInstrumentingArtifactTransform
[        ] Transforming gradle-8.9.1.jar (com.android.tools.build:gradle:8.9.1) with ExternalDependencyInstrumentingArtifactTransform
[        ] Transforming builder-8.9.1.jar (com.android.tools.build:builder:8.9.1) with InstrumentationAnalysisTransform
[        ] Transforming builder-8.9.1.jar (com.android.tools.build:builder:8.9.1) with MergeInstrumentationAnalysisTransform
[        ] Transforming lint-model-31.9.1.jar (com.android.tools.lint:lint-model:31.9.1) with ExternalDependencyInstrumentingArtifactTransform
[        ] Transforming gradle-settings-api-8.9.1.jar (com.android.tools.build:gradle-settings-api:8.9.1) with ExternalDependencyInstrumentingArtifactTransform
[        ] Transforming manifest-merger-31.9.1.jar (com.android.tools.build:manifest-merger:31.9.1) with InstrumentationAnalysisTransform
[        ] Transforming manifest-merger-31.9.1.jar (com.android.tools.build:manifest-merger:31.9.1) with MergeInstrumentationAnalysisTransform
[        ] Transforming builder-8.9.1.jar (com.android.tools.build:builder:8.9.1) with ExternalDependencyInstrumentingArtifactTransform
[        ] Transforming sdk-common-31.9.1.jar (com.android.tools:sdk-common:31.9.1) with InstrumentationAnalysisTransform
[        ] Transforming sdk-common-31.9.1.jar (com.android.tools:sdk-common:31.9.1) with MergeInstrumentationAnalysisTransform
[        ] Transforming sdklib-31.9.1.jar (com.android.tools:sdklib:31.9.1) with InstrumentationAnalysisTransform
[        ] Transforming manifest-merger-31.9.1.jar (com.android.tools.build:manifest-merger:31.9.1) with ExternalDependencyInstrumentingArtifactTransform
[        ] Transforming sdklib-31.9.1.jar (com.android.tools:sdklib:31.9.1) with MergeInstrumentationAnalysisTransform
[        ] Transforming sdk-common-31.9.1.jar (com.android.tools:sdk-common:31.9.1) with ExternalDependencyInstrumentingArtifactTransform
[        ] Transforming repository-31.9.1.jar (com.android.tools:repository:31.9.1) with InstrumentationAnalysisTransform
[        ] Transforming repository-31.9.1.jar (com.android.tools:repository:31.9.1) with MergeInstrumentationAnalysisTransform
[        ] Transforming sdklib-31.9.1.jar (com.android.tools:sdklib:31.9.1) with ExternalDependencyInstrumentingArtifactTransform
[        ] Transforming aaptcompiler-8.9.1.jar (com.android.tools.build:aaptcompiler:8.9.1) with InstrumentationAnalysisTransform
[        ] Transforming repository-31.9.1.jar (com.android.tools:repository:31.9.1) with ExternalDependencyInstrumentingArtifactTransform
[        ] Transforming aaptcompiler-8.9.1.jar (com.android.tools.build:aaptcompiler:8.9.1) with MergeInstrumentationAnalysisTransform
[        ] Transforming tracker-31.9.1.jar (com.android.tools.analytics-library:tracker:31.9.1) with InstrumentationAnalysisTransform
[        ] Transforming tracker-31.9.1.jar (com.android.tools.analytics-library:tracker:31.9.1) with MergeInstrumentationAnalysisTransform
[        ] Transforming aaptcompiler-8.9.1.jar (com.android.tools.build:aaptcompiler:8.9.1) with ExternalDependencyInstrumentingArtifactTransform
[        ] Transforming shared-31.9.1.jar (com.android.tools.analytics-library:shared:31.9.1) with InstrumentationAnalysisTransform
[        ] Transforming shared-31.9.1.jar (com.android.tools.analytics-library:shared:31.9.1) with MergeInstrumentationAnalysisTransform
[        ] Transforming databinding-compiler-common-8.9.1.jar (androidx.databinding:databinding-compiler-common:8.9.1) with InstrumentationAnalysisTransform
[        ] Transforming tracker-31.9.1.jar (com.android.tools.analytics-library:tracker:31.9.1) with ExternalDependencyInstrumentingArtifactTransform
[        ] Transforming databinding-compiler-common-8.9.1.jar (androidx.databinding:databinding-compiler-common:8.9.1) with MergeInstrumentationAnalysisTransform
[        ] Transforming shared-31.9.1.jar (com.android.tools.analytics-library:shared:31.9.1) with ExternalDependencyInstrumentingArtifactTransform
[        ] Transforming databinding-compiler-common-8.9.1.jar (androidx.databinding:databinding-compiler-common:8.9.1) with ExternalDependencyInstrumentingArtifactTransform
[        ] Transforming android-test-plugin-host-emulator-control-proto-31.9.1.jar (com.android.tools.utp:android-test-plugin-host-emulator-control-proto:31.9.1) with InstrumentationAnalysisTransform
[        ] Transforming android-test-plugin-host-emulator-control-proto-31.9.1.jar (com.android.tools.utp:android-test-plugin-host-emulator-control-proto:31.9.1) with MergeInstrumentationAnalysisTransform
[        ] Transforming android-test-plugin-host-retention-proto-31.9.1.jar (com.android.tools.utp:android-test-plugin-host-retention-proto:31.9.1) with InstrumentationAnalysisTransform
[        ] Transforming android-test-plugin-host-retention-proto-31.9.1.jar (com.android.tools.utp:android-test-plugin-host-retention-proto:31.9.1) with MergeInstrumentationAnalysisTransform
[        ] Transforming builder-model-8.9.1.jar (com.android.tools.build:builder-model:8.9.1) with InstrumentationAnalysisTransform
[        ] Transforming builder-model-8.9.1.jar (com.android.tools.build:builder-model:8.9.1) with MergeInstrumentationAnalysisTransform
[        ] Transforming android-test-plugin-host-emulator-control-proto-31.9.1.jar (com.android.tools.utp:android-test-plugin-host-emulator-control-proto:31.9.1) with ExternalDependencyInstrumentingArtifactTransform
[        ] Transforming gradle-api-8.9.1.jar (com.android.tools.build:gradle-api:8.9.1) with InstrumentationAnalysisTransform
[        ] Transforming android-test-plugin-host-retention-proto-31.9.1.jar (com.android.tools.utp:android-test-plugin-host-retention-proto:31.9.1) with ExternalDependencyInstrumentingArtifactTransform
[        ] Transforming gradle-api-8.9.1.jar (com.android.tools.build:gradle-api:8.9.1) with MergeInstrumentationAnalysisTransform
[        ] Transforming builder-test-api-8.9.1.jar (com.android.tools.build:builder-test-api:8.9.1) with InstrumentationAnalysisTransform
[        ] Transforming builder-test-api-8.9.1.jar (com.android.tools.build:builder-test-api:8.9.1) with MergeInstrumentationAnalysisTransform
[        ] Transforming gradle-api-8.9.1.jar (com.android.tools.build:gradle-api:8.9.1) with ExternalDependencyInstrumentingArtifactTransform
[        ] Transforming ddmlib-31.9.1.jar (com.android.tools.ddms:ddmlib:31.9.1) with InstrumentationAnalysisTransform
[        ] Transforming ddmlib-31.9.1.jar (com.android.tools.ddms:ddmlib:31.9.1) with MergeInstrumentationAnalysisTransform
[        ] Transforming layoutlib-api-31.9.1.jar (com.android.tools.layoutlib:layoutlib-api:31.9.1) with InstrumentationAnalysisTransform
[        ] Transforming builder-model-8.9.1.jar (com.android.tools.build:builder-model:8.9.1) with ExternalDependencyInstrumentingArtifactTransform
[        ] Transforming layoutlib-api-31.9.1.jar (com.android.tools.layoutlib:layoutlib-api:31.9.1) with MergeInstrumentationAnalysisTransform
[        ] Transforming dvlib-31.9.1.jar (com.android.tools:dvlib:31.9.1) with InstrumentationAnalysisTransform
[        ] Transforming dvlib-31.9.1.jar (com.android.tools:dvlib:31.9.1) with MergeInstrumentationAnalysisTransform
[        ] Transforming common-31.9.1.jar (com.android.tools:common:31.9.1) with InstrumentationAnalysisTransform
[        ] Transforming common-31.9.1.jar (com.android.tools:common:31.9.1) with MergeInstrumentationAnalysisTransform
[        ] Transforming kotlinx-serialization-core-jvm-1.4.0.jar (org.jetbrains.kotlinx:kotlinx-serialization-core-jvm:1.4.0) with InstrumentationAnalysisTransform
[        ] Transforming kotlinx-serialization-core-jvm-1.4.0.jar (org.jetbrains.kotlinx:kotlinx-serialization-core-jvm:1.4.0) with MergeInstrumentationAnalysisTransform
[        ] Transforming dvlib-31.9.1.jar (com.android.tools:dvlib:31.9.1) with ExternalDependencyInstrumentingArtifactTransform
[        ] Transforming layoutlib-api-31.9.1.jar (com.android.tools.layoutlib:layoutlib-api:31.9.1) with ExternalDependencyInstrumentingArtifactTransform
[        ] Transforming ddmlib-31.9.1.jar (com.android.tools.ddms:ddmlib:31.9.1) with ExternalDependencyInstrumentingArtifactTransform
[        ] Transforming builder-test-api-8.9.1.jar (com.android.tools.build:builder-test-api:8.9.1) with ExternalDependencyInstrumentingArtifactTransform
[        ] Transforming common-31.9.1.jar (com.android.tools:common:31.9.1) with ExternalDependencyInstrumentingArtifactTransform
[        ] Transforming kotlin-stdlib-jdk8-2.1.0.jar (org.jetbrains.kotlin:kotlin-stdlib-jdk8:2.1.0) with InstrumentationAnalysisTransform
[        ] Transforming kotlinx-serialization-core-jvm-1.4.0.jar (org.jetbrains.kotlinx:kotlinx-serialization-core-jvm:1.4.0) with ExternalDependencyInstrumentingArtifactTransform
[        ] Transforming kotlin-stdlib-jdk8-2.1.0.jar (org.jetbrains.kotlin:kotlin-stdlib-jdk8:2.1.0) with MergeInstrumentationAnalysisTransform
[        ] Transforming jetifier-processor-1.0.0-beta10.jar (com.android.tools.build.jetifier:jetifier-processor:1.0.0-beta10) with InstrumentationAnalysisTransform
[        ] Transforming jetifier-processor-1.0.0-beta10.jar (com.android.tools.build.jetifier:jetifier-processor:1.0.0-beta10) with MergeInstrumentationAnalysisTransform
[        ] Transforming jetifier-core-1.0.0-beta10.jar (com.android.tools.build.jetifier:jetifier-core:1.0.0-beta10) with InstrumentationAnalysisTransform
[        ] Transforming kotlin-stdlib-jdk8-2.1.0.jar (org.jetbrains.kotlin:kotlin-stdlib-jdk8:2.1.0) with ExternalDependencyInstrumentingArtifactTransform
[        ] Transforming jetifier-core-1.0.0-beta10.jar (com.android.tools.build.jetifier:jetifier-core:1.0.0-beta10) with MergeInstrumentationAnalysisTransform
[        ] Transforming kotlin-reflect-2.0.20.jar (org.jetbrains.kotlin:kotlin-reflect:2.0.20) with InstrumentationAnalysisTransform
[        ] Transforming kotlin-reflect-2.0.20.jar (org.jetbrains.kotlin:kotlin-reflect:2.0.20) with MergeInstrumentationAnalysisTransform
[        ] Transforming kotlin-stdlib-jdk7-2.1.0.jar (org.jetbrains.kotlin:kotlin-stdlib-jdk7:2.1.0) with InstrumentationAnalysisTransform
[        ] Transforming kotlin-stdlib-jdk7-2.1.0.jar (org.jetbrains.kotlin:kotlin-stdlib-jdk7:2.1.0) with MergeInstrumentationAnalysisTransform
[        ] Transforming kotlin-stdlib-2.0.20.jar (org.jetbrains.kotlin:kotlin-stdlib:2.0.20) with InstrumentationAnalysisTransform
[        ] Transforming kotlin-reflect-2.0.20.jar (org.jetbrains.kotlin:kotlin-reflect:2.0.20) with ExternalDependencyInstrumentingArtifactTransform
[        ] Transforming kotlin-stdlib-jdk7-2.1.0.jar (org.jetbrains.kotlin:kotlin-stdlib-jdk7:2.1.0) with ExternalDependencyInstrumentingArtifactTransform
[        ] Transforming jetifier-processor-1.0.0-beta10.jar (com.android.tools.build.jetifier:jetifier-processor:1.0.0-beta10) with ExternalDependencyInstrumentingArtifactTransform
[        ] Transforming jetifier-core-1.0.0-beta10.jar (com.android.tools.build.jetifier:jetifier-core:1.0.0-beta10) with ExternalDependencyInstrumentingArtifactTransform
[        ] Transforming kotlin-stdlib-2.0.20.jar (org.jetbrains.kotlin:kotlin-stdlib:2.0.20) with MergeInstrumentationAnalysisTransform
[        ] Transforming annotations-13.0.jar (org.jetbrains:annotations:13.0) with InstrumentationAnalysisTransform
[        ] Transforming annotations-13.0.jar (org.jetbrains:annotations:13.0) with MergeInstrumentationAnalysisTransform
[        ] Transforming kotlin-stdlib-2.0.20.jar (org.jetbrains.kotlin:kotlin-stdlib:2.0.20) with ExternalDependencyInstrumentingArtifactTransform
[        ] Transforming annotations-13.0.jar (org.jetbrains:annotations:13.0) with ExternalDependencyInstrumentingArtifactTransform
[        ] Transforming kotlin-gradle-plugin-model-2.0.21.jar (org.jetbrains.kotlin:kotlin-gradle-plugin-model:2.0.21) with InstrumentationAnalysisTransform
[        ] Transforming kotlin-gradle-plugin-model-2.0.21.jar (org.jetbrains.kotlin:kotlin-gradle-plugin-model:2.0.21) with MergeInstrumentationAnalysisTransform
[        ] Transforming kotlin-gradle-plugin-api-2.0.21.jar (org.jetbrains.kotlin:kotlin-gradle-plugin-api:2.0.21) with InstrumentationAnalysisTransform
[        ] Transforming kotlin-gradle-plugin-api-2.0.21.jar (org.jetbrains.kotlin:kotlin-gradle-plugin-api:2.0.21) with MergeInstrumentationAnalysisTransform
[        ] Transforming kotlin-gradle-plugin-2.0.21-gradle85.jar (org.jetbrains.kotlin:kotlin-gradle-plugin:2.0.21) with InstrumentationAnalysisTransform
[        ] Transforming kotlin-gradle-plugin-2.0.21-gradle85.jar (org.jetbrains.kotlin:kotlin-gradle-plugin:2.0.21) with MergeInstrumentationAnalysisTransform
[        ] Transforming bundletool-1.17.2.jar (com.android.tools.build:bundletool:1.17.2) with InstrumentationAnalysisTransform
[        ] Transforming bundletool-1.17.2.jar (com.android.tools.build:bundletool:1.17.2) with MergeInstrumentationAnalysisTransform
[        ] Transforming aapt2-proto-8.9.1-12782657.jar (com.android.tools.build:aapt2-proto:8.9.1-12782657) with InstrumentationAnalysisTransform
[        ] Transforming kotlin-gradle-plugin-api-2.0.21.jar (org.jetbrains.kotlin:kotlin-gradle-plugin-api:2.0.21) with ExternalDependencyInstrumentingArtifactTransform
[        ] Transforming kotlin-gradle-plugin-2.0.21-gradle85.jar (org.jetbrains.kotlin:kotlin-gradle-plugin:2.0.21) with ExternalDependencyInstrumentingArtifactTransform
[        ] Transforming aapt2-proto-8.9.1-12782657.jar (com.android.tools.build:aapt2-proto:8.9.1-12782657) with MergeInstrumentationAnalysisTransform
[        ] Transforming crash-31.9.1.jar (com.android.tools.analytics-library:crash:31.9.1) with InstrumentationAnalysisTransform
[        ] Transforming kotlin-gradle-plugin-model-2.0.21.jar (org.jetbrains.kotlin:kotlin-gradle-plugin-model:2.0.21) with ExternalDependencyInstrumentingArtifactTransform
[        ] Transforming crash-31.9.1.jar (com.android.tools.analytics-library:crash:31.9.1) with MergeInstrumentationAnalysisTransform
[        ] Transforming lint-typedef-remover-31.9.1.jar (com.android.tools.lint:lint-typedef-remover:31.9.1) with InstrumentationAnalysisTransform
[        ] Transforming aapt2-proto-8.9.1-12782657.jar (com.android.tools.build:aapt2-proto:8.9.1-12782657) with ExternalDependencyInstrumentingArtifactTransform
[        ] Transforming lint-typedef-remover-31.9.1.jar (com.android.tools.lint:lint-typedef-remover:31.9.1) with MergeInstrumentationAnalysisTransform
[        ] Transforming crash-31.9.1.jar (com.android.tools.analytics-library:crash:31.9.1) with ExternalDependencyInstrumentingArtifactTransform
[        ] Transforming databinding-common-8.9.1.jar (androidx.databinding:databinding-common:8.9.1) with InstrumentationAnalysisTransform
[        ] Transforming bundletool-1.17.2.jar (com.android.tools.build:bundletool:1.17.2) with ExternalDependencyInstrumentingArtifactTransform
[        ] Transforming databinding-common-8.9.1.jar (androidx.databinding:databinding-common:8.9.1) with MergeInstrumentationAnalysisTransform
[        ] Transforming lint-typedef-remover-31.9.1.jar (com.android.tools.lint:lint-typedef-remover:31.9.1) with ExternalDependencyInstrumentingArtifactTransform
[        ] Transforming baseLibrary-8.9.1.jar (com.android.databinding:baseLibrary:8.9.1) with InstrumentationAnalysisTransform
[        ] Transforming databinding-common-8.9.1.jar (androidx.databinding:databinding-common:8.9.1) with ExternalDependencyInstrumentingArtifactTransform
[        ] Transforming baseLibrary-8.9.1.jar (com.android.databinding:baseLibrary:8.9.1) with MergeInstrumentationAnalysisTransform
[        ] Transforming android-device-provider-ddmlib-proto-31.9.1.jar (com.android.tools.utp:android-device-provider-ddmlib-proto:31.9.1) with InstrumentationAnalysisTransform
[        ] Transforming android-device-provider-ddmlib-proto-31.9.1.jar (com.android.tools.utp:android-device-provider-ddmlib-proto:31.9.1) with MergeInstrumentationAnalysisTransform
[        ] Transforming android-device-provider-gradle-proto-31.9.1.jar (com.android.tools.utp:android-device-provider-gradle-proto:31.9.1) with InstrumentationAnalysisTransform
[        ] Transforming baseLibrary-8.9.1.jar (com.android.databinding:baseLibrary:8.9.1) with ExternalDependencyInstrumentingArtifactTransform
[        ] Transforming android-device-provider-ddmlib-proto-31.9.1.jar (com.android.tools.utp:android-device-provider-ddmlib-proto:31.9.1) with ExternalDependencyInstrumentingArtifactTransform
[        ] Transforming android-device-provider-gradle-proto-31.9.1.jar (com.android.tools.utp:android-device-provider-gradle-proto:31.9.1) with MergeInstrumentationAnalysisTransform
[        ] Transforming android-device-provider-profile-proto-31.9.1.jar (com.android.tools.utp:android-device-provider-profile-proto:31.9.1) with InstrumentationAnalysisTransform
[        ] Transforming android-device-provider-profile-proto-31.9.1.jar (com.android.tools.utp:android-device-provider-profile-proto:31.9.1) with MergeInstrumentationAnalysisTransform
[        ] Transforming android-test-plugin-host-additional-test-output-proto-31.9.1.jar (com.android.tools.utp:android-test-plugin-host-additional-test-output-proto:31.9.1) with InstrumentationAnalysisTransform
[        ] Transforming android-test-plugin-host-additional-test-output-proto-31.9.1.jar (com.android.tools.utp:android-test-plugin-host-additional-test-output-proto:31.9.1) with MergeInstrumentationAnalysisTransform
[        ] Transforming android-test-plugin-host-coverage-proto-31.9.1.jar (com.android.tools.utp:android-test-plugin-host-coverage-proto:31.9.1) with InstrumentationAnalysisTransform
[        ] Transforming android-test-plugin-host-coverage-proto-31.9.1.jar (com.android.tools.utp:android-test-plugin-host-coverage-proto:31.9.1) with MergeInstrumentationAnalysisTransform
[        ] Transforming android-test-plugin-host-logcat-proto-31.9.1.jar (com.android.tools.utp:android-test-plugin-host-logcat-proto:31.9.1) with InstrumentationAnalysisTransform
[        ] Transforming android-device-provider-gradle-proto-31.9.1.jar (com.android.tools.utp:android-device-provider-gradle-proto:31.9.1) with ExternalDependencyInstrumentingArtifactTransform
[        ] Transforming android-device-provider-profile-proto-31.9.1.jar (com.android.tools.utp:android-device-provider-profile-proto:31.9.1) with ExternalDependencyInstrumentingArtifactTransform
[        ] Transforming android-test-plugin-host-logcat-proto-31.9.1.jar (com.android.tools.utp:android-test-plugin-host-logcat-proto:31.9.1) with MergeInstrumentationAnalysisTransform
[        ] Transforming android-test-plugin-host-additional-test-output-proto-31.9.1.jar (com.android.tools.utp:android-test-plugin-host-additional-test-output-proto:31.9.1) with ExternalDependencyInstrumentingArtifactTransform
[        ] Transforming android-test-plugin-host-apk-installer-proto-31.9.1.jar (com.android.tools.utp:android-test-plugin-host-apk-installer-proto:31.9.1) with InstrumentationAnalysisTransform
[        ] Transforming android-test-plugin-host-coverage-proto-31.9.1.jar (com.android.tools.utp:android-test-plugin-host-coverage-proto:31.9.1) with ExternalDependencyInstrumentingArtifactTransform
[        ] Transforming android-test-plugin-host-apk-installer-proto-31.9.1.jar (com.android.tools.utp:android-test-plugin-host-apk-installer-proto:31.9.1) with MergeInstrumentationAnalysisTransform
[        ] Transforming android-test-plugin-host-logcat-proto-31.9.1.jar (com.android.tools.utp:android-test-plugin-host-logcat-proto:31.9.1) with ExternalDependencyInstrumentingArtifactTransform
[        ] Transforming android-test-plugin-result-listener-gradle-proto-31.9.1.jar (com.android.tools.utp:android-test-plugin-result-listener-gradle-proto:31.9.1) with InstrumentationAnalysisTransform
[        ] Transforming android-test-plugin-host-apk-installer-proto-31.9.1.jar (com.android.tools.utp:android-test-plugin-host-apk-installer-proto:31.9.1) with ExternalDependencyInstrumentingArtifactTransform
[        ] Transforming android-test-plugin-result-listener-gradle-proto-31.9.1.jar (com.android.tools.utp:android-test-plugin-result-listener-gradle-proto:31.9.1) with MergeInstrumentationAnalysisTransform
[        ] Transforming transform-api-2.0.0-deprecated-use-gradle-api.jar (com.android.tools.build:transform-api:2.0.0-deprecated-use-gradle-api) with InstrumentationAnalysisTransform
[        ] Transforming transform-api-2.0.0-deprecated-use-gradle-api.jar (com.android.tools.build:transform-api:2.0.0-deprecated-use-gradle-api) with MergeInstrumentationAnalysisTransform
[        ] Transforming android-test-plugin-result-listener-gradle-proto-31.9.1.jar (com.android.tools.utp:android-test-plugin-result-listener-gradle-proto:31.9.1) with ExternalDependencyInstrumentingArtifactTransform
[        ] Transforming httpmime-4.5.6.jar (org.apache.httpcomponents:httpmime:4.5.6) with InstrumentationAnalysisTransform
[        ] Transforming transform-api-2.0.0-deprecated-use-gradle-api.jar (com.android.tools.build:transform-api:2.0.0-deprecated-use-gradle-api) with ExternalDependencyInstrumentingArtifactTransform
[        ] Transforming httpmime-4.5.6.jar (org.apache.httpcomponents:httpmime:4.5.6) with MergeInstrumentationAnalysisTransform
[        ] Transforming commons-io-2.16.1.jar (commons-io:commons-io:2.16.1) with InstrumentationAnalysisTransform
[        ] Transforming commons-io-2.16.1.jar (commons-io:commons-io:2.16.1) with MergeInstrumentationAnalysisTransform
[        ] Transforming httpmime-4.5.6.jar (org.apache.httpcomponents:httpmime:4.5.6) with ExternalDependencyInstrumentingArtifactTransform
[        ] Transforming asm-commons-9.7.jar (org.ow2.asm:asm-commons:9.7) with InstrumentationAnalysisTransform
[        ] Transforming asm-commons-9.7.jar (org.ow2.asm:asm-commons:9.7) with MergeInstrumentationAnalysisTransform
[        ] Transforming asm-util-9.7.jar (org.ow2.asm:asm-util:9.7) with InstrumentationAnalysisTransform
[        ] Transforming commons-io-2.16.1.jar (commons-io:commons-io:2.16.1) with ExternalDependencyInstrumentingArtifactTransform
[        ] Transforming asm-commons-9.7.jar (org.ow2.asm:asm-commons:9.7) with ExternalDependencyInstrumentingArtifactTransform
[        ] Transforming asm-util-9.7.jar (org.ow2.asm:asm-util:9.7) with MergeInstrumentationAnalysisTransform
[        ] Transforming asm-analysis-9.7.jar (org.ow2.asm:asm-analysis:9.7) with InstrumentationAnalysisTransform
[        ] Transforming asm-analysis-9.7.jar (org.ow2.asm:asm-analysis:9.7) with MergeInstrumentationAnalysisTransform
[        ] Transforming asm-util-9.7.jar (org.ow2.asm:asm-util:9.7) with ExternalDependencyInstrumentingArtifactTransform
[        ] Transforming asm-tree-9.7.jar (org.ow2.asm:asm-tree:9.7) with InstrumentationAnalysisTransform
[        ] Transforming asm-tree-9.7.jar (org.ow2.asm:asm-tree:9.7) with MergeInstrumentationAnalysisTransform
[        ] Transforming asm-9.7.jar (org.ow2.asm:asm:9.7) with InstrumentationAnalysisTransform
[        ] Transforming asm-9.7.jar (org.ow2.asm:asm:9.7) with MergeInstrumentationAnalysisTransform
[        ] Transforming asm-analysis-9.7.jar (org.ow2.asm:asm-analysis:9.7) with ExternalDependencyInstrumentingArtifactTransform
[        ] Transforming asm-tree-9.7.jar (org.ow2.asm:asm-tree:9.7) with ExternalDependencyInstrumentingArtifactTransform
[        ] Transforming apkzlib-8.9.1.jar (com.android.tools.build:apkzlib:8.9.1) with InstrumentationAnalysisTransform
[        ] Transforming asm-9.7.jar (org.ow2.asm:asm:9.7) with ExternalDependencyInstrumentingArtifactTransform
[        ] Transforming apkzlib-8.9.1.jar (com.android.tools.build:apkzlib:8.9.1) with MergeInstrumentationAnalysisTransform
[        ] Transforming bcpkix-jdk18on-1.79.jar (org.bouncycastle:bcpkix-jdk18on:1.79) with InstrumentationAnalysisTransform
[        ] Transforming bcpkix-jdk18on-1.79.jar (org.bouncycastle:bcpkix-jdk18on:1.79) with MergeInstrumentationAnalysisTransform
[        ] Transforming apkzlib-8.9.1.jar (com.android.tools.build:apkzlib:8.9.1) with ExternalDependencyInstrumentingArtifactTransform
[        ] Transforming jaxb-runtime-2.3.2.jar (org.glassfish.jaxb:jaxb-runtime:2.3.2) with InstrumentationAnalysisTransform
[        ] Transforming jaxb-runtime-2.3.2.jar (org.glassfish.jaxb:jaxb-runtime:2.3.2) with MergeInstrumentationAnalysisTransform
[        ] Transforming jopt-simple-4.9.jar (net.sf.jopt-simple:jopt-simple:4.9) with InstrumentationAnalysisTransform
[        ] Transforming bcpkix-jdk18on-1.79.jar (org.bouncycastle:bcpkix-jdk18on:1.79) with ExternalDependencyInstrumentingArtifactTransform
[        ] Transforming jopt-simple-4.9.jar (net.sf.jopt-simple:jopt-simple:4.9) with MergeInstrumentationAnalysisTransform
[        ] Transforming javapoet-1.10.0.jar (com.squareup:javapoet:1.10.0) with InstrumentationAnalysisTransform
[        ] Transforming javapoet-1.10.0.jar (com.squareup:javapoet:1.10.0) with MergeInstrumentationAnalysisTransform
[        ] Transforming jopt-simple-4.9.jar (net.sf.jopt-simple:jopt-simple:4.9) with ExternalDependencyInstrumentingArtifactTransform
[        ] Transforming protobuf-java-util-3.22.3.jar (com.google.protobuf:protobuf-java-util:3.22.3) with InstrumentationAnalysisTransform
[        ] Transforming jaxb-runtime-2.3.2.jar (org.glassfish.jaxb:jaxb-runtime:2.3.2) with ExternalDependencyInstrumentingArtifactTransform
[        ] Transforming javapoet-1.10.0.jar (com.squareup:javapoet:1.10.0) with ExternalDependencyInstrumentingArtifactTransform
[        ] Transforming protobuf-java-util-3.22.3.jar (com.google.protobuf:protobuf-java-util:3.22.3) with MergeInstrumentationAnalysisTransform
[        ] Transforming tink-1.7.0.jar (com.google.crypto.tink:tink:1.7.0) with InstrumentationAnalysisTransform
[        ] Transforming tink-1.7.0.jar (com.google.crypto.tink:tink:1.7.0) with MergeInstrumentationAnalysisTransform
[        ] Transforming protobuf-java-util-3.22.3.jar (com.google.protobuf:protobuf-java-util:3.22.3) with ExternalDependencyInstrumentingArtifactTransform
[        ] Transforming core-proto-0.0.9-alpha03.jar (com.google.testing.platform:core-proto:0.0.9-alpha03) with InstrumentationAnalysisTransform
[        ] Transforming tink-1.7.0.jar (com.google.crypto.tink:tink:1.7.0) with ExternalDependencyInstrumentingArtifactTransform
[        ] Transforming core-proto-0.0.9-alpha03.jar (com.google.testing.platform:core-proto:0.0.9-alpha03) with MergeInstrumentationAnalysisTransform
[        ] Transforming protos-31.9.1.jar (com.android.tools.analytics-library:protos:31.9.1) with InstrumentationAnalysisTransform
[        ] Transforming protos-31.9.1.jar (com.android.tools.analytics-library:protos:31.9.1) with MergeInstrumentationAnalysisTransform
[        ] Transforming core-proto-0.0.9-alpha03.jar (com.google.testing.platform:core-proto:0.0.9-alpha03) with ExternalDependencyInstrumentingArtifactTransform
[        ] Transforming protos-31.9.1.jar (com.android.tools.analytics-library:protos:31.9.1) with ExternalDependencyInstrumentingArtifactTransform
[        ] Transforming grpc-protobuf-1.57.2.jar (io.grpc:grpc-protobuf:1.57.2) with InstrumentationAnalysisTransform
[        ] Transforming grpc-protobuf-1.57.2.jar (io.grpc:grpc-protobuf:1.57.2) with MergeInstrumentationAnalysisTransform
[        ] Transforming proto-google-common-protos-2.17.0.jar (com.google.api.grpc:proto-google-common-protos:2.17.0) with InstrumentationAnalysisTransform
[        ] Transforming proto-google-common-protos-2.17.0.jar (com.google.api.grpc:proto-google-common-protos:2.17.0) with MergeInstrumentationAnalysisTransform
[        ] Transforming protobuf-java-3.24.4.jar (com.google.protobuf:protobuf-java:3.24.4) with InstrumentationAnalysisTransform
[        ] Transforming grpc-protobuf-1.57.2.jar (io.grpc:grpc-protobuf:1.57.2) with ExternalDependencyInstrumentingArtifactTransform
[        ] Transforming protobuf-java-3.24.4.jar (com.google.protobuf:protobuf-java:3.24.4) with MergeInstrumentationAnalysisTransform
[        ] Transforming kotlin-build-statistics-2.0.21.jar (org.jetbrains.kotlin:kotlin-build-statistics:2.0.21) with InstrumentationAnalysisTransform
[        ] Transforming proto-google-common-protos-2.17.0.jar (com.google.api.grpc:proto-google-common-protos:2.17.0) with ExternalDependencyInstrumentingArtifactTransform
[        ] Transforming kotlin-build-statistics-2.0.21.jar (org.jetbrains.kotlin:kotlin-build-statistics:2.0.21) with MergeInstrumentationAnalysisTransform
[        ] Transforming protobuf-java-3.24.4.jar (com.google.protobuf:protobuf-java:3.24.4) with ExternalDependencyInstrumentingArtifactTransform
[        ] Transforming grpc-netty-1.57.2.jar (io.grpc:grpc-netty:1.57.2) with InstrumentationAnalysisTransform
[        ] Transforming grpc-netty-1.57.2.jar (io.grpc:grpc-netty:1.57.2) with MergeInstrumentationAnalysisTransform
[        ] Transforming grpc-core-1.57.2.jar (io.grpc:grpc-core:1.57.2) with InstrumentationAnalysisTransform
[        ] Transforming kotlin-build-statistics-2.0.21.jar (org.jetbrains.kotlin:kotlin-build-statistics:2.0.21) with ExternalDependencyInstrumentingArtifactTransform
[        ] Transforming grpc-netty-1.57.2.jar (io.grpc:grpc-netty:1.57.2) with ExternalDependencyInstrumentingArtifactTransform
[        ] Transforming grpc-core-1.57.2.jar (io.grpc:grpc-core:1.57.2) with MergeInstrumentationAnalysisTransform
[        ] Transforming gson-2.10.1.jar (com.google.code.gson:gson:2.10.1) with InstrumentationAnalysisTransform
[        ] Transforming gson-2.10.1.jar (com.google.code.gson:gson:2.10.1) with MergeInstrumentationAnalysisTransform
[        ] Transforming grpc-stub-1.57.2.jar (io.grpc:grpc-stub:1.57.2) with InstrumentationAnalysisTransform
[        ] Transforming grpc-core-1.57.2.jar (io.grpc:grpc-core:1.57.2) with ExternalDependencyInstrumentingArtifactTransform
[        ] Transforming grpc-stub-1.57.2.jar (io.grpc:grpc-stub:1.57.2) with MergeInstrumentationAnalysisTransform
[        ] Transforming tensorflow-lite-metadata-0.2.0.jar (org.tensorflow:tensorflow-lite-metadata:0.2.0) with InstrumentationAnalysisTransform
[        ] Transforming tensorflow-lite-metadata-0.2.0.jar (org.tensorflow:tensorflow-lite-metadata:0.2.0) with MergeInstrumentationAnalysisTransform
[        ] Transforming gson-2.10.1.jar (com.google.code.gson:gson:2.10.1) with ExternalDependencyInstrumentingArtifactTransform
[        ] Transforming grpc-stub-1.57.2.jar (io.grpc:grpc-stub:1.57.2) with ExternalDependencyInstrumentingArtifactTransform
[        ] Transforming flatbuffers-java-1.12.0.jar (com.google.flatbuffers:flatbuffers-java:1.12.0) with InstrumentationAnalysisTransform
[        ] Transforming tensorflow-lite-metadata-0.2.0.jar (org.tensorflow:tensorflow-lite-metadata:0.2.0) with ExternalDependencyInstrumentingArtifactTransform
[        ] Transforming flatbuffers-java-1.12.0.jar (com.google.flatbuffers:flatbuffers-java:1.12.0) with MergeInstrumentationAnalysisTransform
[        ] Transforming kotlin-gradle-plugin-idea-proto-2.0.21.jar (org.jetbrains.kotlin:kotlin-gradle-plugin-idea-proto:2.0.21) with InstrumentationAnalysisTransform
[        ] Transforming kotlin-gradle-plugin-idea-proto-2.0.21.jar (org.jetbrains.kotlin:kotlin-gradle-plugin-idea-proto:2.0.21) with MergeInstrumentationAnalysisTransform
[        ] Transforming flatbuffers-java-1.12.0.jar (com.google.flatbuffers:flatbuffers-java:1.12.0) with ExternalDependencyInstrumentingArtifactTransform
[        ] Transforming kotlin-gradle-plugin-idea-2.0.21.jar (org.jetbrains.kotlin:kotlin-gradle-plugin-idea:2.0.21) with InstrumentationAnalysisTransform
[        ] Transforming kotlin-gradle-plugin-idea-2.0.21.jar (org.jetbrains.kotlin:kotlin-gradle-plugin-idea:2.0.21) with MergeInstrumentationAnalysisTransform
[        ] Transforming kotlin-klib-commonizer-api-2.0.21.jar (org.jetbrains.kotlin:kotlin-klib-commonizer-api:2.0.21) with InstrumentationAnalysisTransform
[        ] Transforming kotlin-gradle-plugin-idea-proto-2.0.21.jar (org.jetbrains.kotlin:kotlin-gradle-plugin-idea-proto:2.0.21) with ExternalDependencyInstrumentingArtifactTransform
[        ] Transforming kotlin-gradle-plugin-idea-2.0.21.jar (org.jetbrains.kotlin:kotlin-gradle-plugin-idea:2.0.21) with ExternalDependencyInstrumentingArtifactTransform
[        ] Transforming kotlin-klib-commonizer-api-2.0.21.jar (org.jetbrains.kotlin:kotlin-klib-commonizer-api:2.0.21) with MergeInstrumentationAnalysisTransform
[        ] Transforming kotlin-build-tools-api-2.0.21.jar (org.jetbrains.kotlin:kotlin-build-tools-api:2.0.21) with InstrumentationAnalysisTransform
[        ] Transforming kotlin-build-tools-api-2.0.21.jar (org.jetbrains.kotlin:kotlin-build-tools-api:2.0.21) with MergeInstrumentationAnalysisTransform
[        ] Transforming kotlin-compiler-runner-2.0.21.jar (org.jetbrains.kotlin:kotlin-compiler-runner:2.0.21) with InstrumentationAnalysisTransform
[        ] Transforming kotlin-compiler-runner-2.0.21.jar (org.jetbrains.kotlin:kotlin-compiler-runner:2.0.21) with MergeInstrumentationAnalysisTransform
[        ] Transforming kotlin-build-tools-api-2.0.21.jar (org.jetbrains.kotlin:kotlin-build-tools-api:2.0.21) with ExternalDependencyInstrumentingArtifactTransform
[        ] Transforming kotlin-compiler-runner-2.0.21.jar (org.jetbrains.kotlin:kotlin-compiler-runner:2.0.21) with ExternalDependencyInstrumentingArtifactTransform
[        ] Transforming kotlin-klib-commonizer-api-2.0.21.jar (org.jetbrains.kotlin:kotlin-klib-commonizer-api:2.0.21) with ExternalDependencyInstrumentingArtifactTransform
[        ] Transforming kotlin-native-utils-2.0.21.jar (org.jetbrains.kotlin:kotlin-native-utils:2.0.21) with InstrumentationAnalysisTransform
[        ] Transforming kotlin-native-utils-2.0.21.jar (org.jetbrains.kotlin:kotlin-native-utils:2.0.21) with MergeInstrumentationAnalysisTransform
[        ] Transforming kotlin-util-klib-2.0.21.jar (org.jetbrains.kotlin:kotlin-util-klib:2.0.21) with InstrumentationAnalysisTransform
[        ] Transforming kotlin-util-klib-2.0.21.jar (org.jetbrains.kotlin:kotlin-util-klib:2.0.21) with MergeInstrumentationAnalysisTransform
[        ] Transforming kotlin-compiler-embeddable-2.0.21.jar (org.jetbrains.kotlin:kotlin-compiler-embeddable:2.0.21) with InstrumentationAnalysisTransform
[        ] Transforming kotlin-compiler-embeddable-2.0.21.jar (org.jetbrains.kotlin:kotlin-compiler-embeddable:2.0.21) with MergeInstrumentationAnalysisTransform
[        ] Transforming kotlin-util-klib-2.0.21.jar (org.jetbrains.kotlin:kotlin-util-klib:2.0.21) with ExternalDependencyInstrumentingArtifactTransform
[        ] Transforming kotlin-native-utils-2.0.21.jar (org.jetbrains.kotlin:kotlin-native-utils:2.0.21) with ExternalDependencyInstrumentingArtifactTransform
[        ] Transforming jimfs-1.1.jar (com.google.jimfs:jimfs:1.1) with InstrumentationAnalysisTransform
[        ] Transforming kotlin-compiler-embeddable-2.0.21.jar (org.jetbrains.kotlin:kotlin-compiler-embeddable:2.0.21) with ExternalDependencyInstrumentingArtifactTransform
[        ] Transforming jimfs-1.1.jar (com.google.jimfs:jimfs:1.1) with MergeInstrumentationAnalysisTransform
[        ] Transforming grpc-context-1.57.2.jar (io.grpc:grpc-context:1.57.2) with InstrumentationAnalysisTransform
[        ] Transforming grpc-context-1.57.2.jar (io.grpc:grpc-context:1.57.2) with MergeInstrumentationAnalysisTransform
[        ] Transforming jimfs-1.1.jar (com.google.jimfs:jimfs:1.1) with ExternalDependencyInstrumentingArtifactTransform
[        ] Transforming grpc-protobuf-lite-1.57.2.jar (io.grpc:grpc-protobuf-lite:1.57.2) with InstrumentationAnalysisTransform
[        ] Transforming grpc-context-1.57.2.jar (io.grpc:grpc-context:1.57.2) with ExternalDependencyInstrumentingArtifactTransform
[        ] Transforming grpc-protobuf-lite-1.57.2.jar (io.grpc:grpc-protobuf-lite:1.57.2) with MergeInstrumentationAnalysisTransform
[        ] Transforming grpc-api-1.57.2.jar (io.grpc:grpc-api:1.57.2) with InstrumentationAnalysisTransform
[        ] Transforming grpc-api-1.57.2.jar (io.grpc:grpc-api:1.57.2) with MergeInstrumentationAnalysisTransform
[        ] Transforming grpc-protobuf-lite-1.57.2.jar (io.grpc:grpc-protobuf-lite:1.57.2) with ExternalDependencyInstrumentingArtifactTransform
[        ] Transforming guava-32.0.1-jre.jar (com.google.guava:guava:32.0.1-jre) with InstrumentationAnalysisTransform
[        ] Transforming guava-32.0.1-jre.jar (com.google.guava:guava:32.0.1-jre) with MergeInstrumentationAnalysisTransform
[        ] Transforming grpc-api-1.57.2.jar (io.grpc:grpc-api:1.57.2) with ExternalDependencyInstrumentingArtifactTransform
[        ] Transforming dagger-2.28.3.jar (com.google.dagger:dagger:2.28.3) with InstrumentationAnalysisTransform
[        ] Transforming dagger-2.28.3.jar (com.google.dagger:dagger:2.28.3) with MergeInstrumentationAnalysisTransform
[        ] Transforming javax.inject-1.jar (javax.inject:javax.inject:1) with InstrumentationAnalysisTransform
[        ] Transforming javax.inject-1.jar (javax.inject:javax.inject:1) with MergeInstrumentationAnalysisTransform
[        ] Transforming kxml2-2.3.0.jar (net.sf.kxml:kxml2:2.3.0) with InstrumentationAnalysisTransform
[        ] Transforming kxml2-2.3.0.jar (net.sf.kxml:kxml2:2.3.0) with MergeInstrumentationAnalysisTransform
[        ] Transforming bcutil-jdk18on-1.79.jar (org.bouncycastle:bcutil-jdk18on:1.79) with InstrumentationAnalysisTransform
[        ] Transforming dagger-2.28.3.jar (com.google.dagger:dagger:2.28.3) with ExternalDependencyInstrumentingArtifactTransform
[        ] Transforming javax.inject-1.jar (javax.inject:javax.inject:1) with ExternalDependencyInstrumentingArtifactTransform
[        ] Transforming bcutil-jdk18on-1.79.jar (org.bouncycastle:bcutil-jdk18on:1.79) with MergeInstrumentationAnalysisTransform
[        ] Transforming bcprov-jdk18on-1.79.jar (org.bouncycastle:bcprov-jdk18on:1.79) with InstrumentationAnalysisTransform
[        ] Transforming bcprov-jdk18on-1.79.jar (org.bouncycastle:bcprov-jdk18on:1.79) with MergeInstrumentationAnalysisTransform
[        ] Transforming commons-compress-1.21.jar (org.apache.commons:commons-compress:1.21) with InstrumentationAnalysisTransform
[        ] Transforming kxml2-2.3.0.jar (net.sf.kxml:kxml2:2.3.0) with ExternalDependencyInstrumentingArtifactTransform
[        ] Transforming bcutil-jdk18on-1.79.jar (org.bouncycastle:bcutil-jdk18on:1.79) with ExternalDependencyInstrumentingArtifactTransform
[        ] Transforming bcprov-jdk18on-1.79.jar (org.bouncycastle:bcprov-jdk18on:1.79) with ExternalDependencyInstrumentingArtifactTransform
[        ] Transforming commons-compress-1.21.jar (org.apache.commons:commons-compress:1.21) with MergeInstrumentationAnalysisTransform
[        ] Transforming guava-32.0.1-jre.jar (com.google.guava:guava:32.0.1-jre) with ExternalDependencyInstrumentingArtifactTransform
[        ] Transforming commons-compress-1.21.jar (org.apache.commons:commons-compress:1.21) with ExternalDependencyInstrumentingArtifactTransform
[        ] Transforming httpclient-4.5.14.jar (org.apache.httpcomponents:httpclient:4.5.14) with InstrumentationAnalysisTransform
[        ] Transforming httpclient-4.5.14.jar (org.apache.httpcomponents:httpclient:4.5.14) with MergeInstrumentationAnalysisTransform
[        ] Transforming httpcore-4.4.16.jar (org.apache.httpcomponents:httpcore:4.4.16) with InstrumentationAnalysisTransform
[        ] Transforming httpcore-4.4.16.jar (org.apache.httpcomponents:httpcore:4.4.16) with MergeInstrumentationAnalysisTransform
[        ] Transforming javax.activation-1.2.0.jar (com.sun.activation:javax.activation:1.2.0) with InstrumentationAnalysisTransform
[        ] Transforming javax.activation-1.2.0.jar (com.sun.activation:javax.activation:1.2.0) with MergeInstrumentationAnalysisTransform
[        ] Transforming signflinger-8.9.1.jar (com.android:signflinger:8.9.1) with InstrumentationAnalysisTransform
[        ] Transforming signflinger-8.9.1.jar (com.android:signflinger:8.9.1) with MergeInstrumentationAnalysisTransform
[        ] Transforming zipflinger-8.9.1.jar (com.android:zipflinger:8.9.1) with InstrumentationAnalysisTransform
[        ] Transforming javax.activation-1.2.0.jar (com.sun.activation:javax.activation:1.2.0) with ExternalDependencyInstrumentingArtifactTransform
[        ] Transforming zipflinger-8.9.1.jar (com.android:zipflinger:8.9.1) with MergeInstrumentationAnalysisTransform
[        ] Transforming httpcore-4.4.16.jar (org.apache.httpcomponents:httpcore:4.4.16) with ExternalDependencyInstrumentingArtifactTransform
[        ] Transforming zipflinger-8.9.1.jar (com.android:zipflinger:8.9.1) with ExternalDependencyInstrumentingArtifactTransform
[        ] Transforming signflinger-8.9.1.jar (com.android:signflinger:8.9.1) with ExternalDependencyInstrumentingArtifactTransform
[        ] Transforming annotations-31.9.1.jar (com.android.tools:annotations:31.9.1) with InstrumentationAnalysisTransform
[        ] Transforming httpclient-4.5.14.jar (org.apache.httpcomponents:httpclient:4.5.14) with ExternalDependencyInstrumentingArtifactTransform
[        ] Transforming annotations-31.9.1.jar (com.android.tools:annotations:31.9.1) with MergeInstrumentationAnalysisTransform
[        ] Transforming jna-platform-5.6.0.jar (net.java.dev.jna:jna-platform:5.6.0) with InstrumentationAnalysisTransform
[        ] Transforming annotations-31.9.1.jar (com.android.tools:annotations:31.9.1) with ExternalDependencyInstrumentingArtifactTransform
[        ] Transforming jna-platform-5.6.0.jar (net.java.dev.jna:jna-platform:5.6.0) with MergeInstrumentationAnalysisTransform
[        ] Transforming juniversalchardet-1.0.3.jar (com.googlecode.juniversalchardet:juniversalchardet:1.0.3) with InstrumentationAnalysisTransform
[        ] Transforming juniversalchardet-1.0.3.jar (com.googlecode.juniversalchardet:juniversalchardet:1.0.3) with MergeInstrumentationAnalysisTransform
[        ] Transforming jna-platform-5.6.0.jar (net.java.dev.jna:jna-platform:5.6.0) with ExternalDependencyInstrumentingArtifactTransform
[        ] Transforming javax.annotation-api-1.3.2.jar (javax.annotation:javax.annotation-api:1.3.2) with InstrumentationAnalysisTransform
[        ] Transforming juniversalchardet-1.0.3.jar (com.googlecode.juniversalchardet:juniversalchardet:1.0.3) with ExternalDependencyInstrumentingArtifactTransform
[        ] Transforming javax.annotation-api-1.3.2.jar (javax.annotation:javax.annotation-api:1.3.2) with MergeInstrumentationAnalysisTransform
[        ] Transforming stax-ex-1.8.1.jar (org.jvnet.staxex:stax-ex:1.8.1) with InstrumentationAnalysisTransform
[        ] Transforming stax-ex-1.8.1.jar (org.jvnet.staxex:stax-ex:1.8.1) with MergeInstrumentationAnalysisTransform
[        ] Transforming jakarta.xml.bind-api-2.3.2.jar (jakarta.xml.bind:jakarta.xml.bind-api:2.3.2) with InstrumentationAnalysisTransform
[        ] Transforming jakarta.xml.bind-api-2.3.2.jar (jakarta.xml.bind:jakarta.xml.bind-api:2.3.2) with MergeInstrumentationAnalysisTransform
[        ] Transforming txw2-2.3.2.jar (org.glassfish.jaxb:txw2:2.3.2) with InstrumentationAnalysisTransform
[        ] Transforming stax-ex-1.8.1.jar (org.jvnet.staxex:stax-ex:1.8.1) with ExternalDependencyInstrumentingArtifactTransform
[        ] Transforming javax.annotation-api-1.3.2.jar (javax.annotation:javax.annotation-api:1.3.2) with ExternalDependencyInstrumentingArtifactTransform
[        ] Transforming txw2-2.3.2.jar (org.glassfish.jaxb:txw2:2.3.2) with MergeInstrumentationAnalysisTransform
[        ] Transforming jakarta.xml.bind-api-2.3.2.jar (jakarta.xml.bind:jakarta.xml.bind-api:2.3.2) with ExternalDependencyInstrumentingArtifactTransform
[        ] Transforming istack-commons-runtime-3.0.8.jar (com.sun.istack:istack-commons-runtime:3.0.8) with InstrumentationAnalysisTransform
[        ] Transforming istack-commons-runtime-3.0.8.jar (com.sun.istack:istack-commons-runtime:3.0.8) with MergeInstrumentationAnalysisTransform
[        ] Transforming FastInfoset-1.2.16.jar (com.sun.xml.fastinfoset:FastInfoset:1.2.16) with InstrumentationAnalysisTransform
[        ] Transforming FastInfoset-1.2.16.jar (com.sun.xml.fastinfoset:FastInfoset:1.2.16) with MergeInstrumentationAnalysisTransform
[        ] Transforming jakarta.activation-api-1.2.1.jar (jakarta.activation:jakarta.activation-api:1.2.1) with InstrumentationAnalysisTransform
[        ] Transforming istack-commons-runtime-3.0.8.jar (com.sun.istack:istack-commons-runtime:3.0.8) with ExternalDependencyInstrumentingArtifactTransform
[        ] Transforming jakarta.activation-api-1.2.1.jar (jakarta.activation:jakarta.activation-api:1.2.1) with MergeInstrumentationAnalysisTransform
[        ] Transforming auto-value-annotations-1.6.2.jar (com.google.auto.value:auto-value-annotations:1.6.2) with InstrumentationAnalysisTransform
[        ] Transforming jakarta.activation-api-1.2.1.jar (jakarta.activation:jakarta.activation-api:1.2.1) with ExternalDependencyInstrumentingArtifactTransform
[        ] Transforming auto-value-annotations-1.6.2.jar (com.google.auto.value:auto-value-annotations:1.6.2) with MergeInstrumentationAnalysisTransform
[        ] Transforming error_prone_annotations-2.18.0.jar (com.google.errorprone:error_prone_annotations:2.18.0) with InstrumentationAnalysisTransform
[        ] Transforming FastInfoset-1.2.16.jar (com.sun.xml.fastinfoset:FastInfoset:1.2.16) with ExternalDependencyInstrumentingArtifactTransform
[        ] Transforming error_prone_annotations-2.18.0.jar (com.google.errorprone:error_prone_annotations:2.18.0) with MergeInstrumentationAnalysisTransform
[        ] Transforming jose4j-0.9.5.jar (org.bitbucket.b_c:jose4j:0.9.5) with InstrumentationAnalysisTransform
[        ] Transforming error_prone_annotations-2.18.0.jar (com.google.errorprone:error_prone_annotations:2.18.0) with ExternalDependencyInstrumentingArtifactTransform
[        ] Transforming txw2-2.3.2.jar (org.glassfish.jaxb:txw2:2.3.2) with ExternalDependencyInstrumentingArtifactTransform
[        ] Transforming jose4j-0.9.5.jar (org.bitbucket.b_c:jose4j:0.9.5) with MergeInstrumentationAnalysisTransform
[        ] Transforming auto-value-annotations-1.6.2.jar (com.google.auto.value:auto-value-annotations:1.6.2) with ExternalDependencyInstrumentingArtifactTransform
[        ] Transforming slf4j-api-1.7.30.jar (org.slf4j:slf4j-api:1.7.30) with InstrumentationAnalysisTransform
[        ] Transforming jose4j-0.9.5.jar (org.bitbucket.b_c:jose4j:0.9.5) with ExternalDependencyInstrumentingArtifactTransform
[        ] Transforming slf4j-api-1.7.30.jar (org.slf4j:slf4j-api:1.7.30) with MergeInstrumentationAnalysisTransform
[        ] Transforming jdom2-2.0.6.jar (org.jdom:jdom2:2.0.6) with InstrumentationAnalysisTransform
[        ] Transforming jdom2-2.0.6.jar (org.jdom:jdom2:2.0.6) with MergeInstrumentationAnalysisTransform
[        ] Transforming jsr305-3.0.2.jar (com.google.code.findbugs:jsr305:3.0.2) with InstrumentationAnalysisTransform
[        ] Transforming slf4j-api-1.7.30.jar (org.slf4j:slf4j-api:1.7.30) with ExternalDependencyInstrumentingArtifactTransform
[        ] Transforming jdom2-2.0.6.jar (org.jdom:jdom2:2.0.6) with ExternalDependencyInstrumentingArtifactTransform
[        ] Transforming jsr305-3.0.2.jar (com.google.code.findbugs:jsr305:3.0.2) with MergeInstrumentationAnalysisTransform
[        ] Transforming j2objc-annotations-2.8.jar (com.google.j2objc:j2objc-annotations:2.8) with InstrumentationAnalysisTransform
[        ] Transforming jsr305-3.0.2.jar (com.google.code.findbugs:jsr305:3.0.2) with ExternalDependencyInstrumentingArtifactTransform
[        ] Transforming j2objc-annotations-2.8.jar (com.google.j2objc:j2objc-annotations:2.8) with MergeInstrumentationAnalysisTransform
[        ] Transforming checker-qual-3.33.0.jar (org.checkerframework:checker-qual:3.33.0) with InstrumentationAnalysisTransform
[        ] Transforming checker-qual-3.33.0.jar (org.checkerframework:checker-qual:3.33.0) with MergeInstrumentationAnalysisTransform
[        ] Transforming apksig-8.9.1.jar (com.android.tools.build:apksig:8.9.1) with InstrumentationAnalysisTransform
[        ] Transforming apksig-8.9.1.jar (com.android.tools.build:apksig:8.9.1) with MergeInstrumentationAnalysisTransform
[        ] Transforming javawriter-2.5.0.jar (com.squareup:javawriter:2.5.0) with InstrumentationAnalysisTransform
[        ] Transforming j2objc-annotations-2.8.jar (com.google.j2objc:j2objc-annotations:2.8) with ExternalDependencyInstrumentingArtifactTransform
[        ] Transforming javawriter-2.5.0.jar (com.squareup:javawriter:2.5.0) with MergeInstrumentationAnalysisTransform
[        ] Transforming checker-qual-3.33.0.jar (org.checkerframework:checker-qual:3.33.0) with ExternalDependencyInstrumentingArtifactTransform
[        ] Transforming javawriter-2.5.0.jar (com.squareup:javawriter:2.5.0) with ExternalDependencyInstrumentingArtifactTransform
[        ] Transforming kotlin-gradle-plugin-annotations-2.0.21.jar (org.jetbrains.kotlin:kotlin-gradle-plugin-annotations:2.0.21) with InstrumentationAnalysisTransform
[        ] Transforming apksig-8.9.1.jar (com.android.tools.build:apksig:8.9.1) with ExternalDependencyInstrumentingArtifactTransform
[        ] Transforming kotlin-gradle-plugin-annotations-2.0.21.jar (org.jetbrains.kotlin:kotlin-gradle-plugin-annotations:2.0.21) with MergeInstrumentationAnalysisTransform
[        ] Transforming kotlin-tooling-core-2.0.21.jar (org.jetbrains.kotlin:kotlin-tooling-core:2.0.21) with InstrumentationAnalysisTransform
[        ] Transforming kotlin-tooling-core-2.0.21.jar (org.jetbrains.kotlin:kotlin-tooling-core:2.0.21) with MergeInstrumentationAnalysisTransform
[        ] Transforming kotlin-daemon-client-2.0.21.jar (org.jetbrains.kotlin:kotlin-daemon-client:2.0.21) with InstrumentationAnalysisTransform
[        ] Transforming kotlin-gradle-plugin-annotations-2.0.21.jar (org.jetbrains.kotlin:kotlin-gradle-plugin-annotations:2.0.21) with ExternalDependencyInstrumentingArtifactTransform
[        ] Transforming kotlin-daemon-client-2.0.21.jar (org.jetbrains.kotlin:kotlin-daemon-client:2.0.21) with MergeInstrumentationAnalysisTransform
[        ] Transforming kotlinx-coroutines-core-jvm-1.6.4.jar (org.jetbrains.kotlinx:kotlinx-coroutines-core-jvm:1.6.4) with InstrumentationAnalysisTransform
[        ] Transforming kotlinx-coroutines-core-jvm-1.6.4.jar (org.jetbrains.kotlinx:kotlinx-coroutines-core-jvm:1.6.4) with MergeInstrumentationAnalysisTransform
[        ] Transforming kotlin-util-io-2.0.21.jar (org.jetbrains.kotlin:kotlin-util-io:2.0.21) with InstrumentationAnalysisTransform
[        ] Transforming kotlin-daemon-client-2.0.21.jar (org.jetbrains.kotlin:kotlin-daemon-client:2.0.21) with ExternalDependencyInstrumentingArtifactTransform
[        ] Transforming kotlin-util-io-2.0.21.jar (org.jetbrains.kotlin:kotlin-util-io:2.0.21) with MergeInstrumentationAnalysisTransform
[        ] Transforming kotlin-daemon-embeddable-2.0.21.jar (org.jetbrains.kotlin:kotlin-daemon-embeddable:2.0.21) with InstrumentationAnalysisTransform
[        ] Transforming kotlin-tooling-core-2.0.21.jar (org.jetbrains.kotlin:kotlin-tooling-core:2.0.21) with ExternalDependencyInstrumentingArtifactTransform
[        ] Transforming kotlinx-coroutines-core-jvm-1.6.4.jar (org.jetbrains.kotlinx:kotlinx-coroutines-core-jvm:1.6.4) with ExternalDependencyInstrumentingArtifactTransform
[        ] Transforming kotlin-util-io-2.0.21.jar (org.jetbrains.kotlin:kotlin-util-io:2.0.21) with ExternalDependencyInstrumentingArtifactTransform
[        ] Transforming kotlin-daemon-embeddable-2.0.21.jar (org.jetbrains.kotlin:kotlin-daemon-embeddable:2.0.21) with MergeInstrumentationAnalysisTransform
[        ] Transforming trove4j-1.0.20200330.jar (org.jetbrains.intellij.deps:trove4j:1.0.20200330) with InstrumentationAnalysisTransform
[        ] Transforming trove4j-1.0.20200330.jar (org.jetbrains.intellij.deps:trove4j:1.0.20200330) with MergeInstrumentationAnalysisTransform
[        ] Transforming failureaccess-1.0.1.jar (com.google.guava:failureaccess:1.0.1) with InstrumentationAnalysisTransform
[        ] Transforming failureaccess-1.0.1.jar (com.google.guava:failureaccess:1.0.1) with MergeInstrumentationAnalysisTransform
[        ] Transforming trove4j-1.0.20200330.jar (org.jetbrains.intellij.deps:trove4j:1.0.20200330) with ExternalDependencyInstrumentingArtifactTransform
[        ] Transforming failureaccess-1.0.1.jar (com.google.guava:failureaccess:1.0.1) with ExternalDependencyInstrumentingArtifactTransform
[        ] Transforming listenablefuture-9999.0-empty-to-avoid-conflict-with-guava.jar (com.google.guava:listenablefuture:9999.0-empty-to-avoid-conflict-with-guava) with InstrumentationAnalysisTransform
[        ] Transforming kotlin-daemon-embeddable-2.0.21.jar (org.jetbrains.kotlin:kotlin-daemon-embeddable:2.0.21) with ExternalDependencyInstrumentingArtifactTransform
[        ] Transforming listenablefuture-9999.0-empty-to-avoid-conflict-with-guava.jar (com.google.guava:listenablefuture:9999.0-empty-to-avoid-conflict-with-guava) with MergeInstrumentationAnalysisTransform
[        ] Transforming commons-logging-1.2.jar (commons-logging:commons-logging:1.2) with InstrumentationAnalysisTransform
[        ] Transforming commons-logging-1.2.jar (commons-logging:commons-logging:1.2) with MergeInstrumentationAnalysisTransform
[        ] Transforming commons-codec-1.11.jar (commons-codec:commons-codec:1.11) with InstrumentationAnalysisTransform
[        ] Transforming commons-codec-1.11.jar (commons-codec:commons-codec:1.11) with MergeInstrumentationAnalysisTransform
[        ] Transforming jna-5.6.0.jar (net.java.dev.jna:jna:5.6.0) with InstrumentationAnalysisTransform
[        ] Transforming listenablefuture-9999.0-empty-to-avoid-conflict-with-guava.jar (com.google.guava:listenablefuture:9999.0-empty-to-avoid-conflict-with-guava) with ExternalDependencyInstrumentingArtifactTransform
[        ] Transforming jna-5.6.0.jar (net.java.dev.jna:jna:5.6.0) with MergeInstrumentationAnalysisTransform
[        ] Transforming commons-logging-1.2.jar (commons-logging:commons-logging:1.2) with ExternalDependencyInstrumentingArtifactTransform
[        ] Transforming commons-codec-1.11.jar (commons-codec:commons-codec:1.11) with ExternalDependencyInstrumentingArtifactTransform
[        ] Transforming annotations-4.1.1.4.jar (com.google.android:annotations:4.1.1.4) with InstrumentationAnalysisTransform
[        ] Transforming jna-5.6.0.jar (net.java.dev.jna:jna:5.6.0) with ExternalDependencyInstrumentingArtifactTransform
[        ] Transforming annotations-4.1.1.4.jar (com.google.android:annotations:4.1.1.4) with MergeInstrumentationAnalysisTransform
[        ] Transforming animal-sniffer-annotations-1.23.jar (org.codehaus.mojo:animal-sniffer-annotations:1.23) with InstrumentationAnalysisTransform
[        ] Transforming animal-sniffer-annotations-1.23.jar (org.codehaus.mojo:animal-sniffer-annotations:1.23) with MergeInstrumentationAnalysisTransform
[        ] Transforming perfmark-api-0.26.0.jar (io.perfmark:perfmark-api:0.26.0) with InstrumentationAnalysisTransform
[        ] Transforming perfmark-api-0.26.0.jar (io.perfmark:perfmark-api:0.26.0) with MergeInstrumentationAnalysisTransform
[        ] Transforming netty-codec-http2-4.1.93.Final.jar (io.netty:netty-codec-http2:4.1.93.Final) with InstrumentationAnalysisTransform
[        ] Transforming annotations-4.1.1.4.jar (com.google.android:annotations:4.1.1.4) with ExternalDependencyInstrumentingArtifactTransform
[        ] Transforming animal-sniffer-annotations-1.23.jar (org.codehaus.mojo:animal-sniffer-annotations:1.23) with ExternalDependencyInstrumentingArtifactTransform
[        ] Transforming perfmark-api-0.26.0.jar (io.perfmark:perfmark-api:0.26.0) with ExternalDependencyInstrumentingArtifactTransform
[        ] Transforming netty-codec-http2-4.1.93.Final.jar (io.netty:netty-codec-http2:4.1.93.Final) with MergeInstrumentationAnalysisTransform
[        ] Transforming netty-handler-proxy-4.1.93.Final.jar (io.netty:netty-handler-proxy:4.1.93.Final) with InstrumentationAnalysisTransform
[        ] Transforming netty-handler-proxy-4.1.93.Final.jar (io.netty:netty-handler-proxy:4.1.93.Final) with MergeInstrumentationAnalysisTransform
[        ] Transforming netty-codec-http-4.1.93.Final.jar (io.netty:netty-codec-http:4.1.93.Final) with InstrumentationAnalysisTransform
[        ] Transforming netty-codec-http-4.1.93.Final.jar (io.netty:netty-codec-http:4.1.93.Final) with MergeInstrumentationAnalysisTransform
[        ] Transforming netty-handler-4.1.93.Final.jar (io.netty:netty-handler:4.1.93.Final) with InstrumentationAnalysisTransform
[        ] Transforming netty-handler-4.1.93.Final.jar (io.netty:netty-handler:4.1.93.Final) with MergeInstrumentationAnalysisTransform
[        ] Transforming netty-transport-native-unix-common-4.1.93.Final.jar (io.netty:netty-transport-native-unix-common:4.1.93.Final) with InstrumentationAnalysisTransform
[        ] Transforming netty-transport-native-unix-common-4.1.93.Final.jar (io.netty:netty-transport-native-unix-common:4.1.93.Final) with MergeInstrumentationAnalysisTransform
[        ] Transforming netty-handler-proxy-4.1.93.Final.jar (io.netty:netty-handler-proxy:4.1.93.Final) with ExternalDependencyInstrumentingArtifactTransform
[        ] Transforming netty-codec-http-4.1.93.Final.jar (io.netty:netty-codec-http:4.1.93.Final) with ExternalDependencyInstrumentingArtifactTransform
[        ] Transforming netty-codec-http2-4.1.93.Final.jar (io.netty:netty-codec-http2:4.1.93.Final) with ExternalDependencyInstrumentingArtifactTransform
[        ] Transforming netty-codec-socks-4.1.93.Final.jar (io.netty:netty-codec-socks:4.1.93.Final) with InstrumentationAnalysisTransform
[        ] Transforming netty-handler-4.1.93.Final.jar (io.netty:netty-handler:4.1.93.Final) with ExternalDependencyInstrumentingArtifactTransform
[        ] Transforming netty-codec-socks-4.1.93.Final.jar (io.netty:netty-codec-socks:4.1.93.Final) with MergeInstrumentationAnalysisTransform
[        ] Transforming netty-transport-native-unix-common-4.1.93.Final.jar (io.netty:netty-transport-native-unix-common:4.1.93.Final) with ExternalDependencyInstrumentingArtifactTransform
[        ] Transforming netty-codec-4.1.93.Final.jar (io.netty:netty-codec:4.1.93.Final) with InstrumentationAnalysisTransform
[        ] Transforming netty-codec-4.1.93.Final.jar (io.netty:netty-codec:4.1.93.Final) with MergeInstrumentationAnalysisTransform
[        ] Transforming netty-transport-4.1.93.Final.jar (io.netty:netty-transport:4.1.93.Final) with InstrumentationAnalysisTransform
[        ] Transforming netty-codec-socks-4.1.93.Final.jar (io.netty:netty-codec-socks:4.1.93.Final) with ExternalDependencyInstrumentingArtifactTransform
[        ] Transforming netty-transport-4.1.93.Final.jar (io.netty:netty-transport:4.1.93.Final) with MergeInstrumentationAnalysisTransform
[        ] Transforming netty-codec-4.1.93.Final.jar (io.netty:netty-codec:4.1.93.Final) with ExternalDependencyInstrumentingArtifactTransform
[        ] Transforming netty-buffer-4.1.93.Final.jar (io.netty:netty-buffer:4.1.93.Final) with InstrumentationAnalysisTransform
[        ] Transforming netty-transport-4.1.93.Final.jar (io.netty:netty-transport:4.1.93.Final) with ExternalDependencyInstrumentingArtifactTransform
[        ] Transforming netty-buffer-4.1.93.Final.jar (io.netty:netty-buffer:4.1.93.Final) with MergeInstrumentationAnalysisTransform
[        ] Transforming netty-resolver-4.1.93.Final.jar (io.netty:netty-resolver:4.1.93.Final) with InstrumentationAnalysisTransform
[        ] Transforming netty-buffer-4.1.93.Final.jar (io.netty:netty-buffer:4.1.93.Final) with ExternalDependencyInstrumentingArtifactTransform
[        ] Transforming netty-resolver-4.1.93.Final.jar (io.netty:netty-resolver:4.1.93.Final) with MergeInstrumentationAnalysisTransform
[        ] Transforming netty-common-4.1.93.Final.jar (io.netty:netty-common:4.1.93.Final) with InstrumentationAnalysisTransform
[        ] Transforming netty-common-4.1.93.Final.jar (io.netty:netty-common:4.1.93.Final) with MergeInstrumentationAnalysisTransform
[        ] Transforming netty-resolver-4.1.93.Final.jar (io.netty:netty-resolver:4.1.93.Final) with ExternalDependencyInstrumentingArtifactTransform
[        ] Transforming netty-common-4.1.93.Final.jar (io.netty:netty-common:4.1.93.Final) with ExternalDependencyInstrumentingArtifactTransform
[        ] Transforming gradle-1.0.0.jar (project :gradle) with ProjectDependencyInstrumentingArtifactTransform
[        ] Settings evaluated using settings file 'C:\MINI PROJECT-SGMSA\android\settings.gradle.kts'.
[        ] Projects loaded. Root project using build file 'C:\MINI PROJECT-SGMSA\android\build.gradle.kts'.
[        ] Included projects: [root project 'android', project ':app', project ':cloud_firestore', project ':firebase_auth', project ':firebase_core', project ':firebase_messaging', project ':flutter_plugin_android_lifecycle', project ':image_picker_android', project ':mobile_scanner', project ':path_provider_android', project ':razorpay_flutter', project ':shared_preferences_android']
[ +125 ms] > Configure project :app
[        ] Evaluating project ':app' using build file 'C:\MINI PROJECT-SGMSA\android\app\build.gradle.kts'.
[        ] Using default execution profile
[        ] Using Kotlin Gradle Plugin gradle85 variant
[        ] C/C++: android.ndkVersion from module build.gradle is [28.2.13676358]
[        ] C/C++: android.ndkPath from module build.gradle is not set
[        ] C/C++: ndk.dir in local.properties is not set
[        ] C/C++: Not considering ANDROID_NDK_HOME because support was removed after deprecation period.
[        ] C/C++: sdkFolder is C:\Users\midhu\AppData\Local\Android\sdk
[        ] C/C++: android.ndkVersion from module build.gradle is [28.2.13676358]
[        ] C/C++: android.ndkPath from module build.gradle is not set
[        ] C/C++: ndk.dir in local.properties is not set
[        ] C/C++: Not considering ANDROID_NDK_HOME because support was removed after deprecation period.
[        ] C/C++: sdkFolder is C:\Users\midhu\AppData\Local\Android\sdk
[        ] C/C++: android.ndkVersion from module build.gradle is [28.2.13676358]
[        ] C/C++: android.ndkPath from module build.gradle is not set
[        ] C/C++: ndk.dir in local.properties is not set
[        ] C/C++: Not considering ANDROID_NDK_HOME because support was removed after deprecation period.
[        ] C/C++: sdkFolder is C:\Users\midhu\AppData\Local\Android\sdk
[        ] C/C++: android.ndkVersion from module build.gradle is [28.2.13676358]
[        ] C/C++: android.ndkPath from module build.gradle is not set
[        ] C/C++: ndk.dir in local.properties is not set
[        ] C/C++: Not considering ANDROID_NDK_HOME because support was removed after deprecation period.
[        ] C/C++: sdkFolder is C:\Users\midhu\AppData\Local\Android\sdk
[        ] C/C++: android.ndkVersion from module build.gradle is [28.2.13676358]
[        ] C/C++: android.ndkPath from module build.gradle is not set
[        ] C/C++: ndk.dir in local.properties is not set
[        ] C/C++: Not considering ANDROID_NDK_HOME because support was removed after deprecation period.
[        ] C/C++: sdkFolder is C:\Users\midhu\AppData\Local\Android\sdk
[        ] C/C++: android.ndkVersion from module build.gradle is [28.2.13676358]
[        ] C/C++: android.ndkPath from module build.gradle is not set
[        ] C/C++: ndk.dir in local.properties is not set
[        ] C/C++: Not considering ANDROID_NDK_HOME because support was removed after deprecation period.
[        ] C/C++: sdkFolder is C:\Users\midhu\AppData\Local\Android\sdk
[        ] C/C++: android.ndkVersion from module build.gradle is [28.2.13676358]
[        ] C/C++: android.ndkPath from module build.gradle is not set
[        ] C/C++: ndk.dir in local.properties is not set
[        ] C/C++: Not considering ANDROID_NDK_HOME because support was removed after deprecation period.
[        ] C/C++: sdkFolder is C:\Users\midhu\AppData\Local\Android\sdk
[        ] C/C++: android.ndkVersion from module build.gradle is [28.2.13676358]
[        ] C/C++: android.ndkPath from module build.gradle is not set
[        ] C/C++: ndk.dir in local.properties is not set
[        ] C/C++: Not considering ANDROID_NDK_HOME because support was removed after deprecation period.
[        ] C/C++: sdkFolder is C:\Users\midhu\AppData\Local\Android\sdk
[        ] C/C++: android.ndkVersion from module build.gradle is [28.2.13676358]
[        ] C/C++: android.ndkPath from module build.gradle is not set
[        ] C/C++: ndk.dir in local.properties is not set
[        ] C/C++: Not considering ANDROID_NDK_HOME because support was removed after deprecation period.
[        ] C/C++: sdkFolder is C:\Users\midhu\AppData\Local\Android\sdk
[        ] C/C++: android.ndkVersion from module build.gradle is [28.2.13676358]
[        ] C/C++: android.ndkPath from module build.gradle is not set
[        ] C/C++: ndk.dir in local.properties is not set
[        ] C/C++: Not considering ANDROID_NDK_HOME because support was removed after deprecation period.
[        ] C/C++: sdkFolder is C:\Users\midhu\AppData\Local\Android\sdk
[        ] C/C++: android.ndkVersion from module build.gradle is [28.2.13676358]
[        ] C/C++: android.ndkPath from module build.gradle is not set
[        ] C/C++: ndk.dir in local.properties is not set
[        ] C/C++: Not considering ANDROID_NDK_HOME because support was removed after deprecation period.
[        ] C/C++: sdkFolder is C:\Users\midhu\AppData\Local\Android\sdk
[        ] C/C++: android.ndkVersion from module build.gradle is [28.2.13676358]
[        ] C/C++: android.ndkPath from module build.gradle is not set
[        ] C/C++: ndk.dir in local.properties is not set
[        ] C/C++: Not considering ANDROID_NDK_HOME because support was removed after deprecation period.
[        ] C/C++: sdkFolder is C:\Users\midhu\AppData\Local\Android\sdk
[        ] C/C++: android.ndkVersion from module build.gradle is [28.2.13676358]
[        ] C/C++: android.ndkPath from module build.gradle is not set
[        ] C/C++: ndk.dir in local.properties is not set
[        ] C/C++: Not considering ANDROID_NDK_HOME because support was removed after deprecation period.
[        ] C/C++: sdkFolder is C:\Users\midhu\AppData\Local\Android\sdk
[        ] C/C++: android.ndkVersion from module build.gradle is [28.2.13676358]
[        ] C/C++: android.ndkPath from module build.gradle is not set
[        ] C/C++: ndk.dir in local.properties is not set
[        ] C/C++: Not considering ANDROID_NDK_HOME because support was removed after deprecation period.
[        ] C/C++: sdkFolder is C:\Users\midhu\AppData\Local\Android\sdk
[        ] C/C++: android.ndkVersion from module build.gradle is [28.2.13676358]
[        ] C/C++: android.ndkPath from module build.gradle is not set
[        ] C/C++: ndk.dir in local.properties is not set
[        ] C/C++: Not considering ANDROID_NDK_HOME because support was removed after deprecation period.
[        ] C/C++: sdkFolder is C:\Users\midhu\AppData\Local\Android\sdk
[        ] C/C++: android.ndkVersion from module build.gradle is [28.2.13676358]
[        ] C/C++: android.ndkPath from module build.gradle is not set
[        ] C/C++: ndk.dir in local.properties is not set
[        ] C/C++: Not considering ANDROID_NDK_HOME because support was removed after deprecation period.
[        ] C/C++: sdkFolder is C:\Users\midhu\AppData\Local\Android\sdk
[        ] C/C++: android.ndkVersion from module build.gradle is [28.2.13676358]
[        ] C/C++: android.ndkPath from module build.gradle is not set
[        ] C/C++: ndk.dir in local.properties is not set
[        ] C/C++: Not considering ANDROID_NDK_HOME because support was removed after deprecation period.
[        ] C/C++: sdkFolder is C:\Users\midhu\AppData\Local\Android\sdk
[        ] C/C++: android.ndkVersion from module build.gradle is [28.2.13676358]
[        ] C/C++: android.ndkPath from module build.gradle is not set
[        ] C/C++: ndk.dir in local.properties is not set
[        ] C/C++: Not considering ANDROID_NDK_HOME because support was removed after deprecation period.
[        ] C/C++: sdkFolder is C:\Users\midhu\AppData\Local\Android\sdk
[        ] C/C++: android.ndkVersion from module build.gradle is [28.2.13676358]
[        ] C/C++: android.ndkPath from module build.gradle is not set
[        ] C/C++: ndk.dir in local.properties is not set
[        ] C/C++: Not considering ANDROID_NDK_HOME because support was removed after deprecation period.
[        ] C/C++: sdkFolder is C:\Users\midhu\AppData\Local\Android\sdk
[        ] > Configure project :
[        ] Evaluating root project 'android' using build file 'C:\MINI PROJECT-SGMSA\android\build.gradle.kts'.
[        ] Transforming google-services-4.4.0.jar (com.google.gms:google-services:4.4.0) with InstrumentationAnalysisTransform
[        ] Transforming gradle-api-7.3.0.jar (com.android.tools.build:gradle-api:7.3.0) with InstrumentationAnalysisTransform
[        ] Transforming strict-version-matcher-plugin-1.2.4.jar (com.google.android.gms:strict-version-matcher-plugin:1.2.4) with InstrumentationAnalysisTransform
[        ] Transforming builder-test-api-7.3.0.jar (com.android.tools.build:builder-test-api:7.3.0) with InstrumentationAnalysisTransform
[        ] Transforming ddmlib-30.3.0.jar (com.android.tools.ddms:ddmlib:30.3.0) with InstrumentationAnalysisTransform
[        ] Transforming common-30.3.0.jar (com.android.tools:common:30.3.0) with InstrumentationAnalysisTransform
[        ] Transforming kotlin-stdlib-jdk8-1.8.0.jar (org.jetbrains.kotlin:kotlin-stdlib-jdk8:1.8.0) with InstrumentationAnalysisTransform
[        ] Transforming kotlin-stdlib-jdk7-1.8.0.jar (org.jetbrains.kotlin:kotlin-stdlib-jdk7:1.8.0) with InstrumentationAnalysisTransform
[        ] Transforming kotlin-stdlib-2.0.20.jar (org.jetbrains.kotlin:kotlin-stdlib:2.0.20) with InstrumentationAnalysisTransform
[        ] Transforming annotations-13.0.jar (org.jetbrains:annotations:13.0) with InstrumentationAnalysisTransform
[        ] Transforming gson-2.8.5.jar (com.google.code.gson:gson:2.8.5) with InstrumentationAnalysisTransform
[        ] Transforming guava-30.1-jre.jar (com.google.guava:guava:30.1-jre) with InstrumentationAnalysisTransform
[        ] Transforming asm-9.1.jar (org.ow2.asm:asm:9.1) with InstrumentationAnalysisTransform
[        ] Transforming jsr305-3.0.2.jar (com.google.code.findbugs:jsr305:3.0.2) with InstrumentationAnalysisTransform
[        ] Transforming failureaccess-1.0.1.jar (com.google.guava:failureaccess:1.0.1) with InstrumentationAnalysisTransform
[        ] Transforming listenablefuture-9999.0-empty-to-avoid-conflict-with-guava.jar (com.google.guava:listenablefuture:9999.0-empty-to-avoid-conflict-with-guava) with InstrumentationAnalysisTransform
[        ] Transforming checker-qual-3.5.0.jar (org.checkerframework:checker-qual:3.5.0) with InstrumentationAnalysisTransform
[        ] Transforming error_prone_annotations-2.3.4.jar (com.google.errorprone:error_prone_annotations:2.3.4) with InstrumentationAnalysisTransform
[        ] Transforming j2objc-annotations-1.3.jar (com.google.j2objc:j2objc-annotations:1.3) with InstrumentationAnalysisTransform
[        ] Transforming annotations-30.3.0.jar (com.android.tools:annotations:30.3.0) with InstrumentationAnalysisTransform
[        ] Transforming protobuf-java-3.17.2.jar (com.google.protobuf:protobuf-java:3.17.2) with InstrumentationAnalysisTransform
[        ] Transforming kxml2-2.3.0.jar (net.sf.kxml:kxml2:2.3.0) with InstrumentationAnalysisTransform
[        ] Transforming jna-platform-5.6.0.jar (net.java.dev.jna:jna-platform:5.6.0) with InstrumentationAnalysisTransform
[        ] Transforming jna-5.6.0.jar (net.java.dev.jna:jna:5.6.0) with InstrumentationAnalysisTransform
[        ] Transforming google-services-4.4.0.jar (com.google.gms:google-services:4.4.0) with InstrumentationAnalysisTransform
[        ] Transforming google-services-4.4.0.jar (com.google.gms:google-services:4.4.0) with MergeInstrumentationAnalysisTransform
[        ] Transforming gradle-api-7.3.0.jar (com.android.tools.build:gradle-api:7.3.0) with InstrumentationAnalysisTransform
[        ] Transforming gradle-api-7.3.0.jar (com.android.tools.build:gradle-api:7.3.0) with MergeInstrumentationAnalysisTransform
[        ] Transforming strict-version-matcher-plugin-1.2.4.jar (com.google.android.gms:strict-version-matcher-plugin:1.2.4) with InstrumentationAnalysisTransform
[        ] Transforming strict-version-matcher-plugin-1.2.4.jar (com.google.android.gms:strict-version-matcher-plugin:1.2.4) with MergeInstrumentationAnalysisTransform
[        ] Transforming google-services-4.4.0.jar (com.google.gms:google-services:4.4.0) with ExternalDependencyInstrumentingArtifactTransform
[        ] Transforming builder-test-api-7.3.0.jar (com.android.tools.build:builder-test-api:7.3.0) with InstrumentationAnalysisTransform
[        ] Transforming builder-test-api-7.3.0.jar (com.android.tools.build:builder-test-api:7.3.0) with MergeInstrumentationAnalysisTransform
[        ] Transforming strict-version-matcher-plugin-1.2.4.jar (com.google.android.gms:strict-version-matcher-plugin:1.2.4) with ExternalDependencyInstrumentingArtifactTransform
[        ] Transforming gradle-api-7.3.0.jar (com.android.tools.build:gradle-api:7.3.0) with ExternalDependencyInstrumentingArtifactTransform
[        ] Transforming ddmlib-30.3.0.jar (com.android.tools.ddms:ddmlib:30.3.0) with InstrumentationAnalysisTransform
[        ] Transforming ddmlib-30.3.0.jar (com.android.tools.ddms:ddmlib:30.3.0) with MergeInstrumentationAnalysisTransform
[        ] Transforming common-30.3.0.jar (com.android.tools:common:30.3.0) with InstrumentationAnalysisTransform
[        ] Transforming common-30.3.0.jar (com.android.tools:common:30.3.0) with MergeInstrumentationAnalysisTransform
[        ] Transforming ddmlib-30.3.0.jar (com.android.tools.ddms:ddmlib:30.3.0) with ExternalDependencyInstrumentingArtifactTransform
[        ] Transforming kotlin-stdlib-jdk8-1.8.0.jar (org.jetbrains.kotlin:kotlin-stdlib-jdk8:1.8.0) with InstrumentationAnalysisTransform
[        ] Transforming kotlin-stdlib-jdk8-1.8.0.jar (org.jetbrains.kotlin:kotlin-stdlib-jdk8:1.8.0) with MergeInstrumentationAnalysisTransform
[        ] Transforming common-30.3.0.jar (com.android.tools:common:30.3.0) with ExternalDependencyInstrumentingArtifactTransform
[        ] Transforming kotlin-stdlib-jdk7-1.8.0.jar (org.jetbrains.kotlin:kotlin-stdlib-jdk7:1.8.0) with InstrumentationAnalysisTransform
[        ] Transforming kotlin-stdlib-jdk7-1.8.0.jar (org.jetbrains.kotlin:kotlin-stdlib-jdk7:1.8.0) with MergeInstrumentationAnalysisTransform
[        ] Transforming builder-test-api-7.3.0.jar (com.android.tools.build:builder-test-api:7.3.0) with ExternalDependencyInstrumentingArtifactTransform
[        ] Transforming kotlin-stdlib-2.0.20.jar (org.jetbrains.kotlin:kotlin-stdlib:2.0.20) with InstrumentationAnalysisTransform
[        ] Transforming kotlin-stdlib-2.0.20.jar (org.jetbrains.kotlin:kotlin-stdlib:2.0.20) with MergeInstrumentationAnalysisTransform
[        ] Transforming annotations-13.0.jar (org.jetbrains:annotations:13.0) with InstrumentationAnalysisTransform
[        ] Transforming annotations-13.0.jar (org.jetbrains:annotations:13.0) with MergeInstrumentationAnalysisTransform
[        ] Transforming kotlin-stdlib-2.0.20.jar (org.jetbrains.kotlin:kotlin-stdlib:2.0.20) with ExternalDependencyInstrumentingArtifactTransform
[        ] Transforming gson-2.8.5.jar (com.google.code.gson:gson:2.8.5) with InstrumentationAnalysisTransform
[        ] Transforming gson-2.8.5.jar (com.google.code.gson:gson:2.8.5) with MergeInstrumentationAnalysisTransform
[        ] Transforming kotlin-stdlib-jdk8-1.8.0.jar (org.jetbrains.kotlin:kotlin-stdlib-jdk8:1.8.0) with ExternalDependencyInstrumentingArtifactTransform
[        ] Transforming kotlin-stdlib-jdk7-1.8.0.jar (org.jetbrains.kotlin:kotlin-stdlib-jdk7:1.8.0) with ExternalDependencyInstrumentingArtifactTransform
[        ] Transforming guava-30.1-jre.jar (com.google.guava:guava:30.1-jre) with InstrumentationAnalysisTransform
[        ] Transforming guava-30.1-jre.jar (com.google.guava:guava:30.1-jre) with MergeInstrumentationAnalysisTransform
[        ] Transforming asm-9.1.jar (org.ow2.asm:asm:9.1) with InstrumentationAnalysisTransform
[        ] Transforming asm-9.1.jar (org.ow2.asm:asm:9.1) with MergeInstrumentationAnalysisTransform
[        ] Transforming guava-30.1-jre.jar (com.google.guava:guava:30.1-jre) with ExternalDependencyInstrumentingArtifactTransform
[        ] Transforming gson-2.8.5.jar (com.google.code.gson:gson:2.8.5) with ExternalDependencyInstrumentingArtifactTransform
[        ] Transforming jsr305-3.0.2.jar (com.google.code.findbugs:jsr305:3.0.2) with InstrumentationAnalysisTransform
[        ] Transforming asm-9.1.jar (org.ow2.asm:asm:9.1) with ExternalDependencyInstrumentingArtifactTransform
[        ] Transforming jsr305-3.0.2.jar (com.google.code.findbugs:jsr305:3.0.2) with MergeInstrumentationAnalysisTransform
[        ] Transforming annotations-13.0.jar (org.jetbrains:annotations:13.0) with ExternalDependencyInstrumentingArtifactTransform
[        ] Transforming failureaccess-1.0.1.jar (com.google.guava:failureaccess:1.0.1) with InstrumentationAnalysisTransform
[        ] Transforming failureaccess-1.0.1.jar (com.google.guava:failureaccess:1.0.1) with MergeInstrumentationAnalysisTransform
[        ] Transforming listenablefuture-9999.0-empty-to-avoid-conflict-with-guava.jar (com.google.guava:listenablefuture:9999.0-empty-to-avoid-conflict-with-guava) with InstrumentationAnalysisTransform
[        ] Transforming jsr305-3.0.2.jar (com.google.code.findbugs:jsr305:3.0.2) with ExternalDependencyInstrumentingArtifactTransform
[        ] Transforming failureaccess-1.0.1.jar (com.google.guava:failureaccess:1.0.1) with ExternalDependencyInstrumentingArtifactTransform
[        ] Transforming listenablefuture-9999.0-empty-to-avoid-conflict-with-guava.jar (com.google.guava:listenablefuture:9999.0-empty-to-avoid-conflict-with-guava) with MergeInstrumentationAnalysisTransform
[        ] Transforming checker-qual-3.5.0.jar (org.checkerframework:checker-qual:3.5.0) with InstrumentationAnalysisTransform
[        ] Transforming listenablefuture-9999.0-empty-to-avoid-conflict-with-guava.jar (com.google.guava:listenablefuture:9999.0-empty-to-avoid-conflict-with-guava) with ExternalDependencyInstrumentingArtifactTransform
[        ] Transforming checker-qual-3.5.0.jar (org.checkerframework:checker-qual:3.5.0) with MergeInstrumentationAnalysisTransform
[        ] Transforming error_prone_annotations-2.3.4.jar (com.google.errorprone:error_prone_annotations:2.3.4) with InstrumentationAnalysisTransform
[        ] Transforming checker-qual-3.5.0.jar (org.checkerframework:checker-qual:3.5.0) with ExternalDependencyInstrumentingArtifactTransform
[        ] Transforming error_prone_annotations-2.3.4.jar (com.google.errorprone:error_prone_annotations:2.3.4) with MergeInstrumentationAnalysisTransform
[        ] Transforming j2objc-annotations-1.3.jar (com.google.j2objc:j2objc-annotations:1.3) with InstrumentationAnalysisTransform
[        ] Transforming error_prone_annotations-2.3.4.jar (com.google.errorprone:error_prone_annotations:2.3.4) with ExternalDependencyInstrumentingArtifactTransform
[        ] Transforming j2objc-annotations-1.3.jar (com.google.j2objc:j2objc-annotations:1.3) with MergeInstrumentationAnalysisTransform
[        ] Transforming j2objc-annotations-1.3.jar (com.google.j2objc:j2objc-annotations:1.3) with ExternalDependencyInstrumentingArtifactTransform
[        ] Transforming annotations-30.3.0.jar (com.android.tools:annotations:30.3.0) with InstrumentationAnalysisTransform
[        ] Transforming annotations-30.3.0.jar (com.android.tools:annotations:30.3.0) with MergeInstrumentationAnalysisTransform
[        ] Transforming protobuf-java-3.17.2.jar (com.google.protobuf:protobuf-java:3.17.2) with InstrumentationAnalysisTransform
[        ] Transforming protobuf-java-3.17.2.jar (com.google.protobuf:protobuf-java:3.17.2) with MergeInstrumentationAnalysisTransform
[        ] Transforming kxml2-2.3.0.jar (net.sf.kxml:kxml2:2.3.0) with InstrumentationAnalysisTransform
[        ] Transforming kxml2-2.3.0.jar (net.sf.kxml:kxml2:2.3.0) with MergeInstrumentationAnalysisTransform
[        ] Transforming jna-platform-5.6.0.jar (net.java.dev.jna:jna-platform:5.6.0) with InstrumentationAnalysisTransform
[        ] Transforming jna-platform-5.6.0.jar (net.java.dev.jna:jna-platform:5.6.0) with MergeInstrumentationAnalysisTransform
[        ] Transforming kxml2-2.3.0.jar (net.sf.kxml:kxml2:2.3.0) with ExternalDependencyInstrumentingArtifactTransform
[        ] Transforming annotations-30.3.0.jar (com.android.tools:annotations:30.3.0) with ExternalDependencyInstrumentingArtifactTransform
[        ] Transforming jna-platform-5.6.0.jar (net.java.dev.jna:jna-platform:5.6.0) with ExternalDependencyInstrumentingArtifactTransform
[        ] Transforming protobuf-java-3.17.2.jar (com.google.protobuf:protobuf-java:3.17.2) with ExternalDependencyInstrumentingArtifactTransform
[        ] Transforming jna-5.6.0.jar (net.java.dev.jna:jna:5.6.0) with InstrumentationAnalysisTransform
[        ] Transforming jna-5.6.0.jar (net.java.dev.jna:jna:5.6.0) with MergeInstrumentationAnalysisTransform
[        ] Transforming jna-5.6.0.jar (net.java.dev.jna:jna:5.6.0) with ExternalDependencyInstrumentingArtifactTransform
[ +179 ms] > Configure project :cloud_firestore
[        ] Evaluating project ':cloud_firestore' using build file 'C:\Users\midhu\AppData\Local\Pub\Cache\hosted\pub.dev\cloud_firestore-4.17.5\android\build.gradle'.
[        ] Transforming gradle-8.1.2.jar (com.android.tools.build:gradle:8.1.2) with InstrumentationAnalysisTransform
[        ] Transforming gradle-settings-api-8.1.2.jar (com.android.tools.build:gradle-settings-api:8.1.2) with InstrumentationAnalysisTransform
[        ] Transforming lint-model-31.1.2.jar (com.android.tools.lint:lint-model:31.1.2) with InstrumentationAnalysisTransform
[        ] Transforming builder-8.1.2.jar (com.android.tools.build:builder:8.1.2) with InstrumentationAnalysisTransform
[        ] Transforming manifest-merger-31.1.2.jar (com.android.tools.build:manifest-merger:31.1.2) with InstrumentationAnalysisTransform
[        ] Transforming sdk-common-31.1.2.jar (com.android.tools:sdk-common:31.1.2) with InstrumentationAnalysisTransform
[        ] Transforming sdklib-31.1.2.jar (com.android.tools:sdklib:31.1.2) with InstrumentationAnalysisTransform
[        ] Transforming repository-31.1.2.jar (com.android.tools:repository:31.1.2) with InstrumentationAnalysisTransform
[        ] Transforming gradle-api-8.1.2.jar (com.android.tools.build:gradle-api:8.1.2) with InstrumentationAnalysisTransform
[        ] Transforming builder-test-api-8.1.2.jar (com.android.tools.build:builder-test-api:8.1.2) with InstrumentationAnalysisTransform
[        ] Transforming ddmlib-31.1.2.jar (com.android.tools.ddms:ddmlib:31.1.2) with InstrumentationAnalysisTransform
[        ] Transforming aaptcompiler-8.1.2.jar (com.android.tools.build:aaptcompiler:8.1.2) with InstrumentationAnalysisTransform
[        ] Transforming bundletool-1.14.0.jar (com.android.tools.build:bundletool:1.14.0) with InstrumentationAnalysisTransform
[        ] Transforming aapt2-proto-8.1.2-10154469.jar (com.android.tools.build:aapt2-proto:8.1.2-10154469) with InstrumentationAnalysisTransform
[        ] Transforming crash-31.1.2.jar (com.android.tools.analytics-library:crash:31.1.2) with InstrumentationAnalysisTransform
[        ] Transforming tracker-31.1.2.jar (com.android.tools.analytics-library:tracker:31.1.2) with InstrumentationAnalysisTransform
[        ] Transforming shared-31.1.2.jar (com.android.tools.analytics-library:shared:31.1.2) with InstrumentationAnalysisTransform
[        ] Transforming lint-typedef-remover-31.1.2.jar (com.android.tools.lint:lint-typedef-remover:31.1.2) with InstrumentationAnalysisTransform
[        ] Transforming databinding-compiler-common-8.1.2.jar (androidx.databinding:databinding-compiler-common:8.1.2) with InstrumentationAnalysisTransform
[        ] Transforming databinding-common-8.1.2.jar (androidx.databinding:databinding-common:8.1.2) with InstrumentationAnalysisTransform
[        ] Transforming baseLibrary-8.1.2.jar (com.android.databinding:baseLibrary:8.1.2) with InstrumentationAnalysisTransform
[        ] Transforming layoutlib-api-31.1.2.jar (com.android.tools.layoutlib:layoutlib-api:31.1.2) with InstrumentationAnalysisTransform
[        ] Transforming android-device-provider-ddmlib-proto-31.1.2.jar (com.android.tools.utp:android-device-provider-ddmlib-proto:31.1.2) with InstrumentationAnalysisTransform
[        ] Transforming android-device-provider-gradle-proto-31.1.2.jar (com.android.tools.utp:android-device-provider-gradle-proto:31.1.2) with InstrumentationAnalysisTransform
[        ] Transforming android-test-plugin-host-additional-test-output-proto-31.1.2.jar (com.android.tools.utp:android-test-plugin-host-additional-test-output-proto:31.1.2) with InstrumentationAnalysisTransform
[        ] Transforming android-test-plugin-host-coverage-proto-31.1.2.jar (com.android.tools.utp:android-test-plugin-host-coverage-proto:31.1.2) with InstrumentationAnalysisTransform
[        ] Transforming android-test-plugin-host-emulator-control-proto-31.1.2.jar (com.android.tools.utp:android-test-plugin-host-emulator-control-proto:31.1.2) with InstrumentationAnalysisTransform
[        ] Transforming android-test-plugin-host-logcat-proto-31.1.2.jar (com.android.tools.utp:android-test-plugin-host-logcat-proto:31.1.2) with InstrumentationAnalysisTransform
[        ] Transforming android-test-plugin-host-apk-installer-proto-31.1.2.jar (com.android.tools.utp:android-test-plugin-host-apk-installer-proto:31.1.2) with InstrumentationAnalysisTransform
[        ] Transforming android-test-plugin-host-retention-proto-31.1.2.jar (com.android.tools.utp:android-test-plugin-host-retention-proto:31.1.2) with InstrumentationAnalysisTransform
[        ] Transforming android-test-plugin-result-listener-gradle-proto-31.1.2.jar (com.android.tools.utp:android-test-plugin-result-listener-gradle-proto:31.1.2) with InstrumentationAnalysisTransform
[        ] Transforming builder-model-8.1.2.jar (com.android.tools.build:builder-model:8.1.2) with InstrumentationAnalysisTransform
[        ] Transforming dvlib-31.1.2.jar (com.android.tools:dvlib:31.1.2) with InstrumentationAnalysisTransform
[        ] Transforming common-31.1.2.jar (com.android.tools:common:31.1.2) with InstrumentationAnalysisTransform
[        ] Transforming kotlin-stdlib-jdk8-1.8.20-RC2.jar (org.jetbrains.kotlin:kotlin-stdlib-jdk8:1.8.20-RC2) with InstrumentationAnalysisTransform
[        ] Transforming transform-api-2.0.0-deprecated-use-gradle-api.jar (com.android.tools.build:transform-api:2.0.0-deprecated-use-gradle-api) with InstrumentationAnalysisTransform
[        ] Transforming httpmime-4.5.6.jar (org.apache.httpcomponents:httpmime:4.5.6) with InstrumentationAnalysisTransform
[        ] Transforming commons-io-2.4.jar (commons-io:commons-io:2.4) with InstrumentationAnalysisTransform
[        ] Transforming jetifier-processor-1.0.0-beta10.jar (com.android.tools.build.jetifier:jetifier-processor:1.0.0-beta10) with InstrumentationAnalysisTransform
[        ] Transforming asm-commons-9.2.jar (org.ow2.asm:asm-commons:9.2) with InstrumentationAnalysisTransform
[        ] Transforming asm-util-9.2.jar (org.ow2.asm:asm-util:9.2) with InstrumentationAnalysisTransform
[        ] Transforming asm-analysis-9.2.jar (org.ow2.asm:asm-analysis:9.2) with InstrumentationAnalysisTransform
[        ] Transforming asm-tree-9.2.jar (org.ow2.asm:asm-tree:9.2) with InstrumentationAnalysisTransform
[        ] Transforming asm-9.2.jar (org.ow2.asm:asm:9.2) with InstrumentationAnalysisTransform
[        ] Transforming apkzlib-8.1.2.jar (com.android.tools.build:apkzlib:8.1.2) with InstrumentationAnalysisTransform
[        ] Transforming bcpkix-jdk15on-1.67.jar (org.bouncycastle:bcpkix-jdk15on:1.67) with InstrumentationAnalysisTransform
[        ] Transforming jaxb-runtime-2.3.2.jar (org.glassfish.jaxb:jaxb-runtime:2.3.2) with InstrumentationAnalysisTransform
[        ] Transforming jopt-simple-4.9.jar (net.sf.jopt-simple:jopt-simple:4.9) with InstrumentationAnalysisTransform
[        ] Transforming jetifier-core-1.0.0-beta10.jar (com.android.tools.build.jetifier:jetifier-core:1.0.0-beta10) with InstrumentationAnalysisTransform
[        ] Transforming javapoet-1.10.0.jar (com.squareup:javapoet:1.10.0) with InstrumentationAnalysisTransform
[        ] Transforming protobuf-java-util-3.19.3.jar (com.google.protobuf:protobuf-java-util:3.19.3) with InstrumentationAnalysisTransform
[        ] Transforming grpc-protobuf-1.45.1.jar (io.grpc:grpc-protobuf:1.45.1) with InstrumentationAnalysisTransform
[        ] Transforming tink-1.7.0.jar (com.google.crypto.tink:tink:1.7.0) with InstrumentationAnalysisTransform
[        ] Transforming protos-31.1.2.jar (com.android.tools.analytics-library:protos:31.1.2) with InstrumentationAnalysisTransform
[        ] Transforming proto-google-common-protos-2.0.1.jar (com.google.api.grpc:proto-google-common-protos:2.0.1) with InstrumentationAnalysisTransform
[        ] Transforming protobuf-java-3.19.3.jar (com.google.protobuf:protobuf-java:3.19.3) with InstrumentationAnalysisTransform
[        ] Transforming grpc-netty-1.45.1.jar (io.grpc:grpc-netty:1.45.1) with InstrumentationAnalysisTransform
[        ] Transforming grpc-core-1.45.1.jar (io.grpc:grpc-core:1.45.1) with InstrumentationAnalysisTransform
[        ] Transforming gson-2.8.9.jar (com.google.code.gson:gson:2.8.9) with InstrumentationAnalysisTransform
[        ] Transforming grpc-stub-1.45.1.jar (io.grpc:grpc-stub:1.45.1) with InstrumentationAnalysisTransform
[        ] Transforming core-proto-0.0.8-alpha08.jar (com.google.testing.platform:core-proto:0.0.8-alpha08) with InstrumentationAnalysisTransform
[        ] Transforming tensorflow-lite-metadata-0.1.0-rc2.jar (org.tensorflow:tensorflow-lite-metadata:0.1.0-rc2) with InstrumentationAnalysisTransform
[        ] Transforming flatbuffers-java-1.12.0.jar (com.google.flatbuffers:flatbuffers-java:1.12.0) with InstrumentationAnalysisTransform
[        ] Transforming jimfs-1.1.jar (com.google.jimfs:jimfs:1.1) with InstrumentationAnalysisTransform
[        ] Transforming grpc-protobuf-lite-1.45.1.jar (io.grpc:grpc-protobuf-lite:1.45.1) with InstrumentationAnalysisTransform
[        ] Transforming grpc-api-1.45.1.jar (io.grpc:grpc-api:1.45.1) with InstrumentationAnalysisTransform
[        ] Transforming guava-31.1-jre.jar (com.google.guava:guava:31.1-jre) with InstrumentationAnalysisTransform
[        ] Transforming dagger-2.28.3.jar (com.google.dagger:dagger:2.28.3) with InstrumentationAnalysisTransform
[        ] Transforming javax.inject-1.jar (javax.inject:javax.inject:1) with InstrumentationAnalysisTransform
[        ] Transforming kxml2-2.3.0.jar (net.sf.kxml:kxml2:2.3.0) with InstrumentationAnalysisTransform
[        ] Transforming bcprov-jdk15on-1.67.jar (org.bouncycastle:bcprov-jdk15on:1.67) with InstrumentationAnalysisTransform
[        ] Transforming trove4j-1.0.20200330.jar (org.jetbrains.intellij.deps:trove4j:1.0.20200330) with InstrumentationAnalysisTransform
[        ] Transforming kotlin-reflect-1.8.20-RC2.jar (org.jetbrains.kotlin:kotlin-reflect:1.8.20-RC2) with InstrumentationAnalysisTransform
[        ] Transforming xercesImpl-2.12.0.jar (xerces:xercesImpl:2.12.0) with InstrumentationAnalysisTransform
[        ] Transforming commons-compress-1.21.jar (org.apache.commons:commons-compress:1.21) with InstrumentationAnalysisTransform
[        ] Transforming httpclient-4.5.13.jar (org.apache.httpcomponents:httpclient:4.5.13) with InstrumentationAnalysisTransform
[        ] Transforming httpcore-4.4.15.jar (org.apache.httpcomponents:httpcore:4.4.15) with InstrumentationAnalysisTransform
[        ] Transforming javax.activation-1.2.0.jar (com.sun.activation:javax.activation:1.2.0) with InstrumentationAnalysisTransform
[        ] Transforming kotlin-stdlib-jdk7-1.8.20-RC2.jar (org.jetbrains.kotlin:kotlin-stdlib-jdk7:1.8.20-RC2) with InstrumentationAnalysisTransform
[        ] Transforming kotlin-stdlib-1.8.20-RC2.jar (org.jetbrains.kotlin:kotlin-stdlib:1.8.20-RC2) with InstrumentationAnalysisTransform
[        ] Transforming annotations-13.0.jar (org.jetbrains:annotations:13.0) with InstrumentationAnalysisTransform
[        ] Transforming signflinger-8.1.2.jar (com.android:signflinger:8.1.2) with InstrumentationAnalysisTransform
[        ] Transforming zipflinger-8.1.2.jar (com.android:zipflinger:8.1.2) with InstrumentationAnalysisTransform
[        ] Transforming annotations-31.1.2.jar (com.android.tools:annotations:31.1.2) with InstrumentationAnalysisTransform
[        ] Transforming jna-platform-5.6.0.jar (net.java.dev.jna:jna-platform:5.6.0) with InstrumentationAnalysisTransform
[        ] Transforming juniversalchardet-1.0.3.jar (com.googlecode.juniversalchardet:juniversalchardet:1.0.3) with InstrumentationAnalysisTransform
[        ] Transforming javax.annotation-api-1.3.2.jar (javax.annotation:javax.annotation-api:1.3.2) with InstrumentationAnalysisTransform
[        ] Transforming stax-ex-1.8.1.jar (org.jvnet.staxex:stax-ex:1.8.1) with InstrumentationAnalysisTransform
[        ] Transforming jakarta.xml.bind-api-2.3.2.jar (jakarta.xml.bind:jakarta.xml.bind-api:2.3.2) with InstrumentationAnalysisTransform
[        ] Transforming txw2-2.3.2.jar (org.glassfish.jaxb:txw2:2.3.2) with InstrumentationAnalysisTransform
[        ] Transforming istack-commons-runtime-3.0.8.jar (com.sun.istack:istack-commons-runtime:3.0.8) with InstrumentationAnalysisTransform
[        ] Transforming FastInfoset-1.2.16.jar (com.sun.xml.fastinfoset:FastInfoset:1.2.16) with InstrumentationAnalysisTransform
[        ] Transforming jakarta.activation-api-1.2.1.jar (jakarta.activation:jakarta.activation-api:1.2.1) with InstrumentationAnalysisTransform
[        ] Transforming auto-value-annotations-1.6.2.jar (com.google.auto.value:auto-value-annotations:1.6.2) with InstrumentationAnalysisTransform
[        ] Transforming error_prone_annotations-2.11.0.jar (com.google.errorprone:error_prone_annotations:2.11.0) with InstrumentationAnalysisTransform
[        ] Transforming jose4j-0.7.0.jar (org.bitbucket.b_c:jose4j:0.7.0) with InstrumentationAnalysisTransform
[        ] Transforming slf4j-api-1.7.30.jar (org.slf4j:slf4j-api:1.7.30) with InstrumentationAnalysisTransform
[        ] Transforming jdom2-2.0.6.jar (org.jdom:jdom2:2.0.6) with InstrumentationAnalysisTransform
[        ] Transforming j2objc-annotations-1.3.jar (com.google.j2objc:j2objc-annotations:1.3) with InstrumentationAnalysisTransform
[        ] Transforming jsr305-3.0.2.jar (com.google.code.findbugs:jsr305:3.0.2) with InstrumentationAnalysisTransform
[        ] Transforming annotations-4.1.1.4.jar (com.google.android:annotations:4.1.1.4) with InstrumentationAnalysisTransform
[        ] Transforming animal-sniffer-annotations-1.19.jar (org.codehaus.mojo:animal-sniffer-annotations:1.19) with InstrumentationAnalysisTransform
[        ] Transforming perfmark-api-0.23.0.jar (io.perfmark:perfmark-api:0.23.0) with InstrumentationAnalysisTransform
[        ] Transforming netty-codec-http2-4.1.72.Final.jar (io.netty:netty-codec-http2:4.1.72.Final) with InstrumentationAnalysisTransform
[        ] Transforming netty-handler-proxy-4.1.72.Final.jar (io.netty:netty-handler-proxy:4.1.72.Final) with InstrumentationAnalysisTransform
[        ] Transforming checker-qual-3.12.0.jar (org.checkerframework:checker-qual:3.12.0) with InstrumentationAnalysisTransform
[        ] Transforming commons-codec-1.11.jar (commons-codec:commons-codec:1.11) with InstrumentationAnalysisTransform
[        ] Transforming apksig-8.1.2.jar (com.android.tools.build:apksig:8.1.2) with InstrumentationAnalysisTransform
[        ] Transforming javawriter-2.5.0.jar (com.squareup:javawriter:2.5.0) with InstrumentationAnalysisTransform
[        ] Transforming failureaccess-1.0.1.jar (com.google.guava:failureaccess:1.0.1) with InstrumentationAnalysisTransform
[        ] Transforming listenablefuture-9999.0-empty-to-avoid-conflict-with-guava.jar (com.google.guava:listenablefuture:9999.0-empty-to-avoid-conflict-with-guava) with InstrumentationAnalysisTransform
[        ] Transforming xml-apis-1.4.01.jar (xml-apis:xml-apis:1.4.01) with InstrumentationAnalysisTransform
[        ] Transforming commons-logging-1.2.jar (commons-logging:commons-logging:1.2) with InstrumentationAnalysisTransform
[        ] Transforming jna-5.6.0.jar (net.java.dev.jna:jna:5.6.0) with InstrumentationAnalysisTransform
[        ] Transforming kotlin-stdlib-common-1.8.20-RC2.jar (org.jetbrains.kotlin:kotlin-stdlib-common:1.8.20-RC2) with InstrumentationAnalysisTransform
[        ] Transforming grpc-context-1.45.1.jar (io.grpc:grpc-context:1.45.1) with InstrumentationAnalysisTransform
[        ] Transforming netty-codec-http-4.1.72.Final.jar (io.netty:netty-codec-http:4.1.72.Final) with InstrumentationAnalysisTransform
[        ] Transforming netty-handler-4.1.72.Final.jar (io.netty:netty-handler:4.1.72.Final) with InstrumentationAnalysisTransform
[        ] Transforming netty-codec-socks-4.1.72.Final.jar (io.netty:netty-codec-socks:4.1.72.Final) with InstrumentationAnalysisTransform
[        ] Transforming netty-codec-4.1.72.Final.jar (io.netty:netty-codec:4.1.72.Final) with InstrumentationAnalysisTransform
[        ] Transforming netty-transport-4.1.72.Final.jar (io.netty:netty-transport:4.1.72.Final) with InstrumentationAnalysisTransform
[        ] Transforming netty-buffer-4.1.72.Final.jar (io.netty:netty-buffer:4.1.72.Final) with InstrumentationAnalysisTransform
[        ] Transforming netty-resolver-4.1.72.Final.jar (io.netty:netty-resolver:4.1.72.Final) with InstrumentationAnalysisTransform
[        ] Transforming netty-common-4.1.72.Final.jar (io.netty:netty-common:4.1.72.Final) with InstrumentationAnalysisTransform
[        ] Transforming netty-tcnative-classes-2.0.46.Final.jar (io.netty:netty-tcnative-classes:2.0.46.Final) with InstrumentationAnalysisTransform
[        ] Transforming gradle-8.1.2.jar (com.android.tools.build:gradle:8.1.2) with InstrumentationAnalysisTransform
[        ] Transforming gradle-8.1.2.jar (com.android.tools.build:gradle:8.1.2) with MergeInstrumentationAnalysisTransform
[        ] Transforming gradle-settings-api-8.1.2.jar (com.android.tools.build:gradle-settings-api:8.1.2) with InstrumentationAnalysisTransform
[        ] Transforming gradle-settings-api-8.1.2.jar (com.android.tools.build:gradle-settings-api:8.1.2) with MergeInstrumentationAnalysisTransform
[        ] Transforming lint-model-31.1.2.jar (com.android.tools.lint:lint-model:31.1.2) with InstrumentationAnalysisTransform
[        ] Transforming lint-model-31.1.2.jar (com.android.tools.lint:lint-model:31.1.2) with MergeInstrumentationAnalysisTransform
[        ] Transforming gradle-8.1.2.jar (com.android.tools.build:gradle:8.1.2) with ExternalDependencyInstrumentingArtifactTransform
[        ] Transforming builder-8.1.2.jar (com.android.tools.build:builder:8.1.2) with InstrumentationAnalysisTransform
[        ] Transforming builder-8.1.2.jar (com.android.tools.build:builder:8.1.2) with MergeInstrumentationAnalysisTransform
[        ] Transforming lint-model-31.1.2.jar (com.android.tools.lint:lint-model:31.1.2) with ExternalDependencyInstrumentingArtifactTransform
[        ] Transforming gradle-settings-api-8.1.2.jar (com.android.tools.build:gradle-settings-api:8.1.2) with ExternalDependencyInstrumentingArtifactTransform
[        ] Transforming manifest-merger-31.1.2.jar (com.android.tools.build:manifest-merger:31.1.2) with InstrumentationAnalysisTransform
[        ] Transforming manifest-merger-31.1.2.jar (com.android.tools.build:manifest-merger:31.1.2) with MergeInstrumentationAnalysisTransform
[        ] Transforming builder-8.1.2.jar (com.android.tools.build:builder:8.1.2) with ExternalDependencyInstrumentingArtifactTransform
[        ] Transforming sdk-common-31.1.2.jar (com.android.tools:sdk-common:31.1.2) with InstrumentationAnalysisTransform
[        ] Transforming sdk-common-31.1.2.jar (com.android.tools:sdk-common:31.1.2) with MergeInstrumentationAnalysisTransform
[        ] Transforming manifest-merger-31.1.2.jar (com.android.tools.build:manifest-merger:31.1.2) with ExternalDependencyInstrumentingArtifactTransform
[        ] Transforming sdklib-31.1.2.jar (com.android.tools:sdklib:31.1.2) with InstrumentationAnalysisTransform
[        ] Transforming sdklib-31.1.2.jar (com.android.tools:sdklib:31.1.2) with MergeInstrumentationAnalysisTransform
[        ] Transforming repository-31.1.2.jar (com.android.tools:repository:31.1.2) with InstrumentationAnalysisTransform
[        ] Transforming sdk-common-31.1.2.jar (com.android.tools:sdk-common:31.1.2) with ExternalDependencyInstrumentingArtifactTransform
[        ] Transforming sdklib-31.1.2.jar (com.android.tools:sdklib:31.1.2) with ExternalDependencyInstrumentingArtifactTransform
[        ] Transforming repository-31.1.2.jar (com.android.tools:repository:31.1.2) with MergeInstrumentationAnalysisTransform
[        ] Transforming gradle-api-8.1.2.jar (com.android.tools.build:gradle-api:8.1.2) with InstrumentationAnalysisTransform
[        ] Transforming gradle-api-8.1.2.jar (com.android.tools.build:gradle-api:8.1.2) with MergeInstrumentationAnalysisTransform
[        ] Transforming repository-31.1.2.jar (com.android.tools:repository:31.1.2) with ExternalDependencyInstrumentingArtifactTransform
[        ] Transforming builder-test-api-8.1.2.jar (com.android.tools.build:builder-test-api:8.1.2) with InstrumentationAnalysisTransform
[        ] Transforming gradle-api-8.1.2.jar (com.android.tools.build:gradle-api:8.1.2) with ExternalDependencyInstrumentingArtifactTransform
[        ] Transforming builder-test-api-8.1.2.jar (com.android.tools.build:builder-test-api:8.1.2) with MergeInstrumentationAnalysisTransform
[        ] Transforming ddmlib-31.1.2.jar (com.android.tools.ddms:ddmlib:31.1.2) with InstrumentationAnalysisTransform
[        ] Transforming ddmlib-31.1.2.jar (com.android.tools.ddms:ddmlib:31.1.2) with MergeInstrumentationAnalysisTransform
[        ] Transforming builder-test-api-8.1.2.jar (com.android.tools.build:builder-test-api:8.1.2) with ExternalDependencyInstrumentingArtifactTransform
[        ] Transforming aaptcompiler-8.1.2.jar (com.android.tools.build:aaptcompiler:8.1.2) with InstrumentationAnalysisTransform
[        ] Transforming aaptcompiler-8.1.2.jar (com.android.tools.build:aaptcompiler:8.1.2) with MergeInstrumentationAnalysisTransform
[        ] Transforming bundletool-1.14.0.jar (com.android.tools.build:bundletool:1.14.0) with InstrumentationAnalysisTransform
[        ] Transforming ddmlib-31.1.2.jar (com.android.tools.ddms:ddmlib:31.1.2) with ExternalDependencyInstrumentingArtifactTransform
[        ] Transforming aaptcompiler-8.1.2.jar (com.android.tools.build:aaptcompiler:8.1.2) with ExternalDependencyInstrumentingArtifactTransform
[        ] Transforming bundletool-1.14.0.jar (com.android.tools.build:bundletool:1.14.0) with MergeInstrumentationAnalysisTransform
[        ] Transforming aapt2-proto-8.1.2-10154469.jar (com.android.tools.build:aapt2-proto:8.1.2-10154469) with InstrumentationAnalysisTransform
[        ] Transforming aapt2-proto-8.1.2-10154469.jar (com.android.tools.build:aapt2-proto:8.1.2-10154469) with MergeInstrumentationAnalysisTransform
[        ] Transforming bundletool-1.14.0.jar (com.android.tools.build:bundletool:1.14.0) with ExternalDependencyInstrumentingArtifactTransform
[        ] Transforming crash-31.1.2.jar (com.android.tools.analytics-library:crash:31.1.2) with InstrumentationAnalysisTransform
[        ] Transforming aapt2-proto-8.1.2-10154469.jar (com.android.tools.build:aapt2-proto:8.1.2-10154469) with ExternalDependencyInstrumentingArtifactTransform
[        ] Transforming crash-31.1.2.jar (com.android.tools.analytics-library:crash:31.1.2) with MergeInstrumentationAnalysisTransform
[        ] Transforming tracker-31.1.2.jar (com.android.tools.analytics-library:tracker:31.1.2) with InstrumentationAnalysisTransform
[        ] Transforming tracker-31.1.2.jar (com.android.tools.analytics-library:tracker:31.1.2) with MergeInstrumentationAnalysisTransform
[        ] Transforming shared-31.1.2.jar (com.android.tools.analytics-library:shared:31.1.2) with InstrumentationAnalysisTransform
[        ] Transforming shared-31.1.2.jar (com.android.tools.analytics-library:shared:31.1.2) with MergeInstrumentationAnalysisTransform
[        ] Transforming lint-typedef-remover-31.1.2.jar (com.android.tools.lint:lint-typedef-remover:31.1.2) with InstrumentationAnalysisTransform
[        ] Transforming tracker-31.1.2.jar (com.android.tools.analytics-library:tracker:31.1.2) with ExternalDependencyInstrumentingArtifactTransform
[        ] Transforming crash-31.1.2.jar (com.android.tools.analytics-library:crash:31.1.2) with ExternalDependencyInstrumentingArtifactTransform
[        ] Transforming shared-31.1.2.jar (com.android.tools.analytics-library:shared:31.1.2) with ExternalDependencyInstrumentingArtifactTransform
[        ] Transforming lint-typedef-remover-31.1.2.jar (com.android.tools.lint:lint-typedef-remover:31.1.2) with MergeInstrumentationAnalysisTransform
[        ] Transforming databinding-compiler-common-8.1.2.jar (androidx.databinding:databinding-compiler-common:8.1.2) with InstrumentationAnalysisTransform
[        ] Transforming databinding-compiler-common-8.1.2.jar (androidx.databinding:databinding-compiler-common:8.1.2) with MergeInstrumentationAnalysisTransform
[        ] Transforming lint-typedef-remover-31.1.2.jar (com.android.tools.lint:lint-typedef-remover:31.1.2) with ExternalDependencyInstrumentingArtifactTransform
[        ] Transforming databinding-common-8.1.2.jar (androidx.databinding:databinding-common:8.1.2) with InstrumentationAnalysisTransform
[        ] Transforming databinding-compiler-common-8.1.2.jar (androidx.databinding:databinding-compiler-common:8.1.2) with ExternalDependencyInstrumentingArtifactTransform
[        ] Transforming databinding-common-8.1.2.jar (androidx.databinding:databinding-common:8.1.2) with MergeInstrumentationAnalysisTransform
[        ] Transforming baseLibrary-8.1.2.jar (com.android.databinding:baseLibrary:8.1.2) with InstrumentationAnalysisTransform
[        ] Transforming baseLibrary-8.1.2.jar (com.android.databinding:baseLibrary:8.1.2) with MergeInstrumentationAnalysisTransform
[        ] Transforming databinding-common-8.1.2.jar (androidx.databinding:databinding-common:8.1.2) with ExternalDependencyInstrumentingArtifactTransform
[        ] Transforming baseLibrary-8.1.2.jar (com.android.databinding:baseLibrary:8.1.2) with ExternalDependencyInstrumentingArtifactTransform
[        ] Transforming layoutlib-api-31.1.2.jar (com.android.tools.layoutlib:layoutlib-api:31.1.2) with InstrumentationAnalysisTransform
[        ] Transforming layoutlib-api-31.1.2.jar (com.android.tools.layoutlib:layoutlib-api:31.1.2) with MergeInstrumentationAnalysisTransform
[        ] Transforming android-device-provider-ddmlib-proto-31.1.2.jar (com.android.tools.utp:android-device-provider-ddmlib-proto:31.1.2) with InstrumentationAnalysisTransform
[        ] Transforming android-device-provider-ddmlib-proto-31.1.2.jar (com.android.tools.utp:android-device-provider-ddmlib-proto:31.1.2) with MergeInstrumentationAnalysisTransform
[        ] Transforming android-device-provider-gradle-proto-31.1.2.jar (com.android.tools.utp:android-device-provider-gradle-proto:31.1.2) with InstrumentationAnalysisTransform
[        ] Transforming android-device-provider-gradle-proto-31.1.2.jar (com.android.tools.utp:android-device-provider-gradle-proto:31.1.2) with MergeInstrumentationAnalysisTransform
[        ] Transforming android-test-plugin-host-additional-test-output-proto-31.1.2.jar (com.android.tools.utp:android-test-plugin-host-additional-test-output-proto:31.1.2) with InstrumentationAnalysisTransform
[        ] Transforming android-test-plugin-host-additional-test-output-proto-31.1.2.jar (com.android.tools.utp:android-test-plugin-host-additional-test-output-proto:31.1.2) with MergeInstrumentationAnalysisTransform
[        ] Transforming android-device-provider-ddmlib-proto-31.1.2.jar (com.android.tools.utp:android-device-provider-ddmlib-proto:31.1.2) with ExternalDependencyInstrumentingArtifactTransform
[        ] Transforming android-device-provider-gradle-proto-31.1.2.jar (com.android.tools.utp:android-device-provider-gradle-proto:31.1.2) with ExternalDependencyInstrumentingArtifactTransform
[        ] Transforming android-test-plugin-host-additional-test-output-proto-31.1.2.jar (com.android.tools.utp:android-test-plugin-host-additional-test-output-proto:31.1.2) with ExternalDependencyInstrumentingArtifactTransform
[        ] Transforming layoutlib-api-31.1.2.jar (com.android.tools.layoutlib:layoutlib-api:31.1.2) with ExternalDependencyInstrumentingArtifactTransform
[        ] Transforming android-test-plugin-host-coverage-proto-31.1.2.jar (com.android.tools.utp:android-test-plugin-host-coverage-proto:31.1.2) with InstrumentationAnalysisTransform
[        ] Transforming android-test-plugin-host-coverage-proto-31.1.2.jar (com.android.tools.utp:android-test-plugin-host-coverage-proto:31.1.2) with MergeInstrumentationAnalysisTransform
[        ] Transforming android-test-plugin-host-emulator-control-proto-31.1.2.jar (com.android.tools.utp:android-test-plugin-host-emulator-control-proto:31.1.2) with InstrumentationAnalysisTransform
[        ] Transforming android-test-plugin-host-emulator-control-proto-31.1.2.jar (com.android.tools.utp:android-test-plugin-host-emulator-control-proto:31.1.2) with MergeInstrumentationAnalysisTransform
[        ] Transforming android-test-plugin-host-logcat-proto-31.1.2.jar (com.android.tools.utp:android-test-plugin-host-logcat-proto:31.1.2) with InstrumentationAnalysisTransform
[        ] Transforming android-test-plugin-host-logcat-proto-31.1.2.jar (com.android.tools.utp:android-test-plugin-host-logcat-proto:31.1.2) with MergeInstrumentationAnalysisTransform
[        ] Transforming android-test-plugin-host-apk-installer-proto-31.1.2.jar (com.android.tools.utp:android-test-plugin-host-apk-installer-proto:31.1.2) with InstrumentationAnalysisTransform
[        ] Transforming android-test-plugin-host-apk-installer-proto-31.1.2.jar (com.android.tools.utp:android-test-plugin-host-apk-installer-proto:31.1.2) with MergeInstrumentationAnalysisTransform
[        ] Transforming android-test-plugin-host-retention-proto-31.1.2.jar (com.android.tools.utp:android-test-plugin-host-retention-proto:31.1.2) with InstrumentationAnalysisTransform
[        ] Transforming android-test-plugin-host-retention-proto-31.1.2.jar (com.android.tools.utp:android-test-plugin-host-retention-proto:31.1.2) with MergeInstrumentationAnalysisTransform
[        ] Transforming android-test-plugin-result-listener-gradle-proto-31.1.2.jar (com.android.tools.utp:android-test-plugin-result-listener-gradle-proto:31.1.2) with InstrumentationAnalysisTransform
[        ] Transforming android-test-plugin-result-listener-gradle-proto-31.1.2.jar (com.android.tools.utp:android-test-plugin-result-listener-gradle-proto:31.1.2) with MergeInstrumentationAnalysisTransform
[        ] Transforming builder-model-8.1.2.jar (com.android.tools.build:builder-model:8.1.2) with InstrumentationAnalysisTransform
[        ] Transforming android-test-plugin-host-coverage-proto-31.1.2.jar (com.android.tools.utp:android-test-plugin-host-coverage-proto:31.1.2) with ExternalDependencyInstrumentingArtifactTransform
[        ] Transforming android-test-plugin-host-emulator-control-proto-31.1.2.jar (com.android.tools.utp:android-test-plugin-host-emulator-control-proto:31.1.2) with ExternalDependencyInstrumentingArtifactTransform
[        ] Transforming builder-model-8.1.2.jar (com.android.tools.build:builder-model:8.1.2) with MergeInstrumentationAnalysisTransform
[        ] Transforming android-test-plugin-host-retention-proto-31.1.2.jar (com.android.tools.utp:android-test-plugin-host-retention-proto:31.1.2) with ExternalDependencyInstrumentingArtifactTransform
[        ] Transforming android-test-plugin-host-logcat-proto-31.1.2.jar (com.android.tools.utp:android-test-plugin-host-logcat-proto:31.1.2) with ExternalDependencyInstrumentingArtifactTransform
[        ] Transforming builder-model-8.1.2.jar (com.android.tools.build:builder-model:8.1.2) with ExternalDependencyInstrumentingArtifactTransform
[        ] Transforming android-test-plugin-result-listener-gradle-proto-31.1.2.jar (com.android.tools.utp:android-test-plugin-result-listener-gradle-proto:31.1.2) with ExternalDependencyInstrumentingArtifactTransform
[        ] Transforming dvlib-31.1.2.jar (com.android.tools:dvlib:31.1.2) with InstrumentationAnalysisTransform
[        ] Transforming dvlib-31.1.2.jar (com.android.tools:dvlib:31.1.2) with MergeInstrumentationAnalysisTransform
[        ] Transforming common-31.1.2.jar (com.android.tools:common:31.1.2) with InstrumentationAnalysisTransform
[        ] Transforming common-31.1.2.jar (com.android.tools:common:31.1.2) with MergeInstrumentationAnalysisTransform
[        ] Transforming kotlin-stdlib-jdk8-1.8.20-RC2.jar (org.jetbrains.kotlin:kotlin-stdlib-jdk8:1.8.20-RC2) with InstrumentationAnalysisTransform
[        ] Transforming kotlin-stdlib-jdk8-1.8.20-RC2.jar (org.jetbrains.kotlin:kotlin-stdlib-jdk8:1.8.20-RC2) with MergeInstrumentationAnalysisTransform
[        ] Transforming transform-api-2.0.0-deprecated-use-gradle-api.jar (com.android.tools.build:transform-api:2.0.0-deprecated-use-gradle-api) with InstrumentationAnalysisTransform
[        ] Transforming dvlib-31.1.2.jar (com.android.tools:dvlib:31.1.2) with ExternalDependencyInstrumentingArtifactTransform
[        ] Transforming android-test-plugin-host-apk-installer-proto-31.1.2.jar (com.android.tools.utp:android-test-plugin-host-apk-installer-proto:31.1.2) with ExternalDependencyInstrumentingArtifactTransform
[        ] Transforming kotlin-stdlib-jdk8-1.8.20-RC2.jar (org.jetbrains.kotlin:kotlin-stdlib-jdk8:1.8.20-RC2) with ExternalDependencyInstrumentingArtifactTransform
[        ] Transforming common-31.1.2.jar (com.android.tools:common:31.1.2) with ExternalDependencyInstrumentingArtifactTransform
[        ] Transforming transform-api-2.0.0-deprecated-use-gradle-api.jar (com.android.tools.build:transform-api:2.0.0-deprecated-use-gradle-api) with MergeInstrumentationAnalysisTransform
[        ] Transforming httpmime-4.5.6.jar (org.apache.httpcomponents:httpmime:4.5.6) with InstrumentationAnalysisTransform
[        ] Transforming httpmime-4.5.6.jar (org.apache.httpcomponents:httpmime:4.5.6) with MergeInstrumentationAnalysisTransform
[        ] Transforming commons-io-2.4.jar (commons-io:commons-io:2.4) with InstrumentationAnalysisTransform
[        ] Transforming commons-io-2.4.jar (commons-io:commons-io:2.4) with MergeInstrumentationAnalysisTransform
[        ] Transforming jetifier-processor-1.0.0-beta10.jar (com.android.tools.build.jetifier:jetifier-processor:1.0.0-beta10) with InstrumentationAnalysisTransform
[        ] Transforming jetifier-processor-1.0.0-beta10.jar (com.android.tools.build.jetifier:jetifier-processor:1.0.0-beta10) with MergeInstrumentationAnalysisTransform
[        ] Transforming asm-commons-9.2.jar (org.ow2.asm:asm-commons:9.2) with InstrumentationAnalysisTransform
[        ] Transforming asm-commons-9.2.jar (org.ow2.asm:asm-commons:9.2) with MergeInstrumentationAnalysisTransform
[        ] Transforming asm-util-9.2.jar (org.ow2.asm:asm-util:9.2) with InstrumentationAnalysisTransform
[        ] Transforming asm-util-9.2.jar (org.ow2.asm:asm-util:9.2) with MergeInstrumentationAnalysisTransform
[        ] Transforming asm-analysis-9.2.jar (org.ow2.asm:asm-analysis:9.2) with InstrumentationAnalysisTransform
[        ] Transforming asm-analysis-9.2.jar (org.ow2.asm:asm-analysis:9.2) with MergeInstrumentationAnalysisTransform
[        ] Transforming asm-tree-9.2.jar (org.ow2.asm:asm-tree:9.2) with InstrumentationAnalysisTransform
[        ] Transforming asm-tree-9.2.jar (org.ow2.asm:asm-tree:9.2) with MergeInstrumentationAnalysisTransform
[        ] Transforming asm-9.2.jar (org.ow2.asm:asm:9.2) with InstrumentationAnalysisTransform
[        ] Transforming asm-9.2.jar (org.ow2.asm:asm:9.2) with MergeInstrumentationAnalysisTransform
[        ] Transforming apkzlib-8.1.2.jar (com.android.tools.build:apkzlib:8.1.2) with InstrumentationAnalysisTransform
[        ] Transforming apkzlib-8.1.2.jar (com.android.tools.build:apkzlib:8.1.2) with MergeInstrumentationAnalysisTransform
[        ] Transforming bcpkix-jdk15on-1.67.jar (org.bouncycastle:bcpkix-jdk15on:1.67) with InstrumentationAnalysisTransform
[        ] Transforming commons-io-2.4.jar (commons-io:commons-io:2.4) with ExternalDependencyInstrumentingArtifactTransform
[        ] Transforming httpmime-4.5.6.jar (org.apache.httpcomponents:httpmime:4.5.6) with ExternalDependencyInstrumentingArtifactTransform
[        ] Transforming transform-api-2.0.0-deprecated-use-gradle-api.jar (com.android.tools.build:transform-api:2.0.0-deprecated-use-gradle-api) with ExternalDependencyInstrumentingArtifactTransform
[        ] Transforming asm-analysis-9.2.jar (org.ow2.asm:asm-analysis:9.2) with ExternalDependencyInstrumentingArtifactTransform
[        ] Transforming asm-commons-9.2.jar (org.ow2.asm:asm-commons:9.2) with ExternalDependencyInstrumentingArtifactTransform
[        ] Transforming jetifier-processor-1.0.0-beta10.jar (com.android.tools.build.jetifier:jetifier-processor:1.0.0-beta10) with ExternalDependencyInstrumentingArtifactTransform
[        ] Transforming bcpkix-jdk15on-1.67.jar (org.bouncycastle:bcpkix-jdk15on:1.67) with MergeInstrumentationAnalysisTransform
[        ] Transforming apkzlib-8.1.2.jar (com.android.tools.build:apkzlib:8.1.2) with ExternalDependencyInstrumentingArtifactTransform
[        ] Transforming asm-tree-9.2.jar (org.ow2.asm:asm-tree:9.2) with ExternalDependencyInstrumentingArtifactTransform
[        ] Transforming asm-util-9.2.jar (org.ow2.asm:asm-util:9.2) with ExternalDependencyInstrumentingArtifactTransform
[        ] Transforming asm-9.2.jar (org.ow2.asm:asm:9.2) with ExternalDependencyInstrumentingArtifactTransform
[        ] Transforming bcpkix-jdk15on-1.67.jar (org.bouncycastle:bcpkix-jdk15on:1.67) with ExternalDependencyInstrumentingArtifactTransform
[        ] Transforming jaxb-runtime-2.3.2.jar (org.glassfish.jaxb:jaxb-runtime:2.3.2) with InstrumentationAnalysisTransform
[        ] Transforming jaxb-runtime-2.3.2.jar (org.glassfish.jaxb:jaxb-runtime:2.3.2) with MergeInstrumentationAnalysisTransform
[        ] Transforming jopt-simple-4.9.jar (net.sf.jopt-simple:jopt-simple:4.9) with InstrumentationAnalysisTransform
[        ] Transforming jopt-simple-4.9.jar (net.sf.jopt-simple:jopt-simple:4.9) with MergeInstrumentationAnalysisTransform
[        ] Transforming jetifier-core-1.0.0-beta10.jar (com.android.tools.build.jetifier:jetifier-core:1.0.0-beta10) with InstrumentationAnalysisTransform
[        ] Transforming jetifier-core-1.0.0-beta10.jar (com.android.tools.build.jetifier:jetifier-core:1.0.0-beta10) with MergeInstrumentationAnalysisTransform
[        ] Transforming javapoet-1.10.0.jar (com.squareup:javapoet:1.10.0) with InstrumentationAnalysisTransform
[        ] Transforming jopt-simple-4.9.jar (net.sf.jopt-simple:jopt-simple:4.9) with ExternalDependencyInstrumentingArtifactTransform
[        ] Transforming javapoet-1.10.0.jar (com.squareup:javapoet:1.10.0) with MergeInstrumentationAnalysisTransform
[        ] Transforming protobuf-java-util-3.19.3.jar (com.google.protobuf:protobuf-java-util:3.19.3) with InstrumentationAnalysisTransform
[        ] Transforming protobuf-java-util-3.19.3.jar (com.google.protobuf:protobuf-java-util:3.19.3) with MergeInstrumentationAnalysisTransform
[        ] Transforming jetifier-core-1.0.0-beta10.jar (com.android.tools.build.jetifier:jetifier-core:1.0.0-beta10) with ExternalDependencyInstrumentingArtifactTransform
[        ] Transforming protobuf-java-util-3.19.3.jar (com.google.protobuf:protobuf-java-util:3.19.3) with ExternalDependencyInstrumentingArtifactTransform
[        ] Transforming javapoet-1.10.0.jar (com.squareup:javapoet:1.10.0) with ExternalDependencyInstrumentingArtifactTransform
[        ] Transforming grpc-protobuf-1.45.1.jar (io.grpc:grpc-protobuf:1.45.1) with InstrumentationAnalysisTransform
[        ] Transforming jaxb-runtime-2.3.2.jar (org.glassfish.jaxb:jaxb-runtime:2.3.2) with ExternalDependencyInstrumentingArtifactTransform
[        ] Transforming grpc-protobuf-1.45.1.jar (io.grpc:grpc-protobuf:1.45.1) with MergeInstrumentationAnalysisTransform
[        ] Transforming tink-1.7.0.jar (com.google.crypto.tink:tink:1.7.0) with InstrumentationAnalysisTransform
[        ] Transforming tink-1.7.0.jar (com.google.crypto.tink:tink:1.7.0) with MergeInstrumentationAnalysisTransform
[        ] Transforming protos-31.1.2.jar (com.android.tools.analytics-library:protos:31.1.2) with InstrumentationAnalysisTransform
[        ] Transforming grpc-protobuf-1.45.1.jar (io.grpc:grpc-protobuf:1.45.1) with ExternalDependencyInstrumentingArtifactTransform
[        ] Transforming protos-31.1.2.jar (com.android.tools.analytics-library:protos:31.1.2) with MergeInstrumentationAnalysisTransform
[        ] Transforming proto-google-common-protos-2.0.1.jar (com.google.api.grpc:proto-google-common-protos:2.0.1) with InstrumentationAnalysisTransform
[        ] Transforming tink-1.7.0.jar (com.google.crypto.tink:tink:1.7.0) with ExternalDependencyInstrumentingArtifactTransform
[        ] Transforming protos-31.1.2.jar (com.android.tools.analytics-library:protos:31.1.2) with ExternalDependencyInstrumentingArtifactTransform
[        ] Transforming proto-google-common-protos-2.0.1.jar (com.google.api.grpc:proto-google-common-protos:2.0.1) with MergeInstrumentationAnalysisTransform
[        ] Transforming protobuf-java-3.19.3.jar (com.google.protobuf:protobuf-java:3.19.3) with InstrumentationAnalysisTransform
[        ] Transforming protobuf-java-3.19.3.jar (com.google.protobuf:protobuf-java:3.19.3) with MergeInstrumentationAnalysisTransform
[        ] Transforming grpc-netty-1.45.1.jar (io.grpc:grpc-netty:1.45.1) with InstrumentationAnalysisTransform
[        ] Transforming grpc-netty-1.45.1.jar (io.grpc:grpc-netty:1.45.1) with MergeInstrumentationAnalysisTransform
[        ] Transforming proto-google-common-protos-2.0.1.jar (com.google.api.grpc:proto-google-common-protos:2.0.1) with ExternalDependencyInstrumentingArtifactTransform
[        ] Transforming grpc-core-1.45.1.jar (io.grpc:grpc-core:1.45.1) with InstrumentationAnalysisTransform
[        ] Transforming grpc-netty-1.45.1.jar (io.grpc:grpc-netty:1.45.1) with ExternalDependencyInstrumentingArtifactTransform
[        ] Transforming grpc-core-1.45.1.jar (io.grpc:grpc-core:1.45.1) with MergeInstrumentationAnalysisTransform
[        ] Transforming protobuf-java-3.19.3.jar (com.google.protobuf:protobuf-java:3.19.3) with ExternalDependencyInstrumentingArtifactTransform
[        ] Transforming gson-2.8.9.jar (com.google.code.gson:gson:2.8.9) with InstrumentationAnalysisTransform
[        ] Transforming gson-2.8.9.jar (com.google.code.gson:gson:2.8.9) with MergeInstrumentationAnalysisTransform
[        ] Transforming grpc-core-1.45.1.jar (io.grpc:grpc-core:1.45.1) with ExternalDependencyInstrumentingArtifactTransform
[        ] Transforming grpc-stub-1.45.1.jar (io.grpc:grpc-stub:1.45.1) with InstrumentationAnalysisTransform
[        ] Transforming gson-2.8.9.jar (com.google.code.gson:gson:2.8.9) with ExternalDependencyInstrumentingArtifactTransform
[        ] Transforming grpc-stub-1.45.1.jar (io.grpc:grpc-stub:1.45.1) with MergeInstrumentationAnalysisTransform
[        ] Transforming core-proto-0.0.8-alpha08.jar (com.google.testing.platform:core-proto:0.0.8-alpha08) with InstrumentationAnalysisTransform
[        ] Transforming core-proto-0.0.8-alpha08.jar (com.google.testing.platform:core-proto:0.0.8-alpha08) with MergeInstrumentationAnalysisTransform
[        ] Transforming tensorflow-lite-metadata-0.1.0-rc2.jar (org.tensorflow:tensorflow-lite-metadata:0.1.0-rc2) with InstrumentationAnalysisTransform
[        ] Transforming tensorflow-lite-metadata-0.1.0-rc2.jar (org.tensorflow:tensorflow-lite-metadata:0.1.0-rc2) with MergeInstrumentationAnalysisTransform
[        ] Transforming flatbuffers-java-1.12.0.jar (com.google.flatbuffers:flatbuffers-java:1.12.0) with InstrumentationAnalysisTransform
[        ] Transforming grpc-stub-1.45.1.jar (io.grpc:grpc-stub:1.45.1) with ExternalDependencyInstrumentingArtifactTransform
[        ] Transforming core-proto-0.0.8-alpha08.jar (com.google.testing.platform:core-proto:0.0.8-alpha08) with ExternalDependencyInstrumentingArtifactTransform
[        ] Transforming tensorflow-lite-metadata-0.1.0-rc2.jar (org.tensorflow:tensorflow-lite-metadata:0.1.0-rc2) with ExternalDependencyInstrumentingArtifactTransform
[        ] Transforming flatbuffers-java-1.12.0.jar (com.google.flatbuffers:flatbuffers-java:1.12.0) with MergeInstrumentationAnalysisTransform
[        ] Transforming jimfs-1.1.jar (com.google.jimfs:jimfs:1.1) with InstrumentationAnalysisTransform
[        ] Transforming jimfs-1.1.jar (com.google.jimfs:jimfs:1.1) with MergeInstrumentationAnalysisTransform
[        ] Transforming flatbuffers-java-1.12.0.jar (com.google.flatbuffers:flatbuffers-java:1.12.0) with ExternalDependencyInstrumentingArtifactTransform
[        ] Transforming grpc-protobuf-lite-1.45.1.jar (io.grpc:grpc-protobuf-lite:1.45.1) with InstrumentationAnalysisTransform
[        ] Transforming grpc-protobuf-lite-1.45.1.jar (io.grpc:grpc-protobuf-lite:1.45.1) with MergeInstrumentationAnalysisTransform
[        ] Transforming jimfs-1.1.jar (com.google.jimfs:jimfs:1.1) with ExternalDependencyInstrumentingArtifactTransform
[        ] Transforming grpc-api-1.45.1.jar (io.grpc:grpc-api:1.45.1) with InstrumentationAnalysisTransform
[        ] Transforming grpc-api-1.45.1.jar (io.grpc:grpc-api:1.45.1) with MergeInstrumentationAnalysisTransform
[        ] Transforming guava-31.1-jre.jar (com.google.guava:guava:31.1-jre) with InstrumentationAnalysisTransform
[        ] Transforming guava-31.1-jre.jar (com.google.guava:guava:31.1-jre) with MergeInstrumentationAnalysisTransform
[        ] Transforming dagger-2.28.3.jar (com.google.dagger:dagger:2.28.3) with InstrumentationAnalysisTransform
[        ] Transforming dagger-2.28.3.jar (com.google.dagger:dagger:2.28.3) with MergeInstrumentationAnalysisTransform
[        ] Transforming guava-31.1-jre.jar (com.google.guava:guava:31.1-jre) with ExternalDependencyInstrumentingArtifactTransform
[        ] Transforming javax.inject-1.jar (javax.inject:javax.inject:1) with InstrumentationAnalysisTransform
[        ] Transforming dagger-2.28.3.jar (com.google.dagger:dagger:2.28.3) with ExternalDependencyInstrumentingArtifactTransform
[        ] Transforming grpc-api-1.45.1.jar (io.grpc:grpc-api:1.45.1) with ExternalDependencyInstrumentingArtifactTransform
[        ] Transforming grpc-protobuf-lite-1.45.1.jar (io.grpc:grpc-protobuf-lite:1.45.1) with ExternalDependencyInstrumentingArtifactTransform
[        ] Transforming javax.inject-1.jar (javax.inject:javax.inject:1) with MergeInstrumentationAnalysisTransform
[        ] Transforming kxml2-2.3.0.jar (net.sf.kxml:kxml2:2.3.0) with InstrumentationAnalysisTransform
[        ] Transforming kxml2-2.3.0.jar (net.sf.kxml:kxml2:2.3.0) with MergeInstrumentationAnalysisTransform
[        ] Transforming bcprov-jdk15on-1.67.jar (org.bouncycastle:bcprov-jdk15on:1.67) with InstrumentationAnalysisTransform
[        ] Transforming bcprov-jdk15on-1.67.jar (org.bouncycastle:bcprov-jdk15on:1.67) with MergeInstrumentationAnalysisTransform
[        ] Transforming trove4j-1.0.20200330.jar (org.jetbrains.intellij.deps:trove4j:1.0.20200330) with InstrumentationAnalysisTransform
[        ] Transforming javax.inject-1.jar (javax.inject:javax.inject:1) with ExternalDependencyInstrumentingArtifactTransform
[        ] Transforming bcprov-jdk15on-1.67.jar (org.bouncycastle:bcprov-jdk15on:1.67) with ExternalDependencyInstrumentingArtifactTransform
[        ] Transforming kxml2-2.3.0.jar (net.sf.kxml:kxml2:2.3.0) with ExternalDependencyInstrumentingArtifactTransform
[        ] Transforming trove4j-1.0.20200330.jar (org.jetbrains.intellij.deps:trove4j:1.0.20200330) with MergeInstrumentationAnalysisTransform
[        ] Transforming kotlin-reflect-1.8.20-RC2.jar (org.jetbrains.kotlin:kotlin-reflect:1.8.20-RC2) with InstrumentationAnalysisTransform
[        ] Transforming kotlin-reflect-1.8.20-RC2.jar (org.jetbrains.kotlin:kotlin-reflect:1.8.20-RC2) with MergeInstrumentationAnalysisTransform
[        ] Transforming xercesImpl-2.12.0.jar (xerces:xercesImpl:2.12.0) with InstrumentationAnalysisTransform
[        ] Transforming xercesImpl-2.12.0.jar (xerces:xercesImpl:2.12.0) with MergeInstrumentationAnalysisTransform
[        ] Transforming trove4j-1.0.20200330.jar (org.jetbrains.intellij.deps:trove4j:1.0.20200330) with ExternalDependencyInstrumentingArtifactTransform
[        ] Transforming kotlin-reflect-1.8.20-RC2.jar (org.jetbrains.kotlin:kotlin-reflect:1.8.20-RC2) with ExternalDependencyInstrumentingArtifactTransform
[        ] Transforming commons-compress-1.21.jar (org.apache.commons:commons-compress:1.21) with InstrumentationAnalysisTransform
[        ] Transforming xercesImpl-2.12.0.jar (xerces:xercesImpl:2.12.0) with ExternalDependencyInstrumentingArtifactTransform
[        ] Transforming commons-compress-1.21.jar (org.apache.commons:commons-compress:1.21) with MergeInstrumentationAnalysisTransform
[        ] Transforming httpclient-4.5.13.jar (org.apache.httpcomponents:httpclient:4.5.13) with InstrumentationAnalysisTransform
[        ] Transforming commons-compress-1.21.jar (org.apache.commons:commons-compress:1.21) with ExternalDependencyInstrumentingArtifactTransform
[        ] Transforming httpclient-4.5.13.jar (org.apache.httpcomponents:httpclient:4.5.13) with MergeInstrumentationAnalysisTransform
[        ] Transforming httpcore-4.4.15.jar (org.apache.httpcomponents:httpcore:4.4.15) with InstrumentationAnalysisTransform
[        ] Transforming httpclient-4.5.13.jar (org.apache.httpcomponents:httpclient:4.5.13) with ExternalDependencyInstrumentingArtifactTransform
[        ] Transforming httpcore-4.4.15.jar (org.apache.httpcomponents:httpcore:4.4.15) with MergeInstrumentationAnalysisTransform
[        ] Transforming javax.activation-1.2.0.jar (com.sun.activation:javax.activation:1.2.0) with InstrumentationAnalysisTransform
[        ] Transforming javax.activation-1.2.0.jar (com.sun.activation:javax.activation:1.2.0) with MergeInstrumentationAnalysisTransform
[        ] Transforming kotlin-stdlib-jdk7-1.8.20-RC2.jar (org.jetbrains.kotlin:kotlin-stdlib-jdk7:1.8.20-RC2) with InstrumentationAnalysisTransform
[        ] Transforming httpcore-4.4.15.jar (org.apache.httpcomponents:httpcore:4.4.15) with ExternalDependencyInstrumentingArtifactTransform
[        ] Transforming kotlin-stdlib-jdk7-1.8.20-RC2.jar (org.jetbrains.kotlin:kotlin-stdlib-jdk7:1.8.20-RC2) with MergeInstrumentationAnalysisTransform
[        ] Transforming javax.activation-1.2.0.jar (com.sun.activation:javax.activation:1.2.0) with ExternalDependencyInstrumentingArtifactTransform
[        ] Transforming kotlin-stdlib-jdk7-1.8.20-RC2.jar (org.jetbrains.kotlin:kotlin-stdlib-jdk7:1.8.20-RC2) with ExternalDependencyInstrumentingArtifactTransform
[        ] Transforming kotlin-stdlib-1.8.20-RC2.jar (org.jetbrains.kotlin:kotlin-stdlib:1.8.20-RC2) with InstrumentationAnalysisTransform
[        ] Transforming kotlin-stdlib-1.8.20-RC2.jar (org.jetbrains.kotlin:kotlin-stdlib:1.8.20-RC2) with MergeInstrumentationAnalysisTransform
[        ] Transforming annotations-13.0.jar (org.jetbrains:annotations:13.0) with InstrumentationAnalysisTransform
[        ] Transforming kotlin-stdlib-1.8.20-RC2.jar (org.jetbrains.kotlin:kotlin-stdlib:1.8.20-RC2) with ExternalDependencyInstrumentingArtifactTransform
[        ] Transforming annotations-13.0.jar (org.jetbrains:annotations:13.0) with MergeInstrumentationAnalysisTransform
[        ] Transforming signflinger-8.1.2.jar (com.android:signflinger:8.1.2) with InstrumentationAnalysisTransform
[        ] Transforming signflinger-8.1.2.jar (com.android:signflinger:8.1.2) with MergeInstrumentationAnalysisTransform
[        ] Transforming zipflinger-8.1.2.jar (com.android:zipflinger:8.1.2) with InstrumentationAnalysisTransform
[        ] Transforming zipflinger-8.1.2.jar (com.android:zipflinger:8.1.2) with MergeInstrumentationAnalysisTransform
[        ] Transforming annotations-31.1.2.jar (com.android.tools:annotations:31.1.2) with InstrumentationAnalysisTransform
[        ] Transforming annotations-31.1.2.jar (com.android.tools:annotations:31.1.2) with MergeInstrumentationAnalysisTransform
[        ] Transforming annotations-13.0.jar (org.jetbrains:annotations:13.0) with ExternalDependencyInstrumentingArtifactTransform
[        ] Transforming signflinger-8.1.2.jar (com.android:signflinger:8.1.2) with ExternalDependencyInstrumentingArtifactTransform
[        ] Transforming zipflinger-8.1.2.jar (com.android:zipflinger:8.1.2) with ExternalDependencyInstrumentingArtifactTransform
[        ] Transforming annotations-31.1.2.jar (com.android.tools:annotations:31.1.2) with ExternalDependencyInstrumentingArtifactTransform
[        ] Transforming jna-platform-5.6.0.jar (net.java.dev.jna:jna-platform:5.6.0) with InstrumentationAnalysisTransform
[        ] Transforming jna-platform-5.6.0.jar (net.java.dev.jna:jna-platform:5.6.0) with MergeInstrumentationAnalysisTransform
[        ] Transforming juniversalchardet-1.0.3.jar (com.googlecode.juniversalchardet:juniversalchardet:1.0.3) with InstrumentationAnalysisTransform
[        ] Transforming jna-platform-5.6.0.jar (net.java.dev.jna:jna-platform:5.6.0) with ExternalDependencyInstrumentingArtifactTransform
[        ] Transforming juniversalchardet-1.0.3.jar (com.googlecode.juniversalchardet:juniversalchardet:1.0.3) with MergeInstrumentationAnalysisTransform
[        ] Transforming javax.annotation-api-1.3.2.jar (javax.annotation:javax.annotation-api:1.3.2) with InstrumentationAnalysisTransform
[        ] Transforming javax.annotation-api-1.3.2.jar (javax.annotation:javax.annotation-api:1.3.2) with MergeInstrumentationAnalysisTransform
[        ] Transforming juniversalchardet-1.0.3.jar (com.googlecode.juniversalchardet:juniversalchardet:1.0.3) with ExternalDependencyInstrumentingArtifactTransform
[        ] Transforming stax-ex-1.8.1.jar (org.jvnet.staxex:stax-ex:1.8.1) with InstrumentationAnalysisTransform
[        ] Transforming javax.annotation-api-1.3.2.jar (javax.annotation:javax.annotation-api:1.3.2) with ExternalDependencyInstrumentingArtifactTransform
[        ] Transforming stax-ex-1.8.1.jar (org.jvnet.staxex:stax-ex:1.8.1) with MergeInstrumentationAnalysisTransform
[        ] Transforming jakarta.xml.bind-api-2.3.2.jar (jakarta.xml.bind:jakarta.xml.bind-api:2.3.2) with InstrumentationAnalysisTransform
[        ] Transforming jakarta.xml.bind-api-2.3.2.jar (jakarta.xml.bind:jakarta.xml.bind-api:2.3.2) with MergeInstrumentationAnalysisTransform
[        ] Transforming txw2-2.3.2.jar (org.glassfish.jaxb:txw2:2.3.2) with InstrumentationAnalysisTransform
[        ] Transforming txw2-2.3.2.jar (org.glassfish.jaxb:txw2:2.3.2) with MergeInstrumentationAnalysisTransform
[        ] Transforming istack-commons-runtime-3.0.8.jar (com.sun.istack:istack-commons-runtime:3.0.8) with InstrumentationAnalysisTransform
[        ] Transforming stax-ex-1.8.1.jar (org.jvnet.staxex:stax-ex:1.8.1) with ExternalDependencyInstrumentingArtifactTransform
[        ] Transforming jakarta.xml.bind-api-2.3.2.jar (jakarta.xml.bind:jakarta.xml.bind-api:2.3.2) with ExternalDependencyInstrumentingArtifactTransform
[        ] Transforming txw2-2.3.2.jar (org.glassfish.jaxb:txw2:2.3.2) with ExternalDependencyInstrumentingArtifactTransform
[        ] Transforming istack-commons-runtime-3.0.8.jar (com.sun.istack:istack-commons-runtime:3.0.8) with MergeInstrumentationAnalysisTransform
[        ] Transforming FastInfoset-1.2.16.jar (com.sun.xml.fastinfoset:FastInfoset:1.2.16) with InstrumentationAnalysisTransform
[        ] Transforming FastInfoset-1.2.16.jar (com.sun.xml.fastinfoset:FastInfoset:1.2.16) with MergeInstrumentationAnalysisTransform
[        ] Transforming jakarta.activation-api-1.2.1.jar (jakarta.activation:jakarta.activation-api:1.2.1) with InstrumentationAnalysisTransform
[        ] Transforming jakarta.activation-api-1.2.1.jar (jakarta.activation:jakarta.activation-api:1.2.1) with MergeInstrumentationAnalysisTransform
[        ] Transforming istack-commons-runtime-3.0.8.jar (com.sun.istack:istack-commons-runtime:3.0.8) with ExternalDependencyInstrumentingArtifactTransform
[        ] Transforming FastInfoset-1.2.16.jar (com.sun.xml.fastinfoset:FastInfoset:1.2.16) with ExternalDependencyInstrumentingArtifactTransform
[        ] Transforming auto-value-annotations-1.6.2.jar (com.google.auto.value:auto-value-annotations:1.6.2) with InstrumentationAnalysisTransform
[        ] Transforming jakarta.activation-api-1.2.1.jar (jakarta.activation:jakarta.activation-api:1.2.1) with ExternalDependencyInstrumentingArtifactTransform
[        ] Transforming auto-value-annotations-1.6.2.jar (com.google.auto.value:auto-value-annotations:1.6.2) with MergeInstrumentationAnalysisTransform
[        ] Transforming error_prone_annotations-2.11.0.jar (com.google.errorprone:error_prone_annotations:2.11.0) with InstrumentationAnalysisTransform
[        ] Transforming error_prone_annotations-2.11.0.jar (com.google.errorprone:error_prone_annotations:2.11.0) with MergeInstrumentationAnalysisTransform
[        ] Transforming jose4j-0.7.0.jar (org.bitbucket.b_c:jose4j:0.7.0) with InstrumentationAnalysisTransform
[        ] Transforming jose4j-0.7.0.jar (org.bitbucket.b_c:jose4j:0.7.0) with MergeInstrumentationAnalysisTransform
[        ] Transforming slf4j-api-1.7.30.jar (org.slf4j:slf4j-api:1.7.30) with InstrumentationAnalysisTransform
[        ] Transforming slf4j-api-1.7.30.jar (org.slf4j:slf4j-api:1.7.30) with MergeInstrumentationAnalysisTransform
[        ] Transforming auto-value-annotations-1.6.2.jar (com.google.auto.value:auto-value-annotations:1.6.2) with ExternalDependencyInstrumentingArtifactTransform
[        ] Transforming jdom2-2.0.6.jar (org.jdom:jdom2:2.0.6) with InstrumentationAnalysisTransform
[        ] Transforming jose4j-0.7.0.jar (org.bitbucket.b_c:jose4j:0.7.0) with ExternalDependencyInstrumentingArtifactTransform
[        ] Transforming slf4j-api-1.7.30.jar (org.slf4j:slf4j-api:1.7.30) with ExternalDependencyInstrumentingArtifactTransform
[        ] Transforming error_prone_annotations-2.11.0.jar (com.google.errorprone:error_prone_annotations:2.11.0) with ExternalDependencyInstrumentingArtifactTransform
[        ] Transforming jdom2-2.0.6.jar (org.jdom:jdom2:2.0.6) with MergeInstrumentationAnalysisTransform
[        ] Transforming j2objc-annotations-1.3.jar (com.google.j2objc:j2objc-annotations:1.3) with InstrumentationAnalysisTransform
[        ] Transforming j2objc-annotations-1.3.jar (com.google.j2objc:j2objc-annotations:1.3) with MergeInstrumentationAnalysisTransform
[        ] Transforming jsr305-3.0.2.jar (com.google.code.findbugs:jsr305:3.0.2) with InstrumentationAnalysisTransform
[        ] Transforming jsr305-3.0.2.jar (com.google.code.findbugs:jsr305:3.0.2) with MergeInstrumentationAnalysisTransform
[        ] Transforming j2objc-annotations-1.3.jar (com.google.j2objc:j2objc-annotations:1.3) with ExternalDependencyInstrumentingArtifactTransform
[        ] Transforming jdom2-2.0.6.jar (org.jdom:jdom2:2.0.6) with ExternalDependencyInstrumentingArtifactTransform
[        ] Transforming annotations-4.1.1.4.jar (com.google.android:annotations:4.1.1.4) with InstrumentationAnalysisTransform
[        ] Transforming annotations-4.1.1.4.jar (com.google.android:annotations:4.1.1.4) with MergeInstrumentationAnalysisTransform
[        ] Transforming jsr305-3.0.2.jar (com.google.code.findbugs:jsr305:3.0.2) with ExternalDependencyInstrumentingArtifactTransform
[        ] Transforming annotations-4.1.1.4.jar (com.google.android:annotations:4.1.1.4) with ExternalDependencyInstrumentingArtifactTransform
[        ] Transforming animal-sniffer-annotations-1.19.jar (org.codehaus.mojo:animal-sniffer-annotations:1.19) with InstrumentationAnalysisTransform
[        ] Transforming animal-sniffer-annotations-1.19.jar (org.codehaus.mojo:animal-sniffer-annotations:1.19) with MergeInstrumentationAnalysisTransform
[        ] Transforming perfmark-api-0.23.0.jar (io.perfmark:perfmark-api:0.23.0) with InstrumentationAnalysisTransform
[        ] Transforming perfmark-api-0.23.0.jar (io.perfmark:perfmark-api:0.23.0) with MergeInstrumentationAnalysisTransform
[        ] Transforming netty-codec-http2-4.1.72.Final.jar (io.netty:netty-codec-http2:4.1.72.Final) with InstrumentationAnalysisTransform
[        ] Transforming netty-codec-http2-4.1.72.Final.jar (io.netty:netty-codec-http2:4.1.72.Final) with MergeInstrumentationAnalysisTransform
[        ] Transforming netty-handler-proxy-4.1.72.Final.jar (io.netty:netty-handler-proxy:4.1.72.Final) with InstrumentationAnalysisTransform
[        ] Transforming animal-sniffer-annotations-1.19.jar (org.codehaus.mojo:animal-sniffer-annotations:1.19) with ExternalDependencyInstrumentingArtifactTransform
[        ] Transforming perfmark-api-0.23.0.jar (io.perfmark:perfmark-api:0.23.0) with ExternalDependencyInstrumentingArtifactTransform
[        ] Transforming netty-codec-http2-4.1.72.Final.jar (io.netty:netty-codec-http2:4.1.72.Final) with ExternalDependencyInstrumentingArtifactTransform
[        ] Transforming netty-handler-proxy-4.1.72.Final.jar (io.netty:netty-handler-proxy:4.1.72.Final) with MergeInstrumentationAnalysisTransform
[        ] Transforming checker-qual-3.12.0.jar (org.checkerframework:checker-qual:3.12.0) with InstrumentationAnalysisTransform
[        ] Transforming checker-qual-3.12.0.jar (org.checkerframework:checker-qual:3.12.0) with MergeInstrumentationAnalysisTransform
[        ] Transforming commons-codec-1.11.jar (commons-codec:commons-codec:1.11) with InstrumentationAnalysisTransform
[        ] Transforming netty-handler-proxy-4.1.72.Final.jar (io.netty:netty-handler-proxy:4.1.72.Final) with ExternalDependencyInstrumentingArtifactTransform
[        ] Transforming commons-codec-1.11.jar (commons-codec:commons-codec:1.11) with MergeInstrumentationAnalysisTransform
[        ] Transforming apksig-8.1.2.jar (com.android.tools.build:apksig:8.1.2) with InstrumentationAnalysisTransform
[        ] Transforming apksig-8.1.2.jar (com.android.tools.build:apksig:8.1.2) with MergeInstrumentationAnalysisTransform
[        ] Transforming checker-qual-3.12.0.jar (org.checkerframework:checker-qual:3.12.0) with ExternalDependencyInstrumentingArtifactTransform
[        ] Transforming commons-codec-1.11.jar (commons-codec:commons-codec:1.11) with ExternalDependencyInstrumentingArtifactTransform
[        ] Transforming apksig-8.1.2.jar (com.android.tools.build:apksig:8.1.2) with ExternalDependencyInstrumentingArtifactTransform
[        ] Transforming javawriter-2.5.0.jar (com.squareup:javawriter:2.5.0) with InstrumentationAnalysisTransform
[        ] Transforming javawriter-2.5.0.jar (com.squareup:javawriter:2.5.0) with MergeInstrumentationAnalysisTransform
[        ] Transforming failureaccess-1.0.1.jar (com.google.guava:failureaccess:1.0.1) with InstrumentationAnalysisTransform
[        ] Transforming failureaccess-1.0.1.jar (com.google.guava:failureaccess:1.0.1) with MergeInstrumentationAnalysisTransform
[        ] Transforming listenablefuture-9999.0-empty-to-avoid-conflict-with-guava.jar (com.google.guava:listenablefuture:9999.0-empty-to-avoid-conflict-with-guava) with InstrumentationAnalysisTransform
[        ] Transforming listenablefuture-9999.0-empty-to-avoid-conflict-with-guava.jar (com.google.guava:listenablefuture:9999.0-empty-to-avoid-conflict-with-guava) with MergeInstrumentationAnalysisTransform
[        ] Transforming xml-apis-1.4.01.jar (xml-apis:xml-apis:1.4.01) with InstrumentationAnalysisTransform
[        ] Transforming xml-apis-1.4.01.jar (xml-apis:xml-apis:1.4.01) with MergeInstrumentationAnalysisTransform
[        ] Transforming commons-logging-1.2.jar (commons-logging:commons-logging:1.2) with InstrumentationAnalysisTransform
[        ] Transforming listenablefuture-9999.0-empty-to-avoid-conflict-with-guava.jar (com.google.guava:listenablefuture:9999.0-empty-to-avoid-conflict-with-guava) with ExternalDependencyInstrumentingArtifactTransform
[        ] Transforming failureaccess-1.0.1.jar (com.google.guava:failureaccess:1.0.1) with ExternalDependencyInstrumentingArtifactTransform
[        ] Transforming javawriter-2.5.0.jar (com.squareup:javawriter:2.5.0) with ExternalDependencyInstrumentingArtifactTransform
[        ] Transforming commons-logging-1.2.jar (commons-logging:commons-logging:1.2) with MergeInstrumentationAnalysisTransform
[        ] Transforming xml-apis-1.4.01.jar (xml-apis:xml-apis:1.4.01) with ExternalDependencyInstrumentingArtifactTransform
[        ] Transforming jna-5.6.0.jar (net.java.dev.jna:jna:5.6.0) with InstrumentationAnalysisTransform
[        ] Transforming jna-5.6.0.jar (net.java.dev.jna:jna:5.6.0) with MergeInstrumentationAnalysisTransform
[        ] Transforming kotlin-stdlib-common-1.8.20-RC2.jar (org.jetbrains.kotlin:kotlin-stdlib-common:1.8.20-RC2) with InstrumentationAnalysisTransform
[        ] Transforming kotlin-stdlib-common-1.8.20-RC2.jar (org.jetbrains.kotlin:kotlin-stdlib-common:1.8.20-RC2) with MergeInstrumentationAnalysisTransform
[        ] Transforming grpc-context-1.45.1.jar (io.grpc:grpc-context:1.45.1) with InstrumentationAnalysisTransform
[        ] Transforming jna-5.6.0.jar (net.java.dev.jna:jna:5.6.0) with ExternalDependencyInstrumentingArtifactTransform
[        ] Transforming grpc-context-1.45.1.jar (io.grpc:grpc-context:1.45.1) with MergeInstrumentationAnalysisTransform
[        ] Transforming netty-codec-http-4.1.72.Final.jar (io.netty:netty-codec-http:4.1.72.Final) with InstrumentationAnalysisTransform
[        ] Transforming netty-codec-http-4.1.72.Final.jar (io.netty:netty-codec-http:4.1.72.Final) with MergeInstrumentationAnalysisTransform
[        ] Transforming netty-handler-4.1.72.Final.jar (io.netty:netty-handler:4.1.72.Final) with InstrumentationAnalysisTransform
[        ] Transforming netty-handler-4.1.72.Final.jar (io.netty:netty-handler:4.1.72.Final) with MergeInstrumentationAnalysisTransform
[        ] Transforming netty-codec-socks-4.1.72.Final.jar (io.netty:netty-codec-socks:4.1.72.Final) with InstrumentationAnalysisTransform
[        ] Transforming commons-logging-1.2.jar (commons-logging:commons-logging:1.2) with ExternalDependencyInstrumentingArtifactTransform
[        ] Transforming netty-codec-http-4.1.72.Final.jar (io.netty:netty-codec-http:4.1.72.Final) with ExternalDependencyInstrumentingArtifactTransform
[        ] Transforming netty-handler-4.1.72.Final.jar (io.netty:netty-handler:4.1.72.Final) with ExternalDependencyInstrumentingArtifactTransform
[        ] Transforming grpc-context-1.45.1.jar (io.grpc:grpc-context:1.45.1) with ExternalDependencyInstrumentingArtifactTransform
[        ] Transforming kotlin-stdlib-common-1.8.20-RC2.jar (org.jetbrains.kotlin:kotlin-stdlib-common:1.8.20-RC2) with ExternalDependencyInstrumentingArtifactTransform
[        ] Transforming netty-codec-socks-4.1.72.Final.jar (io.netty:netty-codec-socks:4.1.72.Final) with MergeInstrumentationAnalysisTransform
[        ] Transforming netty-codec-4.1.72.Final.jar (io.netty:netty-codec:4.1.72.Final) with InstrumentationAnalysisTransform
[        ] Transforming netty-codec-4.1.72.Final.jar (io.netty:netty-codec:4.1.72.Final) with MergeInstrumentationAnalysisTransform
[        ] Transforming netty-transport-4.1.72.Final.jar (io.netty:netty-transport:4.1.72.Final) with InstrumentationAnalysisTransform
[        ] Transforming netty-transport-4.1.72.Final.jar (io.netty:netty-transport:4.1.72.Final) with MergeInstrumentationAnalysisTransform
[        ] Transforming netty-buffer-4.1.72.Final.jar (io.netty:netty-buffer:4.1.72.Final) with InstrumentationAnalysisTransform
[        ] Transforming netty-codec-4.1.72.Final.jar (io.netty:netty-codec:4.1.72.Final) with ExternalDependencyInstrumentingArtifactTransform
[        ] Transforming netty-codec-socks-4.1.72.Final.jar (io.netty:netty-codec-socks:4.1.72.Final) with ExternalDependencyInstrumentingArtifactTransform
[        ] Transforming netty-buffer-4.1.72.Final.jar (io.netty:netty-buffer:4.1.72.Final) with MergeInstrumentationAnalysisTransform
[        ] Transforming netty-resolver-4.1.72.Final.jar (io.netty:netty-resolver:4.1.72.Final) with InstrumentationAnalysisTransform
[        ] Transforming netty-resolver-4.1.72.Final.jar (io.netty:netty-resolver:4.1.72.Final) with MergeInstrumentationAnalysisTransform
[        ] Transforming netty-common-4.1.72.Final.jar (io.netty:netty-common:4.1.72.Final) with InstrumentationAnalysisTransform
[        ] Transforming netty-buffer-4.1.72.Final.jar (io.netty:netty-buffer:4.1.72.Final) with ExternalDependencyInstrumentingArtifactTransform
[        ] Transforming netty-transport-4.1.72.Final.jar (io.netty:netty-transport:4.1.72.Final) with ExternalDependencyInstrumentingArtifactTransform
[        ] Transforming netty-common-4.1.72.Final.jar (io.netty:netty-common:4.1.72.Final) with MergeInstrumentationAnalysisTransform
[        ] Transforming netty-resolver-4.1.72.Final.jar (io.netty:netty-resolver:4.1.72.Final) with ExternalDependencyInstrumentingArtifactTransform
[        ] Transforming netty-common-4.1.72.Final.jar (io.netty:netty-common:4.1.72.Final) with ExternalDependencyInstrumentingArtifactTransform
[        ] Transforming netty-tcnative-classes-2.0.46.Final.jar (io.netty:netty-tcnative-classes:2.0.46.Final) with InstrumentationAnalysisTransform
[        ] Transforming netty-tcnative-classes-2.0.46.Final.jar (io.netty:netty-tcnative-classes:2.0.46.Final) with MergeInstrumentationAnalysisTransform
[        ] Transforming netty-tcnative-classes-2.0.46.Final.jar (io.netty:netty-tcnative-classes:2.0.46.Final) with ExternalDependencyInstrumentingArtifactTransform
[        ] Using default execution profile
[  +32 ms] > Configure project :firebase_auth
[        ] Evaluating project ':firebase_auth' using build file 'C:\Users\midhu\AppData\Local\Pub\Cache\hosted\pub.dev\firebase_auth-4.20.0\android\build.gradle'.
[        ] Transforming gradle-8.1.2.jar (com.android.tools.build:gradle:8.1.2) with InstrumentationAnalysisTransform
[        ] Transforming gradle-settings-api-8.1.2.jar (com.android.tools.build:gradle-settings-api:8.1.2) with InstrumentationAnalysisTransform
[        ] Transforming lint-model-31.1.2.jar (com.android.tools.lint:lint-model:31.1.2) with InstrumentationAnalysisTransform
[        ] Transforming builder-8.1.2.jar (com.android.tools.build:builder:8.1.2) with InstrumentationAnalysisTransform
[        ] Transforming manifest-merger-31.1.2.jar (com.android.tools.build:manifest-merger:31.1.2) with InstrumentationAnalysisTransform
[        ] Transforming sdk-common-31.1.2.jar (com.android.tools:sdk-common:31.1.2) with InstrumentationAnalysisTransform
[        ] Transforming sdklib-31.1.2.jar (com.android.tools:sdklib:31.1.2) with InstrumentationAnalysisTransform
[        ] Transforming repository-31.1.2.jar (com.android.tools:repository:31.1.2) with InstrumentationAnalysisTransform
[        ] Transforming gradle-api-8.1.2.jar (com.android.tools.build:gradle-api:8.1.2) with InstrumentationAnalysisTransform
[        ] Transforming builder-test-api-8.1.2.jar (com.android.tools.build:builder-test-api:8.1.2) with InstrumentationAnalysisTransform
[        ] Transforming ddmlib-31.1.2.jar (com.android.tools.ddms:ddmlib:31.1.2) with InstrumentationAnalysisTransform
[        ] Transforming aaptcompiler-8.1.2.jar (com.android.tools.build:aaptcompiler:8.1.2) with InstrumentationAnalysisTransform
[        ] Transforming bundletool-1.14.0.jar (com.android.tools.build:bundletool:1.14.0) with InstrumentationAnalysisTransform
[        ] Transforming aapt2-proto-8.1.2-10154469.jar (com.android.tools.build:aapt2-proto:8.1.2-10154469) with InstrumentationAnalysisTransform
[        ] Transforming crash-31.1.2.jar (com.android.tools.analytics-library:crash:31.1.2) with InstrumentationAnalysisTransform
[        ] Transforming tracker-31.1.2.jar (com.android.tools.analytics-library:tracker:31.1.2) with InstrumentationAnalysisTransform
[        ] Transforming shared-31.1.2.jar (com.android.tools.analytics-library:shared:31.1.2) with InstrumentationAnalysisTransform
[        ] Transforming lint-typedef-remover-31.1.2.jar (com.android.tools.lint:lint-typedef-remover:31.1.2) with InstrumentationAnalysisTransform
[        ] Transforming databinding-compiler-common-8.1.2.jar (androidx.databinding:databinding-compiler-common:8.1.2) with InstrumentationAnalysisTransform
[        ] Transforming databinding-common-8.1.2.jar (androidx.databinding:databinding-common:8.1.2) with InstrumentationAnalysisTransform
[        ] Transforming baseLibrary-8.1.2.jar (com.android.databinding:baseLibrary:8.1.2) with InstrumentationAnalysisTransform
[        ] Transforming layoutlib-api-31.1.2.jar (com.android.tools.layoutlib:layoutlib-api:31.1.2) with InstrumentationAnalysisTransform
[        ] Transforming android-device-provider-ddmlib-proto-31.1.2.jar (com.android.tools.utp:android-device-provider-ddmlib-proto:31.1.2) with InstrumentationAnalysisTransform
[        ] Transforming android-device-provider-gradle-proto-31.1.2.jar (com.android.tools.utp:android-device-provider-gradle-proto:31.1.2) with InstrumentationAnalysisTransform
[        ] Transforming android-test-plugin-host-additional-test-output-proto-31.1.2.jar (com.android.tools.utp:android-test-plugin-host-additional-test-output-proto:31.1.2) with InstrumentationAnalysisTransform
[        ] Transforming android-test-plugin-host-coverage-proto-31.1.2.jar (com.android.tools.utp:android-test-plugin-host-coverage-proto:31.1.2) with InstrumentationAnalysisTransform
[        ] Transforming android-test-plugin-host-emulator-control-proto-31.1.2.jar (com.android.tools.utp:android-test-plugin-host-emulator-control-proto:31.1.2) with InstrumentationAnalysisTransform
[        ] Transforming android-test-plugin-host-logcat-proto-31.1.2.jar (com.android.tools.utp:android-test-plugin-host-logcat-proto:31.1.2) with InstrumentationAnalysisTransform
[        ] Transforming android-test-plugin-host-apk-installer-proto-31.1.2.jar (com.android.tools.utp:android-test-plugin-host-apk-installer-proto:31.1.2) with InstrumentationAnalysisTransform
[        ] Transforming android-test-plugin-host-retention-proto-31.1.2.jar (com.android.tools.utp:android-test-plugin-host-retention-proto:31.1.2) with InstrumentationAnalysisTransform
[        ] Transforming android-test-plugin-result-listener-gradle-proto-31.1.2.jar (com.android.tools.utp:android-test-plugin-result-listener-gradle-proto:31.1.2) with InstrumentationAnalysisTransform
[        ] Transforming builder-model-8.1.2.jar (com.android.tools.build:builder-model:8.1.2) with InstrumentationAnalysisTransform
[        ] Transforming dvlib-31.1.2.jar (com.android.tools:dvlib:31.1.2) with InstrumentationAnalysisTransform
[        ] Transforming common-31.1.2.jar (com.android.tools:common:31.1.2) with InstrumentationAnalysisTransform
[        ] Transforming kotlin-stdlib-jdk8-1.8.20-RC2.jar (org.jetbrains.kotlin:kotlin-stdlib-jdk8:1.8.20-RC2) with InstrumentationAnalysisTransform
[        ] Transforming transform-api-2.0.0-deprecated-use-gradle-api.jar (com.android.tools.build:transform-api:2.0.0-deprecated-use-gradle-api) with InstrumentationAnalysisTransform
[        ] Transforming httpmime-4.5.6.jar (org.apache.httpcomponents:httpmime:4.5.6) with InstrumentationAnalysisTransform
[        ] Transforming commons-io-2.4.jar (commons-io:commons-io:2.4) with InstrumentationAnalysisTransform
[        ] Transforming jetifier-processor-1.0.0-beta10.jar (com.android.tools.build.jetifier:jetifier-processor:1.0.0-beta10) with InstrumentationAnalysisTransform
[        ] Transforming asm-commons-9.2.jar (org.ow2.asm:asm-commons:9.2) with InstrumentationAnalysisTransform
[        ] Transforming asm-util-9.2.jar (org.ow2.asm:asm-util:9.2) with InstrumentationAnalysisTransform
[        ] Transforming asm-analysis-9.2.jar (org.ow2.asm:asm-analysis:9.2) with InstrumentationAnalysisTransform
[        ] Transforming asm-tree-9.2.jar (org.ow2.asm:asm-tree:9.2) with InstrumentationAnalysisTransform
[        ] Transforming asm-9.2.jar (org.ow2.asm:asm:9.2) with InstrumentationAnalysisTransform
[        ] Transforming apkzlib-8.1.2.jar (com.android.tools.build:apkzlib:8.1.2) with InstrumentationAnalysisTransform
[        ] Transforming bcpkix-jdk15on-1.67.jar (org.bouncycastle:bcpkix-jdk15on:1.67) with InstrumentationAnalysisTransform
[        ] Transforming jaxb-runtime-2.3.2.jar (org.glassfish.jaxb:jaxb-runtime:2.3.2) with InstrumentationAnalysisTransform
[        ] Transforming jopt-simple-4.9.jar (net.sf.jopt-simple:jopt-simple:4.9) with InstrumentationAnalysisTransform
[        ] Transforming jetifier-core-1.0.0-beta10.jar (com.android.tools.build.jetifier:jetifier-core:1.0.0-beta10) with InstrumentationAnalysisTransform
[        ] Transforming javapoet-1.10.0.jar (com.squareup:javapoet:1.10.0) with InstrumentationAnalysisTransform
[        ] Transforming protobuf-java-util-3.19.3.jar (com.google.protobuf:protobuf-java-util:3.19.3) with InstrumentationAnalysisTransform
[        ] Transforming grpc-protobuf-1.45.1.jar (io.grpc:grpc-protobuf:1.45.1) with InstrumentationAnalysisTransform
[        ] Transforming tink-1.7.0.jar (com.google.crypto.tink:tink:1.7.0) with InstrumentationAnalysisTransform
[        ] Transforming protos-31.1.2.jar (com.android.tools.analytics-library:protos:31.1.2) with InstrumentationAnalysisTransform
[        ] Transforming proto-google-common-protos-2.0.1.jar (com.google.api.grpc:proto-google-common-protos:2.0.1) with InstrumentationAnalysisTransform
[        ] Transforming protobuf-java-3.19.3.jar (com.google.protobuf:protobuf-java:3.19.3) with InstrumentationAnalysisTransform
[        ] Transforming grpc-netty-1.45.1.jar (io.grpc:grpc-netty:1.45.1) with InstrumentationAnalysisTransform
[        ] Transforming grpc-core-1.45.1.jar (io.grpc:grpc-core:1.45.1) with InstrumentationAnalysisTransform
[        ] Transforming gson-2.8.9.jar (com.google.code.gson:gson:2.8.9) with InstrumentationAnalysisTransform
[        ] Transforming grpc-stub-1.45.1.jar (io.grpc:grpc-stub:1.45.1) with InstrumentationAnalysisTransform
[        ] Transforming core-proto-0.0.8-alpha08.jar (com.google.testing.platform:core-proto:0.0.8-alpha08) with InstrumentationAnalysisTransform
[        ] Transforming tensorflow-lite-metadata-0.1.0-rc2.jar (org.tensorflow:tensorflow-lite-metadata:0.1.0-rc2) with InstrumentationAnalysisTransform
[        ] Transforming flatbuffers-java-1.12.0.jar (com.google.flatbuffers:flatbuffers-java:1.12.0) with InstrumentationAnalysisTransform
[        ] Transforming jimfs-1.1.jar (com.google.jimfs:jimfs:1.1) with InstrumentationAnalysisTransform
[        ] Transforming grpc-protobuf-lite-1.45.1.jar (io.grpc:grpc-protobuf-lite:1.45.1) with InstrumentationAnalysisTransform
[        ] Transforming grpc-api-1.45.1.jar (io.grpc:grpc-api:1.45.1) with InstrumentationAnalysisTransform
[        ] Transforming guava-31.1-jre.jar (com.google.guava:guava:31.1-jre) with InstrumentationAnalysisTransform
[        ] Transforming dagger-2.28.3.jar (com.google.dagger:dagger:2.28.3) with InstrumentationAnalysisTransform
[        ] Transforming javax.inject-1.jar (javax.inject:javax.inject:1) with InstrumentationAnalysisTransform
[        ] Transforming kxml2-2.3.0.jar (net.sf.kxml:kxml2:2.3.0) with InstrumentationAnalysisTransform
[        ] Transforming bcprov-jdk15on-1.67.jar (org.bouncycastle:bcprov-jdk15on:1.67) with InstrumentationAnalysisTransform
[        ] Transforming trove4j-1.0.20200330.jar (org.jetbrains.intellij.deps:trove4j:1.0.20200330) with InstrumentationAnalysisTransform
[        ] Transforming kotlin-reflect-1.8.20-RC2.jar (org.jetbrains.kotlin:kotlin-reflect:1.8.20-RC2) with InstrumentationAnalysisTransform
[        ] Transforming xercesImpl-2.12.0.jar (xerces:xercesImpl:2.12.0) with InstrumentationAnalysisTransform
[        ] Transforming commons-compress-1.21.jar (org.apache.commons:commons-compress:1.21) with InstrumentationAnalysisTransform
[        ] Transforming httpclient-4.5.13.jar (org.apache.httpcomponents:httpclient:4.5.13) with InstrumentationAnalysisTransform
[        ] Transforming httpcore-4.4.15.jar (org.apache.httpcomponents:httpcore:4.4.15) with InstrumentationAnalysisTransform
[        ] Transforming javax.activation-1.2.0.jar (com.sun.activation:javax.activation:1.2.0) with InstrumentationAnalysisTransform
[        ] Transforming kotlin-stdlib-jdk7-1.8.20-RC2.jar (org.jetbrains.kotlin:kotlin-stdlib-jdk7:1.8.20-RC2) with InstrumentationAnalysisTransform
[        ] Transforming kotlin-stdlib-1.8.20-RC2.jar (org.jetbrains.kotlin:kotlin-stdlib:1.8.20-RC2) with InstrumentationAnalysisTransform
[        ] Transforming annotations-13.0.jar (org.jetbrains:annotations:13.0) with InstrumentationAnalysisTransform
[        ] Transforming signflinger-8.1.2.jar (com.android:signflinger:8.1.2) with InstrumentationAnalysisTransform
[        ] Transforming zipflinger-8.1.2.jar (com.android:zipflinger:8.1.2) with InstrumentationAnalysisTransform
[        ] Transforming annotations-31.1.2.jar (com.android.tools:annotations:31.1.2) with InstrumentationAnalysisTransform
[        ] Transforming jna-platform-5.6.0.jar (net.java.dev.jna:jna-platform:5.6.0) with InstrumentationAnalysisTransform
[        ] Transforming juniversalchardet-1.0.3.jar (com.googlecode.juniversalchardet:juniversalchardet:1.0.3) with InstrumentationAnalysisTransform
[        ] Transforming javax.annotation-api-1.3.2.jar (javax.annotation:javax.annotation-api:1.3.2) with InstrumentationAnalysisTransform
[        ] Transforming stax-ex-1.8.1.jar (org.jvnet.staxex:stax-ex:1.8.1) with InstrumentationAnalysisTransform
[        ] Transforming jakarta.xml.bind-api-2.3.2.jar (jakarta.xml.bind:jakarta.xml.bind-api:2.3.2) with InstrumentationAnalysisTransform
[        ] Transforming txw2-2.3.2.jar (org.glassfish.jaxb:txw2:2.3.2) with InstrumentationAnalysisTransform
[        ] Transforming istack-commons-runtime-3.0.8.jar (com.sun.istack:istack-commons-runtime:3.0.8) with InstrumentationAnalysisTransform
[        ] Transforming FastInfoset-1.2.16.jar (com.sun.xml.fastinfoset:FastInfoset:1.2.16) with InstrumentationAnalysisTransform
[        ] Transforming jakarta.activation-api-1.2.1.jar (jakarta.activation:jakarta.activation-api:1.2.1) with InstrumentationAnalysisTransform
[        ] Transforming auto-value-annotations-1.6.2.jar (com.google.auto.value:auto-value-annotations:1.6.2) with InstrumentationAnalysisTransform
[        ] Transforming error_prone_annotations-2.11.0.jar (com.google.errorprone:error_prone_annotations:2.11.0) with InstrumentationAnalysisTransform
[        ] Transforming jose4j-0.7.0.jar (org.bitbucket.b_c:jose4j:0.7.0) with InstrumentationAnalysisTransform
[        ] Transforming slf4j-api-1.7.30.jar (org.slf4j:slf4j-api:1.7.30) with InstrumentationAnalysisTransform
[        ] Transforming jdom2-2.0.6.jar (org.jdom:jdom2:2.0.6) with InstrumentationAnalysisTransform
[        ] Transforming j2objc-annotations-1.3.jar (com.google.j2objc:j2objc-annotations:1.3) with InstrumentationAnalysisTransform
[        ] Transforming jsr305-3.0.2.jar (com.google.code.findbugs:jsr305:3.0.2) with InstrumentationAnalysisTransform
[        ] Transforming annotations-4.1.1.4.jar (com.google.android:annotations:4.1.1.4) with InstrumentationAnalysisTransform
[        ] Transforming animal-sniffer-annotations-1.19.jar (org.codehaus.mojo:animal-sniffer-annotations:1.19) with InstrumentationAnalysisTransform
[        ] Transforming perfmark-api-0.23.0.jar (io.perfmark:perfmark-api:0.23.0) with InstrumentationAnalysisTransform
[        ] Transforming netty-codec-http2-4.1.72.Final.jar (io.netty:netty-codec-http2:4.1.72.Final) with InstrumentationAnalysisTransform
[        ] Transforming netty-handler-proxy-4.1.72.Final.jar (io.netty:netty-handler-proxy:4.1.72.Final) with InstrumentationAnalysisTransform
[        ] Transforming checker-qual-3.12.0.jar (org.checkerframework:checker-qual:3.12.0) with InstrumentationAnalysisTransform
[        ] Transforming commons-codec-1.11.jar (commons-codec:commons-codec:1.11) with InstrumentationAnalysisTransform
[        ] Transforming apksig-8.1.2.jar (com.android.tools.build:apksig:8.1.2) with InstrumentationAnalysisTransform
[        ] Transforming javawriter-2.5.0.jar (com.squareup:javawriter:2.5.0) with InstrumentationAnalysisTransform
[        ] Transforming failureaccess-1.0.1.jar (com.google.guava:failureaccess:1.0.1) with InstrumentationAnalysisTransform
[        ] Transforming listenablefuture-9999.0-empty-to-avoid-conflict-with-guava.jar (com.google.guava:listenablefuture:9999.0-empty-to-avoid-conflict-with-guava) with InstrumentationAnalysisTransform
[        ] Transforming xml-apis-1.4.01.jar (xml-apis:xml-apis:1.4.01) with InstrumentationAnalysisTransform
[        ] Transforming commons-logging-1.2.jar (commons-logging:commons-logging:1.2) with InstrumentationAnalysisTransform
[        ] Transforming jna-5.6.0.jar (net.java.dev.jna:jna:5.6.0) with InstrumentationAnalysisTransform
[        ] Transforming kotlin-stdlib-common-1.8.20-RC2.jar (org.jetbrains.kotlin:kotlin-stdlib-common:1.8.20-RC2) with InstrumentationAnalysisTransform
[        ] Transforming grpc-context-1.45.1.jar (io.grpc:grpc-context:1.45.1) with InstrumentationAnalysisTransform
[        ] Transforming netty-codec-http-4.1.72.Final.jar (io.netty:netty-codec-http:4.1.72.Final) with InstrumentationAnalysisTransform
[        ] Transforming netty-handler-4.1.72.Final.jar (io.netty:netty-handler:4.1.72.Final) with InstrumentationAnalysisTransform
[        ] Transforming netty-codec-socks-4.1.72.Final.jar (io.netty:netty-codec-socks:4.1.72.Final) with InstrumentationAnalysisTransform
[        ] Transforming netty-codec-4.1.72.Final.jar (io.netty:netty-codec:4.1.72.Final) with InstrumentationAnalysisTransform
[        ] Transforming netty-transport-4.1.72.Final.jar (io.netty:netty-transport:4.1.72.Final) with InstrumentationAnalysisTransform
[        ] Transforming netty-buffer-4.1.72.Final.jar (io.netty:netty-buffer:4.1.72.Final) with InstrumentationAnalysisTransform
[        ] Transforming netty-resolver-4.1.72.Final.jar (io.netty:netty-resolver:4.1.72.Final) with InstrumentationAnalysisTransform
[        ] Transforming netty-common-4.1.72.Final.jar (io.netty:netty-common:4.1.72.Final) with InstrumentationAnalysisTransform
[        ] Transforming netty-tcnative-classes-2.0.46.Final.jar (io.netty:netty-tcnative-classes:2.0.46.Final) with InstrumentationAnalysisTransform
[        ] Transforming gradle-8.1.2.jar (com.android.tools.build:gradle:8.1.2) with InstrumentationAnalysisTransform
[        ] Transforming gradle-8.1.2.jar (com.android.tools.build:gradle:8.1.2) with MergeInstrumentationAnalysisTransform
[        ] Transforming gradle-settings-api-8.1.2.jar (com.android.tools.build:gradle-settings-api:8.1.2) with InstrumentationAnalysisTransform
[        ] Transforming gradle-settings-api-8.1.2.jar (com.android.tools.build:gradle-settings-api:8.1.2) with MergeInstrumentationAnalysisTransform
[        ] Transforming lint-model-31.1.2.jar (com.android.tools.lint:lint-model:31.1.2) with InstrumentationAnalysisTransform
[        ] Transforming lint-model-31.1.2.jar (com.android.tools.lint:lint-model:31.1.2) with MergeInstrumentationAnalysisTransform
[        ] Transforming builder-8.1.2.jar (com.android.tools.build:builder:8.1.2) with InstrumentationAnalysisTransform
[        ] Transforming builder-8.1.2.jar (com.android.tools.build:builder:8.1.2) with MergeInstrumentationAnalysisTransform
[        ] Transforming gradle-8.1.2.jar (com.android.tools.build:gradle:8.1.2) with ExternalDependencyInstrumentingArtifactTransform
[        ] Transforming gradle-settings-api-8.1.2.jar (com.android.tools.build:gradle-settings-api:8.1.2) with ExternalDependencyInstrumentingArtifactTransform
[        ] Transforming manifest-merger-31.1.2.jar (com.android.tools.build:manifest-merger:31.1.2) with InstrumentationAnalysisTransform
[        ] Transforming builder-8.1.2.jar (com.android.tools.build:builder:8.1.2) with ExternalDependencyInstrumentingArtifactTransform
[        ] Transforming manifest-merger-31.1.2.jar (com.android.tools.build:manifest-merger:31.1.2) with MergeInstrumentationAnalysisTransform
[        ] Transforming lint-model-31.1.2.jar (com.android.tools.lint:lint-model:31.1.2) with ExternalDependencyInstrumentingArtifactTransform
[        ] Transforming sdk-common-31.1.2.jar (com.android.tools:sdk-common:31.1.2) with InstrumentationAnalysisTransform
[        ] Transforming manifest-merger-31.1.2.jar (com.android.tools.build:manifest-merger:31.1.2) with ExternalDependencyInstrumentingArtifactTransform
[        ] Transforming sdk-common-31.1.2.jar (com.android.tools:sdk-common:31.1.2) with MergeInstrumentationAnalysisTransform
[        ] Transforming sdklib-31.1.2.jar (com.android.tools:sdklib:31.1.2) with InstrumentationAnalysisTransform
[        ] Transforming sdk-common-31.1.2.jar (com.android.tools:sdk-common:31.1.2) with ExternalDependencyInstrumentingArtifactTransform
[        ] Transforming sdklib-31.1.2.jar (com.android.tools:sdklib:31.1.2) with MergeInstrumentationAnalysisTransform
[        ] Transforming repository-31.1.2.jar (com.android.tools:repository:31.1.2) with InstrumentationAnalysisTransform
[        ] Transforming sdklib-31.1.2.jar (com.android.tools:sdklib:31.1.2) with ExternalDependencyInstrumentingArtifactTransform
[        ] Transforming repository-31.1.2.jar (com.android.tools:repository:31.1.2) with MergeInstrumentationAnalysisTransform
[        ] Transforming gradle-api-8.1.2.jar (com.android.tools.build:gradle-api:8.1.2) with InstrumentationAnalysisTransform
[        ] Transforming repository-31.1.2.jar (com.android.tools:repository:31.1.2) with ExternalDependencyInstrumentingArtifactTransform
[        ] Transforming gradle-api-8.1.2.jar (com.android.tools.build:gradle-api:8.1.2) with MergeInstrumentationAnalysisTransform
[        ] Transforming builder-test-api-8.1.2.jar (com.android.tools.build:builder-test-api:8.1.2) with InstrumentationAnalysisTransform
[        ] Transforming builder-test-api-8.1.2.jar (com.android.tools.build:builder-test-api:8.1.2) with MergeInstrumentationAnalysisTransform
[        ] Transforming gradle-api-8.1.2.jar (com.android.tools.build:gradle-api:8.1.2) with ExternalDependencyInstrumentingArtifactTransform
[        ] Transforming ddmlib-31.1.2.jar (com.android.tools.ddms:ddmlib:31.1.2) with InstrumentationAnalysisTransform
[        ] Transforming builder-test-api-8.1.2.jar (com.android.tools.build:builder-test-api:8.1.2) with ExternalDependencyInstrumentingArtifactTransform
[        ] Transforming ddmlib-31.1.2.jar (com.android.tools.ddms:ddmlib:31.1.2) with MergeInstrumentationAnalysisTransform
[        ] Transforming aaptcompiler-8.1.2.jar (com.android.tools.build:aaptcompiler:8.1.2) with InstrumentationAnalysisTransform
[        ] Transforming aaptcompiler-8.1.2.jar (com.android.tools.build:aaptcompiler:8.1.2) with MergeInstrumentationAnalysisTransform
[        ] Transforming bundletool-1.14.0.jar (com.android.tools.build:bundletool:1.14.0) with InstrumentationAnalysisTransform
[        ] Transforming bundletool-1.14.0.jar (com.android.tools.build:bundletool:1.14.0) with MergeInstrumentationAnalysisTransform
[        ] Transforming aapt2-proto-8.1.2-10154469.jar (com.android.tools.build:aapt2-proto:8.1.2-10154469) with InstrumentationAnalysisTransform
[        ] Transforming ddmlib-31.1.2.jar (com.android.tools.ddms:ddmlib:31.1.2) with ExternalDependencyInstrumentingArtifactTransform
[        ] Transforming aapt2-proto-8.1.2-10154469.jar (com.android.tools.build:aapt2-proto:8.1.2-10154469) with MergeInstrumentationAnalysisTransform
[        ] Transforming crash-31.1.2.jar (com.android.tools.analytics-library:crash:31.1.2) with InstrumentationAnalysisTransform
[        ] Transforming aaptcompiler-8.1.2.jar (com.android.tools.build:aaptcompiler:8.1.2) with ExternalDependencyInstrumentingArtifactTransform
[        ] Transforming aapt2-proto-8.1.2-10154469.jar (com.android.tools.build:aapt2-proto:8.1.2-10154469) with ExternalDependencyInstrumentingArtifactTransform
[        ] Transforming crash-31.1.2.jar (com.android.tools.analytics-library:crash:31.1.2) with MergeInstrumentationAnalysisTransform
[        ] Transforming tracker-31.1.2.jar (com.android.tools.analytics-library:tracker:31.1.2) with InstrumentationAnalysisTransform
[        ] Transforming bundletool-1.14.0.jar (com.android.tools.build:bundletool:1.14.0) with ExternalDependencyInstrumentingArtifactTransform
[        ] Transforming tracker-31.1.2.jar (com.android.tools.analytics-library:tracker:31.1.2) with MergeInstrumentationAnalysisTransform
[        ] Transforming shared-31.1.2.jar (com.android.tools.analytics-library:shared:31.1.2) with InstrumentationAnalysisTransform
[        ] Transforming crash-31.1.2.jar (com.android.tools.analytics-library:crash:31.1.2) with ExternalDependencyInstrumentingArtifactTransform
[        ] Transforming tracker-31.1.2.jar (com.android.tools.analytics-library:tracker:31.1.2) with ExternalDependencyInstrumentingArtifactTransform
[        ] Transforming shared-31.1.2.jar (com.android.tools.analytics-library:shared:31.1.2) with MergeInstrumentationAnalysisTransform
[        ] Transforming lint-typedef-remover-31.1.2.jar (com.android.tools.lint:lint-typedef-remover:31.1.2) with InstrumentationAnalysisTransform
[        ] Transforming lint-typedef-remover-31.1.2.jar (com.android.tools.lint:lint-typedef-remover:31.1.2) with MergeInstrumentationAnalysisTransform
[        ] Transforming shared-31.1.2.jar (com.android.tools.analytics-library:shared:31.1.2) with ExternalDependencyInstrumentingArtifactTransform
[        ] Transforming databinding-compiler-common-8.1.2.jar (androidx.databinding:databinding-compiler-common:8.1.2) with InstrumentationAnalysisTransform
[        ] Transforming databinding-compiler-common-8.1.2.jar (androidx.databinding:databinding-compiler-common:8.1.2) with MergeInstrumentationAnalysisTransform
[        ] Transforming lint-typedef-remover-31.1.2.jar (com.android.tools.lint:lint-typedef-remover:31.1.2) with ExternalDependencyInstrumentingArtifactTransform
[        ] Transforming databinding-common-8.1.2.jar (androidx.databinding:databinding-common:8.1.2) with InstrumentationAnalysisTransform
[        ] Transforming databinding-common-8.1.2.jar (androidx.databinding:databinding-common:8.1.2) with MergeInstrumentationAnalysisTransform
[        ] Transforming databinding-compiler-common-8.1.2.jar (androidx.databinding:databinding-compiler-common:8.1.2) with ExternalDependencyInstrumentingArtifactTransform
[        ] Transforming baseLibrary-8.1.2.jar (com.android.databinding:baseLibrary:8.1.2) with InstrumentationAnalysisTransform
[        ] Transforming databinding-common-8.1.2.jar (androidx.databinding:databinding-common:8.1.2) with ExternalDependencyInstrumentingArtifactTransform
[        ] Transforming baseLibrary-8.1.2.jar (com.android.databinding:baseLibrary:8.1.2) with MergeInstrumentationAnalysisTransform
[        ] Transforming layoutlib-api-31.1.2.jar (com.android.tools.layoutlib:layoutlib-api:31.1.2) with InstrumentationAnalysisTransform
[        ] Transforming baseLibrary-8.1.2.jar (com.android.databinding:baseLibrary:8.1.2) with ExternalDependencyInstrumentingArtifactTransform
[        ] Transforming layoutlib-api-31.1.2.jar (com.android.tools.layoutlib:layoutlib-api:31.1.2) with MergeInstrumentationAnalysisTransform
[        ] Transforming android-device-provider-ddmlib-proto-31.1.2.jar (com.android.tools.utp:android-device-provider-ddmlib-proto:31.1.2) with InstrumentationAnalysisTransform
[        ] Transforming layoutlib-api-31.1.2.jar (com.android.tools.layoutlib:layoutlib-api:31.1.2) with ExternalDependencyInstrumentingArtifactTransform
[        ] Transforming android-device-provider-ddmlib-proto-31.1.2.jar (com.android.tools.utp:android-device-provider-ddmlib-proto:31.1.2) with MergeInstrumentationAnalysisTransform
[        ] Transforming android-device-provider-gradle-proto-31.1.2.jar (com.android.tools.utp:android-device-provider-gradle-proto:31.1.2) with InstrumentationAnalysisTransform
[        ] Transforming android-device-provider-gradle-proto-31.1.2.jar (com.android.tools.utp:android-device-provider-gradle-proto:31.1.2) with MergeInstrumentationAnalysisTransform
[        ] Transforming android-test-plugin-host-additional-test-output-proto-31.1.2.jar (com.android.tools.utp:android-test-plugin-host-additional-test-output-proto:31.1.2) with InstrumentationAnalysisTransform
[        ] Transforming android-test-plugin-host-additional-test-output-proto-31.1.2.jar (com.android.tools.utp:android-test-plugin-host-additional-test-output-proto:31.1.2) with MergeInstrumentationAnalysisTransform
[        ] Transforming android-test-plugin-host-coverage-proto-31.1.2.jar (com.android.tools.utp:android-test-plugin-host-coverage-proto:31.1.2) with InstrumentationAnalysisTransform
[        ] Transforming android-device-provider-gradle-proto-31.1.2.jar (com.android.tools.utp:android-device-provider-gradle-proto:31.1.2) with ExternalDependencyInstrumentingArtifactTransform
[        ] Transforming android-test-plugin-host-additional-test-output-proto-31.1.2.jar (com.android.tools.utp:android-test-plugin-host-additional-test-output-proto:31.1.2) with ExternalDependencyInstrumentingArtifactTransform
[        ] Transforming android-device-provider-ddmlib-proto-31.1.2.jar (com.android.tools.utp:android-device-provider-ddmlib-proto:31.1.2) with ExternalDependencyInstrumentingArtifactTransform
[        ] Transforming android-test-plugin-host-coverage-proto-31.1.2.jar (com.android.tools.utp:android-test-plugin-host-coverage-proto:31.1.2) with MergeInstrumentationAnalysisTransform
[        ] Transforming android-test-plugin-host-emulator-control-proto-31.1.2.jar (com.android.tools.utp:android-test-plugin-host-emulator-control-proto:31.1.2) with InstrumentationAnalysisTransform
[        ] Transforming android-test-plugin-host-emulator-control-proto-31.1.2.jar (com.android.tools.utp:android-test-plugin-host-emulator-control-proto:31.1.2) with MergeInstrumentationAnalysisTransform
[        ] Transforming android-test-plugin-host-coverage-proto-31.1.2.jar (com.android.tools.utp:android-test-plugin-host-coverage-proto:31.1.2) with ExternalDependencyInstrumentingArtifactTransform
[        ] Transforming android-test-plugin-host-logcat-proto-31.1.2.jar (com.android.tools.utp:android-test-plugin-host-logcat-proto:31.1.2) with InstrumentationAnalysisTransform
[        ] Transforming android-test-plugin-host-logcat-proto-31.1.2.jar (com.android.tools.utp:android-test-plugin-host-logcat-proto:31.1.2) with MergeInstrumentationAnalysisTransform
[        ] Transforming android-test-plugin-host-apk-installer-proto-31.1.2.jar (com.android.tools.utp:android-test-plugin-host-apk-installer-proto:31.1.2) with InstrumentationAnalysisTransform
[        ] Transforming android-test-plugin-host-apk-installer-proto-31.1.2.jar (com.android.tools.utp:android-test-plugin-host-apk-installer-proto:31.1.2) with MergeInstrumentationAnalysisTransform
[        ] Transforming android-test-plugin-host-retention-proto-31.1.2.jar (com.android.tools.utp:android-test-plugin-host-retention-proto:31.1.2) with InstrumentationAnalysisTransform
[        ] Transforming android-test-plugin-host-logcat-proto-31.1.2.jar (com.android.tools.utp:android-test-plugin-host-logcat-proto:31.1.2) with ExternalDependencyInstrumentingArtifactTransform
[        ] Transforming android-test-plugin-host-emulator-control-proto-31.1.2.jar (com.android.tools.utp:android-test-plugin-host-emulator-control-proto:31.1.2) with ExternalDependencyInstrumentingArtifactTransform
[        ] Transforming android-test-plugin-host-retention-proto-31.1.2.jar (com.android.tools.utp:android-test-plugin-host-retention-proto:31.1.2) with MergeInstrumentationAnalysisTransform
[        ] Transforming android-test-plugin-result-listener-gradle-proto-31.1.2.jar (com.android.tools.utp:android-test-plugin-result-listener-gradle-proto:31.1.2) with InstrumentationAnalysisTransform
[        ] Transforming android-test-plugin-host-apk-installer-proto-31.1.2.jar (com.android.tools.utp:android-test-plugin-host-apk-installer-proto:31.1.2) with ExternalDependencyInstrumentingArtifactTransform
[        ] Transforming android-test-plugin-host-retention-proto-31.1.2.jar (com.android.tools.utp:android-test-plugin-host-retention-proto:31.1.2) with ExternalDependencyInstrumentingArtifactTransform
[        ] Transforming android-test-plugin-result-listener-gradle-proto-31.1.2.jar (com.android.tools.utp:android-test-plugin-result-listener-gradle-proto:31.1.2) with MergeInstrumentationAnalysisTransform
[        ] Transforming builder-model-8.1.2.jar (com.android.tools.build:builder-model:8.1.2) with InstrumentationAnalysisTransform
[        ] Transforming builder-model-8.1.2.jar (com.android.tools.build:builder-model:8.1.2) with MergeInstrumentationAnalysisTransform
[        ] Transforming android-test-plugin-result-listener-gradle-proto-31.1.2.jar (com.android.tools.utp:android-test-plugin-result-listener-gradle-proto:31.1.2) with ExternalDependencyInstrumentingArtifactTransform
[        ] Transforming dvlib-31.1.2.jar (com.android.tools:dvlib:31.1.2) with InstrumentationAnalysisTransform
[        ] Transforming builder-model-8.1.2.jar (com.android.tools.build:builder-model:8.1.2) with ExternalDependencyInstrumentingArtifactTransform
[        ] Transforming dvlib-31.1.2.jar (com.android.tools:dvlib:31.1.2) with MergeInstrumentationAnalysisTransform
[        ] Transforming common-31.1.2.jar (com.android.tools:common:31.1.2) with InstrumentationAnalysisTransform
[        ] Transforming common-31.1.2.jar (com.android.tools:common:31.1.2) with MergeInstrumentationAnalysisTransform
[        ] Transforming dvlib-31.1.2.jar (com.android.tools:dvlib:31.1.2) with ExternalDependencyInstrumentingArtifactTransform
[        ] Transforming kotlin-stdlib-jdk8-1.8.20-RC2.jar (org.jetbrains.kotlin:kotlin-stdlib-jdk8:1.8.20-RC2) with InstrumentationAnalysisTransform
[        ] Transforming common-31.1.2.jar (com.android.tools:common:31.1.2) with ExternalDependencyInstrumentingArtifactTransform
[        ] Transforming kotlin-stdlib-jdk8-1.8.20-RC2.jar (org.jetbrains.kotlin:kotlin-stdlib-jdk8:1.8.20-RC2) with MergeInstrumentationAnalysisTransform
[        ] Transforming transform-api-2.0.0-deprecated-use-gradle-api.jar (com.android.tools.build:transform-api:2.0.0-deprecated-use-gradle-api) with InstrumentationAnalysisTransform
[        ] Transforming transform-api-2.0.0-deprecated-use-gradle-api.jar (com.android.tools.build:transform-api:2.0.0-deprecated-use-gradle-api) with MergeInstrumentationAnalysisTransform
[        ] Transforming kotlin-stdlib-jdk8-1.8.20-RC2.jar (org.jetbrains.kotlin:kotlin-stdlib-jdk8:1.8.20-RC2) with ExternalDependencyInstrumentingArtifactTransform
[        ] Transforming httpmime-4.5.6.jar (org.apache.httpcomponents:httpmime:4.5.6) with InstrumentationAnalysisTransform
[        ] Transforming httpmime-4.5.6.jar (org.apache.httpcomponents:httpmime:4.5.6) with MergeInstrumentationAnalysisTransform
[        ] Transforming commons-io-2.4.jar (commons-io:commons-io:2.4) with InstrumentationAnalysisTransform
[        ] Transforming commons-io-2.4.jar (commons-io:commons-io:2.4) with MergeInstrumentationAnalysisTransform
[        ] Transforming jetifier-processor-1.0.0-beta10.jar (com.android.tools.build.jetifier:jetifier-processor:1.0.0-beta10) with InstrumentationAnalysisTransform
[        ] Transforming jetifier-processor-1.0.0-beta10.jar (com.android.tools.build.jetifier:jetifier-processor:1.0.0-beta10) with MergeInstrumentationAnalysisTransform
[        ] Transforming asm-commons-9.2.jar (org.ow2.asm:asm-commons:9.2) with InstrumentationAnalysisTransform
[        ] Transforming httpmime-4.5.6.jar (org.apache.httpcomponents:httpmime:4.5.6) with ExternalDependencyInstrumentingArtifactTransform
[        ] Transforming commons-io-2.4.jar (commons-io:commons-io:2.4) with ExternalDependencyInstrumentingArtifactTransform
[        ] Transforming jetifier-processor-1.0.0-beta10.jar (com.android.tools.build.jetifier:jetifier-processor:1.0.0-beta10) with ExternalDependencyInstrumentingArtifactTransform
[        ] Transforming asm-commons-9.2.jar (org.ow2.asm:asm-commons:9.2) with MergeInstrumentationAnalysisTransform
[        ] Transforming asm-util-9.2.jar (org.ow2.asm:asm-util:9.2) with InstrumentationAnalysisTransform
[        ] Transforming asm-util-9.2.jar (org.ow2.asm:asm-util:9.2) with MergeInstrumentationAnalysisTransform
[        ] Transforming asm-analysis-9.2.jar (org.ow2.asm:asm-analysis:9.2) with InstrumentationAnalysisTransform
[        ] Transforming asm-analysis-9.2.jar (org.ow2.asm:asm-analysis:9.2) with MergeInstrumentationAnalysisTransform
[        ] Transforming asm-tree-9.2.jar (org.ow2.asm:asm-tree:9.2) with InstrumentationAnalysisTransform
[        ] Transforming asm-tree-9.2.jar (org.ow2.asm:asm-tree:9.2) with MergeInstrumentationAnalysisTransform
[        ] Transforming asm-9.2.jar (org.ow2.asm:asm:9.2) with InstrumentationAnalysisTransform
[        ] Transforming asm-util-9.2.jar (org.ow2.asm:asm-util:9.2) with ExternalDependencyInstrumentingArtifactTransform
[        ] Transforming transform-api-2.0.0-deprecated-use-gradle-api.jar (com.android.tools.build:transform-api:2.0.0-deprecated-use-gradle-api) with ExternalDependencyInstrumentingArtifactTransform
[        ] Transforming asm-analysis-9.2.jar (org.ow2.asm:asm-analysis:9.2) with ExternalDependencyInstrumentingArtifactTransform
[        ] Transforming asm-9.2.jar (org.ow2.asm:asm:9.2) with MergeInstrumentationAnalysisTransform
[        ] Transforming asm-commons-9.2.jar (org.ow2.asm:asm-commons:9.2) with ExternalDependencyInstrumentingArtifactTransform
[        ] Transforming apkzlib-8.1.2.jar (com.android.tools.build:apkzlib:8.1.2) with InstrumentationAnalysisTransform
[        ] Transforming apkzlib-8.1.2.jar (com.android.tools.build:apkzlib:8.1.2) with MergeInstrumentationAnalysisTransform
[        ] Transforming asm-tree-9.2.jar (org.ow2.asm:asm-tree:9.2) with ExternalDependencyInstrumentingArtifactTransform
[        ] Transforming bcpkix-jdk15on-1.67.jar (org.bouncycastle:bcpkix-jdk15on:1.67) with InstrumentationAnalysisTransform
[        ] Transforming asm-9.2.jar (org.ow2.asm:asm:9.2) with ExternalDependencyInstrumentingArtifactTransform
[        ] Transforming bcpkix-jdk15on-1.67.jar (org.bouncycastle:bcpkix-jdk15on:1.67) with MergeInstrumentationAnalysisTransform
[        ] Transforming apkzlib-8.1.2.jar (com.android.tools.build:apkzlib:8.1.2) with ExternalDependencyInstrumentingArtifactTransform
[        ] Transforming jaxb-runtime-2.3.2.jar (org.glassfish.jaxb:jaxb-runtime:2.3.2) with InstrumentationAnalysisTransform
[        ] Transforming bcpkix-jdk15on-1.67.jar (org.bouncycastle:bcpkix-jdk15on:1.67) with ExternalDependencyInstrumentingArtifactTransform
[        ] Transforming jaxb-runtime-2.3.2.jar (org.glassfish.jaxb:jaxb-runtime:2.3.2) with MergeInstrumentationAnalysisTransform
[        ] Transforming jopt-simple-4.9.jar (net.sf.jopt-simple:jopt-simple:4.9) with InstrumentationAnalysisTransform
[        ] Transforming jopt-simple-4.9.jar (net.sf.jopt-simple:jopt-simple:4.9) with MergeInstrumentationAnalysisTransform
[        ] Transforming jaxb-runtime-2.3.2.jar (org.glassfish.jaxb:jaxb-runtime:2.3.2) with ExternalDependencyInstrumentingArtifactTransform
[        ] Transforming jetifier-core-1.0.0-beta10.jar (com.android.tools.build.jetifier:jetifier-core:1.0.0-beta10) with InstrumentationAnalysisTransform
[        ] Transforming jopt-simple-4.9.jar (net.sf.jopt-simple:jopt-simple:4.9) with ExternalDependencyInstrumentingArtifactTransform
[        ] Transforming jetifier-core-1.0.0-beta10.jar (com.android.tools.build.jetifier:jetifier-core:1.0.0-beta10) with MergeInstrumentationAnalysisTransform
[        ] Transforming javapoet-1.10.0.jar (com.squareup:javapoet:1.10.0) with InstrumentationAnalysisTransform
[        ] Transforming javapoet-1.10.0.jar (com.squareup:javapoet:1.10.0) with MergeInstrumentationAnalysisTransform
[        ] Transforming protobuf-java-util-3.19.3.jar (com.google.protobuf:protobuf-java-util:3.19.3) with InstrumentationAnalysisTransform
[        ] Transforming jetifier-core-1.0.0-beta10.jar (com.android.tools.build.jetifier:jetifier-core:1.0.0-beta10) with ExternalDependencyInstrumentingArtifactTransform
[        ] Transforming javapoet-1.10.0.jar (com.squareup:javapoet:1.10.0) with ExternalDependencyInstrumentingArtifactTransform
[        ] Transforming protobuf-java-util-3.19.3.jar (com.google.protobuf:protobuf-java-util:3.19.3) with MergeInstrumentationAnalysisTransform
[        ] Transforming grpc-protobuf-1.45.1.jar (io.grpc:grpc-protobuf:1.45.1) with InstrumentationAnalysisTransform
[        ] Transforming grpc-protobuf-1.45.1.jar (io.grpc:grpc-protobuf:1.45.1) with MergeInstrumentationAnalysisTransform
[        ] Transforming tink-1.7.0.jar (com.google.crypto.tink:tink:1.7.0) with InstrumentationAnalysisTransform
[        ] Transforming protobuf-java-util-3.19.3.jar (com.google.protobuf:protobuf-java-util:3.19.3) with ExternalDependencyInstrumentingArtifactTransform
[        ] Transforming tink-1.7.0.jar (com.google.crypto.tink:tink:1.7.0) with MergeInstrumentationAnalysisTransform
[        ] Transforming grpc-protobuf-1.45.1.jar (io.grpc:grpc-protobuf:1.45.1) with ExternalDependencyInstrumentingArtifactTransform
[        ] Transforming protos-31.1.2.jar (com.android.tools.analytics-library:protos:31.1.2) with InstrumentationAnalysisTransform
[        ] Transforming tink-1.7.0.jar (com.google.crypto.tink:tink:1.7.0) with ExternalDependencyInstrumentingArtifactTransform
[        ] Transforming protos-31.1.2.jar (com.android.tools.analytics-library:protos:31.1.2) with MergeInstrumentationAnalysisTransform
[        ] Transforming proto-google-common-protos-2.0.1.jar (com.google.api.grpc:proto-google-common-protos:2.0.1) with InstrumentationAnalysisTransform
[        ] Transforming proto-google-common-protos-2.0.1.jar (com.google.api.grpc:proto-google-common-protos:2.0.1) with MergeInstrumentationAnalysisTransform
[        ] Transforming protobuf-java-3.19.3.jar (com.google.protobuf:protobuf-java:3.19.3) with InstrumentationAnalysisTransform
[        ] Transforming protobuf-java-3.19.3.jar (com.google.protobuf:protobuf-java:3.19.3) with MergeInstrumentationAnalysisTransform
[        ] Transforming grpc-netty-1.45.1.jar (io.grpc:grpc-netty:1.45.1) with InstrumentationAnalysisTransform
[        ] Transforming protos-31.1.2.jar (com.android.tools.analytics-library:protos:31.1.2) with ExternalDependencyInstrumentingArtifactTransform
[        ] Transforming proto-google-common-protos-2.0.1.jar (com.google.api.grpc:proto-google-common-protos:2.0.1) with ExternalDependencyInstrumentingArtifactTransform
[        ] Transforming grpc-netty-1.45.1.jar (io.grpc:grpc-netty:1.45.1) with MergeInstrumentationAnalysisTransform
[        ] Transforming protobuf-java-3.19.3.jar (com.google.protobuf:protobuf-java:3.19.3) with ExternalDependencyInstrumentingArtifactTransform
[        ] Transforming grpc-core-1.45.1.jar (io.grpc:grpc-core:1.45.1) with InstrumentationAnalysisTransform
[        ] Transforming grpc-netty-1.45.1.jar (io.grpc:grpc-netty:1.45.1) with ExternalDependencyInstrumentingArtifactTransform
[        ] Transforming grpc-core-1.45.1.jar (io.grpc:grpc-core:1.45.1) with MergeInstrumentationAnalysisTransform
[        ] Transforming gson-2.8.9.jar (com.google.code.gson:gson:2.8.9) with InstrumentationAnalysisTransform
[        ] Transforming gson-2.8.9.jar (com.google.code.gson:gson:2.8.9) with MergeInstrumentationAnalysisTransform
[        ] Transforming grpc-stub-1.45.1.jar (io.grpc:grpc-stub:1.45.1) with InstrumentationAnalysisTransform
[        ] Transforming grpc-core-1.45.1.jar (io.grpc:grpc-core:1.45.1) with ExternalDependencyInstrumentingArtifactTransform
[        ] Transforming gson-2.8.9.jar (com.google.code.gson:gson:2.8.9) with ExternalDependencyInstrumentingArtifactTransform
[        ] Transforming grpc-stub-1.45.1.jar (io.grpc:grpc-stub:1.45.1) with MergeInstrumentationAnalysisTransform
[        ] Transforming core-proto-0.0.8-alpha08.jar (com.google.testing.platform:core-proto:0.0.8-alpha08) with InstrumentationAnalysisTransform
[        ] Transforming core-proto-0.0.8-alpha08.jar (com.google.testing.platform:core-proto:0.0.8-alpha08) with MergeInstrumentationAnalysisTransform
[        ] Transforming tensorflow-lite-metadata-0.1.0-rc2.jar (org.tensorflow:tensorflow-lite-metadata:0.1.0-rc2) with InstrumentationAnalysisTransform
[        ] Transforming tensorflow-lite-metadata-0.1.0-rc2.jar (org.tensorflow:tensorflow-lite-metadata:0.1.0-rc2) with MergeInstrumentationAnalysisTransform
[        ] Transforming flatbuffers-java-1.12.0.jar (com.google.flatbuffers:flatbuffers-java:1.12.0) with InstrumentationAnalysisTransform
[        ] Transforming flatbuffers-java-1.12.0.jar (com.google.flatbuffers:flatbuffers-java:1.12.0) with MergeInstrumentationAnalysisTransform
[        ] Transforming jimfs-1.1.jar (com.google.jimfs:jimfs:1.1) with InstrumentationAnalysisTransform
[        ] Transforming jimfs-1.1.jar (com.google.jimfs:jimfs:1.1) with MergeInstrumentationAnalysisTransform
[        ] Transforming grpc-protobuf-lite-1.45.1.jar (io.grpc:grpc-protobuf-lite:1.45.1) with InstrumentationAnalysisTransform
[        ] Transforming grpc-protobuf-lite-1.45.1.jar (io.grpc:grpc-protobuf-lite:1.45.1) with MergeInstrumentationAnalysisTransform
[        ] Transforming grpc-api-1.45.1.jar (io.grpc:grpc-api:1.45.1) with InstrumentationAnalysisTransform
[        ] Transforming grpc-api-1.45.1.jar (io.grpc:grpc-api:1.45.1) with MergeInstrumentationAnalysisTransform
[        ] Transforming guava-31.1-jre.jar (com.google.guava:guava:31.1-jre) with InstrumentationAnalysisTransform
[        ] Transforming guava-31.1-jre.jar (com.google.guava:guava:31.1-jre) with MergeInstrumentationAnalysisTransform
[        ] Transforming dagger-2.28.3.jar (com.google.dagger:dagger:2.28.3) with InstrumentationAnalysisTransform
[        ] Transforming dagger-2.28.3.jar (com.google.dagger:dagger:2.28.3) with MergeInstrumentationAnalysisTransform
[        ] Transforming javax.inject-1.jar (javax.inject:javax.inject:1) with InstrumentationAnalysisTransform
[        ] Transforming javax.inject-1.jar (javax.inject:javax.inject:1) with MergeInstrumentationAnalysisTransform
[        ] Transforming kxml2-2.3.0.jar (net.sf.kxml:kxml2:2.3.0) with InstrumentationAnalysisTransform
[        ] Transforming jimfs-1.1.jar (com.google.jimfs:jimfs:1.1) with ExternalDependencyInstrumentingArtifactTransform
[        ] Transforming grpc-protobuf-lite-1.45.1.jar (io.grpc:grpc-protobuf-lite:1.45.1) with ExternalDependencyInstrumentingArtifactTransform
[        ] Transforming guava-31.1-jre.jar (com.google.guava:guava:31.1-jre) with ExternalDependencyInstrumentingArtifactTransform
[        ] Transforming grpc-stub-1.45.1.jar (io.grpc:grpc-stub:1.45.1) with ExternalDependencyInstrumentingArtifactTransform
[        ] Transforming javax.inject-1.jar (javax.inject:javax.inject:1) with ExternalDependencyInstrumentingArtifactTransform
[        ] Transforming dagger-2.28.3.jar (com.google.dagger:dagger:2.28.3) with ExternalDependencyInstrumentingArtifactTransform
[        ] Transforming grpc-api-1.45.1.jar (io.grpc:grpc-api:1.45.1) with ExternalDependencyInstrumentingArtifactTransform
[        ] Transforming kxml2-2.3.0.jar (net.sf.kxml:kxml2:2.3.0) with MergeInstrumentationAnalysisTransform
[        ] Transforming flatbuffers-java-1.12.0.jar (com.google.flatbuffers:flatbuffers-java:1.12.0) with ExternalDependencyInstrumentingArtifactTransform
[        ] Transforming kxml2-2.3.0.jar (net.sf.kxml:kxml2:2.3.0) with ExternalDependencyInstrumentingArtifactTransform
[        ] Transforming tensorflow-lite-metadata-0.1.0-rc2.jar (org.tensorflow:tensorflow-lite-metadata:0.1.0-rc2) with ExternalDependencyInstrumentingArtifactTransform
[        ] Transforming core-proto-0.0.8-alpha08.jar (com.google.testing.platform:core-proto:0.0.8-alpha08) with ExternalDependencyInstrumentingArtifactTransform
[        ] Transforming bcprov-jdk15on-1.67.jar (org.bouncycastle:bcprov-jdk15on:1.67) with InstrumentationAnalysisTransform
[        ] Transforming bcprov-jdk15on-1.67.jar (org.bouncycastle:bcprov-jdk15on:1.67) with MergeInstrumentationAnalysisTransform
[        ] Transforming trove4j-1.0.20200330.jar (org.jetbrains.intellij.deps:trove4j:1.0.20200330) with InstrumentationAnalysisTransform
[        ] Transforming trove4j-1.0.20200330.jar (org.jetbrains.intellij.deps:trove4j:1.0.20200330) with MergeInstrumentationAnalysisTransform
[        ] Transforming bcprov-jdk15on-1.67.jar (org.bouncycastle:bcprov-jdk15on:1.67) with ExternalDependencyInstrumentingArtifactTransform
[        ] Transforming kotlin-reflect-1.8.20-RC2.jar (org.jetbrains.kotlin:kotlin-reflect:1.8.20-RC2) with InstrumentationAnalysisTransform
[        ] Transforming kotlin-reflect-1.8.20-RC2.jar (org.jetbrains.kotlin:kotlin-reflect:1.8.20-RC2) with MergeInstrumentationAnalysisTransform
[        ] Transforming trove4j-1.0.20200330.jar (org.jetbrains.intellij.deps:trove4j:1.0.20200330) with ExternalDependencyInstrumentingArtifactTransform
[        ] Transforming kotlin-reflect-1.8.20-RC2.jar (org.jetbrains.kotlin:kotlin-reflect:1.8.20-RC2) with ExternalDependencyInstrumentingArtifactTransform
[        ] Transforming xercesImpl-2.12.0.jar (xerces:xercesImpl:2.12.0) with InstrumentationAnalysisTransform
[        ] Transforming xercesImpl-2.12.0.jar (xerces:xercesImpl:2.12.0) with MergeInstrumentationAnalysisTransform
[        ] Transforming commons-compress-1.21.jar (org.apache.commons:commons-compress:1.21) with InstrumentationAnalysisTransform
[        ] Transforming commons-compress-1.21.jar (org.apache.commons:commons-compress:1.21) with MergeInstrumentationAnalysisTransform
[        ] Transforming httpclient-4.5.13.jar (org.apache.httpcomponents:httpclient:4.5.13) with InstrumentationAnalysisTransform
[        ] Transforming httpclient-4.5.13.jar (org.apache.httpcomponents:httpclient:4.5.13) with MergeInstrumentationAnalysisTransform
[        ] Transforming httpcore-4.4.15.jar (org.apache.httpcomponents:httpcore:4.4.15) with InstrumentationAnalysisTransform
[        ] Transforming httpcore-4.4.15.jar (org.apache.httpcomponents:httpcore:4.4.15) with MergeInstrumentationAnalysisTransform
[        ] Transforming javax.activation-1.2.0.jar (com.sun.activation:javax.activation:1.2.0) with InstrumentationAnalysisTransform
[        ] Transforming javax.activation-1.2.0.jar (com.sun.activation:javax.activation:1.2.0) with MergeInstrumentationAnalysisTransform
[        ] Transforming kotlin-stdlib-jdk7-1.8.20-RC2.jar (org.jetbrains.kotlin:kotlin-stdlib-jdk7:1.8.20-RC2) with InstrumentationAnalysisTransform
[        ] Transforming kotlin-stdlib-jdk7-1.8.20-RC2.jar (org.jetbrains.kotlin:kotlin-stdlib-jdk7:1.8.20-RC2) with MergeInstrumentationAnalysisTransform
[        ] Transforming kotlin-stdlib-1.8.20-RC2.jar (org.jetbrains.kotlin:kotlin-stdlib:1.8.20-RC2) with InstrumentationAnalysisTransform
[        ] Transforming kotlin-stdlib-1.8.20-RC2.jar (org.jetbrains.kotlin:kotlin-stdlib:1.8.20-RC2) with MergeInstrumentationAnalysisTransform
[        ] Transforming annotations-13.0.jar (org.jetbrains:annotations:13.0) with InstrumentationAnalysisTransform
[        ] Transforming annotations-13.0.jar (org.jetbrains:annotations:13.0) with MergeInstrumentationAnalysisTransform
[        ] Transforming signflinger-8.1.2.jar (com.android:signflinger:8.1.2) with InstrumentationAnalysisTransform
[        ] Transforming signflinger-8.1.2.jar (com.android:signflinger:8.1.2) with MergeInstrumentationAnalysisTransform
[        ] Transforming zipflinger-8.1.2.jar (com.android:zipflinger:8.1.2) with InstrumentationAnalysisTransform
[        ] Transforming zipflinger-8.1.2.jar (com.android:zipflinger:8.1.2) with MergeInstrumentationAnalysisTransform
[        ] Transforming annotations-31.1.2.jar (com.android.tools:annotations:31.1.2) with InstrumentationAnalysisTransform
[        ] Transforming annotations-31.1.2.jar (com.android.tools:annotations:31.1.2) with MergeInstrumentationAnalysisTransform
[        ] Transforming jna-platform-5.6.0.jar (net.java.dev.jna:jna-platform:5.6.0) with InstrumentationAnalysisTransform
[        ] Transforming jna-platform-5.6.0.jar (net.java.dev.jna:jna-platform:5.6.0) with MergeInstrumentationAnalysisTransform
[        ] Transforming juniversalchardet-1.0.3.jar (com.googlecode.juniversalchardet:juniversalchardet:1.0.3) with InstrumentationAnalysisTransform
[        ] Transforming juniversalchardet-1.0.3.jar (com.googlecode.juniversalchardet:juniversalchardet:1.0.3) with MergeInstrumentationAnalysisTransform
[        ] Transforming javax.annotation-api-1.3.2.jar (javax.annotation:javax.annotation-api:1.3.2) with InstrumentationAnalysisTransform
[        ] Transforming javax.annotation-api-1.3.2.jar (javax.annotation:javax.annotation-api:1.3.2) with MergeInstrumentationAnalysisTransform
[        ] Transforming stax-ex-1.8.1.jar (org.jvnet.staxex:stax-ex:1.8.1) with InstrumentationAnalysisTransform
[        ] Transforming stax-ex-1.8.1.jar (org.jvnet.staxex:stax-ex:1.8.1) with MergeInstrumentationAnalysisTransform
[        ] Transforming jakarta.xml.bind-api-2.3.2.jar (jakarta.xml.bind:jakarta.xml.bind-api:2.3.2) with InstrumentationAnalysisTransform
[        ] Transforming jakarta.xml.bind-api-2.3.2.jar (jakarta.xml.bind:jakarta.xml.bind-api:2.3.2) with MergeInstrumentationAnalysisTransform
[        ] Transforming txw2-2.3.2.jar (org.glassfish.jaxb:txw2:2.3.2) with InstrumentationAnalysisTransform
[        ] Transforming txw2-2.3.2.jar (org.glassfish.jaxb:txw2:2.3.2) with MergeInstrumentationAnalysisTransform
[        ] Transforming istack-commons-runtime-3.0.8.jar (com.sun.istack:istack-commons-runtime:3.0.8) with InstrumentationAnalysisTransform
[        ] Transforming istack-commons-runtime-3.0.8.jar (com.sun.istack:istack-commons-runtime:3.0.8) with MergeInstrumentationAnalysisTransform
[        ] Transforming FastInfoset-1.2.16.jar (com.sun.xml.fastinfoset:FastInfoset:1.2.16) with InstrumentationAnalysisTransform
[        ] Transforming FastInfoset-1.2.16.jar (com.sun.xml.fastinfoset:FastInfoset:1.2.16) with MergeInstrumentationAnalysisTransform
[        ] Transforming jakarta.activation-api-1.2.1.jar (jakarta.activation:jakarta.activation-api:1.2.1) with InstrumentationAnalysisTransform
[        ] Transforming jakarta.activation-api-1.2.1.jar (jakarta.activation:jakarta.activation-api:1.2.1) with MergeInstrumentationAnalysisTransform
[        ] Transforming auto-value-annotations-1.6.2.jar (com.google.auto.value:auto-value-annotations:1.6.2) with InstrumentationAnalysisTransform
[        ] Transforming auto-value-annotations-1.6.2.jar (com.google.auto.value:auto-value-annotations:1.6.2) with MergeInstrumentationAnalysisTransform
[        ] Transforming error_prone_annotations-2.11.0.jar (com.google.errorprone:error_prone_annotations:2.11.0) with InstrumentationAnalysisTransform
[        ] Transforming error_prone_annotations-2.11.0.jar (com.google.errorprone:error_prone_annotations:2.11.0) with MergeInstrumentationAnalysisTransform
[        ] Transforming jose4j-0.7.0.jar (org.bitbucket.b_c:jose4j:0.7.0) with InstrumentationAnalysisTransform
[        ] Transforming jose4j-0.7.0.jar (org.bitbucket.b_c:jose4j:0.7.0) with MergeInstrumentationAnalysisTransform
[        ] Transforming slf4j-api-1.7.30.jar (org.slf4j:slf4j-api:1.7.30) with InstrumentationAnalysisTransform
[        ] Transforming slf4j-api-1.7.30.jar (org.slf4j:slf4j-api:1.7.30) with MergeInstrumentationAnalysisTransform
[        ] Transforming jdom2-2.0.6.jar (org.jdom:jdom2:2.0.6) with InstrumentationAnalysisTransform
[        ] Transforming jdom2-2.0.6.jar (org.jdom:jdom2:2.0.6) with MergeInstrumentationAnalysisTransform
[        ] Transforming j2objc-annotations-1.3.jar (com.google.j2objc:j2objc-annotations:1.3) with InstrumentationAnalysisTransform
[        ] Transforming j2objc-annotations-1.3.jar (com.google.j2objc:j2objc-annotations:1.3) with MergeInstrumentationAnalysisTransform
[        ] Transforming jsr305-3.0.2.jar (com.google.code.findbugs:jsr305:3.0.2) with InstrumentationAnalysisTransform
[        ] Transforming jsr305-3.0.2.jar (com.google.code.findbugs:jsr305:3.0.2) with MergeInstrumentationAnalysisTransform
[        ] Transforming annotations-4.1.1.4.jar (com.google.android:annotations:4.1.1.4) with InstrumentationAnalysisTransform
[        ] Transforming annotations-4.1.1.4.jar (com.google.android:annotations:4.1.1.4) with MergeInstrumentationAnalysisTransform
[        ] Transforming animal-sniffer-annotations-1.19.jar (org.codehaus.mojo:animal-sniffer-annotations:1.19) with InstrumentationAnalysisTransform
[        ] Transforming animal-sniffer-annotations-1.19.jar (org.codehaus.mojo:animal-sniffer-annotations:1.19) with MergeInstrumentationAnalysisTransform
[        ] Transforming perfmark-api-0.23.0.jar (io.perfmark:perfmark-api:0.23.0) with InstrumentationAnalysisTransform
[        ] Transforming perfmark-api-0.23.0.jar (io.perfmark:perfmark-api:0.23.0) with MergeInstrumentationAnalysisTransform
[        ] Transforming netty-codec-http2-4.1.72.Final.jar (io.netty:netty-codec-http2:4.1.72.Final) with InstrumentationAnalysisTransform
[        ] Transforming netty-codec-http2-4.1.72.Final.jar (io.netty:netty-codec-http2:4.1.72.Final) with MergeInstrumentationAnalysisTransform
[        ] Transforming netty-handler-proxy-4.1.72.Final.jar (io.netty:netty-handler-proxy:4.1.72.Final) with InstrumentationAnalysisTransform
[        ] Transforming netty-handler-proxy-4.1.72.Final.jar (io.netty:netty-handler-proxy:4.1.72.Final) with MergeInstrumentationAnalysisTransform
[        ] Transforming checker-qual-3.12.0.jar (org.checkerframework:checker-qual:3.12.0) with InstrumentationAnalysisTransform
[        ] Transforming checker-qual-3.12.0.jar (org.checkerframework:checker-qual:3.12.0) with MergeInstrumentationAnalysisTransform
[        ] Transforming commons-codec-1.11.jar (commons-codec:commons-codec:1.11) with InstrumentationAnalysisTransform
[        ] Transforming commons-codec-1.11.jar (commons-codec:commons-codec:1.11) with MergeInstrumentationAnalysisTransform
[        ] Transforming apksig-8.1.2.jar (com.android.tools.build:apksig:8.1.2) with InstrumentationAnalysisTransform
[        ] Transforming apksig-8.1.2.jar (com.android.tools.build:apksig:8.1.2) with MergeInstrumentationAnalysisTransform
[        ] Transforming javawriter-2.5.0.jar (com.squareup:javawriter:2.5.0) with InstrumentationAnalysisTransform
[        ] Transforming javawriter-2.5.0.jar (com.squareup:javawriter:2.5.0) with MergeInstrumentationAnalysisTransform
[        ] Transforming failureaccess-1.0.1.jar (com.google.guava:failureaccess:1.0.1) with InstrumentationAnalysisTransform
[        ] Transforming failureaccess-1.0.1.jar (com.google.guava:failureaccess:1.0.1) with MergeInstrumentationAnalysisTransform
[        ] Transforming listenablefuture-9999.0-empty-to-avoid-conflict-with-guava.jar (com.google.guava:listenablefuture:9999.0-empty-to-avoid-conflict-with-guava) with InstrumentationAnalysisTransform
[        ] Transforming listenablefuture-9999.0-empty-to-avoid-conflict-with-guava.jar (com.google.guava:listenablefuture:9999.0-empty-to-avoid-conflict-with-guava) with MergeInstrumentationAnalysisTransform
[        ] Transforming xml-apis-1.4.01.jar (xml-apis:xml-apis:1.4.01) with InstrumentationAnalysisTransform
[        ] Transforming xml-apis-1.4.01.jar (xml-apis:xml-apis:1.4.01) with MergeInstrumentationAnalysisTransform
[        ] Transforming commons-logging-1.2.jar (commons-logging:commons-logging:1.2) with InstrumentationAnalysisTransform
[        ] Transforming commons-logging-1.2.jar (commons-logging:commons-logging:1.2) with MergeInstrumentationAnalysisTransform
[        ] Transforming jna-5.6.0.jar (net.java.dev.jna:jna:5.6.0) with InstrumentationAnalysisTransform
[        ] Transforming jna-5.6.0.jar (net.java.dev.jna:jna:5.6.0) with MergeInstrumentationAnalysisTransform
[        ] Transforming kotlin-stdlib-common-1.8.20-RC2.jar (org.jetbrains.kotlin:kotlin-stdlib-common:1.8.20-RC2) with InstrumentationAnalysisTransform
[        ] Transforming kotlin-stdlib-common-1.8.20-RC2.jar (org.jetbrains.kotlin:kotlin-stdlib-common:1.8.20-RC2) with MergeInstrumentationAnalysisTransform
[        ] Transforming grpc-context-1.45.1.jar (io.grpc:grpc-context:1.45.1) with InstrumentationAnalysisTransform
[        ] Transforming grpc-context-1.45.1.jar (io.grpc:grpc-context:1.45.1) with MergeInstrumentationAnalysisTransform
[        ] Transforming netty-codec-http-4.1.72.Final.jar (io.netty:netty-codec-http:4.1.72.Final) with InstrumentationAnalysisTransform
[        ] Transforming netty-codec-http-4.1.72.Final.jar (io.netty:netty-codec-http:4.1.72.Final) with MergeInstrumentationAnalysisTransform
[        ] Transforming netty-handler-4.1.72.Final.jar (io.netty:netty-handler:4.1.72.Final) with InstrumentationAnalysisTransform
[        ] Transforming netty-handler-4.1.72.Final.jar (io.netty:netty-handler:4.1.72.Final) with MergeInstrumentationAnalysisTransform
[        ] Transforming netty-codec-socks-4.1.72.Final.jar (io.netty:netty-codec-socks:4.1.72.Final) with InstrumentationAnalysisTransform
[        ] Transforming netty-codec-socks-4.1.72.Final.jar (io.netty:netty-codec-socks:4.1.72.Final) with MergeInstrumentationAnalysisTransform
[        ] Transforming netty-codec-4.1.72.Final.jar (io.netty:netty-codec:4.1.72.Final) with InstrumentationAnalysisTransform
[        ] Transforming netty-codec-4.1.72.Final.jar (io.netty:netty-codec:4.1.72.Final) with MergeInstrumentationAnalysisTransform
[   +1 ms] Transforming netty-transport-4.1.72.Final.jar (io.netty:netty-transport:4.1.72.Final) with InstrumentationAnalysisTransform
[        ] Transforming netty-transport-4.1.72.Final.jar (io.netty:netty-transport:4.1.72.Final) with MergeInstrumentationAnalysisTransform
[        ] Transforming netty-buffer-4.1.72.Final.jar (io.netty:netty-buffer:4.1.72.Final) with InstrumentationAnalysisTransform
[        ] Transforming netty-buffer-4.1.72.Final.jar (io.netty:netty-buffer:4.1.72.Final) with MergeInstrumentationAnalysisTransform
[        ] Transforming netty-resolver-4.1.72.Final.jar (io.netty:netty-resolver:4.1.72.Final) with InstrumentationAnalysisTransform
[        ] Transforming netty-resolver-4.1.72.Final.jar (io.netty:netty-resolver:4.1.72.Final) with MergeInstrumentationAnalysisTransform
[        ] Transforming netty-common-4.1.72.Final.jar (io.netty:netty-common:4.1.72.Final) with InstrumentationAnalysisTransform
[        ] Transforming netty-common-4.1.72.Final.jar (io.netty:netty-common:4.1.72.Final) with MergeInstrumentationAnalysisTransform
[        ] Transforming netty-tcnative-classes-2.0.46.Final.jar (io.netty:netty-tcnative-classes:2.0.46.Final) with InstrumentationAnalysisTransform
[        ] Transforming netty-tcnative-classes-2.0.46.Final.jar (io.netty:netty-tcnative-classes:2.0.46.Final) with MergeInstrumentationAnalysisTransform
[        ] Transforming commons-compress-1.21.jar (org.apache.commons:commons-compress:1.21) with ExternalDependencyInstrumentingArtifactTransform
[        ] Transforming xercesImpl-2.12.0.jar (xerces:xercesImpl:2.12.0) with ExternalDependencyInstrumentingArtifactTransform
[        ] Transforming httpclient-4.5.13.jar (org.apache.httpcomponents:httpclient:4.5.13) with ExternalDependencyInstrumentingArtifactTransform
[        ] Transforming httpcore-4.4.15.jar (org.apache.httpcomponents:httpcore:4.4.15) with ExternalDependencyInstrumentingArtifactTransform
[        ] Transforming javax.activation-1.2.0.jar (com.sun.activation:javax.activation:1.2.0) with ExternalDependencyInstrumentingArtifactTransform
[        ] Transforming kotlin-stdlib-1.8.20-RC2.jar (org.jetbrains.kotlin:kotlin-stdlib:1.8.20-RC2) with ExternalDependencyInstrumentingArtifactTransform
[        ] Transforming kotlin-stdlib-jdk7-1.8.20-RC2.jar (org.jetbrains.kotlin:kotlin-stdlib-jdk7:1.8.20-RC2) with ExternalDependencyInstrumentingArtifactTransform
[        ] Transforming annotations-13.0.jar (org.jetbrains:annotations:13.0) with ExternalDependencyInstrumentingArtifactTransform
[        ] Transforming signflinger-8.1.2.jar (com.android:signflinger:8.1.2) with ExternalDependencyInstrumentingArtifactTransform
[        ] Transforming zipflinger-8.1.2.jar (com.android:zipflinger:8.1.2) with ExternalDependencyInstrumentingArtifactTransform
[        ] Transforming jna-platform-5.6.0.jar (net.java.dev.jna:jna-platform:5.6.0) with ExternalDependencyInstrumentingArtifactTransform
[        ] Transforming annotations-31.1.2.jar (com.android.tools:annotations:31.1.2) with ExternalDependencyInstrumentingArtifactTransform
[        ] Transforming stax-ex-1.8.1.jar (org.jvnet.staxex:stax-ex:1.8.1) with ExternalDependencyInstrumentingArtifactTransform
[        ] Transforming jakarta.xml.bind-api-2.3.2.jar (jakarta.xml.bind:jakarta.xml.bind-api:2.3.2) with ExternalDependencyInstrumentingArtifactTransform
[        ] Transforming txw2-2.3.2.jar (org.glassfish.jaxb:txw2:2.3.2) with ExternalDependencyInstrumentingArtifactTransform
[        ] Transforming juniversalchardet-1.0.3.jar (com.googlecode.juniversalchardet:juniversalchardet:1.0.3) with ExternalDependencyInstrumentingArtifactTransform
[        ] Transforming auto-value-annotations-1.6.2.jar (com.google.auto.value:auto-value-annotations:1.6.2) with ExternalDependencyInstrumentingArtifactTransform
[        ] Transforming FastInfoset-1.2.16.jar (com.sun.xml.fastinfoset:FastInfoset:1.2.16) with ExternalDependencyInstrumentingArtifactTransform
[        ] Transforming error_prone_annotations-2.11.0.jar (com.google.errorprone:error_prone_annotations:2.11.0) with ExternalDependencyInstrumentingArtifactTransform
[        ] Transforming jose4j-0.7.0.jar (org.bitbucket.b_c:jose4j:0.7.0) with ExternalDependencyInstrumentingArtifactTransform
[        ] Transforming slf4j-api-1.7.30.jar (org.slf4j:slf4j-api:1.7.30) with ExternalDependencyInstrumentingArtifactTransform
[        ] Transforming jdom2-2.0.6.jar (org.jdom:jdom2:2.0.6) with ExternalDependencyInstrumentingArtifactTransform
[        ] Transforming jsr305-3.0.2.jar (com.google.code.findbugs:jsr305:3.0.2) with ExternalDependencyInstrumentingArtifactTransform
[        ] Transforming animal-sniffer-annotations-1.19.jar (org.codehaus.mojo:animal-sniffer-annotations:1.19) with ExternalDependencyInstrumentingArtifactTransform
[        ] Transforming istack-commons-runtime-3.0.8.jar (com.sun.istack:istack-commons-runtime:3.0.8) with ExternalDependencyInstrumentingArtifactTransform
[        ] Transforming netty-codec-http2-4.1.72.Final.jar (io.netty:netty-codec-http2:4.1.72.Final) with ExternalDependencyInstrumentingArtifactTransform
[        ] Transforming netty-handler-proxy-4.1.72.Final.jar (io.netty:netty-handler-proxy:4.1.72.Final) with ExternalDependencyInstrumentingArtifactTransform
[        ] Transforming javax.annotation-api-1.3.2.jar (javax.annotation:javax.annotation-api:1.3.2) with ExternalDependencyInstrumentingArtifactTransform
[        ] Transforming javawriter-2.5.0.jar (com.squareup:javawriter:2.5.0) with ExternalDependencyInstrumentingArtifactTransform
[        ] Transforming failureaccess-1.0.1.jar (com.google.guava:failureaccess:1.0.1) with ExternalDependencyInstrumentingArtifactTransform
[        ] Transforming xml-apis-1.4.01.jar (xml-apis:xml-apis:1.4.01) with ExternalDependencyInstrumentingArtifactTransform
[        ] Transforming commons-logging-1.2.jar (commons-logging:commons-logging:1.2) with ExternalDependencyInstrumentingArtifactTransform
[        ] Transforming apksig-8.1.2.jar (com.android.tools.build:apksig:8.1.2) with ExternalDependencyInstrumentingArtifactTransform
[        ] Transforming kotlin-stdlib-common-1.8.20-RC2.jar (org.jetbrains.kotlin:kotlin-stdlib-common:1.8.20-RC2) with ExternalDependencyInstrumentingArtifactTransform
[        ] Transforming netty-codec-http-4.1.72.Final.jar (io.netty:netty-codec-http:4.1.72.Final) with ExternalDependencyInstrumentingArtifactTransform
[        ] Transforming netty-handler-4.1.72.Final.jar (io.netty:netty-handler:4.1.72.Final) with ExternalDependencyInstrumentingArtifactTransform
[        ] Transforming checker-qual-3.12.0.jar (org.checkerframework:checker-qual:3.12.0) with ExternalDependencyInstrumentingArtifactTransform
[        ] Transforming netty-buffer-4.1.72.Final.jar (io.netty:netty-buffer:4.1.72.Final) with ExternalDependencyInstrumentingArtifactTransform
[        ] Transforming commons-codec-1.11.jar (commons-codec:commons-codec:1.11) with ExternalDependencyInstrumentingArtifactTransform
[        ] Transforming perfmark-api-0.23.0.jar (io.perfmark:perfmark-api:0.23.0) with ExternalDependencyInstrumentingArtifactTransform
[        ] Transforming annotations-4.1.1.4.jar (com.google.android:annotations:4.1.1.4) with ExternalDependencyInstrumentingArtifactTransform
[        ] Transforming netty-common-4.1.72.Final.jar (io.netty:netty-common:4.1.72.Final) with ExternalDependencyInstrumentingArtifactTransform
[        ] Transforming j2objc-annotations-1.3.jar (com.google.j2objc:j2objc-annotations:1.3) with ExternalDependencyInstrumentingArtifactTransform
[        ] Transforming jakarta.activation-api-1.2.1.jar (jakarta.activation:jakarta.activation-api:1.2.1) with ExternalDependencyInstrumentingArtifactTransform
[        ] Transforming netty-tcnative-classes-2.0.46.Final.jar (io.netty:netty-tcnative-classes:2.0.46.Final) with ExternalDependencyInstrumentingArtifactTransform
[        ] Transforming netty-resolver-4.1.72.Final.jar (io.netty:netty-resolver:4.1.72.Final) with ExternalDependencyInstrumentingArtifactTransform
[        ] Transforming netty-transport-4.1.72.Final.jar (io.netty:netty-transport:4.1.72.Final) with ExternalDependencyInstrumentingArtifactTransform
[        ] Transforming netty-codec-4.1.72.Final.jar (io.netty:netty-codec:4.1.72.Final) with ExternalDependencyInstrumentingArtifactTransform
[        ] Transforming netty-codec-socks-4.1.72.Final.jar (io.netty:netty-codec-socks:4.1.72.Final) with ExternalDependencyInstrumentingArtifactTransform
[        ] Transforming grpc-context-1.45.1.jar (io.grpc:grpc-context:1.45.1) with ExternalDependencyInstrumentingArtifactTransform
[        ] Transforming jna-5.6.0.jar (net.java.dev.jna:jna:5.6.0) with ExternalDependencyInstrumentingArtifactTransform
[        ] Transforming listenablefuture-9999.0-empty-to-avoid-conflict-with-guava.jar (com.google.guava:listenablefuture:9999.0-empty-to-avoid-conflict-with-guava) with ExternalDependencyInstrumentingArtifactTransform
[        ] Using default execution profile
[        ] > Configure project :firebase_core
[        ] Evaluating project ':firebase_core' using build file 'C:\Users\midhu\AppData\Local\Pub\Cache\hosted\pub.dev\firebase_core-2.32.0\android\build.gradle'.
[        ] Transforming gradle-8.1.2.jar (com.android.tools.build:gradle:8.1.2) with InstrumentationAnalysisTransform
[        ] Transforming gradle-settings-api-8.1.2.jar (com.android.tools.build:gradle-settings-api:8.1.2) with InstrumentationAnalysisTransform
[        ] Transforming lint-model-31.1.2.jar (com.android.tools.lint:lint-model:31.1.2) with InstrumentationAnalysisTransform
[        ] Transforming builder-8.1.2.jar (com.android.tools.build:builder:8.1.2) with InstrumentationAnalysisTransform
[        ] Transforming manifest-merger-31.1.2.jar (com.android.tools.build:manifest-merger:31.1.2) with InstrumentationAnalysisTransform
[        ] Transforming sdk-common-31.1.2.jar (com.android.tools:sdk-common:31.1.2) with InstrumentationAnalysisTransform
[        ] Transforming sdklib-31.1.2.jar (com.android.tools:sdklib:31.1.2) with InstrumentationAnalysisTransform
[        ] Transforming repository-31.1.2.jar (com.android.tools:repository:31.1.2) with InstrumentationAnalysisTransform
[        ] Transforming gradle-api-8.1.2.jar (com.android.tools.build:gradle-api:8.1.2) with InstrumentationAnalysisTransform
[        ] Transforming builder-test-api-8.1.2.jar (com.android.tools.build:builder-test-api:8.1.2) with InstrumentationAnalysisTransform
[        ] Transforming ddmlib-31.1.2.jar (com.android.tools.ddms:ddmlib:31.1.2) with InstrumentationAnalysisTransform
[        ] Transforming aaptcompiler-8.1.2.jar (com.android.tools.build:aaptcompiler:8.1.2) with InstrumentationAnalysisTransform
[        ] Transforming bundletool-1.14.0.jar (com.android.tools.build:bundletool:1.14.0) with InstrumentationAnalysisTransform
[        ] Transforming aapt2-proto-8.1.2-10154469.jar (com.android.tools.build:aapt2-proto:8.1.2-10154469) with InstrumentationAnalysisTransform
[        ] Transforming crash-31.1.2.jar (com.android.tools.analytics-library:crash:31.1.2) with InstrumentationAnalysisTransform
[        ] Transforming tracker-31.1.2.jar (com.android.tools.analytics-library:tracker:31.1.2) with InstrumentationAnalysisTransform
[        ] Transforming shared-31.1.2.jar (com.android.tools.analytics-library:shared:31.1.2) with InstrumentationAnalysisTransform
[        ] Transforming lint-typedef-remover-31.1.2.jar (com.android.tools.lint:lint-typedef-remover:31.1.2) with InstrumentationAnalysisTransform
[        ] Transforming databinding-compiler-common-8.1.2.jar (androidx.databinding:databinding-compiler-common:8.1.2) with InstrumentationAnalysisTransform
[        ] Transforming databinding-common-8.1.2.jar (androidx.databinding:databinding-common:8.1.2) with InstrumentationAnalysisTransform
[        ] Transforming baseLibrary-8.1.2.jar (com.android.databinding:baseLibrary:8.1.2) with InstrumentationAnalysisTransform
[        ] Transforming layoutlib-api-31.1.2.jar (com.android.tools.layoutlib:layoutlib-api:31.1.2) with InstrumentationAnalysisTransform
[        ] Transforming android-device-provider-ddmlib-proto-31.1.2.jar (com.android.tools.utp:android-device-provider-ddmlib-proto:31.1.2) with InstrumentationAnalysisTransform
[        ] Transforming android-device-provider-gradle-proto-31.1.2.jar (com.android.tools.utp:android-device-provider-gradle-proto:31.1.2) with InstrumentationAnalysisTransform
[        ] Transforming android-test-plugin-host-additional-test-output-proto-31.1.2.jar (com.android.tools.utp:android-test-plugin-host-additional-test-output-proto:31.1.2) with InstrumentationAnalysisTransform
[        ] Transforming android-test-plugin-host-coverage-proto-31.1.2.jar (com.android.tools.utp:android-test-plugin-host-coverage-proto:31.1.2) with InstrumentationAnalysisTransform
[        ] Transforming android-test-plugin-host-emulator-control-proto-31.1.2.jar (com.android.tools.utp:android-test-plugin-host-emulator-control-proto:31.1.2) with InstrumentationAnalysisTransform
[        ] Transforming android-test-plugin-host-logcat-proto-31.1.2.jar (com.android.tools.utp:android-test-plugin-host-logcat-proto:31.1.2) with InstrumentationAnalysisTransform
[        ] Transforming android-test-plugin-host-apk-installer-proto-31.1.2.jar (com.android.tools.utp:android-test-plugin-host-apk-installer-proto:31.1.2) with InstrumentationAnalysisTransform
[        ] Transforming android-test-plugin-host-retention-proto-31.1.2.jar (com.android.tools.utp:android-test-plugin-host-retention-proto:31.1.2) with InstrumentationAnalysisTransform
[        ] Transforming android-test-plugin-result-listener-gradle-proto-31.1.2.jar (com.android.tools.utp:android-test-plugin-result-listener-gradle-proto:31.1.2) with InstrumentationAnalysisTransform
[        ] Transforming builder-model-8.1.2.jar (com.android.tools.build:builder-model:8.1.2) with InstrumentationAnalysisTransform
[        ] Transforming dvlib-31.1.2.jar (com.android.tools:dvlib:31.1.2) with InstrumentationAnalysisTransform
[        ] Transforming common-31.1.2.jar (com.android.tools:common:31.1.2) with InstrumentationAnalysisTransform
[        ] Transforming kotlin-stdlib-jdk8-1.8.20-RC2.jar (org.jetbrains.kotlin:kotlin-stdlib-jdk8:1.8.20-RC2) with InstrumentationAnalysisTransform
[        ] Transforming transform-api-2.0.0-deprecated-use-gradle-api.jar (com.android.tools.build:transform-api:2.0.0-deprecated-use-gradle-api) with InstrumentationAnalysisTransform
[        ] Transforming httpmime-4.5.6.jar (org.apache.httpcomponents:httpmime:4.5.6) with InstrumentationAnalysisTransform
[        ] Transforming commons-io-2.4.jar (commons-io:commons-io:2.4) with InstrumentationAnalysisTransform
[        ] Transforming jetifier-processor-1.0.0-beta10.jar (com.android.tools.build.jetifier:jetifier-processor:1.0.0-beta10) with InstrumentationAnalysisTransform
[        ] Transforming asm-commons-9.2.jar (org.ow2.asm:asm-commons:9.2) with InstrumentationAnalysisTransform
[        ] Transforming asm-util-9.2.jar (org.ow2.asm:asm-util:9.2) with InstrumentationAnalysisTransform
[        ] Transforming asm-analysis-9.2.jar (org.ow2.asm:asm-analysis:9.2) with InstrumentationAnalysisTransform
[        ] Transforming asm-tree-9.2.jar (org.ow2.asm:asm-tree:9.2) with InstrumentationAnalysisTransform
[        ] Transforming asm-9.2.jar (org.ow2.asm:asm:9.2) with InstrumentationAnalysisTransform
[        ] Transforming apkzlib-8.1.2.jar (com.android.tools.build:apkzlib:8.1.2) with InstrumentationAnalysisTransform
[        ] Transforming bcpkix-jdk15on-1.67.jar (org.bouncycastle:bcpkix-jdk15on:1.67) with InstrumentationAnalysisTransform
[        ] Transforming jaxb-runtime-2.3.2.jar (org.glassfish.jaxb:jaxb-runtime:2.3.2) with InstrumentationAnalysisTransform
[        ] Transforming jopt-simple-4.9.jar (net.sf.jopt-simple:jopt-simple:4.9) with InstrumentationAnalysisTransform
[        ] Transforming jetifier-core-1.0.0-beta10.jar (com.android.tools.build.jetifier:jetifier-core:1.0.0-beta10) with InstrumentationAnalysisTransform
[        ] Transforming javapoet-1.10.0.jar (com.squareup:javapoet:1.10.0) with InstrumentationAnalysisTransform
[        ] Transforming protobuf-java-util-3.19.3.jar (com.google.protobuf:protobuf-java-util:3.19.3) with InstrumentationAnalysisTransform
[        ] Transforming grpc-protobuf-1.45.1.jar (io.grpc:grpc-protobuf:1.45.1) with InstrumentationAnalysisTransform
[        ] Transforming tink-1.7.0.jar (com.google.crypto.tink:tink:1.7.0) with InstrumentationAnalysisTransform
[        ] Transforming protos-31.1.2.jar (com.android.tools.analytics-library:protos:31.1.2) with InstrumentationAnalysisTransform
[        ] Transforming proto-google-common-protos-2.0.1.jar (com.google.api.grpc:proto-google-common-protos:2.0.1) with InstrumentationAnalysisTransform
[        ] Transforming protobuf-java-3.19.3.jar (com.google.protobuf:protobuf-java:3.19.3) with InstrumentationAnalysisTransform
[        ] Transforming grpc-netty-1.45.1.jar (io.grpc:grpc-netty:1.45.1) with InstrumentationAnalysisTransform
[        ] Transforming grpc-core-1.45.1.jar (io.grpc:grpc-core:1.45.1) with InstrumentationAnalysisTransform
[        ] Transforming gson-2.8.9.jar (com.google.code.gson:gson:2.8.9) with InstrumentationAnalysisTransform
[        ] Transforming grpc-stub-1.45.1.jar (io.grpc:grpc-stub:1.45.1) with InstrumentationAnalysisTransform
[        ] Transforming core-proto-0.0.8-alpha08.jar (com.google.testing.platform:core-proto:0.0.8-alpha08) with InstrumentationAnalysisTransform
[        ] Transforming tensorflow-lite-metadata-0.1.0-rc2.jar (org.tensorflow:tensorflow-lite-metadata:0.1.0-rc2) with InstrumentationAnalysisTransform
[        ] Transforming flatbuffers-java-1.12.0.jar (com.google.flatbuffers:flatbuffers-java:1.12.0) with InstrumentationAnalysisTransform
[        ] Transforming jimfs-1.1.jar (com.google.jimfs:jimfs:1.1) with InstrumentationAnalysisTransform
[        ] Transforming grpc-protobuf-lite-1.45.1.jar (io.grpc:grpc-protobuf-lite:1.45.1) with InstrumentationAnalysisTransform
[        ] Transforming grpc-api-1.45.1.jar (io.grpc:grpc-api:1.45.1) with InstrumentationAnalysisTransform
[        ] Transforming guava-31.1-jre.jar (com.google.guava:guava:31.1-jre) with InstrumentationAnalysisTransform
[        ] Transforming dagger-2.28.3.jar (com.google.dagger:dagger:2.28.3) with InstrumentationAnalysisTransform
[        ] Transforming javax.inject-1.jar (javax.inject:javax.inject:1) with InstrumentationAnalysisTransform
[        ] Transforming kxml2-2.3.0.jar (net.sf.kxml:kxml2:2.3.0) with InstrumentationAnalysisTransform
[        ] Transforming bcprov-jdk15on-1.67.jar (org.bouncycastle:bcprov-jdk15on:1.67) with InstrumentationAnalysisTransform
[        ] Transforming trove4j-1.0.20200330.jar (org.jetbrains.intellij.deps:trove4j:1.0.20200330) with InstrumentationAnalysisTransform
[        ] Transforming kotlin-reflect-1.8.20-RC2.jar (org.jetbrains.kotlin:kotlin-reflect:1.8.20-RC2) with InstrumentationAnalysisTransform
[        ] Transforming xercesImpl-2.12.0.jar (xerces:xercesImpl:2.12.0) with InstrumentationAnalysisTransform
[        ] Transforming commons-compress-1.21.jar (org.apache.commons:commons-compress:1.21) with InstrumentationAnalysisTransform
[        ] Transforming httpclient-4.5.13.jar (org.apache.httpcomponents:httpclient:4.5.13) with InstrumentationAnalysisTransform
[        ] Transforming httpcore-4.4.15.jar (org.apache.httpcomponents:httpcore:4.4.15) with InstrumentationAnalysisTransform
[        ] Transforming javax.activation-1.2.0.jar (com.sun.activation:javax.activation:1.2.0) with InstrumentationAnalysisTransform
[        ] Transforming kotlin-stdlib-jdk7-1.8.20-RC2.jar (org.jetbrains.kotlin:kotlin-stdlib-jdk7:1.8.20-RC2) with InstrumentationAnalysisTransform
[        ] Transforming kotlin-stdlib-1.8.20-RC2.jar (org.jetbrains.kotlin:kotlin-stdlib:1.8.20-RC2) with InstrumentationAnalysisTransform
[        ] Transforming annotations-13.0.jar (org.jetbrains:annotations:13.0) with InstrumentationAnalysisTransform
[        ] Transforming signflinger-8.1.2.jar (com.android:signflinger:8.1.2) with InstrumentationAnalysisTransform
[        ] Transforming zipflinger-8.1.2.jar (com.android:zipflinger:8.1.2) with InstrumentationAnalysisTransform
[        ] Transforming annotations-31.1.2.jar (com.android.tools:annotations:31.1.2) with InstrumentationAnalysisTransform
[        ] Transforming jna-platform-5.6.0.jar (net.java.dev.jna:jna-platform:5.6.0) with InstrumentationAnalysisTransform
[        ] Transforming juniversalchardet-1.0.3.jar (com.googlecode.juniversalchardet:juniversalchardet:1.0.3) with InstrumentationAnalysisTransform
[        ] Transforming javax.annotation-api-1.3.2.jar (javax.annotation:javax.annotation-api:1.3.2) with InstrumentationAnalysisTransform
[        ] Transforming stax-ex-1.8.1.jar (org.jvnet.staxex:stax-ex:1.8.1) with InstrumentationAnalysisTransform
[        ] Transforming jakarta.xml.bind-api-2.3.2.jar (jakarta.xml.bind:jakarta.xml.bind-api:2.3.2) with InstrumentationAnalysisTransform
[        ] Transforming txw2-2.3.2.jar (org.glassfish.jaxb:txw2:2.3.2) with InstrumentationAnalysisTransform
[        ] Transforming istack-commons-runtime-3.0.8.jar (com.sun.istack:istack-commons-runtime:3.0.8) with InstrumentationAnalysisTransform
[        ] Transforming FastInfoset-1.2.16.jar (com.sun.xml.fastinfoset:FastInfoset:1.2.16) with InstrumentationAnalysisTransform
[        ] Transforming jakarta.activation-api-1.2.1.jar (jakarta.activation:jakarta.activation-api:1.2.1) with InstrumentationAnalysisTransform
[        ] Transforming auto-value-annotations-1.6.2.jar (com.google.auto.value:auto-value-annotations:1.6.2) with InstrumentationAnalysisTransform
[        ] Transforming error_prone_annotations-2.11.0.jar (com.google.errorprone:error_prone_annotations:2.11.0) with InstrumentationAnalysisTransform
[        ] Transforming jose4j-0.7.0.jar (org.bitbucket.b_c:jose4j:0.7.0) with InstrumentationAnalysisTransform
[        ] Transforming slf4j-api-1.7.30.jar (org.slf4j:slf4j-api:1.7.30) with InstrumentationAnalysisTransform
[        ] Transforming jdom2-2.0.6.jar (org.jdom:jdom2:2.0.6) with InstrumentationAnalysisTransform
[        ] Transforming j2objc-annotations-1.3.jar (com.google.j2objc:j2objc-annotations:1.3) with InstrumentationAnalysisTransform
[        ] Transforming jsr305-3.0.2.jar (com.google.code.findbugs:jsr305:3.0.2) with InstrumentationAnalysisTransform
[        ] Transforming annotations-4.1.1.4.jar (com.google.android:annotations:4.1.1.4) with InstrumentationAnalysisTransform
[        ] Transforming animal-sniffer-annotations-1.19.jar (org.codehaus.mojo:animal-sniffer-annotations:1.19) with InstrumentationAnalysisTransform
[        ] Transforming perfmark-api-0.23.0.jar (io.perfmark:perfmark-api:0.23.0) with InstrumentationAnalysisTransform
[        ] Transforming netty-codec-http2-4.1.72.Final.jar (io.netty:netty-codec-http2:4.1.72.Final) with InstrumentationAnalysisTransform
[        ] Transforming netty-handler-proxy-4.1.72.Final.jar (io.netty:netty-handler-proxy:4.1.72.Final) with InstrumentationAnalysisTransform
[        ] Transforming checker-qual-3.12.0.jar (org.checkerframework:checker-qual:3.12.0) with InstrumentationAnalysisTransform
[        ] Transforming commons-codec-1.11.jar (commons-codec:commons-codec:1.11) with InstrumentationAnalysisTransform
[        ] Transforming apksig-8.1.2.jar (com.android.tools.build:apksig:8.1.2) with InstrumentationAnalysisTransform
[        ] Transforming javawriter-2.5.0.jar (com.squareup:javawriter:2.5.0) with InstrumentationAnalysisTransform
[        ] Transforming failureaccess-1.0.1.jar (com.google.guava:failureaccess:1.0.1) with InstrumentationAnalysisTransform
[        ] Transforming listenablefuture-9999.0-empty-to-avoid-conflict-with-guava.jar (com.google.guava:listenablefuture:9999.0-empty-to-avoid-conflict-with-guava) with InstrumentationAnalysisTransform
[        ] Transforming xml-apis-1.4.01.jar (xml-apis:xml-apis:1.4.01) with InstrumentationAnalysisTransform
[        ] Transforming commons-logging-1.2.jar (commons-logging:commons-logging:1.2) with InstrumentationAnalysisTransform
[        ] Transforming jna-5.6.0.jar (net.java.dev.jna:jna:5.6.0) with InstrumentationAnalysisTransform
[        ] Transforming kotlin-stdlib-common-1.8.20-RC2.jar (org.jetbrains.kotlin:kotlin-stdlib-common:1.8.20-RC2) with InstrumentationAnalysisTransform
[        ] Transforming grpc-context-1.45.1.jar (io.grpc:grpc-context:1.45.1) with InstrumentationAnalysisTransform
[        ] Transforming netty-codec-http-4.1.72.Final.jar (io.netty:netty-codec-http:4.1.72.Final) with InstrumentationAnalysisTransform
[        ] Transforming netty-handler-4.1.72.Final.jar (io.netty:netty-handler:4.1.72.Final) with InstrumentationAnalysisTransform
[        ] Transforming netty-codec-socks-4.1.72.Final.jar (io.netty:netty-codec-socks:4.1.72.Final) with InstrumentationAnalysisTransform
[        ] Transforming netty-codec-4.1.72.Final.jar (io.netty:netty-codec:4.1.72.Final) with InstrumentationAnalysisTransform
[        ] Transforming netty-transport-4.1.72.Final.jar (io.netty:netty-transport:4.1.72.Final) with InstrumentationAnalysisTransform
[        ] Transforming netty-buffer-4.1.72.Final.jar (io.netty:netty-buffer:4.1.72.Final) with InstrumentationAnalysisTransform
[        ] Transforming netty-resolver-4.1.72.Final.jar (io.netty:netty-resolver:4.1.72.Final) with InstrumentationAnalysisTransform
[        ] Transforming netty-common-4.1.72.Final.jar (io.netty:netty-common:4.1.72.Final) with InstrumentationAnalysisTransform
[        ] Transforming netty-tcnative-classes-2.0.46.Final.jar (io.netty:netty-tcnative-classes:2.0.46.Final) with InstrumentationAnalysisTransform
[        ] Transforming gradle-8.1.2.jar (com.android.tools.build:gradle:8.1.2) with InstrumentationAnalysisTransform
[        ] Transforming gradle-8.1.2.jar (com.android.tools.build:gradle:8.1.2) with MergeInstrumentationAnalysisTransform
[        ] Transforming gradle-settings-api-8.1.2.jar (com.android.tools.build:gradle-settings-api:8.1.2) with InstrumentationAnalysisTransform
[        ] Transforming gradle-settings-api-8.1.2.jar (com.android.tools.build:gradle-settings-api:8.1.2) with MergeInstrumentationAnalysisTransform
[        ] Transforming lint-model-31.1.2.jar (com.android.tools.lint:lint-model:31.1.2) with InstrumentationAnalysisTransform
[        ] Transforming lint-model-31.1.2.jar (com.android.tools.lint:lint-model:31.1.2) with MergeInstrumentationAnalysisTransform
[        ] Transforming builder-8.1.2.jar (com.android.tools.build:builder:8.1.2) with InstrumentationAnalysisTransform
[        ] Transforming builder-8.1.2.jar (com.android.tools.build:builder:8.1.2) with MergeInstrumentationAnalysisTransform
[        ] Transforming manifest-merger-31.1.2.jar (com.android.tools.build:manifest-merger:31.1.2) with InstrumentationAnalysisTransform
[        ] Transforming manifest-merger-31.1.2.jar (com.android.tools.build:manifest-merger:31.1.2) with MergeInstrumentationAnalysisTransform
[        ] Transforming sdk-common-31.1.2.jar (com.android.tools:sdk-common:31.1.2) with InstrumentationAnalysisTransform
[        ] Transforming sdk-common-31.1.2.jar (com.android.tools:sdk-common:31.1.2) with MergeInstrumentationAnalysisTransform
[        ] Transforming sdklib-31.1.2.jar (com.android.tools:sdklib:31.1.2) with InstrumentationAnalysisTransform
[        ] Transforming sdklib-31.1.2.jar (com.android.tools:sdklib:31.1.2) with MergeInstrumentationAnalysisTransform
[        ] Transforming repository-31.1.2.jar (com.android.tools:repository:31.1.2) with InstrumentationAnalysisTransform
[        ] Transforming repository-31.1.2.jar (com.android.tools:repository:31.1.2) with MergeInstrumentationAnalysisTransform
[        ] Transforming gradle-api-8.1.2.jar (com.android.tools.build:gradle-api:8.1.2) with InstrumentationAnalysisTransform
[        ] Transforming gradle-api-8.1.2.jar (com.android.tools.build:gradle-api:8.1.2) with MergeInstrumentationAnalysisTransform
[        ] Transforming builder-test-api-8.1.2.jar (com.android.tools.build:builder-test-api:8.1.2) with InstrumentationAnalysisTransform
[        ] Transforming builder-test-api-8.1.2.jar (com.android.tools.build:builder-test-api:8.1.2) with MergeInstrumentationAnalysisTransform
[        ] Transforming ddmlib-31.1.2.jar (com.android.tools.ddms:ddmlib:31.1.2) with InstrumentationAnalysisTransform
[        ] Transforming ddmlib-31.1.2.jar (com.android.tools.ddms:ddmlib:31.1.2) with MergeInstrumentationAnalysisTransform
[        ] Transforming aaptcompiler-8.1.2.jar (com.android.tools.build:aaptcompiler:8.1.2) with InstrumentationAnalysisTransform
[        ] Transforming aaptcompiler-8.1.2.jar (com.android.tools.build:aaptcompiler:8.1.2) with MergeInstrumentationAnalysisTransform
[        ] Transforming bundletool-1.14.0.jar (com.android.tools.build:bundletool:1.14.0) with InstrumentationAnalysisTransform
[        ] Transforming bundletool-1.14.0.jar (com.android.tools.build:bundletool:1.14.0) with MergeInstrumentationAnalysisTransform
[        ] Transforming aapt2-proto-8.1.2-10154469.jar (com.android.tools.build:aapt2-proto:8.1.2-10154469) with InstrumentationAnalysisTransform
[        ] Transforming aapt2-proto-8.1.2-10154469.jar (com.android.tools.build:aapt2-proto:8.1.2-10154469) with MergeInstrumentationAnalysisTransform
[        ] Transforming crash-31.1.2.jar (com.android.tools.analytics-library:crash:31.1.2) with InstrumentationAnalysisTransform
[        ] Transforming crash-31.1.2.jar (com.android.tools.analytics-library:crash:31.1.2) with MergeInstrumentationAnalysisTransform
[        ] Transforming tracker-31.1.2.jar (com.android.tools.analytics-library:tracker:31.1.2) with InstrumentationAnalysisTransform
[        ] Transforming tracker-31.1.2.jar (com.android.tools.analytics-library:tracker:31.1.2) with MergeInstrumentationAnalysisTransform
[        ] Transforming shared-31.1.2.jar (com.android.tools.analytics-library:shared:31.1.2) with InstrumentationAnalysisTransform
[        ] Transforming shared-31.1.2.jar (com.android.tools.analytics-library:shared:31.1.2) with MergeInstrumentationAnalysisTransform
[        ] Transforming gradle-api-8.1.2.jar (com.android.tools.build:gradle-api:8.1.2) with ExternalDependencyInstrumentingArtifactTransform
[        ] Transforming gradle-8.1.2.jar (com.android.tools.build:gradle:8.1.2) with ExternalDependencyInstrumentingArtifactTransform
[        ] Transforming ddmlib-31.1.2.jar (com.android.tools.ddms:ddmlib:31.1.2) with ExternalDependencyInstrumentingArtifactTransform
[        ] Transforming builder-test-api-8.1.2.jar (com.android.tools.build:builder-test-api:8.1.2) with ExternalDependencyInstrumentingArtifactTransform
[        ] Transforming bundletool-1.14.0.jar (com.android.tools.build:bundletool:1.14.0) with ExternalDependencyInstrumentingArtifactTransform
[        ] Transforming crash-31.1.2.jar (com.android.tools.analytics-library:crash:31.1.2) with ExternalDependencyInstrumentingArtifactTransform
[        ] Transforming aapt2-proto-8.1.2-10154469.jar (com.android.tools.build:aapt2-proto:8.1.2-10154469) with ExternalDependencyInstrumentingArtifactTransform
[        ] Transforming shared-31.1.2.jar (com.android.tools.analytics-library:shared:31.1.2) with ExternalDependencyInstrumentingArtifactTransform
[        ] Transforming repository-31.1.2.jar (com.android.tools:repository:31.1.2) with ExternalDependencyInstrumentingArtifactTransform
[        ] Transforming lint-typedef-remover-31.1.2.jar (com.android.tools.lint:lint-typedef-remover:31.1.2) with InstrumentationAnalysisTransform
[        ] Transforming sdklib-31.1.2.jar (com.android.tools:sdklib:31.1.2) with ExternalDependencyInstrumentingArtifactTransform
[        ] Transforming sdk-common-31.1.2.jar (com.android.tools:sdk-common:31.1.2) with ExternalDependencyInstrumentingArtifactTransform
[        ] Transforming manifest-merger-31.1.2.jar (com.android.tools.build:manifest-merger:31.1.2) with ExternalDependencyInstrumentingArtifactTransform
[        ] Transforming builder-8.1.2.jar (com.android.tools.build:builder:8.1.2) with ExternalDependencyInstrumentingArtifactTransform
[        ] Transforming lint-model-31.1.2.jar (com.android.tools.lint:lint-model:31.1.2) with ExternalDependencyInstrumentingArtifactTransform
[        ] Transforming gradle-settings-api-8.1.2.jar (com.android.tools.build:gradle-settings-api:8.1.2) with ExternalDependencyInstrumentingArtifactTransform
[        ] Transforming lint-typedef-remover-31.1.2.jar (com.android.tools.lint:lint-typedef-remover:31.1.2) with MergeInstrumentationAnalysisTransform
[        ] Transforming tracker-31.1.2.jar (com.android.tools.analytics-library:tracker:31.1.2) with ExternalDependencyInstrumentingArtifactTransform
[        ] Transforming lint-typedef-remover-31.1.2.jar (com.android.tools.lint:lint-typedef-remover:31.1.2) with ExternalDependencyInstrumentingArtifactTransform
[        ] Transforming aaptcompiler-8.1.2.jar (com.android.tools.build:aaptcompiler:8.1.2) with ExternalDependencyInstrumentingArtifactTransform
[        ] Transforming databinding-compiler-common-8.1.2.jar (androidx.databinding:databinding-compiler-common:8.1.2) with InstrumentationAnalysisTransform
[        ] Transforming databinding-compiler-common-8.1.2.jar (androidx.databinding:databinding-compiler-common:8.1.2) with MergeInstrumentationAnalysisTransform
[        ] Transforming databinding-common-8.1.2.jar (androidx.databinding:databinding-common:8.1.2) with InstrumentationAnalysisTransform
[        ] Transforming databinding-common-8.1.2.jar (androidx.databinding:databinding-common:8.1.2) with MergeInstrumentationAnalysisTransform
[        ] Transforming baseLibrary-8.1.2.jar (com.android.databinding:baseLibrary:8.1.2) with InstrumentationAnalysisTransform
[        ] Transforming databinding-compiler-common-8.1.2.jar (androidx.databinding:databinding-compiler-common:8.1.2) with ExternalDependencyInstrumentingArtifactTransform
[        ] Transforming baseLibrary-8.1.2.jar (com.android.databinding:baseLibrary:8.1.2) with MergeInstrumentationAnalysisTransform
[        ] Transforming layoutlib-api-31.1.2.jar (com.android.tools.layoutlib:layoutlib-api:31.1.2) with InstrumentationAnalysisTransform
[        ] Transforming baseLibrary-8.1.2.jar (com.android.databinding:baseLibrary:8.1.2) with ExternalDependencyInstrumentingArtifactTransform
[        ] Transforming databinding-common-8.1.2.jar (androidx.databinding:databinding-common:8.1.2) with ExternalDependencyInstrumentingArtifactTransform
[        ] Transforming layoutlib-api-31.1.2.jar (com.android.tools.layoutlib:layoutlib-api:31.1.2) with MergeInstrumentationAnalysisTransform
[        ] Transforming android-device-provider-ddmlib-proto-31.1.2.jar (com.android.tools.utp:android-device-provider-ddmlib-proto:31.1.2) with InstrumentationAnalysisTransform
[        ] Transforming android-device-provider-ddmlib-proto-31.1.2.jar (com.android.tools.utp:android-device-provider-ddmlib-proto:31.1.2) with MergeInstrumentationAnalysisTransform
[        ] Transforming layoutlib-api-31.1.2.jar (com.android.tools.layoutlib:layoutlib-api:31.1.2) with ExternalDependencyInstrumentingArtifactTransform
[        ] Transforming android-device-provider-gradle-proto-31.1.2.jar (com.android.tools.utp:android-device-provider-gradle-proto:31.1.2) with InstrumentationAnalysisTransform
[        ] Transforming android-device-provider-ddmlib-proto-31.1.2.jar (com.android.tools.utp:android-device-provider-ddmlib-proto:31.1.2) with ExternalDependencyInstrumentingArtifactTransform
[        ] Transforming android-device-provider-gradle-proto-31.1.2.jar (com.android.tools.utp:android-device-provider-gradle-proto:31.1.2) with MergeInstrumentationAnalysisTransform
[        ] Transforming android-test-plugin-host-additional-test-output-proto-31.1.2.jar (com.android.tools.utp:android-test-plugin-host-additional-test-output-proto:31.1.2) with InstrumentationAnalysisTransform
[        ] Transforming android-test-plugin-host-additional-test-output-proto-31.1.2.jar (com.android.tools.utp:android-test-plugin-host-additional-test-output-proto:31.1.2) with MergeInstrumentationAnalysisTransform
[        ] Transforming android-device-provider-gradle-proto-31.1.2.jar (com.android.tools.utp:android-device-provider-gradle-proto:31.1.2) with ExternalDependencyInstrumentingArtifactTransform
[        ] Transforming android-test-plugin-host-coverage-proto-31.1.2.jar (com.android.tools.utp:android-test-plugin-host-coverage-proto:31.1.2) with InstrumentationAnalysisTransform
[        ] Transforming android-test-plugin-host-coverage-proto-31.1.2.jar (com.android.tools.utp:android-test-plugin-host-coverage-proto:31.1.2) with MergeInstrumentationAnalysisTransform
[        ] Transforming android-test-plugin-host-emulator-control-proto-31.1.2.jar (com.android.tools.utp:android-test-plugin-host-emulator-control-proto:31.1.2) with InstrumentationAnalysisTransform
[        ] Transforming android-test-plugin-host-additional-test-output-proto-31.1.2.jar (com.android.tools.utp:android-test-plugin-host-additional-test-output-proto:31.1.2) with ExternalDependencyInstrumentingArtifactTransform
[        ] Transforming android-test-plugin-host-emulator-control-proto-31.1.2.jar (com.android.tools.utp:android-test-plugin-host-emulator-control-proto:31.1.2) with MergeInstrumentationAnalysisTransform
[        ] Transforming android-test-plugin-host-coverage-proto-31.1.2.jar (com.android.tools.utp:android-test-plugin-host-coverage-proto:31.1.2) with ExternalDependencyInstrumentingArtifactTransform
[        ] Transforming android-test-plugin-host-logcat-proto-31.1.2.jar (com.android.tools.utp:android-test-plugin-host-logcat-proto:31.1.2) with InstrumentationAnalysisTransform
[        ] Transforming android-test-plugin-host-emulator-control-proto-31.1.2.jar (com.android.tools.utp:android-test-plugin-host-emulator-control-proto:31.1.2) with ExternalDependencyInstrumentingArtifactTransform
[        ] Transforming android-test-plugin-host-logcat-proto-31.1.2.jar (com.android.tools.utp:android-test-plugin-host-logcat-proto:31.1.2) with MergeInstrumentationAnalysisTransform
[        ] Transforming android-test-plugin-host-apk-installer-proto-31.1.2.jar (com.android.tools.utp:android-test-plugin-host-apk-installer-proto:31.1.2) with InstrumentationAnalysisTransform
[        ] Transforming android-test-plugin-host-apk-installer-proto-31.1.2.jar (com.android.tools.utp:android-test-plugin-host-apk-installer-proto:31.1.2) with MergeInstrumentationAnalysisTransform
[        ] Transforming android-test-plugin-host-logcat-proto-31.1.2.jar (com.android.tools.utp:android-test-plugin-host-logcat-proto:31.1.2) with ExternalDependencyInstrumentingArtifactTransform
[        ] Transforming android-test-plugin-host-apk-installer-proto-31.1.2.jar (com.android.tools.utp:android-test-plugin-host-apk-installer-proto:31.1.2) with ExternalDependencyInstrumentingArtifactTransform
[        ] Transforming android-test-plugin-host-retention-proto-31.1.2.jar (com.android.tools.utp:android-test-plugin-host-retention-proto:31.1.2) with InstrumentationAnalysisTransform
[        ] Transforming android-test-plugin-host-retention-proto-31.1.2.jar (com.android.tools.utp:android-test-plugin-host-retention-proto:31.1.2) with MergeInstrumentationAnalysisTransform
[        ] Transforming android-test-plugin-result-listener-gradle-proto-31.1.2.jar (com.android.tools.utp:android-test-plugin-result-listener-gradle-proto:31.1.2) with InstrumentationAnalysisTransform
[        ] Transforming android-test-plugin-result-listener-gradle-proto-31.1.2.jar (com.android.tools.utp:android-test-plugin-result-listener-gradle-proto:31.1.2) with MergeInstrumentationAnalysisTransform
[        ] Transforming android-test-plugin-host-retention-proto-31.1.2.jar (com.android.tools.utp:android-test-plugin-host-retention-proto:31.1.2) with ExternalDependencyInstrumentingArtifactTransform
[        ] Transforming builder-model-8.1.2.jar (com.android.tools.build:builder-model:8.1.2) with InstrumentationAnalysisTransform
[        ] Transforming builder-model-8.1.2.jar (com.android.tools.build:builder-model:8.1.2) with MergeInstrumentationAnalysisTransform
[        ] Transforming dvlib-31.1.2.jar (com.android.tools:dvlib:31.1.2) with InstrumentationAnalysisTransform
[        ] Transforming dvlib-31.1.2.jar (com.android.tools:dvlib:31.1.2) with MergeInstrumentationAnalysisTransform
[        ] Transforming common-31.1.2.jar (com.android.tools:common:31.1.2) with InstrumentationAnalysisTransform
[        ] Transforming android-test-plugin-result-listener-gradle-proto-31.1.2.jar (com.android.tools.utp:android-test-plugin-result-listener-gradle-proto:31.1.2) with ExternalDependencyInstrumentingArtifactTransform
[        ] Transforming dvlib-31.1.2.jar (com.android.tools:dvlib:31.1.2) with ExternalDependencyInstrumentingArtifactTransform
[        ] Transforming common-31.1.2.jar (com.android.tools:common:31.1.2) with MergeInstrumentationAnalysisTransform
[        ] Transforming builder-model-8.1.2.jar (com.android.tools.build:builder-model:8.1.2) with ExternalDependencyInstrumentingArtifactTransform
[        ] Transforming kotlin-stdlib-jdk8-1.8.20-RC2.jar (org.jetbrains.kotlin:kotlin-stdlib-jdk8:1.8.20-RC2) with InstrumentationAnalysisTransform
[        ] Transforming common-31.1.2.jar (com.android.tools:common:31.1.2) with ExternalDependencyInstrumentingArtifactTransform
[        ] Transforming kotlin-stdlib-jdk8-1.8.20-RC2.jar (org.jetbrains.kotlin:kotlin-stdlib-jdk8:1.8.20-RC2) with MergeInstrumentationAnalysisTransform
[        ] Transforming transform-api-2.0.0-deprecated-use-gradle-api.jar (com.android.tools.build:transform-api:2.0.0-deprecated-use-gradle-api) with InstrumentationAnalysisTransform
[        ] Transforming transform-api-2.0.0-deprecated-use-gradle-api.jar (com.android.tools.build:transform-api:2.0.0-deprecated-use-gradle-api) with MergeInstrumentationAnalysisTransform
[        ] Transforming httpmime-4.5.6.jar (org.apache.httpcomponents:httpmime:4.5.6) with InstrumentationAnalysisTransform
[        ] Transforming httpmime-4.5.6.jar (org.apache.httpcomponents:httpmime:4.5.6) with MergeInstrumentationAnalysisTransform
[        ] Transforming commons-io-2.4.jar (commons-io:commons-io:2.4) with InstrumentationAnalysisTransform
[        ] Transforming kotlin-stdlib-jdk8-1.8.20-RC2.jar (org.jetbrains.kotlin:kotlin-stdlib-jdk8:1.8.20-RC2) with ExternalDependencyInstrumentingArtifactTransform
[        ] Transforming commons-io-2.4.jar (commons-io:commons-io:2.4) with MergeInstrumentationAnalysisTransform
[        ] Transforming jetifier-processor-1.0.0-beta10.jar (com.android.tools.build.jetifier:jetifier-processor:1.0.0-beta10) with InstrumentationAnalysisTransform
[        ] Transforming transform-api-2.0.0-deprecated-use-gradle-api.jar (com.android.tools.build:transform-api:2.0.0-deprecated-use-gradle-api) with ExternalDependencyInstrumentingArtifactTransform
[        ] Transforming httpmime-4.5.6.jar (org.apache.httpcomponents:httpmime:4.5.6) with ExternalDependencyInstrumentingArtifactTransform
[        ] Transforming commons-io-2.4.jar (commons-io:commons-io:2.4) with ExternalDependencyInstrumentingArtifactTransform
[        ] Transforming jetifier-processor-1.0.0-beta10.jar (com.android.tools.build.jetifier:jetifier-processor:1.0.0-beta10) with MergeInstrumentationAnalysisTransform
[        ] Transforming asm-commons-9.2.jar (org.ow2.asm:asm-commons:9.2) with InstrumentationAnalysisTransform
[        ] Transforming asm-commons-9.2.jar (org.ow2.asm:asm-commons:9.2) with MergeInstrumentationAnalysisTransform
[        ] Transforming asm-util-9.2.jar (org.ow2.asm:asm-util:9.2) with InstrumentationAnalysisTransform
[        ] Transforming asm-util-9.2.jar (org.ow2.asm:asm-util:9.2) with MergeInstrumentationAnalysisTransform
[        ] Transforming asm-analysis-9.2.jar (org.ow2.asm:asm-analysis:9.2) with InstrumentationAnalysisTransform
[        ] Transforming jetifier-processor-1.0.0-beta10.jar (com.android.tools.build.jetifier:jetifier-processor:1.0.0-beta10) with ExternalDependencyInstrumentingArtifactTransform
[        ] Transforming asm-commons-9.2.jar (org.ow2.asm:asm-commons:9.2) with ExternalDependencyInstrumentingArtifactTransform
[        ] Transforming asm-analysis-9.2.jar (org.ow2.asm:asm-analysis:9.2) with MergeInstrumentationAnalysisTransform
[        ] Transforming asm-tree-9.2.jar (org.ow2.asm:asm-tree:9.2) with InstrumentationAnalysisTransform
[        ] Transforming asm-tree-9.2.jar (org.ow2.asm:asm-tree:9.2) with MergeInstrumentationAnalysisTransform
[        ] Transforming asm-analysis-9.2.jar (org.ow2.asm:asm-analysis:9.2) with ExternalDependencyInstrumentingArtifactTransform
[        ] Transforming asm-9.2.jar (org.ow2.asm:asm:9.2) with InstrumentationAnalysisTransform
[        ] Transforming asm-tree-9.2.jar (org.ow2.asm:asm-tree:9.2) with ExternalDependencyInstrumentingArtifactTransform
[        ] Transforming asm-9.2.jar (org.ow2.asm:asm:9.2) with MergeInstrumentationAnalysisTransform
[        ] Transforming apkzlib-8.1.2.jar (com.android.tools.build:apkzlib:8.1.2) with InstrumentationAnalysisTransform
[        ] Transforming asm-9.2.jar (org.ow2.asm:asm:9.2) with ExternalDependencyInstrumentingArtifactTransform
[        ] Transforming asm-util-9.2.jar (org.ow2.asm:asm-util:9.2) with ExternalDependencyInstrumentingArtifactTransform
[        ] Transforming apkzlib-8.1.2.jar (com.android.tools.build:apkzlib:8.1.2) with MergeInstrumentationAnalysisTransform
[        ] Transforming bcpkix-jdk15on-1.67.jar (org.bouncycastle:bcpkix-jdk15on:1.67) with InstrumentationAnalysisTransform
[        ] Transforming bcpkix-jdk15on-1.67.jar (org.bouncycastle:bcpkix-jdk15on:1.67) with MergeInstrumentationAnalysisTransform
[        ] Transforming apkzlib-8.1.2.jar (com.android.tools.build:apkzlib:8.1.2) with ExternalDependencyInstrumentingArtifactTransform
[        ] Transforming jaxb-runtime-2.3.2.jar (org.glassfish.jaxb:jaxb-runtime:2.3.2) with InstrumentationAnalysisTransform
[        ] Transforming jaxb-runtime-2.3.2.jar (org.glassfish.jaxb:jaxb-runtime:2.3.2) with MergeInstrumentationAnalysisTransform
[        ] Transforming bcpkix-jdk15on-1.67.jar (org.bouncycastle:bcpkix-jdk15on:1.67) with ExternalDependencyInstrumentingArtifactTransform
[        ] Transforming jopt-simple-4.9.jar (net.sf.jopt-simple:jopt-simple:4.9) with InstrumentationAnalysisTransform
[        ] Transforming jopt-simple-4.9.jar (net.sf.jopt-simple:jopt-simple:4.9) with MergeInstrumentationAnalysisTransform
[        ] Transforming jetifier-core-1.0.0-beta10.jar (com.android.tools.build.jetifier:jetifier-core:1.0.0-beta10) with InstrumentationAnalysisTransform
[        ] Transforming jetifier-core-1.0.0-beta10.jar (com.android.tools.build.jetifier:jetifier-core:1.0.0-beta10) with MergeInstrumentationAnalysisTransform
[        ] Transforming jaxb-runtime-2.3.2.jar (org.glassfish.jaxb:jaxb-runtime:2.3.2) with ExternalDependencyInstrumentingArtifactTransform
[        ] Transforming jopt-simple-4.9.jar (net.sf.jopt-simple:jopt-simple:4.9) with ExternalDependencyInstrumentingArtifactTransform
[        ] Transforming javapoet-1.10.0.jar (com.squareup:javapoet:1.10.0) with InstrumentationAnalysisTransform
[        ] Transforming jetifier-core-1.0.0-beta10.jar (com.android.tools.build.jetifier:jetifier-core:1.0.0-beta10) with ExternalDependencyInstrumentingArtifactTransform
[        ] Transforming javapoet-1.10.0.jar (com.squareup:javapoet:1.10.0) with MergeInstrumentationAnalysisTransform
[        ] Transforming protobuf-java-util-3.19.3.jar (com.google.protobuf:protobuf-java-util:3.19.3) with InstrumentationAnalysisTransform
[        ] Transforming protobuf-java-util-3.19.3.jar (com.google.protobuf:protobuf-java-util:3.19.3) with MergeInstrumentationAnalysisTransform
[        ] Transforming grpc-protobuf-1.45.1.jar (io.grpc:grpc-protobuf:1.45.1) with InstrumentationAnalysisTransform
[        ] Transforming grpc-protobuf-1.45.1.jar (io.grpc:grpc-protobuf:1.45.1) with MergeInstrumentationAnalysisTransform
[        ] Transforming javapoet-1.10.0.jar (com.squareup:javapoet:1.10.0) with ExternalDependencyInstrumentingArtifactTransform
[        ] Transforming protobuf-java-util-3.19.3.jar (com.google.protobuf:protobuf-java-util:3.19.3) with ExternalDependencyInstrumentingArtifactTransform
[        ] Transforming grpc-protobuf-1.45.1.jar (io.grpc:grpc-protobuf:1.45.1) with ExternalDependencyInstrumentingArtifactTransform
[        ] Transforming tink-1.7.0.jar (com.google.crypto.tink:tink:1.7.0) with InstrumentationAnalysisTransform
[        ] Transforming tink-1.7.0.jar (com.google.crypto.tink:tink:1.7.0) with MergeInstrumentationAnalysisTransform
[        ] Transforming protos-31.1.2.jar (com.android.tools.analytics-library:protos:31.1.2) with InstrumentationAnalysisTransform
[        ] Transforming protos-31.1.2.jar (com.android.tools.analytics-library:protos:31.1.2) with MergeInstrumentationAnalysisTransform
[        ] Transforming proto-google-common-protos-2.0.1.jar (com.google.api.grpc:proto-google-common-protos:2.0.1) with InstrumentationAnalysisTransform
[        ] Transforming tink-1.7.0.jar (com.google.crypto.tink:tink:1.7.0) with ExternalDependencyInstrumentingArtifactTransform
[        ] Transforming proto-google-common-protos-2.0.1.jar (com.google.api.grpc:proto-google-common-protos:2.0.1) with MergeInstrumentationAnalysisTransform
[        ] Transforming protobuf-java-3.19.3.jar (com.google.protobuf:protobuf-java:3.19.3) with InstrumentationAnalysisTransform
[        ] Transforming protobuf-java-3.19.3.jar (com.google.protobuf:protobuf-java:3.19.3) with MergeInstrumentationAnalysisTransform
[        ] Transforming proto-google-common-protos-2.0.1.jar (com.google.api.grpc:proto-google-common-protos:2.0.1) with ExternalDependencyInstrumentingArtifactTransform
[        ] Transforming protos-31.1.2.jar (com.android.tools.analytics-library:protos:31.1.2) with ExternalDependencyInstrumentingArtifactTransform
[        ] Transforming grpc-netty-1.45.1.jar (io.grpc:grpc-netty:1.45.1) with InstrumentationAnalysisTransform
[        ] Transforming grpc-netty-1.45.1.jar (io.grpc:grpc-netty:1.45.1) with MergeInstrumentationAnalysisTransform
[        ] Transforming protobuf-java-3.19.3.jar (com.google.protobuf:protobuf-java:3.19.3) with ExternalDependencyInstrumentingArtifactTransform
[        ] Transforming grpc-core-1.45.1.jar (io.grpc:grpc-core:1.45.1) with InstrumentationAnalysisTransform
[        ] Transforming grpc-netty-1.45.1.jar (io.grpc:grpc-netty:1.45.1) with ExternalDependencyInstrumentingArtifactTransform
[        ] Transforming grpc-core-1.45.1.jar (io.grpc:grpc-core:1.45.1) with MergeInstrumentationAnalysisTransform
[        ] Transforming gson-2.8.9.jar (com.google.code.gson:gson:2.8.9) with InstrumentationAnalysisTransform
[        ] Transforming grpc-core-1.45.1.jar (io.grpc:grpc-core:1.45.1) with ExternalDependencyInstrumentingArtifactTransform
[        ] Transforming gson-2.8.9.jar (com.google.code.gson:gson:2.8.9) with MergeInstrumentationAnalysisTransform
[        ] Transforming grpc-stub-1.45.1.jar (io.grpc:grpc-stub:1.45.1) with InstrumentationAnalysisTransform
[        ] Transforming grpc-stub-1.45.1.jar (io.grpc:grpc-stub:1.45.1) with MergeInstrumentationAnalysisTransform
[        ] Transforming core-proto-0.0.8-alpha08.jar (com.google.testing.platform:core-proto:0.0.8-alpha08) with InstrumentationAnalysisTransform
[        ] Transforming gson-2.8.9.jar (com.google.code.gson:gson:2.8.9) with ExternalDependencyInstrumentingArtifactTransform
[        ] Transforming core-proto-0.0.8-alpha08.jar (com.google.testing.platform:core-proto:0.0.8-alpha08) with MergeInstrumentationAnalysisTransform
[        ] Transforming tensorflow-lite-metadata-0.1.0-rc2.jar (org.tensorflow:tensorflow-lite-metadata:0.1.0-rc2) with InstrumentationAnalysisTransform
[        ] Transforming grpc-stub-1.45.1.jar (io.grpc:grpc-stub:1.45.1) with ExternalDependencyInstrumentingArtifactTransform
[        ] Transforming tensorflow-lite-metadata-0.1.0-rc2.jar (org.tensorflow:tensorflow-lite-metadata:0.1.0-rc2) with MergeInstrumentationAnalysisTransform
[        ] Transforming flatbuffers-java-1.12.0.jar (com.google.flatbuffers:flatbuffers-java:1.12.0) with InstrumentationAnalysisTransform
[        ] Transforming flatbuffers-java-1.12.0.jar (com.google.flatbuffers:flatbuffers-java:1.12.0) with MergeInstrumentationAnalysisTransform
[        ] Transforming jimfs-1.1.jar (com.google.jimfs:jimfs:1.1) with InstrumentationAnalysisTransform
[        ] Transforming tensorflow-lite-metadata-0.1.0-rc2.jar (org.tensorflow:tensorflow-lite-metadata:0.1.0-rc2) with ExternalDependencyInstrumentingArtifactTransform
[        ] Transforming core-proto-0.0.8-alpha08.jar (com.google.testing.platform:core-proto:0.0.8-alpha08) with ExternalDependencyInstrumentingArtifactTransform
[        ] Transforming flatbuffers-java-1.12.0.jar (com.google.flatbuffers:flatbuffers-java:1.12.0) with ExternalDependencyInstrumentingArtifactTransform
[        ] Transforming jimfs-1.1.jar (com.google.jimfs:jimfs:1.1) with MergeInstrumentationAnalysisTransform
[        ] Transforming grpc-protobuf-lite-1.45.1.jar (io.grpc:grpc-protobuf-lite:1.45.1) with InstrumentationAnalysisTransform
[        ] Transforming grpc-protobuf-lite-1.45.1.jar (io.grpc:grpc-protobuf-lite:1.45.1) with MergeInstrumentationAnalysisTransform
[        ] Transforming grpc-api-1.45.1.jar (io.grpc:grpc-api:1.45.1) with InstrumentationAnalysisTransform
[        ] Transforming jimfs-1.1.jar (com.google.jimfs:jimfs:1.1) with ExternalDependencyInstrumentingArtifactTransform
[        ] Transforming grpc-api-1.45.1.jar (io.grpc:grpc-api:1.45.1) with MergeInstrumentationAnalysisTransform
[        ] Transforming guava-31.1-jre.jar (com.google.guava:guava:31.1-jre) with InstrumentationAnalysisTransform
[        ] Transforming guava-31.1-jre.jar (com.google.guava:guava:31.1-jre) with MergeInstrumentationAnalysisTransform
[        ] Transforming dagger-2.28.3.jar (com.google.dagger:dagger:2.28.3) with InstrumentationAnalysisTransform
[        ] Transforming dagger-2.28.3.jar (com.google.dagger:dagger:2.28.3) with MergeInstrumentationAnalysisTransform
[        ] Transforming javax.inject-1.jar (javax.inject:javax.inject:1) with InstrumentationAnalysisTransform
[        ] Transforming javax.inject-1.jar (javax.inject:javax.inject:1) with MergeInstrumentationAnalysisTransform
[        ] Transforming kxml2-2.3.0.jar (net.sf.kxml:kxml2:2.3.0) with InstrumentationAnalysisTransform
[        ] Transforming kxml2-2.3.0.jar (net.sf.kxml:kxml2:2.3.0) with MergeInstrumentationAnalysisTransform
[        ] Transforming bcprov-jdk15on-1.67.jar (org.bouncycastle:bcprov-jdk15on:1.67) with InstrumentationAnalysisTransform
[        ] Transforming bcprov-jdk15on-1.67.jar (org.bouncycastle:bcprov-jdk15on:1.67) with MergeInstrumentationAnalysisTransform
[        ] Transforming trove4j-1.0.20200330.jar (org.jetbrains.intellij.deps:trove4j:1.0.20200330) with InstrumentationAnalysisTransform
[        ] Transforming trove4j-1.0.20200330.jar (org.jetbrains.intellij.deps:trove4j:1.0.20200330) with MergeInstrumentationAnalysisTransform
[        ] Transforming kotlin-reflect-1.8.20-RC2.jar (org.jetbrains.kotlin:kotlin-reflect:1.8.20-RC2) with InstrumentationAnalysisTransform
[        ] Transforming kotlin-reflect-1.8.20-RC2.jar (org.jetbrains.kotlin:kotlin-reflect:1.8.20-RC2) with MergeInstrumentationAnalysisTransform
[        ] Transforming xercesImpl-2.12.0.jar (xerces:xercesImpl:2.12.0) with InstrumentationAnalysisTransform
[        ] Transforming grpc-api-1.45.1.jar (io.grpc:grpc-api:1.45.1) with ExternalDependencyInstrumentingArtifactTransform
[        ] Transforming dagger-2.28.3.jar (com.google.dagger:dagger:2.28.3) with ExternalDependencyInstrumentingArtifactTransform
[        ] Transforming xercesImpl-2.12.0.jar (xerces:xercesImpl:2.12.0) with MergeInstrumentationAnalysisTransform
[        ] Transforming kxml2-2.3.0.jar (net.sf.kxml:kxml2:2.3.0) with ExternalDependencyInstrumentingArtifactTransform
[        ] Transforming guava-31.1-jre.jar (com.google.guava:guava:31.1-jre) with ExternalDependencyInstrumentingArtifactTransform
[        ] Transforming kotlin-reflect-1.8.20-RC2.jar (org.jetbrains.kotlin:kotlin-reflect:1.8.20-RC2) with ExternalDependencyInstrumentingArtifactTransform
[        ] Transforming grpc-protobuf-lite-1.45.1.jar (io.grpc:grpc-protobuf-lite:1.45.1) with ExternalDependencyInstrumentingArtifactTransform
[        ] Transforming trove4j-1.0.20200330.jar (org.jetbrains.intellij.deps:trove4j:1.0.20200330) with ExternalDependencyInstrumentingArtifactTransform
[        ] Transforming bcprov-jdk15on-1.67.jar (org.bouncycastle:bcprov-jdk15on:1.67) with ExternalDependencyInstrumentingArtifactTransform
[        ] Transforming commons-compress-1.21.jar (org.apache.commons:commons-compress:1.21) with InstrumentationAnalysisTransform
[        ] Transforming javax.inject-1.jar (javax.inject:javax.inject:1) with ExternalDependencyInstrumentingArtifactTransform
[        ] Transforming commons-compress-1.21.jar (org.apache.commons:commons-compress:1.21) with MergeInstrumentationAnalysisTransform
[        ] Transforming xercesImpl-2.12.0.jar (xerces:xercesImpl:2.12.0) with ExternalDependencyInstrumentingArtifactTransform
[        ] Transforming httpclient-4.5.13.jar (org.apache.httpcomponents:httpclient:4.5.13) with InstrumentationAnalysisTransform
[        ] Transforming httpclient-4.5.13.jar (org.apache.httpcomponents:httpclient:4.5.13) with MergeInstrumentationAnalysisTransform
[        ] Transforming httpcore-4.4.15.jar (org.apache.httpcomponents:httpcore:4.4.15) with InstrumentationAnalysisTransform
[        ] Transforming httpcore-4.4.15.jar (org.apache.httpcomponents:httpcore:4.4.15) with MergeInstrumentationAnalysisTransform
[        ] Transforming javax.activation-1.2.0.jar (com.sun.activation:javax.activation:1.2.0) with InstrumentationAnalysisTransform
[        ] Transforming commons-compress-1.21.jar (org.apache.commons:commons-compress:1.21) with ExternalDependencyInstrumentingArtifactTransform
[        ] Transforming javax.activation-1.2.0.jar (com.sun.activation:javax.activation:1.2.0) with MergeInstrumentationAnalysisTransform
[        ] Transforming kotlin-stdlib-jdk7-1.8.20-RC2.jar (org.jetbrains.kotlin:kotlin-stdlib-jdk7:1.8.20-RC2) with InstrumentationAnalysisTransform
[        ] Transforming httpclient-4.5.13.jar (org.apache.httpcomponents:httpclient:4.5.13) with ExternalDependencyInstrumentingArtifactTransform
[        ] Transforming javax.activation-1.2.0.jar (com.sun.activation:javax.activation:1.2.0) with ExternalDependencyInstrumentingArtifactTransform
[        ] Transforming kotlin-stdlib-jdk7-1.8.20-RC2.jar (org.jetbrains.kotlin:kotlin-stdlib-jdk7:1.8.20-RC2) with MergeInstrumentationAnalysisTransform
[        ] Transforming httpcore-4.4.15.jar (org.apache.httpcomponents:httpcore:4.4.15) with ExternalDependencyInstrumentingArtifactTransform
[        ] Transforming kotlin-stdlib-1.8.20-RC2.jar (org.jetbrains.kotlin:kotlin-stdlib:1.8.20-RC2) with InstrumentationAnalysisTransform
[        ] Transforming kotlin-stdlib-1.8.20-RC2.jar (org.jetbrains.kotlin:kotlin-stdlib:1.8.20-RC2) with MergeInstrumentationAnalysisTransform
[        ] Transforming kotlin-stdlib-jdk7-1.8.20-RC2.jar (org.jetbrains.kotlin:kotlin-stdlib-jdk7:1.8.20-RC2) with ExternalDependencyInstrumentingArtifactTransform
[        ] Transforming annotations-13.0.jar (org.jetbrains:annotations:13.0) with InstrumentationAnalysisTransform
[        ] Transforming kotlin-stdlib-1.8.20-RC2.jar (org.jetbrains.kotlin:kotlin-stdlib:1.8.20-RC2) with ExternalDependencyInstrumentingArtifactTransform
[        ] Transforming annotations-13.0.jar (org.jetbrains:annotations:13.0) with MergeInstrumentationAnalysisTransform
[        ] Transforming signflinger-8.1.2.jar (com.android:signflinger:8.1.2) with InstrumentationAnalysisTransform
[        ] Transforming signflinger-8.1.2.jar (com.android:signflinger:8.1.2) with MergeInstrumentationAnalysisTransform
[        ] Transforming zipflinger-8.1.2.jar (com.android:zipflinger:8.1.2) with InstrumentationAnalysisTransform
[        ] Transforming zipflinger-8.1.2.jar (com.android:zipflinger:8.1.2) with MergeInstrumentationAnalysisTransform
[        ] Transforming annotations-31.1.2.jar (com.android.tools:annotations:31.1.2) with InstrumentationAnalysisTransform
[        ] Transforming annotations-13.0.jar (org.jetbrains:annotations:13.0) with ExternalDependencyInstrumentingArtifactTransform
[        ] Transforming zipflinger-8.1.2.jar (com.android:zipflinger:8.1.2) with ExternalDependencyInstrumentingArtifactTransform
[        ] Transforming signflinger-8.1.2.jar (com.android:signflinger:8.1.2) with ExternalDependencyInstrumentingArtifactTransform
[        ] Transforming annotations-31.1.2.jar (com.android.tools:annotations:31.1.2) with MergeInstrumentationAnalysisTransform
[        ] Transforming jna-platform-5.6.0.jar (net.java.dev.jna:jna-platform:5.6.0) with InstrumentationAnalysisTransform
[        ] Transforming annotations-31.1.2.jar (com.android.tools:annotations:31.1.2) with ExternalDependencyInstrumentingArtifactTransform
[        ] Transforming jna-platform-5.6.0.jar (net.java.dev.jna:jna-platform:5.6.0) with MergeInstrumentationAnalysisTransform
[        ] Transforming juniversalchardet-1.0.3.jar (com.googlecode.juniversalchardet:juniversalchardet:1.0.3) with InstrumentationAnalysisTransform
[        ] Transforming juniversalchardet-1.0.3.jar (com.googlecode.juniversalchardet:juniversalchardet:1.0.3) with MergeInstrumentationAnalysisTransform
[        ] Transforming javax.annotation-api-1.3.2.jar (javax.annotation:javax.annotation-api:1.3.2) with InstrumentationAnalysisTransform
[        ] Transforming javax.annotation-api-1.3.2.jar (javax.annotation:javax.annotation-api:1.3.2) with MergeInstrumentationAnalysisTransform
[        ] Transforming stax-ex-1.8.1.jar (org.jvnet.staxex:stax-ex:1.8.1) with InstrumentationAnalysisTransform
[        ] Transforming stax-ex-1.8.1.jar (org.jvnet.staxex:stax-ex:1.8.1) with MergeInstrumentationAnalysisTransform
[        ] Transforming jna-platform-5.6.0.jar (net.java.dev.jna:jna-platform:5.6.0) with ExternalDependencyInstrumentingArtifactTransform
[        ] Transforming juniversalchardet-1.0.3.jar (com.googlecode.juniversalchardet:juniversalchardet:1.0.3) with ExternalDependencyInstrumentingArtifactTransform
[        ] Transforming stax-ex-1.8.1.jar (org.jvnet.staxex:stax-ex:1.8.1) with ExternalDependencyInstrumentingArtifactTransform
[        ] Transforming javax.annotation-api-1.3.2.jar (javax.annotation:javax.annotation-api:1.3.2) with ExternalDependencyInstrumentingArtifactTransform
[        ] Transforming jakarta.xml.bind-api-2.3.2.jar (jakarta.xml.bind:jakarta.xml.bind-api:2.3.2) with InstrumentationAnalysisTransform
[        ] Transforming jakarta.xml.bind-api-2.3.2.jar (jakarta.xml.bind:jakarta.xml.bind-api:2.3.2) with MergeInstrumentationAnalysisTransform
[        ] Transforming txw2-2.3.2.jar (org.glassfish.jaxb:txw2:2.3.2) with InstrumentationAnalysisTransform
[        ] Transforming txw2-2.3.2.jar (org.glassfish.jaxb:txw2:2.3.2) with MergeInstrumentationAnalysisTransform
[        ] Transforming istack-commons-runtime-3.0.8.jar (com.sun.istack:istack-commons-runtime:3.0.8) with InstrumentationAnalysisTransform
[        ] Transforming jakarta.xml.bind-api-2.3.2.jar (jakarta.xml.bind:jakarta.xml.bind-api:2.3.2) with ExternalDependencyInstrumentingArtifactTransform
[        ] Transforming istack-commons-runtime-3.0.8.jar (com.sun.istack:istack-commons-runtime:3.0.8) with MergeInstrumentationAnalysisTransform
[        ] Transforming FastInfoset-1.2.16.jar (com.sun.xml.fastinfoset:FastInfoset:1.2.16) with InstrumentationAnalysisTransform
[        ] Transforming FastInfoset-1.2.16.jar (com.sun.xml.fastinfoset:FastInfoset:1.2.16) with MergeInstrumentationAnalysisTransform
[        ] Transforming jakarta.activation-api-1.2.1.jar (jakarta.activation:jakarta.activation-api:1.2.1) with InstrumentationAnalysisTransform
[        ] Transforming txw2-2.3.2.jar (org.glassfish.jaxb:txw2:2.3.2) with ExternalDependencyInstrumentingArtifactTransform
[        ] Transforming FastInfoset-1.2.16.jar (com.sun.xml.fastinfoset:FastInfoset:1.2.16) with ExternalDependencyInstrumentingArtifactTransform
[        ] Transforming istack-commons-runtime-3.0.8.jar (com.sun.istack:istack-commons-runtime:3.0.8) with ExternalDependencyInstrumentingArtifactTransform
[        ] Transforming jakarta.activation-api-1.2.1.jar (jakarta.activation:jakarta.activation-api:1.2.1) with MergeInstrumentationAnalysisTransform
[        ] Transforming auto-value-annotations-1.6.2.jar (com.google.auto.value:auto-value-annotations:1.6.2) with InstrumentationAnalysisTransform
[        ] Transforming auto-value-annotations-1.6.2.jar (com.google.auto.value:auto-value-annotations:1.6.2) with MergeInstrumentationAnalysisTransform
[        ] Transforming error_prone_annotations-2.11.0.jar (com.google.errorprone:error_prone_annotations:2.11.0) with InstrumentationAnalysisTransform
[        ] Transforming jakarta.activation-api-1.2.1.jar (jakarta.activation:jakarta.activation-api:1.2.1) with ExternalDependencyInstrumentingArtifactTransform
[        ] Transforming error_prone_annotations-2.11.0.jar (com.google.errorprone:error_prone_annotations:2.11.0) with MergeInstrumentationAnalysisTransform
[        ] Transforming jose4j-0.7.0.jar (org.bitbucket.b_c:jose4j:0.7.0) with InstrumentationAnalysisTransform
[        ] Transforming auto-value-annotations-1.6.2.jar (com.google.auto.value:auto-value-annotations:1.6.2) with ExternalDependencyInstrumentingArtifactTransform
[        ] Transforming jose4j-0.7.0.jar (org.bitbucket.b_c:jose4j:0.7.0) with MergeInstrumentationAnalysisTransform
[        ] Transforming error_prone_annotations-2.11.0.jar (com.google.errorprone:error_prone_annotations:2.11.0) with ExternalDependencyInstrumentingArtifactTransform
[        ] Transforming slf4j-api-1.7.30.jar (org.slf4j:slf4j-api:1.7.30) with InstrumentationAnalysisTransform
[        ] Transforming slf4j-api-1.7.30.jar (org.slf4j:slf4j-api:1.7.30) with MergeInstrumentationAnalysisTransform
[        ] Transforming jdom2-2.0.6.jar (org.jdom:jdom2:2.0.6) with InstrumentationAnalysisTransform
[        ] Transforming jdom2-2.0.6.jar (org.jdom:jdom2:2.0.6) with MergeInstrumentationAnalysisTransform
[        ] Transforming slf4j-api-1.7.30.jar (org.slf4j:slf4j-api:1.7.30) with ExternalDependencyInstrumentingArtifactTransform
[        ] Transforming jose4j-0.7.0.jar (org.bitbucket.b_c:jose4j:0.7.0) with ExternalDependencyInstrumentingArtifactTransform
[        ] Transforming jdom2-2.0.6.jar (org.jdom:jdom2:2.0.6) with ExternalDependencyInstrumentingArtifactTransform
[        ] Transforming j2objc-annotations-1.3.jar (com.google.j2objc:j2objc-annotations:1.3) with InstrumentationAnalysisTransform
[        ] Transforming j2objc-annotations-1.3.jar (com.google.j2objc:j2objc-annotations:1.3) with MergeInstrumentationAnalysisTransform
[        ] Transforming jsr305-3.0.2.jar (com.google.code.findbugs:jsr305:3.0.2) with InstrumentationAnalysisTransform
[        ] Transforming jsr305-3.0.2.jar (com.google.code.findbugs:jsr305:3.0.2) with MergeInstrumentationAnalysisTransform
[        ] Transforming annotations-4.1.1.4.jar (com.google.android:annotations:4.1.1.4) with InstrumentationAnalysisTransform
[        ] Transforming j2objc-annotations-1.3.jar (com.google.j2objc:j2objc-annotations:1.3) with ExternalDependencyInstrumentingArtifactTransform
[        ] Transforming jsr305-3.0.2.jar (com.google.code.findbugs:jsr305:3.0.2) with ExternalDependencyInstrumentingArtifactTransform
[        ] Transforming annotations-4.1.1.4.jar (com.google.android:annotations:4.1.1.4) with MergeInstrumentationAnalysisTransform
[        ] Transforming animal-sniffer-annotations-1.19.jar (org.codehaus.mojo:animal-sniffer-annotations:1.19) with InstrumentationAnalysisTransform
[        ] Transforming animal-sniffer-annotations-1.19.jar (org.codehaus.mojo:animal-sniffer-annotations:1.19) with MergeInstrumentationAnalysisTransform
[        ] Transforming annotations-4.1.1.4.jar (com.google.android:annotations:4.1.1.4) with ExternalDependencyInstrumentingArtifactTransform
[        ] Transforming perfmark-api-0.23.0.jar (io.perfmark:perfmark-api:0.23.0) with InstrumentationAnalysisTransform
[        ] Transforming perfmark-api-0.23.0.jar (io.perfmark:perfmark-api:0.23.0) with MergeInstrumentationAnalysisTransform
[        ] Transforming netty-codec-http2-4.1.72.Final.jar (io.netty:netty-codec-http2:4.1.72.Final) with InstrumentationAnalysisTransform
[        ] Transforming netty-codec-http2-4.1.72.Final.jar (io.netty:netty-codec-http2:4.1.72.Final) with MergeInstrumentationAnalysisTransform
[        ] Transforming netty-handler-proxy-4.1.72.Final.jar (io.netty:netty-handler-proxy:4.1.72.Final) with InstrumentationAnalysisTransform
[        ] Transforming animal-sniffer-annotations-1.19.jar (org.codehaus.mojo:animal-sniffer-annotations:1.19) with ExternalDependencyInstrumentingArtifactTransform
[        ] Transforming netty-codec-http2-4.1.72.Final.jar (io.netty:netty-codec-http2:4.1.72.Final) with ExternalDependencyInstrumentingArtifactTransform
[        ] Transforming netty-handler-proxy-4.1.72.Final.jar (io.netty:netty-handler-proxy:4.1.72.Final) with MergeInstrumentationAnalysisTransform
[        ] Transforming perfmark-api-0.23.0.jar (io.perfmark:perfmark-api:0.23.0) with ExternalDependencyInstrumentingArtifactTransform
[        ] Transforming checker-qual-3.12.0.jar (org.checkerframework:checker-qual:3.12.0) with InstrumentationAnalysisTransform
[        ] Transforming checker-qual-3.12.0.jar (org.checkerframework:checker-qual:3.12.0) with MergeInstrumentationAnalysisTransform
[        ] Transforming netty-handler-proxy-4.1.72.Final.jar (io.netty:netty-handler-proxy:4.1.72.Final) with ExternalDependencyInstrumentingArtifactTransform
[        ] Transforming commons-codec-1.11.jar (commons-codec:commons-codec:1.11) with InstrumentationAnalysisTransform
[        ] Transforming checker-qual-3.12.0.jar (org.checkerframework:checker-qual:3.12.0) with ExternalDependencyInstrumentingArtifactTransform
[        ] Transforming commons-codec-1.11.jar (commons-codec:commons-codec:1.11) with MergeInstrumentationAnalysisTransform
[        ] Transforming apksig-8.1.2.jar (com.android.tools.build:apksig:8.1.2) with InstrumentationAnalysisTransform
[        ] Transforming apksig-8.1.2.jar (com.android.tools.build:apksig:8.1.2) with MergeInstrumentationAnalysisTransform
[        ] Transforming commons-codec-1.11.jar (commons-codec:commons-codec:1.11) with ExternalDependencyInstrumentingArtifactTransform
[        ] Transforming javawriter-2.5.0.jar (com.squareup:javawriter:2.5.0) with InstrumentationAnalysisTransform
[        ] Transforming apksig-8.1.2.jar (com.android.tools.build:apksig:8.1.2) with ExternalDependencyInstrumentingArtifactTransform
[        ] Transforming javawriter-2.5.0.jar (com.squareup:javawriter:2.5.0) with MergeInstrumentationAnalysisTransform
[        ] Transforming failureaccess-1.0.1.jar (com.google.guava:failureaccess:1.0.1) with InstrumentationAnalysisTransform
[        ] Transforming failureaccess-1.0.1.jar (com.google.guava:failureaccess:1.0.1) with MergeInstrumentationAnalysisTransform
[        ] Transforming listenablefuture-9999.0-empty-to-avoid-conflict-with-guava.jar (com.google.guava:listenablefuture:9999.0-empty-to-avoid-conflict-with-guava) with InstrumentationAnalysisTransform
[        ] Transforming javawriter-2.5.0.jar (com.squareup:javawriter:2.5.0) with ExternalDependencyInstrumentingArtifactTransform
[        ] Transforming failureaccess-1.0.1.jar (com.google.guava:failureaccess:1.0.1) with ExternalDependencyInstrumentingArtifactTransform
[        ] Transforming listenablefuture-9999.0-empty-to-avoid-conflict-with-guava.jar (com.google.guava:listenablefuture:9999.0-empty-to-avoid-conflict-with-guava) with MergeInstrumentationAnalysisTransform
[        ] Transforming xml-apis-1.4.01.jar (xml-apis:xml-apis:1.4.01) with InstrumentationAnalysisTransform
[        ] Transforming xml-apis-1.4.01.jar (xml-apis:xml-apis:1.4.01) with MergeInstrumentationAnalysisTransform
[        ] Transforming commons-logging-1.2.jar (commons-logging:commons-logging:1.2) with InstrumentationAnalysisTransform
[        ] Transforming commons-logging-1.2.jar (commons-logging:commons-logging:1.2) with MergeInstrumentationAnalysisTransform
[        ] Transforming jna-5.6.0.jar (net.java.dev.jna:jna:5.6.0) with InstrumentationAnalysisTransform
[        ] Transforming jna-5.6.0.jar (net.java.dev.jna:jna:5.6.0) with MergeInstrumentationAnalysisTransform
[        ] Transforming listenablefuture-9999.0-empty-to-avoid-conflict-with-guava.jar (com.google.guava:listenablefuture:9999.0-empty-to-avoid-conflict-with-guava) with ExternalDependencyInstrumentingArtifactTransform
[        ] Transforming commons-logging-1.2.jar (commons-logging:commons-logging:1.2) with ExternalDependencyInstrumentingArtifactTransform
[        ] Transforming jna-5.6.0.jar (net.java.dev.jna:jna:5.6.0) with ExternalDependencyInstrumentingArtifactTransform
[        ] Transforming xml-apis-1.4.01.jar (xml-apis:xml-apis:1.4.01) with ExternalDependencyInstrumentingArtifactTransform
[        ] Transforming kotlin-stdlib-common-1.8.20-RC2.jar (org.jetbrains.kotlin:kotlin-stdlib-common:1.8.20-RC2) with InstrumentationAnalysisTransform
[        ] Transforming kotlin-stdlib-common-1.8.20-RC2.jar (org.jetbrains.kotlin:kotlin-stdlib-common:1.8.20-RC2) with MergeInstrumentationAnalysisTransform
[        ] Transforming grpc-context-1.45.1.jar (io.grpc:grpc-context:1.45.1) with InstrumentationAnalysisTransform
[        ] Transforming grpc-context-1.45.1.jar (io.grpc:grpc-context:1.45.1) with MergeInstrumentationAnalysisTransform
[        ] Transforming kotlin-stdlib-common-1.8.20-RC2.jar (org.jetbrains.kotlin:kotlin-stdlib-common:1.8.20-RC2) with ExternalDependencyInstrumentingArtifactTransform
[        ] Transforming netty-codec-http-4.1.72.Final.jar (io.netty:netty-codec-http:4.1.72.Final) with InstrumentationAnalysisTransform
[        ] Transforming grpc-context-1.45.1.jar (io.grpc:grpc-context:1.45.1) with ExternalDependencyInstrumentingArtifactTransform
[        ] Transforming netty-codec-http-4.1.72.Final.jar (io.netty:netty-codec-http:4.1.72.Final) with MergeInstrumentationAnalysisTransform
[        ] Transforming netty-handler-4.1.72.Final.jar (io.netty:netty-handler:4.1.72.Final) with InstrumentationAnalysisTransform
[        ] Transforming netty-codec-http-4.1.72.Final.jar (io.netty:netty-codec-http:4.1.72.Final) with ExternalDependencyInstrumentingArtifactTransform
[        ] Transforming netty-handler-4.1.72.Final.jar (io.netty:netty-handler:4.1.72.Final) with MergeInstrumentationAnalysisTransform
[        ] Transforming netty-codec-socks-4.1.72.Final.jar (io.netty:netty-codec-socks:4.1.72.Final) with InstrumentationAnalysisTransform
[        ] Transforming netty-handler-4.1.72.Final.jar (io.netty:netty-handler:4.1.72.Final) with ExternalDependencyInstrumentingArtifactTransform
[        ] Transforming netty-codec-socks-4.1.72.Final.jar (io.netty:netty-codec-socks:4.1.72.Final) with MergeInstrumentationAnalysisTransform
[        ] Transforming netty-codec-4.1.72.Final.jar (io.netty:netty-codec:4.1.72.Final) with InstrumentationAnalysisTransform
[        ] Transforming netty-codec-socks-4.1.72.Final.jar (io.netty:netty-codec-socks:4.1.72.Final) with ExternalDependencyInstrumentingArtifactTransform
[        ] Transforming netty-codec-4.1.72.Final.jar (io.netty:netty-codec:4.1.72.Final) with MergeInstrumentationAnalysisTransform
[        ] Transforming netty-transport-4.1.72.Final.jar (io.netty:netty-transport:4.1.72.Final) with InstrumentationAnalysisTransform
[        ] Transforming netty-transport-4.1.72.Final.jar (io.netty:netty-transport:4.1.72.Final) with MergeInstrumentationAnalysisTransform
[        ] Transforming netty-buffer-4.1.72.Final.jar (io.netty:netty-buffer:4.1.72.Final) with InstrumentationAnalysisTransform
[        ] Transforming netty-codec-4.1.72.Final.jar (io.netty:netty-codec:4.1.72.Final) with ExternalDependencyInstrumentingArtifactTransform
[        ] Transforming netty-buffer-4.1.72.Final.jar (io.netty:netty-buffer:4.1.72.Final) with MergeInstrumentationAnalysisTransform
[        ] Transforming netty-transport-4.1.72.Final.jar (io.netty:netty-transport:4.1.72.Final) with ExternalDependencyInstrumentingArtifactTransform
[        ] Transforming netty-resolver-4.1.72.Final.jar (io.netty:netty-resolver:4.1.72.Final) with InstrumentationAnalysisTransform
[        ] Transforming netty-buffer-4.1.72.Final.jar (io.netty:netty-buffer:4.1.72.Final) with ExternalDependencyInstrumentingArtifactTransform
[        ] Transforming netty-resolver-4.1.72.Final.jar (io.netty:netty-resolver:4.1.72.Final) with MergeInstrumentationAnalysisTransform
[        ] Transforming netty-common-4.1.72.Final.jar (io.netty:netty-common:4.1.72.Final) with InstrumentationAnalysisTransform
[        ] Transforming netty-resolver-4.1.72.Final.jar (io.netty:netty-resolver:4.1.72.Final) with ExternalDependencyInstrumentingArtifactTransform
[        ] Transforming netty-common-4.1.72.Final.jar (io.netty:netty-common:4.1.72.Final) with MergeInstrumentationAnalysisTransform
[        ] Transforming netty-tcnative-classes-2.0.46.Final.jar (io.netty:netty-tcnative-classes:2.0.46.Final) with InstrumentationAnalysisTransform
[        ] Transforming netty-tcnative-classes-2.0.46.Final.jar (io.netty:netty-tcnative-classes:2.0.46.Final) with MergeInstrumentationAnalysisTransform
[        ] Transforming netty-common-4.1.72.Final.jar (io.netty:netty-common:4.1.72.Final) with ExternalDependencyInstrumentingArtifactTransform
[        ] Transforming netty-tcnative-classes-2.0.46.Final.jar (io.netty:netty-tcnative-classes:2.0.46.Final) with ExternalDependencyInstrumentingArtifactTransform
[        ] Using default execution profile
[   +6 ms] > Configure project :firebase_messaging
[        ] Evaluating project ':firebase_messaging' using build file 'C:\Users\midhu\AppData\Local\Pub\Cache\hosted\pub.dev\firebase_messaging-14.9.4\android\build.gradle'.
[        ] Transforming gradle-8.1.2.jar (com.android.tools.build:gradle:8.1.2) with InstrumentationAnalysisTransform
[        ] Transforming gradle-settings-api-8.1.2.jar (com.android.tools.build:gradle-settings-api:8.1.2) with InstrumentationAnalysisTransform
[        ] Transforming lint-model-31.1.2.jar (com.android.tools.lint:lint-model:31.1.2) with InstrumentationAnalysisTransform
[        ] Transforming builder-8.1.2.jar (com.android.tools.build:builder:8.1.2) with InstrumentationAnalysisTransform
[        ] Transforming manifest-merger-31.1.2.jar (com.android.tools.build:manifest-merger:31.1.2) with InstrumentationAnalysisTransform
[        ] Transforming sdk-common-31.1.2.jar (com.android.tools:sdk-common:31.1.2) with InstrumentationAnalysisTransform
[        ] Transforming sdklib-31.1.2.jar (com.android.tools:sdklib:31.1.2) with InstrumentationAnalysisTransform
[        ] Transforming repository-31.1.2.jar (com.android.tools:repository:31.1.2) with InstrumentationAnalysisTransform
[        ] Transforming gradle-api-8.1.2.jar (com.android.tools.build:gradle-api:8.1.2) with InstrumentationAnalysisTransform
[        ] Transforming builder-test-api-8.1.2.jar (com.android.tools.build:builder-test-api:8.1.2) with InstrumentationAnalysisTransform
[        ] Transforming ddmlib-31.1.2.jar (com.android.tools.ddms:ddmlib:31.1.2) with InstrumentationAnalysisTransform
[        ] Transforming aaptcompiler-8.1.2.jar (com.android.tools.build:aaptcompiler:8.1.2) with InstrumentationAnalysisTransform
[        ] Transforming bundletool-1.14.0.jar (com.android.tools.build:bundletool:1.14.0) with InstrumentationAnalysisTransform
[        ] Transforming aapt2-proto-8.1.2-10154469.jar (com.android.tools.build:aapt2-proto:8.1.2-10154469) with InstrumentationAnalysisTransform
[        ] Transforming crash-31.1.2.jar (com.android.tools.analytics-library:crash:31.1.2) with InstrumentationAnalysisTransform
[        ] Transforming tracker-31.1.2.jar (com.android.tools.analytics-library:tracker:31.1.2) with InstrumentationAnalysisTransform
[        ] Transforming shared-31.1.2.jar (com.android.tools.analytics-library:shared:31.1.2) with InstrumentationAnalysisTransform
[        ] Transforming lint-typedef-remover-31.1.2.jar (com.android.tools.lint:lint-typedef-remover:31.1.2) with InstrumentationAnalysisTransform
[        ] Transforming databinding-compiler-common-8.1.2.jar (androidx.databinding:databinding-compiler-common:8.1.2) with InstrumentationAnalysisTransform
[        ] Transforming databinding-common-8.1.2.jar (androidx.databinding:databinding-common:8.1.2) with InstrumentationAnalysisTransform
[        ] Transforming baseLibrary-8.1.2.jar (com.android.databinding:baseLibrary:8.1.2) with InstrumentationAnalysisTransform
[        ] Transforming layoutlib-api-31.1.2.jar (com.android.tools.layoutlib:layoutlib-api:31.1.2) with InstrumentationAnalysisTransform
[        ] Transforming android-device-provider-ddmlib-proto-31.1.2.jar (com.android.tools.utp:android-device-provider-ddmlib-proto:31.1.2) with InstrumentationAnalysisTransform
[        ] Transforming android-device-provider-gradle-proto-31.1.2.jar (com.android.tools.utp:android-device-provider-gradle-proto:31.1.2) with InstrumentationAnalysisTransform
[        ] Transforming android-test-plugin-host-additional-test-output-proto-31.1.2.jar (com.android.tools.utp:android-test-plugin-host-additional-test-output-proto:31.1.2) with InstrumentationAnalysisTransform
[        ] Transforming android-test-plugin-host-coverage-proto-31.1.2.jar (com.android.tools.utp:android-test-plugin-host-coverage-proto:31.1.2) with InstrumentationAnalysisTransform
[        ] Transforming android-test-plugin-host-emulator-control-proto-31.1.2.jar (com.android.tools.utp:android-test-plugin-host-emulator-control-proto:31.1.2) with InstrumentationAnalysisTransform
[        ] Transforming android-test-plugin-host-logcat-proto-31.1.2.jar (com.android.tools.utp:android-test-plugin-host-logcat-proto:31.1.2) with InstrumentationAnalysisTransform
[        ] Transforming android-test-plugin-host-apk-installer-proto-31.1.2.jar (com.android.tools.utp:android-test-plugin-host-apk-installer-proto:31.1.2) with InstrumentationAnalysisTransform
[        ] Transforming android-test-plugin-host-retention-proto-31.1.2.jar (com.android.tools.utp:android-test-plugin-host-retention-proto:31.1.2) with InstrumentationAnalysisTransform
[        ] Transforming android-test-plugin-result-listener-gradle-proto-31.1.2.jar (com.android.tools.utp:android-test-plugin-result-listener-gradle-proto:31.1.2) with InstrumentationAnalysisTransform
[        ] Transforming builder-model-8.1.2.jar (com.android.tools.build:builder-model:8.1.2) with InstrumentationAnalysisTransform
[        ] Transforming dvlib-31.1.2.jar (com.android.tools:dvlib:31.1.2) with InstrumentationAnalysisTransform
[        ] Transforming common-31.1.2.jar (com.android.tools:common:31.1.2) with InstrumentationAnalysisTransform
[        ] Transforming kotlin-stdlib-jdk8-1.8.20-RC2.jar (org.jetbrains.kotlin:kotlin-stdlib-jdk8:1.8.20-RC2) with InstrumentationAnalysisTransform
[        ] Transforming transform-api-2.0.0-deprecated-use-gradle-api.jar (com.android.tools.build:transform-api:2.0.0-deprecated-use-gradle-api) with InstrumentationAnalysisTransform
[        ] Transforming httpmime-4.5.6.jar (org.apache.httpcomponents:httpmime:4.5.6) with InstrumentationAnalysisTransform
[        ] Transforming commons-io-2.4.jar (commons-io:commons-io:2.4) with InstrumentationAnalysisTransform
[        ] Transforming jetifier-processor-1.0.0-beta10.jar (com.android.tools.build.jetifier:jetifier-processor:1.0.0-beta10) with InstrumentationAnalysisTransform
[        ] Transforming asm-commons-9.2.jar (org.ow2.asm:asm-commons:9.2) with InstrumentationAnalysisTransform
[        ] Transforming asm-util-9.2.jar (org.ow2.asm:asm-util:9.2) with InstrumentationAnalysisTransform
[        ] Transforming asm-analysis-9.2.jar (org.ow2.asm:asm-analysis:9.2) with InstrumentationAnalysisTransform
[        ] Transforming asm-tree-9.2.jar (org.ow2.asm:asm-tree:9.2) with InstrumentationAnalysisTransform
[        ] Transforming asm-9.2.jar (org.ow2.asm:asm:9.2) with InstrumentationAnalysisTransform
[        ] Transforming apkzlib-8.1.2.jar (com.android.tools.build:apkzlib:8.1.2) with InstrumentationAnalysisTransform
[        ] Transforming bcpkix-jdk15on-1.67.jar (org.bouncycastle:bcpkix-jdk15on:1.67) with InstrumentationAnalysisTransform
[        ] Transforming jaxb-runtime-2.3.2.jar (org.glassfish.jaxb:jaxb-runtime:2.3.2) with InstrumentationAnalysisTransform
[        ] Transforming jopt-simple-4.9.jar (net.sf.jopt-simple:jopt-simple:4.9) with InstrumentationAnalysisTransform
[        ] Transforming jetifier-core-1.0.0-beta10.jar (com.android.tools.build.jetifier:jetifier-core:1.0.0-beta10) with InstrumentationAnalysisTransform
[        ] Transforming javapoet-1.10.0.jar (com.squareup:javapoet:1.10.0) with InstrumentationAnalysisTransform
[        ] Transforming protobuf-java-util-3.19.3.jar (com.google.protobuf:protobuf-java-util:3.19.3) with InstrumentationAnalysisTransform
[        ] Transforming grpc-protobuf-1.45.1.jar (io.grpc:grpc-protobuf:1.45.1) with InstrumentationAnalysisTransform
[        ] Transforming tink-1.7.0.jar (com.google.crypto.tink:tink:1.7.0) with InstrumentationAnalysisTransform
[        ] Transforming protos-31.1.2.jar (com.android.tools.analytics-library:protos:31.1.2) with InstrumentationAnalysisTransform
[        ] Transforming proto-google-common-protos-2.0.1.jar (com.google.api.grpc:proto-google-common-protos:2.0.1) with InstrumentationAnalysisTransform
[        ] Transforming protobuf-java-3.19.3.jar (com.google.protobuf:protobuf-java:3.19.3) with InstrumentationAnalysisTransform
[        ] Transforming grpc-netty-1.45.1.jar (io.grpc:grpc-netty:1.45.1) with InstrumentationAnalysisTransform
[        ] Transforming grpc-core-1.45.1.jar (io.grpc:grpc-core:1.45.1) with InstrumentationAnalysisTransform
[        ] Transforming gson-2.8.9.jar (com.google.code.gson:gson:2.8.9) with InstrumentationAnalysisTransform
[        ] Transforming grpc-stub-1.45.1.jar (io.grpc:grpc-stub:1.45.1) with InstrumentationAnalysisTransform
[        ] Transforming core-proto-0.0.8-alpha08.jar (com.google.testing.platform:core-proto:0.0.8-alpha08) with InstrumentationAnalysisTransform
[        ] Transforming tensorflow-lite-metadata-0.1.0-rc2.jar (org.tensorflow:tensorflow-lite-metadata:0.1.0-rc2) with InstrumentationAnalysisTransform
[        ] Transforming flatbuffers-java-1.12.0.jar (com.google.flatbuffers:flatbuffers-java:1.12.0) with InstrumentationAnalysisTransform
[        ] Transforming jimfs-1.1.jar (com.google.jimfs:jimfs:1.1) with InstrumentationAnalysisTransform
[        ] Transforming grpc-protobuf-lite-1.45.1.jar (io.grpc:grpc-protobuf-lite:1.45.1) with InstrumentationAnalysisTransform
[        ] Transforming grpc-api-1.45.1.jar (io.grpc:grpc-api:1.45.1) with InstrumentationAnalysisTransform
[        ] Transforming guava-31.1-jre.jar (com.google.guava:guava:31.1-jre) with InstrumentationAnalysisTransform
[        ] Transforming dagger-2.28.3.jar (com.google.dagger:dagger:2.28.3) with InstrumentationAnalysisTransform
[        ] Transforming javax.inject-1.jar (javax.inject:javax.inject:1) with InstrumentationAnalysisTransform
[        ] Transforming kxml2-2.3.0.jar (net.sf.kxml:kxml2:2.3.0) with InstrumentationAnalysisTransform
[        ] Transforming bcprov-jdk15on-1.67.jar (org.bouncycastle:bcprov-jdk15on:1.67) with InstrumentationAnalysisTransform
[        ] Transforming trove4j-1.0.20200330.jar (org.jetbrains.intellij.deps:trove4j:1.0.20200330) with InstrumentationAnalysisTransform
[        ] Transforming kotlin-reflect-1.8.20-RC2.jar (org.jetbrains.kotlin:kotlin-reflect:1.8.20-RC2) with InstrumentationAnalysisTransform
[        ] Transforming xercesImpl-2.12.0.jar (xerces:xercesImpl:2.12.0) with InstrumentationAnalysisTransform
[        ] Transforming commons-compress-1.21.jar (org.apache.commons:commons-compress:1.21) with InstrumentationAnalysisTransform
[        ] Transforming httpclient-4.5.13.jar (org.apache.httpcomponents:httpclient:4.5.13) with InstrumentationAnalysisTransform
[        ] Transforming httpcore-4.4.15.jar (org.apache.httpcomponents:httpcore:4.4.15) with InstrumentationAnalysisTransform
[        ] Transforming javax.activation-1.2.0.jar (com.sun.activation:javax.activation:1.2.0) with InstrumentationAnalysisTransform
[        ] Transforming kotlin-stdlib-jdk7-1.8.20-RC2.jar (org.jetbrains.kotlin:kotlin-stdlib-jdk7:1.8.20-RC2) with InstrumentationAnalysisTransform
[        ] Transforming kotlin-stdlib-1.8.20-RC2.jar (org.jetbrains.kotlin:kotlin-stdlib:1.8.20-RC2) with InstrumentationAnalysisTransform
[        ] Transforming annotations-13.0.jar (org.jetbrains:annotations:13.0) with InstrumentationAnalysisTransform
[        ] Transforming signflinger-8.1.2.jar (com.android:signflinger:8.1.2) with InstrumentationAnalysisTransform
[        ] Transforming zipflinger-8.1.2.jar (com.android:zipflinger:8.1.2) with InstrumentationAnalysisTransform
[        ] Transforming annotations-31.1.2.jar (com.android.tools:annotations:31.1.2) with InstrumentationAnalysisTransform
[        ] Transforming jna-platform-5.6.0.jar (net.java.dev.jna:jna-platform:5.6.0) with InstrumentationAnalysisTransform
[        ] Transforming juniversalchardet-1.0.3.jar (com.googlecode.juniversalchardet:juniversalchardet:1.0.3) with InstrumentationAnalysisTransform
[        ] Transforming javax.annotation-api-1.3.2.jar (javax.annotation:javax.annotation-api:1.3.2) with InstrumentationAnalysisTransform
[        ] Transforming stax-ex-1.8.1.jar (org.jvnet.staxex:stax-ex:1.8.1) with InstrumentationAnalysisTransform
[   +2 ms] Transforming jakarta.xml.bind-api-2.3.2.jar (jakarta.xml.bind:jakarta.xml.bind-api:2.3.2) with InstrumentationAnalysisTransform
[        ] Transforming txw2-2.3.2.jar (org.glassfish.jaxb:txw2:2.3.2) with InstrumentationAnalysisTransform
[        ] Transforming istack-commons-runtime-3.0.8.jar (com.sun.istack:istack-commons-runtime:3.0.8) with InstrumentationAnalysisTransform
[        ] Transforming FastInfoset-1.2.16.jar (com.sun.xml.fastinfoset:FastInfoset:1.2.16) with InstrumentationAnalysisTransform
[        ] Transforming jakarta.activation-api-1.2.1.jar (jakarta.activation:jakarta.activation-api:1.2.1) with InstrumentationAnalysisTransform
[        ] Transforming auto-value-annotations-1.6.2.jar (com.google.auto.value:auto-value-annotations:1.6.2) with InstrumentationAnalysisTransform
[        ] Transforming error_prone_annotations-2.11.0.jar (com.google.errorprone:error_prone_annotations:2.11.0) with InstrumentationAnalysisTransform
[        ] Transforming jose4j-0.7.0.jar (org.bitbucket.b_c:jose4j:0.7.0) with InstrumentationAnalysisTransform
[        ] Transforming slf4j-api-1.7.30.jar (org.slf4j:slf4j-api:1.7.30) with InstrumentationAnalysisTransform
[        ] Transforming jdom2-2.0.6.jar (org.jdom:jdom2:2.0.6) with InstrumentationAnalysisTransform
[        ] Transforming j2objc-annotations-1.3.jar (com.google.j2objc:j2objc-annotations:1.3) with InstrumentationAnalysisTransform
[        ] Transforming jsr305-3.0.2.jar (com.google.code.findbugs:jsr305:3.0.2) with InstrumentationAnalysisTransform
[        ] Transforming annotations-4.1.1.4.jar (com.google.android:annotations:4.1.1.4) with InstrumentationAnalysisTransform
[        ] Transforming animal-sniffer-annotations-1.19.jar (org.codehaus.mojo:animal-sniffer-annotations:1.19) with InstrumentationAnalysisTransform
[        ] Transforming perfmark-api-0.23.0.jar (io.perfmark:perfmark-api:0.23.0) with InstrumentationAnalysisTransform
[        ] Transforming netty-codec-http2-4.1.72.Final.jar (io.netty:netty-codec-http2:4.1.72.Final) with InstrumentationAnalysisTransform
[        ] Transforming netty-handler-proxy-4.1.72.Final.jar (io.netty:netty-handler-proxy:4.1.72.Final) with InstrumentationAnalysisTransform
[        ] Transforming checker-qual-3.12.0.jar (org.checkerframework:checker-qual:3.12.0) with InstrumentationAnalysisTransform
[        ] Transforming commons-codec-1.11.jar (commons-codec:commons-codec:1.11) with InstrumentationAnalysisTransform
[        ] Transforming apksig-8.1.2.jar (com.android.tools.build:apksig:8.1.2) with InstrumentationAnalysisTransform
[        ] Transforming javawriter-2.5.0.jar (com.squareup:javawriter:2.5.0) with InstrumentationAnalysisTransform
[        ] Transforming failureaccess-1.0.1.jar (com.google.guava:failureaccess:1.0.1) with InstrumentationAnalysisTransform
[        ] Transforming listenablefuture-9999.0-empty-to-avoid-conflict-with-guava.jar (com.google.guava:listenablefuture:9999.0-empty-to-avoid-conflict-with-guava) with InstrumentationAnalysisTransform
[        ] Transforming xml-apis-1.4.01.jar (xml-apis:xml-apis:1.4.01) with InstrumentationAnalysisTransform
[        ] Transforming commons-logging-1.2.jar (commons-logging:commons-logging:1.2) with InstrumentationAnalysisTransform
[        ] Transforming jna-5.6.0.jar (net.java.dev.jna:jna:5.6.0) with InstrumentationAnalysisTransform
[        ] Transforming kotlin-stdlib-common-1.8.20-RC2.jar (org.jetbrains.kotlin:kotlin-stdlib-common:1.8.20-RC2) with InstrumentationAnalysisTransform
[        ] Transforming grpc-context-1.45.1.jar (io.grpc:grpc-context:1.45.1) with InstrumentationAnalysisTransform
[        ] Transforming netty-codec-http-4.1.72.Final.jar (io.netty:netty-codec-http:4.1.72.Final) with InstrumentationAnalysisTransform
[        ] Transforming netty-handler-4.1.72.Final.jar (io.netty:netty-handler:4.1.72.Final) with InstrumentationAnalysisTransform
[        ] Transforming netty-codec-socks-4.1.72.Final.jar (io.netty:netty-codec-socks:4.1.72.Final) with InstrumentationAnalysisTransform
[        ] Transforming netty-codec-4.1.72.Final.jar (io.netty:netty-codec:4.1.72.Final) with InstrumentationAnalysisTransform
[        ] Transforming netty-transport-4.1.72.Final.jar (io.netty:netty-transport:4.1.72.Final) with InstrumentationAnalysisTransform
[        ] Transforming netty-buffer-4.1.72.Final.jar (io.netty:netty-buffer:4.1.72.Final) with InstrumentationAnalysisTransform
[        ] Transforming netty-resolver-4.1.72.Final.jar (io.netty:netty-resolver:4.1.72.Final) with InstrumentationAnalysisTransform
[        ] Transforming netty-common-4.1.72.Final.jar (io.netty:netty-common:4.1.72.Final) with InstrumentationAnalysisTransform
[        ] Transforming netty-tcnative-classes-2.0.46.Final.jar (io.netty:netty-tcnative-classes:2.0.46.Final) with InstrumentationAnalysisTransform
[        ] Transforming gradle-8.1.2.jar (com.android.tools.build:gradle:8.1.2) with InstrumentationAnalysisTransform
[        ] Transforming gradle-8.1.2.jar (com.android.tools.build:gradle:8.1.2) with MergeInstrumentationAnalysisTransform
[        ] Transforming gradle-settings-api-8.1.2.jar (com.android.tools.build:gradle-settings-api:8.1.2) with InstrumentationAnalysisTransform
[        ] Transforming gradle-settings-api-8.1.2.jar (com.android.tools.build:gradle-settings-api:8.1.2) with MergeInstrumentationAnalysisTransform
[        ] Transforming lint-model-31.1.2.jar (com.android.tools.lint:lint-model:31.1.2) with InstrumentationAnalysisTransform
[        ] Transforming lint-model-31.1.2.jar (com.android.tools.lint:lint-model:31.1.2) with MergeInstrumentationAnalysisTransform
[        ] Transforming builder-8.1.2.jar (com.android.tools.build:builder:8.1.2) with InstrumentationAnalysisTransform
[        ] Transforming builder-8.1.2.jar (com.android.tools.build:builder:8.1.2) with MergeInstrumentationAnalysisTransform
[        ] Transforming manifest-merger-31.1.2.jar (com.android.tools.build:manifest-merger:31.1.2) with InstrumentationAnalysisTransform
[        ] Transforming manifest-merger-31.1.2.jar (com.android.tools.build:manifest-merger:31.1.2) with MergeInstrumentationAnalysisTransform
[        ] Transforming sdk-common-31.1.2.jar (com.android.tools:sdk-common:31.1.2) with InstrumentationAnalysisTransform
[        ] Transforming sdk-common-31.1.2.jar (com.android.tools:sdk-common:31.1.2) with MergeInstrumentationAnalysisTransform
[        ] Transforming gradle-settings-api-8.1.2.jar (com.android.tools.build:gradle-settings-api:8.1.2) with ExternalDependencyInstrumentingArtifactTransform
[        ] Transforming manifest-merger-31.1.2.jar (com.android.tools.build:manifest-merger:31.1.2) with ExternalDependencyInstrumentingArtifactTransform
[        ] Transforming gradle-8.1.2.jar (com.android.tools.build:gradle:8.1.2) with ExternalDependencyInstrumentingArtifactTransform
[        ] Transforming sdk-common-31.1.2.jar (com.android.tools:sdk-common:31.1.2) with ExternalDependencyInstrumentingArtifactTransform
[        ] Transforming sdklib-31.1.2.jar (com.android.tools:sdklib:31.1.2) with InstrumentationAnalysisTransform
[        ] Transforming builder-8.1.2.jar (com.android.tools.build:builder:8.1.2) with ExternalDependencyInstrumentingArtifactTransform
[        ] Transforming sdklib-31.1.2.jar (com.android.tools:sdklib:31.1.2) with MergeInstrumentationAnalysisTransform
[        ] Transforming lint-model-31.1.2.jar (com.android.tools.lint:lint-model:31.1.2) with ExternalDependencyInstrumentingArtifactTransform
[        ] Transforming sdklib-31.1.2.jar (com.android.tools:sdklib:31.1.2) with ExternalDependencyInstrumentingArtifactTransform
[        ] Transforming repository-31.1.2.jar (com.android.tools:repository:31.1.2) with InstrumentationAnalysisTransform
[        ] Transforming repository-31.1.2.jar (com.android.tools:repository:31.1.2) with MergeInstrumentationAnalysisTransform
[        ] Transforming gradle-api-8.1.2.jar (com.android.tools.build:gradle-api:8.1.2) with InstrumentationAnalysisTransform
[        ] Transforming gradle-api-8.1.2.jar (com.android.tools.build:gradle-api:8.1.2) with MergeInstrumentationAnalysisTransform
[        ] Transforming repository-31.1.2.jar (com.android.tools:repository:31.1.2) with ExternalDependencyInstrumentingArtifactTransform
[        ] Transforming builder-test-api-8.1.2.jar (com.android.tools.build:builder-test-api:8.1.2) with InstrumentationAnalysisTransform
[        ] Transforming gradle-api-8.1.2.jar (com.android.tools.build:gradle-api:8.1.2) with ExternalDependencyInstrumentingArtifactTransform
[        ] Transforming builder-test-api-8.1.2.jar (com.android.tools.build:builder-test-api:8.1.2) with MergeInstrumentationAnalysisTransform
[        ] Transforming ddmlib-31.1.2.jar (com.android.tools.ddms:ddmlib:31.1.2) with InstrumentationAnalysisTransform
[        ] Transforming ddmlib-31.1.2.jar (com.android.tools.ddms:ddmlib:31.1.2) with MergeInstrumentationAnalysisTransform
[        ] Transforming aaptcompiler-8.1.2.jar (com.android.tools.build:aaptcompiler:8.1.2) with InstrumentationAnalysisTransform
[   +1 ms] Transforming builder-test-api-8.1.2.jar (com.android.tools.build:builder-test-api:8.1.2) with ExternalDependencyInstrumentingArtifactTransform
[        ] Transforming aaptcompiler-8.1.2.jar (com.android.tools.build:aaptcompiler:8.1.2) with MergeInstrumentationAnalysisTransform
[        ] Transforming ddmlib-31.1.2.jar (com.android.tools.ddms:ddmlib:31.1.2) with ExternalDependencyInstrumentingArtifactTransform
[        ] Transforming aaptcompiler-8.1.2.jar (com.android.tools.build:aaptcompiler:8.1.2) with ExternalDependencyInstrumentingArtifactTransform
[        ] Transforming bundletool-1.14.0.jar (com.android.tools.build:bundletool:1.14.0) with InstrumentationAnalysisTransform
[        ] Transforming bundletool-1.14.0.jar (com.android.tools.build:bundletool:1.14.0) with MergeInstrumentationAnalysisTransform
[        ] Transforming aapt2-proto-8.1.2-10154469.jar (com.android.tools.build:aapt2-proto:8.1.2-10154469) with InstrumentationAnalysisTransform
[        ] Transforming aapt2-proto-8.1.2-10154469.jar (com.android.tools.build:aapt2-proto:8.1.2-10154469) with MergeInstrumentationAnalysisTransform
[        ] Transforming crash-31.1.2.jar (com.android.tools.analytics-library:crash:31.1.2) with InstrumentationAnalysisTransform
[        ] Transforming bundletool-1.14.0.jar (com.android.tools.build:bundletool:1.14.0) with ExternalDependencyInstrumentingArtifactTransform
[        ] Transforming aapt2-proto-8.1.2-10154469.jar (com.android.tools.build:aapt2-proto:8.1.2-10154469) with ExternalDependencyInstrumentingArtifactTransform
[        ] Transforming crash-31.1.2.jar (com.android.tools.analytics-library:crash:31.1.2) with MergeInstrumentationAnalysisTransform
[        ] Transforming tracker-31.1.2.jar (com.android.tools.analytics-library:tracker:31.1.2) with InstrumentationAnalysisTransform
[        ] Transforming tracker-31.1.2.jar (com.android.tools.analytics-library:tracker:31.1.2) with MergeInstrumentationAnalysisTransform
[        ] Transforming shared-31.1.2.jar (com.android.tools.analytics-library:shared:31.1.2) with InstrumentationAnalysisTransform
[        ] Transforming crash-31.1.2.jar (com.android.tools.analytics-library:crash:31.1.2) with ExternalDependencyInstrumentingArtifactTransform
[        ] Transforming tracker-31.1.2.jar (com.android.tools.analytics-library:tracker:31.1.2) with ExternalDependencyInstrumentingArtifactTransform
[        ] Transforming shared-31.1.2.jar (com.android.tools.analytics-library:shared:31.1.2) with MergeInstrumentationAnalysisTransform
[        ] Transforming lint-typedef-remover-31.1.2.jar (com.android.tools.lint:lint-typedef-remover:31.1.2) with InstrumentationAnalysisTransform
[        ] Transforming lint-typedef-remover-31.1.2.jar (com.android.tools.lint:lint-typedef-remover:31.1.2) with MergeInstrumentationAnalysisTransform
[        ] Transforming databinding-compiler-common-8.1.2.jar (androidx.databinding:databinding-compiler-common:8.1.2) with InstrumentationAnalysisTransform
[        ] Transforming databinding-compiler-common-8.1.2.jar (androidx.databinding:databinding-compiler-common:8.1.2) with MergeInstrumentationAnalysisTransform
[        ] Transforming databinding-common-8.1.2.jar (androidx.databinding:databinding-common:8.1.2) with InstrumentationAnalysisTransform
[        ] Transforming databinding-common-8.1.2.jar (androidx.databinding:databinding-common:8.1.2) with MergeInstrumentationAnalysisTransform
[        ] Transforming shared-31.1.2.jar (com.android.tools.analytics-library:shared:31.1.2) with ExternalDependencyInstrumentingArtifactTransform
[        ] Transforming databinding-compiler-common-8.1.2.jar (androidx.databinding:databinding-compiler-common:8.1.2) with ExternalDependencyInstrumentingArtifactTransform
[        ] Transforming baseLibrary-8.1.2.jar (com.android.databinding:baseLibrary:8.1.2) with InstrumentationAnalysisTransform
[        ] Transforming baseLibrary-8.1.2.jar (com.android.databinding:baseLibrary:8.1.2) with MergeInstrumentationAnalysisTransform
[        ] Transforming layoutlib-api-31.1.2.jar (com.android.tools.layoutlib:layoutlib-api:31.1.2) with InstrumentationAnalysisTransform
[        ] Transforming lint-typedef-remover-31.1.2.jar (com.android.tools.lint:lint-typedef-remover:31.1.2) with ExternalDependencyInstrumentingArtifactTransform
[        ] Transforming baseLibrary-8.1.2.jar (com.android.databinding:baseLibrary:8.1.2) with ExternalDependencyInstrumentingArtifactTransform
[        ] Transforming layoutlib-api-31.1.2.jar (com.android.tools.layoutlib:layoutlib-api:31.1.2) with MergeInstrumentationAnalysisTransform
[        ] Transforming databinding-common-8.1.2.jar (androidx.databinding:databinding-common:8.1.2) with ExternalDependencyInstrumentingArtifactTransform
[        ] Transforming android-device-provider-ddmlib-proto-31.1.2.jar (com.android.tools.utp:android-device-provider-ddmlib-proto:31.1.2) with InstrumentationAnalysisTransform
[        ] Transforming layoutlib-api-31.1.2.jar (com.android.tools.layoutlib:layoutlib-api:31.1.2) with ExternalDependencyInstrumentingArtifactTransform
[        ] Transforming android-device-provider-ddmlib-proto-31.1.2.jar (com.android.tools.utp:android-device-provider-ddmlib-proto:31.1.2) with MergeInstrumentationAnalysisTransform
[        ] Transforming android-device-provider-gradle-proto-31.1.2.jar (com.android.tools.utp:android-device-provider-gradle-proto:31.1.2) with InstrumentationAnalysisTransform
[        ] Transforming android-device-provider-ddmlib-proto-31.1.2.jar (com.android.tools.utp:android-device-provider-ddmlib-proto:31.1.2) with ExternalDependencyInstrumentingArtifactTransform
[        ] Transforming android-device-provider-gradle-proto-31.1.2.jar (com.android.tools.utp:android-device-provider-gradle-proto:31.1.2) with MergeInstrumentationAnalysisTransform
[        ] Transforming android-test-plugin-host-additional-test-output-proto-31.1.2.jar (com.android.tools.utp:android-test-plugin-host-additional-test-output-proto:31.1.2) with InstrumentationAnalysisTransform
[        ] Transforming android-device-provider-gradle-proto-31.1.2.jar (com.android.tools.utp:android-device-provider-gradle-proto:31.1.2) with ExternalDependencyInstrumentingArtifactTransform
[        ] Transforming android-test-plugin-host-additional-test-output-proto-31.1.2.jar (com.android.tools.utp:android-test-plugin-host-additional-test-output-proto:31.1.2) with MergeInstrumentationAnalysisTransform
[        ] Transforming android-test-plugin-host-coverage-proto-31.1.2.jar (com.android.tools.utp:android-test-plugin-host-coverage-proto:31.1.2) with InstrumentationAnalysisTransform
[        ] Transforming android-test-plugin-host-coverage-proto-31.1.2.jar (com.android.tools.utp:android-test-plugin-host-coverage-proto:31.1.2) with MergeInstrumentationAnalysisTransform
[        ] Transforming android-test-plugin-host-emulator-control-proto-31.1.2.jar (com.android.tools.utp:android-test-plugin-host-emulator-control-proto:31.1.2) with InstrumentationAnalysisTransform
[        ] Transforming android-test-plugin-host-additional-test-output-proto-31.1.2.jar (com.android.tools.utp:android-test-plugin-host-additional-test-output-proto:31.1.2) with ExternalDependencyInstrumentingArtifactTransform
[        ] Transforming android-test-plugin-host-coverage-proto-31.1.2.jar (com.android.tools.utp:android-test-plugin-host-coverage-proto:31.1.2) with ExternalDependencyInstrumentingArtifactTransform
[        ] Transforming android-test-plugin-host-emulator-control-proto-31.1.2.jar (com.android.tools.utp:android-test-plugin-host-emulator-control-proto:31.1.2) with MergeInstrumentationAnalysisTransform
[        ] Transforming android-test-plugin-host-logcat-proto-31.1.2.jar (com.android.tools.utp:android-test-plugin-host-logcat-proto:31.1.2) with InstrumentationAnalysisTransform
[        ] Transforming android-test-plugin-host-logcat-proto-31.1.2.jar (com.android.tools.utp:android-test-plugin-host-logcat-proto:31.1.2) with MergeInstrumentationAnalysisTransform
[        ] Transforming android-test-plugin-host-apk-installer-proto-31.1.2.jar (com.android.tools.utp:android-test-plugin-host-apk-installer-proto:31.1.2) with InstrumentationAnalysisTransform
[        ] Transforming android-test-plugin-host-apk-installer-proto-31.1.2.jar (com.android.tools.utp:android-test-plugin-host-apk-installer-proto:31.1.2) with MergeInstrumentationAnalysisTransform
[        ] Transforming android-test-plugin-host-retention-proto-31.1.2.jar (com.android.tools.utp:android-test-plugin-host-retention-proto:31.1.2) with InstrumentationAnalysisTransform
[        ] Transforming android-test-plugin-host-emulator-control-proto-31.1.2.jar (com.android.tools.utp:android-test-plugin-host-emulator-control-proto:31.1.2) with ExternalDependencyInstrumentingArtifactTransform
[        ] Transforming android-test-plugin-host-logcat-proto-31.1.2.jar (com.android.tools.utp:android-test-plugin-host-logcat-proto:31.1.2) with ExternalDependencyInstrumentingArtifactTransform
[        ] Transforming android-test-plugin-host-retention-proto-31.1.2.jar (com.android.tools.utp:android-test-plugin-host-retention-proto:31.1.2) with MergeInstrumentationAnalysisTransform
[        ] Transforming android-test-plugin-host-apk-installer-proto-31.1.2.jar (com.android.tools.utp:android-test-plugin-host-apk-installer-proto:31.1.2) with ExternalDependencyInstrumentingArtifactTransform
[        ] Transforming android-test-plugin-result-listener-gradle-proto-31.1.2.jar (com.android.tools.utp:android-test-plugin-result-listener-gradle-proto:31.1.2) with InstrumentationAnalysisTransform
[        ] Transforming android-test-plugin-host-retention-proto-31.1.2.jar (com.android.tools.utp:android-test-plugin-host-retention-proto:31.1.2) with ExternalDependencyInstrumentingArtifactTransform
[        ] Transforming android-test-plugin-result-listener-gradle-proto-31.1.2.jar (com.android.tools.utp:android-test-plugin-result-listener-gradle-proto:31.1.2) with MergeInstrumentationAnalysisTransform
[        ] Transforming builder-model-8.1.2.jar (com.android.tools.build:builder-model:8.1.2) with InstrumentationAnalysisTransform
[        ] Transforming android-test-plugin-result-listener-gradle-proto-31.1.2.jar (com.android.tools.utp:android-test-plugin-result-listener-gradle-proto:31.1.2) with ExternalDependencyInstrumentingArtifactTransform
[        ] Transforming builder-model-8.1.2.jar (com.android.tools.build:builder-model:8.1.2) with MergeInstrumentationAnalysisTransform
[        ] Transforming dvlib-31.1.2.jar (com.android.tools:dvlib:31.1.2) with InstrumentationAnalysisTransform
[        ] Transforming dvlib-31.1.2.jar (com.android.tools:dvlib:31.1.2) with MergeInstrumentationAnalysisTransform
[        ] Transforming common-31.1.2.jar (com.android.tools:common:31.1.2) with InstrumentationAnalysisTransform
[        ] Transforming builder-model-8.1.2.jar (com.android.tools.build:builder-model:8.1.2) with ExternalDependencyInstrumentingArtifactTransform
[        ] Transforming common-31.1.2.jar (com.android.tools:common:31.1.2) with MergeInstrumentationAnalysisTransform
[        ] Transforming dvlib-31.1.2.jar (com.android.tools:dvlib:31.1.2) with ExternalDependencyInstrumentingArtifactTransform
[        ] Transforming common-31.1.2.jar (com.android.tools:common:31.1.2) with ExternalDependencyInstrumentingArtifactTransform
[        ] Transforming kotlin-stdlib-jdk8-1.8.20-RC2.jar (org.jetbrains.kotlin:kotlin-stdlib-jdk8:1.8.20-RC2) with InstrumentationAnalysisTransform
[        ] Transforming kotlin-stdlib-jdk8-1.8.20-RC2.jar (org.jetbrains.kotlin:kotlin-stdlib-jdk8:1.8.20-RC2) with MergeInstrumentationAnalysisTransform
[        ] Transforming transform-api-2.0.0-deprecated-use-gradle-api.jar (com.android.tools.build:transform-api:2.0.0-deprecated-use-gradle-api) with InstrumentationAnalysisTransform
[        ] Transforming transform-api-2.0.0-deprecated-use-gradle-api.jar (com.android.tools.build:transform-api:2.0.0-deprecated-use-gradle-api) with MergeInstrumentationAnalysisTransform
[        ] Transforming httpmime-4.5.6.jar (org.apache.httpcomponents:httpmime:4.5.6) with InstrumentationAnalysisTransform
[        ] Transforming kotlin-stdlib-jdk8-1.8.20-RC2.jar (org.jetbrains.kotlin:kotlin-stdlib-jdk8:1.8.20-RC2) with ExternalDependencyInstrumentingArtifactTransform
[        ] Transforming httpmime-4.5.6.jar (org.apache.httpcomponents:httpmime:4.5.6) with MergeInstrumentationAnalysisTransform
[        ] Transforming commons-io-2.4.jar (commons-io:commons-io:2.4) with InstrumentationAnalysisTransform
[        ] Transforming transform-api-2.0.0-deprecated-use-gradle-api.jar (com.android.tools.build:transform-api:2.0.0-deprecated-use-gradle-api) with ExternalDependencyInstrumentingArtifactTransform
[        ] Transforming httpmime-4.5.6.jar (org.apache.httpcomponents:httpmime:4.5.6) with ExternalDependencyInstrumentingArtifactTransform
[        ] Transforming commons-io-2.4.jar (commons-io:commons-io:2.4) with MergeInstrumentationAnalysisTransform
[        ] Transforming jetifier-processor-1.0.0-beta10.jar (com.android.tools.build.jetifier:jetifier-processor:1.0.0-beta10) with InstrumentationAnalysisTransform
[        ] Transforming jetifier-processor-1.0.0-beta10.jar (com.android.tools.build.jetifier:jetifier-processor:1.0.0-beta10) with MergeInstrumentationAnalysisTransform
[        ] Transforming asm-commons-9.2.jar (org.ow2.asm:asm-commons:9.2) with InstrumentationAnalysisTransform
[        ] Transforming commons-io-2.4.jar (commons-io:commons-io:2.4) with ExternalDependencyInstrumentingArtifactTransform
[        ] Transforming asm-commons-9.2.jar (org.ow2.asm:asm-commons:9.2) with MergeInstrumentationAnalysisTransform
[        ] Transforming asm-util-9.2.jar (org.ow2.asm:asm-util:9.2) with InstrumentationAnalysisTransform
[        ] Transforming asm-util-9.2.jar (org.ow2.asm:asm-util:9.2) with MergeInstrumentationAnalysisTransform
[        ] Transforming asm-analysis-9.2.jar (org.ow2.asm:asm-analysis:9.2) with InstrumentationAnalysisTransform
[        ] Transforming asm-analysis-9.2.jar (org.ow2.asm:asm-analysis:9.2) with MergeInstrumentationAnalysisTransform
[        ] Transforming asm-tree-9.2.jar (org.ow2.asm:asm-tree:9.2) with InstrumentationAnalysisTransform
[        ] Transforming asm-tree-9.2.jar (org.ow2.asm:asm-tree:9.2) with MergeInstrumentationAnalysisTransform
[        ] Transforming asm-analysis-9.2.jar (org.ow2.asm:asm-analysis:9.2) with ExternalDependencyInstrumentingArtifactTransform
[        ] Transforming jetifier-processor-1.0.0-beta10.jar (com.android.tools.build.jetifier:jetifier-processor:1.0.0-beta10) with ExternalDependencyInstrumentingArtifactTransform
[        ] Transforming asm-tree-9.2.jar (org.ow2.asm:asm-tree:9.2) with ExternalDependencyInstrumentingArtifactTransform
[        ] Transforming asm-9.2.jar (org.ow2.asm:asm:9.2) with InstrumentationAnalysisTransform
[        ] Transforming asm-commons-9.2.jar (org.ow2.asm:asm-commons:9.2) with ExternalDependencyInstrumentingArtifactTransform
[        ] Transforming asm-util-9.2.jar (org.ow2.asm:asm-util:9.2) with ExternalDependencyInstrumentingArtifactTransform
[        ] Transforming asm-9.2.jar (org.ow2.asm:asm:9.2) with MergeInstrumentationAnalysisTransform
[        ] Transforming apkzlib-8.1.2.jar (com.android.tools.build:apkzlib:8.1.2) with InstrumentationAnalysisTransform
[        ] Transforming apkzlib-8.1.2.jar (com.android.tools.build:apkzlib:8.1.2) with MergeInstrumentationAnalysisTransform
[        ] Transforming bcpkix-jdk15on-1.67.jar (org.bouncycastle:bcpkix-jdk15on:1.67) with InstrumentationAnalysisTransform
[        ] Transforming asm-9.2.jar (org.ow2.asm:asm:9.2) with ExternalDependencyInstrumentingArtifactTransform
[        ] Transforming bcpkix-jdk15on-1.67.jar (org.bouncycastle:bcpkix-jdk15on:1.67) with MergeInstrumentationAnalysisTransform
[        ] Transforming jaxb-runtime-2.3.2.jar (org.glassfish.jaxb:jaxb-runtime:2.3.2) with InstrumentationAnalysisTransform
[        ] Transforming apkzlib-8.1.2.jar (com.android.tools.build:apkzlib:8.1.2) with ExternalDependencyInstrumentingArtifactTransform
[        ] Transforming bcpkix-jdk15on-1.67.jar (org.bouncycastle:bcpkix-jdk15on:1.67) with ExternalDependencyInstrumentingArtifactTransform
[        ] Transforming jaxb-runtime-2.3.2.jar (org.glassfish.jaxb:jaxb-runtime:2.3.2) with MergeInstrumentationAnalysisTransform
[        ] Transforming jopt-simple-4.9.jar (net.sf.jopt-simple:jopt-simple:4.9) with InstrumentationAnalysisTransform
[        ] Transforming jopt-simple-4.9.jar (net.sf.jopt-simple:jopt-simple:4.9) with MergeInstrumentationAnalysisTransform
[        ] Transforming jaxb-runtime-2.3.2.jar (org.glassfish.jaxb:jaxb-runtime:2.3.2) with ExternalDependencyInstrumentingArtifactTransform
[        ] Transforming jopt-simple-4.9.jar (net.sf.jopt-simple:jopt-simple:4.9) with ExternalDependencyInstrumentingArtifactTransform
[        ] Transforming jetifier-core-1.0.0-beta10.jar (com.android.tools.build.jetifier:jetifier-core:1.0.0-beta10) with InstrumentationAnalysisTransform
[        ] Transforming jetifier-core-1.0.0-beta10.jar (com.android.tools.build.jetifier:jetifier-core:1.0.0-beta10) with MergeInstrumentationAnalysisTransform
[        ] Transforming javapoet-1.10.0.jar (com.squareup:javapoet:1.10.0) with InstrumentationAnalysisTransform
[        ] Transforming javapoet-1.10.0.jar (com.squareup:javapoet:1.10.0) with MergeInstrumentationAnalysisTransform
[        ] Transforming protobuf-java-util-3.19.3.jar (com.google.protobuf:protobuf-java-util:3.19.3) with InstrumentationAnalysisTransform
[        ] Transforming javapoet-1.10.0.jar (com.squareup:javapoet:1.10.0) with ExternalDependencyInstrumentingArtifactTransform
[        ] Transforming jetifier-core-1.0.0-beta10.jar (com.android.tools.build.jetifier:jetifier-core:1.0.0-beta10) with ExternalDependencyInstrumentingArtifactTransform
[        ] Transforming protobuf-java-util-3.19.3.jar (com.google.protobuf:protobuf-java-util:3.19.3) with MergeInstrumentationAnalysisTransform
[        ] Transforming grpc-protobuf-1.45.1.jar (io.grpc:grpc-protobuf:1.45.1) with InstrumentationAnalysisTransform
[        ] Transforming grpc-protobuf-1.45.1.jar (io.grpc:grpc-protobuf:1.45.1) with MergeInstrumentationAnalysisTransform
[        ] Transforming protobuf-java-util-3.19.3.jar (com.google.protobuf:protobuf-java-util:3.19.3) with ExternalDependencyInstrumentingArtifactTransform
[        ] Transforming tink-1.7.0.jar (com.google.crypto.tink:tink:1.7.0) with InstrumentationAnalysisTransform
[        ] Transforming grpc-protobuf-1.45.1.jar (io.grpc:grpc-protobuf:1.45.1) with ExternalDependencyInstrumentingArtifactTransform
[        ] Transforming tink-1.7.0.jar (com.google.crypto.tink:tink:1.7.0) with MergeInstrumentationAnalysisTransform
[        ] Transforming protos-31.1.2.jar (com.android.tools.analytics-library:protos:31.1.2) with InstrumentationAnalysisTransform
[        ] Transforming protos-31.1.2.jar (com.android.tools.analytics-library:protos:31.1.2) with MergeInstrumentationAnalysisTransform
[        ] Transforming proto-google-common-protos-2.0.1.jar (com.google.api.grpc:proto-google-common-protos:2.0.1) with InstrumentationAnalysisTransform
[        ] Transforming proto-google-common-protos-2.0.1.jar (com.google.api.grpc:proto-google-common-protos:2.0.1) with MergeInstrumentationAnalysisTransform
[        ] Transforming protobuf-java-3.19.3.jar (com.google.protobuf:protobuf-java:3.19.3) with InstrumentationAnalysisTransform
[        ] Transforming tink-1.7.0.jar (com.google.crypto.tink:tink:1.7.0) with ExternalDependencyInstrumentingArtifactTransform
[        ] Transforming protobuf-java-3.19.3.jar (com.google.protobuf:protobuf-java:3.19.3) with MergeInstrumentationAnalysisTransform
[        ] Transforming protos-31.1.2.jar (com.android.tools.analytics-library:protos:31.1.2) with ExternalDependencyInstrumentingArtifactTransform
[        ] Transforming grpc-netty-1.45.1.jar (io.grpc:grpc-netty:1.45.1) with InstrumentationAnalysisTransform
[        ] Transforming proto-google-common-protos-2.0.1.jar (com.google.api.grpc:proto-google-common-protos:2.0.1) with ExternalDependencyInstrumentingArtifactTransform
[        ] Transforming protobuf-java-3.19.3.jar (com.google.protobuf:protobuf-java:3.19.3) with ExternalDependencyInstrumentingArtifactTransform
[        ] Transforming grpc-netty-1.45.1.jar (io.grpc:grpc-netty:1.45.1) with MergeInstrumentationAnalysisTransform
[        ] Transforming grpc-core-1.45.1.jar (io.grpc:grpc-core:1.45.1) with InstrumentationAnalysisTransform
[        ] Transforming grpc-netty-1.45.1.jar (io.grpc:grpc-netty:1.45.1) with ExternalDependencyInstrumentingArtifactTransform
[        ] Transforming grpc-core-1.45.1.jar (io.grpc:grpc-core:1.45.1) with MergeInstrumentationAnalysisTransform
[        ] Transforming gson-2.8.9.jar (com.google.code.gson:gson:2.8.9) with InstrumentationAnalysisTransform
[        ] Transforming gson-2.8.9.jar (com.google.code.gson:gson:2.8.9) with MergeInstrumentationAnalysisTransform
[        ] Transforming grpc-core-1.45.1.jar (io.grpc:grpc-core:1.45.1) with ExternalDependencyInstrumentingArtifactTransform
[        ] Transforming grpc-stub-1.45.1.jar (io.grpc:grpc-stub:1.45.1) with InstrumentationAnalysisTransform
[        ] Transforming grpc-stub-1.45.1.jar (io.grpc:grpc-stub:1.45.1) with MergeInstrumentationAnalysisTransform
[        ] Transforming core-proto-0.0.8-alpha08.jar (com.google.testing.platform:core-proto:0.0.8-alpha08) with InstrumentationAnalysisTransform
[        ] Transforming gson-2.8.9.jar (com.google.code.gson:gson:2.8.9) with ExternalDependencyInstrumentingArtifactTransform
[        ] Transforming core-proto-0.0.8-alpha08.jar (com.google.testing.platform:core-proto:0.0.8-alpha08) with MergeInstrumentationAnalysisTransform
[        ] Transforming grpc-stub-1.45.1.jar (io.grpc:grpc-stub:1.45.1) with ExternalDependencyInstrumentingArtifactTransform
[        ] Transforming tensorflow-lite-metadata-0.1.0-rc2.jar (org.tensorflow:tensorflow-lite-metadata:0.1.0-rc2) with InstrumentationAnalysisTransform
[        ] Transforming core-proto-0.0.8-alpha08.jar (com.google.testing.platform:core-proto:0.0.8-alpha08) with ExternalDependencyInstrumentingArtifactTransform
[        ] Transforming tensorflow-lite-metadata-0.1.0-rc2.jar (org.tensorflow:tensorflow-lite-metadata:0.1.0-rc2) with MergeInstrumentationAnalysisTransform
[        ] Transforming flatbuffers-java-1.12.0.jar (com.google.flatbuffers:flatbuffers-java:1.12.0) with InstrumentationAnalysisTransform
[        ] Transforming flatbuffers-java-1.12.0.jar (com.google.flatbuffers:flatbuffers-java:1.12.0) with MergeInstrumentationAnalysisTransform
[        ] Transforming tensorflow-lite-metadata-0.1.0-rc2.jar (org.tensorflow:tensorflow-lite-metadata:0.1.0-rc2) with ExternalDependencyInstrumentingArtifactTransform
[        ] Transforming jimfs-1.1.jar (com.google.jimfs:jimfs:1.1) with InstrumentationAnalysisTransform
[        ] Transforming flatbuffers-java-1.12.0.jar (com.google.flatbuffers:flatbuffers-java:1.12.0) with ExternalDependencyInstrumentingArtifactTransform
[        ] Transforming jimfs-1.1.jar (com.google.jimfs:jimfs:1.1) with MergeInstrumentationAnalysisTransform
[        ] Transforming grpc-protobuf-lite-1.45.1.jar (io.grpc:grpc-protobuf-lite:1.45.1) with InstrumentationAnalysisTransform
[        ] Transforming grpc-protobuf-lite-1.45.1.jar (io.grpc:grpc-protobuf-lite:1.45.1) with MergeInstrumentationAnalysisTransform
[        ] Transforming grpc-api-1.45.1.jar (io.grpc:grpc-api:1.45.1) with InstrumentationAnalysisTransform
[        ] Transforming jimfs-1.1.jar (com.google.jimfs:jimfs:1.1) with ExternalDependencyInstrumentingArtifactTransform
[        ] Transforming grpc-api-1.45.1.jar (io.grpc:grpc-api:1.45.1) with MergeInstrumentationAnalysisTransform
[        ] Transforming grpc-protobuf-lite-1.45.1.jar (io.grpc:grpc-protobuf-lite:1.45.1) with ExternalDependencyInstrumentingArtifactTransform
[        ] Transforming guava-31.1-jre.jar (com.google.guava:guava:31.1-jre) with InstrumentationAnalysisTransform
[        ] Transforming guava-31.1-jre.jar (com.google.guava:guava:31.1-jre) with MergeInstrumentationAnalysisTransform
[        ] Transforming dagger-2.28.3.jar (com.google.dagger:dagger:2.28.3) with InstrumentationAnalysisTransform
[        ] Transforming grpc-api-1.45.1.jar (io.grpc:grpc-api:1.45.1) with ExternalDependencyInstrumentingArtifactTransform
[        ] Transforming guava-31.1-jre.jar (com.google.guava:guava:31.1-jre) with ExternalDependencyInstrumentingArtifactTransform
[        ] Transforming dagger-2.28.3.jar (com.google.dagger:dagger:2.28.3) with MergeInstrumentationAnalysisTransform
[        ] Transforming javax.inject-1.jar (javax.inject:javax.inject:1) with InstrumentationAnalysisTransform
[        ] Transforming dagger-2.28.3.jar (com.google.dagger:dagger:2.28.3) with ExternalDependencyInstrumentingArtifactTransform
[        ] Transforming javax.inject-1.jar (javax.inject:javax.inject:1) with MergeInstrumentationAnalysisTransform
[        ] Transforming kxml2-2.3.0.jar (net.sf.kxml:kxml2:2.3.0) with InstrumentationAnalysisTransform
[        ] Transforming kxml2-2.3.0.jar (net.sf.kxml:kxml2:2.3.0) with MergeInstrumentationAnalysisTransform
[        ] Transforming javax.inject-1.jar (javax.inject:javax.inject:1) with ExternalDependencyInstrumentingArtifactTransform
[        ] Transforming bcprov-jdk15on-1.67.jar (org.bouncycastle:bcprov-jdk15on:1.67) with InstrumentationAnalysisTransform
[        ] Transforming bcprov-jdk15on-1.67.jar (org.bouncycastle:bcprov-jdk15on:1.67) with MergeInstrumentationAnalysisTransform
[        ] Transforming trove4j-1.0.20200330.jar (org.jetbrains.intellij.deps:trove4j:1.0.20200330) with InstrumentationAnalysisTransform
[        ] Transforming kxml2-2.3.0.jar (net.sf.kxml:kxml2:2.3.0) with ExternalDependencyInstrumentingArtifactTransform
[        ] Transforming trove4j-1.0.20200330.jar (org.jetbrains.intellij.deps:trove4j:1.0.20200330) with MergeInstrumentationAnalysisTransform
[        ] Transforming bcprov-jdk15on-1.67.jar (org.bouncycastle:bcprov-jdk15on:1.67) with ExternalDependencyInstrumentingArtifactTransform
[        ] Transforming kotlin-reflect-1.8.20-RC2.jar (org.jetbrains.kotlin:kotlin-reflect:1.8.20-RC2) with InstrumentationAnalysisTransform
[        ] Transforming trove4j-1.0.20200330.jar (org.jetbrains.intellij.deps:trove4j:1.0.20200330) with ExternalDependencyInstrumentingArtifactTransform
[        ] Transforming kotlin-reflect-1.8.20-RC2.jar (org.jetbrains.kotlin:kotlin-reflect:1.8.20-RC2) with MergeInstrumentationAnalysisTransform
[        ] Transforming xercesImpl-2.12.0.jar (xerces:xercesImpl:2.12.0) with InstrumentationAnalysisTransform
[        ] Transforming xercesImpl-2.12.0.jar (xerces:xercesImpl:2.12.0) with MergeInstrumentationAnalysisTransform
[        ] Transforming kotlin-reflect-1.8.20-RC2.jar (org.jetbrains.kotlin:kotlin-reflect:1.8.20-RC2) with ExternalDependencyInstrumentingArtifactTransform
[        ] Transforming commons-compress-1.21.jar (org.apache.commons:commons-compress:1.21) with InstrumentationAnalysisTransform
[        ] Transforming xercesImpl-2.12.0.jar (xerces:xercesImpl:2.12.0) with ExternalDependencyInstrumentingArtifactTransform
[        ] Transforming commons-compress-1.21.jar (org.apache.commons:commons-compress:1.21) with MergeInstrumentationAnalysisTransform
[        ] Transforming httpclient-4.5.13.jar (org.apache.httpcomponents:httpclient:4.5.13) with InstrumentationAnalysisTransform
[        ] Transforming httpclient-4.5.13.jar (org.apache.httpcomponents:httpclient:4.5.13) with MergeInstrumentationAnalysisTransform
[        ] Transforming httpcore-4.4.15.jar (org.apache.httpcomponents:httpcore:4.4.15) with InstrumentationAnalysisTransform
[        ] Transforming httpcore-4.4.15.jar (org.apache.httpcomponents:httpcore:4.4.15) with MergeInstrumentationAnalysisTransform
[        ] Transforming httpclient-4.5.13.jar (org.apache.httpcomponents:httpclient:4.5.13) with ExternalDependencyInstrumentingArtifactTransform
[        ] Transforming commons-compress-1.21.jar (org.apache.commons:commons-compress:1.21) with ExternalDependencyInstrumentingArtifactTransform
[        ] Transforming javax.activation-1.2.0.jar (com.sun.activation:javax.activation:1.2.0) with InstrumentationAnalysisTransform
[        ] Transforming javax.activation-1.2.0.jar (com.sun.activation:javax.activation:1.2.0) with MergeInstrumentationAnalysisTransform
[        ] Transforming httpcore-4.4.15.jar (org.apache.httpcomponents:httpcore:4.4.15) with ExternalDependencyInstrumentingArtifactTransform
[        ] Transforming javax.activation-1.2.0.jar (com.sun.activation:javax.activation:1.2.0) with ExternalDependencyInstrumentingArtifactTransform
[        ] Transforming kotlin-stdlib-jdk7-1.8.20-RC2.jar (org.jetbrains.kotlin:kotlin-stdlib-jdk7:1.8.20-RC2) with InstrumentationAnalysisTransform
[        ] Transforming kotlin-stdlib-jdk7-1.8.20-RC2.jar (org.jetbrains.kotlin:kotlin-stdlib-jdk7:1.8.20-RC2) with MergeInstrumentationAnalysisTransform
[        ] Transforming kotlin-stdlib-1.8.20-RC2.jar (org.jetbrains.kotlin:kotlin-stdlib:1.8.20-RC2) with InstrumentationAnalysisTransform
[        ] Transforming kotlin-stdlib-1.8.20-RC2.jar (org.jetbrains.kotlin:kotlin-stdlib:1.8.20-RC2) with MergeInstrumentationAnalysisTransform
[        ] Transforming annotations-13.0.jar (org.jetbrains:annotations:13.0) with InstrumentationAnalysisTransform
[        ] Transforming kotlin-stdlib-jdk7-1.8.20-RC2.jar (org.jetbrains.kotlin:kotlin-stdlib-jdk7:1.8.20-RC2) with ExternalDependencyInstrumentingArtifactTransform
[        ] Transforming annotations-13.0.jar (org.jetbrains:annotations:13.0) with MergeInstrumentationAnalysisTransform
[        ] Transforming signflinger-8.1.2.jar (com.android:signflinger:8.1.2) with InstrumentationAnalysisTransform
[        ] Transforming signflinger-8.1.2.jar (com.android:signflinger:8.1.2) with MergeInstrumentationAnalysisTransform
[        ] Transforming kotlin-stdlib-1.8.20-RC2.jar (org.jetbrains.kotlin:kotlin-stdlib:1.8.20-RC2) with ExternalDependencyInstrumentingArtifactTransform
[        ] Transforming annotations-13.0.jar (org.jetbrains:annotations:13.0) with ExternalDependencyInstrumentingArtifactTransform
[        ] Transforming signflinger-8.1.2.jar (com.android:signflinger:8.1.2) with ExternalDependencyInstrumentingArtifactTransform
[        ] Transforming zipflinger-8.1.2.jar (com.android:zipflinger:8.1.2) with InstrumentationAnalysisTransform
[        ] Transforming zipflinger-8.1.2.jar (com.android:zipflinger:8.1.2) with MergeInstrumentationAnalysisTransform
[        ] Transforming annotations-31.1.2.jar (com.android.tools:annotations:31.1.2) with InstrumentationAnalysisTransform
[        ] Transforming annotations-31.1.2.jar (com.android.tools:annotations:31.1.2) with MergeInstrumentationAnalysisTransform
[        ] Transforming zipflinger-8.1.2.jar (com.android:zipflinger:8.1.2) with ExternalDependencyInstrumentingArtifactTransform
[        ] Transforming jna-platform-5.6.0.jar (net.java.dev.jna:jna-platform:5.6.0) with InstrumentationAnalysisTransform
[        ] Transforming annotations-31.1.2.jar (com.android.tools:annotations:31.1.2) with ExternalDependencyInstrumentingArtifactTransform
[        ] Transforming jna-platform-5.6.0.jar (net.java.dev.jna:jna-platform:5.6.0) with MergeInstrumentationAnalysisTransform
[        ] Transforming juniversalchardet-1.0.3.jar (com.googlecode.juniversalchardet:juniversalchardet:1.0.3) with InstrumentationAnalysisTransform
[        ] Transforming juniversalchardet-1.0.3.jar (com.googlecode.juniversalchardet:juniversalchardet:1.0.3) with MergeInstrumentationAnalysisTransform
[        ] Transforming javax.annotation-api-1.3.2.jar (javax.annotation:javax.annotation-api:1.3.2) with InstrumentationAnalysisTransform
[        ] Transforming javax.annotation-api-1.3.2.jar (javax.annotation:javax.annotation-api:1.3.2) with MergeInstrumentationAnalysisTransform
[        ] Transforming stax-ex-1.8.1.jar (org.jvnet.staxex:stax-ex:1.8.1) with InstrumentationAnalysisTransform
[        ] Transforming stax-ex-1.8.1.jar (org.jvnet.staxex:stax-ex:1.8.1) with MergeInstrumentationAnalysisTransform
[        ] Transforming jakarta.xml.bind-api-2.3.2.jar (jakarta.xml.bind:jakarta.xml.bind-api:2.3.2) with InstrumentationAnalysisTransform
[        ] Transforming jakarta.xml.bind-api-2.3.2.jar (jakarta.xml.bind:jakarta.xml.bind-api:2.3.2) with MergeInstrumentationAnalysisTransform
[        ] Transforming txw2-2.3.2.jar (org.glassfish.jaxb:txw2:2.3.2) with InstrumentationAnalysisTransform
[        ] Transforming txw2-2.3.2.jar (org.glassfish.jaxb:txw2:2.3.2) with MergeInstrumentationAnalysisTransform
[        ] Transforming istack-commons-runtime-3.0.8.jar (com.sun.istack:istack-commons-runtime:3.0.8) with InstrumentationAnalysisTransform
[        ] Transforming juniversalchardet-1.0.3.jar (com.googlecode.juniversalchardet:juniversalchardet:1.0.3) with ExternalDependencyInstrumentingArtifactTransform
[        ] Transforming jna-platform-5.6.0.jar (net.java.dev.jna:jna-platform:5.6.0) with ExternalDependencyInstrumentingArtifactTransform
[        ] Transforming jakarta.xml.bind-api-2.3.2.jar (jakarta.xml.bind:jakarta.xml.bind-api:2.3.2) with ExternalDependencyInstrumentingArtifactTransform
[        ] Transforming javax.annotation-api-1.3.2.jar (javax.annotation:javax.annotation-api:1.3.2) with ExternalDependencyInstrumentingArtifactTransform
[        ] Transforming istack-commons-runtime-3.0.8.jar (com.sun.istack:istack-commons-runtime:3.0.8) with MergeInstrumentationAnalysisTransform
[        ] Transforming FastInfoset-1.2.16.jar (com.sun.xml.fastinfoset:FastInfoset:1.2.16) with InstrumentationAnalysisTransform
[        ] Transforming FastInfoset-1.2.16.jar (com.sun.xml.fastinfoset:FastInfoset:1.2.16) with MergeInstrumentationAnalysisTransform
[        ] Transforming jakarta.activation-api-1.2.1.jar (jakarta.activation:jakarta.activation-api:1.2.1) with InstrumentationAnalysisTransform
[        ] Transforming jakarta.activation-api-1.2.1.jar (jakarta.activation:jakarta.activation-api:1.2.1) with MergeInstrumentationAnalysisTransform
[        ] Transforming istack-commons-runtime-3.0.8.jar (com.sun.istack:istack-commons-runtime:3.0.8) with ExternalDependencyInstrumentingArtifactTransform
[        ] Transforming txw2-2.3.2.jar (org.glassfish.jaxb:txw2:2.3.2) with ExternalDependencyInstrumentingArtifactTransform
[        ] Transforming stax-ex-1.8.1.jar (org.jvnet.staxex:stax-ex:1.8.1) with ExternalDependencyInstrumentingArtifactTransform
[        ] Transforming jakarta.activation-api-1.2.1.jar (jakarta.activation:jakarta.activation-api:1.2.1) with ExternalDependencyInstrumentingArtifactTransform
[        ] Transforming FastInfoset-1.2.16.jar (com.sun.xml.fastinfoset:FastInfoset:1.2.16) with ExternalDependencyInstrumentingArtifactTransform
[        ] Transforming auto-value-annotations-1.6.2.jar (com.google.auto.value:auto-value-annotations:1.6.2) with InstrumentationAnalysisTransform
[        ] Transforming auto-value-annotations-1.6.2.jar (com.google.auto.value:auto-value-annotations:1.6.2) with MergeInstrumentationAnalysisTransform
[        ] Transforming error_prone_annotations-2.11.0.jar (com.google.errorprone:error_prone_annotations:2.11.0) with InstrumentationAnalysisTransform
[        ] Transforming error_prone_annotations-2.11.0.jar (com.google.errorprone:error_prone_annotations:2.11.0) with MergeInstrumentationAnalysisTransform
[        ] Transforming jose4j-0.7.0.jar (org.bitbucket.b_c:jose4j:0.7.0) with InstrumentationAnalysisTransform
[        ] Transforming jose4j-0.7.0.jar (org.bitbucket.b_c:jose4j:0.7.0) with MergeInstrumentationAnalysisTransform
[        ] Transforming slf4j-api-1.7.30.jar (org.slf4j:slf4j-api:1.7.30) with InstrumentationAnalysisTransform
[        ] Transforming auto-value-annotations-1.6.2.jar (com.google.auto.value:auto-value-annotations:1.6.2) with ExternalDependencyInstrumentingArtifactTransform
[        ] Transforming error_prone_annotations-2.11.0.jar (com.google.errorprone:error_prone_annotations:2.11.0) with ExternalDependencyInstrumentingArtifactTransform
[        ] Transforming jose4j-0.7.0.jar (org.bitbucket.b_c:jose4j:0.7.0) with ExternalDependencyInstrumentingArtifactTransform
[        ] Transforming slf4j-api-1.7.30.jar (org.slf4j:slf4j-api:1.7.30) with MergeInstrumentationAnalysisTransform
[        ] Transforming jdom2-2.0.6.jar (org.jdom:jdom2:2.0.6) with InstrumentationAnalysisTransform
[        ] Transforming slf4j-api-1.7.30.jar (org.slf4j:slf4j-api:1.7.30) with ExternalDependencyInstrumentingArtifactTransform
[        ] Transforming jdom2-2.0.6.jar (org.jdom:jdom2:2.0.6) with MergeInstrumentationAnalysisTransform
[        ] Transforming j2objc-annotations-1.3.jar (com.google.j2objc:j2objc-annotations:1.3) with InstrumentationAnalysisTransform
[        ] Transforming j2objc-annotations-1.3.jar (com.google.j2objc:j2objc-annotations:1.3) with MergeInstrumentationAnalysisTransform
[        ] Transforming jsr305-3.0.2.jar (com.google.code.findbugs:jsr305:3.0.2) with InstrumentationAnalysisTransform
[        ] Transforming jsr305-3.0.2.jar (com.google.code.findbugs:jsr305:3.0.2) with MergeInstrumentationAnalysisTransform
[        ] Transforming annotations-4.1.1.4.jar (com.google.android:annotations:4.1.1.4) with InstrumentationAnalysisTransform
[        ] Transforming annotations-4.1.1.4.jar (com.google.android:annotations:4.1.1.4) with MergeInstrumentationAnalysisTransform
[        ] Transforming animal-sniffer-annotations-1.19.jar (org.codehaus.mojo:animal-sniffer-annotations:1.19) with InstrumentationAnalysisTransform
[        ] Transforming animal-sniffer-annotations-1.19.jar (org.codehaus.mojo:animal-sniffer-annotations:1.19) with MergeInstrumentationAnalysisTransform
[        ] Transforming perfmark-api-0.23.0.jar (io.perfmark:perfmark-api:0.23.0) with InstrumentationAnalysisTransform
[        ] Transforming perfmark-api-0.23.0.jar (io.perfmark:perfmark-api:0.23.0) with MergeInstrumentationAnalysisTransform
[        ] Transforming netty-codec-http2-4.1.72.Final.jar (io.netty:netty-codec-http2:4.1.72.Final) with InstrumentationAnalysisTransform
[        ] Transforming netty-codec-http2-4.1.72.Final.jar (io.netty:netty-codec-http2:4.1.72.Final) with MergeInstrumentationAnalysisTransform
[        ] Transforming netty-handler-proxy-4.1.72.Final.jar (io.netty:netty-handler-proxy:4.1.72.Final) with InstrumentationAnalysisTransform
[        ] Transforming netty-handler-proxy-4.1.72.Final.jar (io.netty:netty-handler-proxy:4.1.72.Final) with MergeInstrumentationAnalysisTransform
[        ] Transforming checker-qual-3.12.0.jar (org.checkerframework:checker-qual:3.12.0) with InstrumentationAnalysisTransform
[        ] Transforming checker-qual-3.12.0.jar (org.checkerframework:checker-qual:3.12.0) with MergeInstrumentationAnalysisTransform
[        ] Transforming jsr305-3.0.2.jar (com.google.code.findbugs:jsr305:3.0.2) with ExternalDependencyInstrumentingArtifactTransform
[        ] Transforming perfmark-api-0.23.0.jar (io.perfmark:perfmark-api:0.23.0) with ExternalDependencyInstrumentingArtifactTransform
[        ] Transforming annotations-4.1.1.4.jar (com.google.android:annotations:4.1.1.4) with ExternalDependencyInstrumentingArtifactTransform
[        ] Transforming netty-handler-proxy-4.1.72.Final.jar (io.netty:netty-handler-proxy:4.1.72.Final) with ExternalDependencyInstrumentingArtifactTransform
[        ] Transforming jdom2-2.0.6.jar (org.jdom:jdom2:2.0.6) with ExternalDependencyInstrumentingArtifactTransform
[        ] Transforming commons-codec-1.11.jar (commons-codec:commons-codec:1.11) with InstrumentationAnalysisTransform
[        ] Transforming checker-qual-3.12.0.jar (org.checkerframework:checker-qual:3.12.0) with ExternalDependencyInstrumentingArtifactTransform
[        ] Transforming netty-codec-http2-4.1.72.Final.jar (io.netty:netty-codec-http2:4.1.72.Final) with ExternalDependencyInstrumentingArtifactTransform
[        ] Transforming animal-sniffer-annotations-1.19.jar (org.codehaus.mojo:animal-sniffer-annotations:1.19) with ExternalDependencyInstrumentingArtifactTransform
[        ] Transforming j2objc-annotations-1.3.jar (com.google.j2objc:j2objc-annotations:1.3) with ExternalDependencyInstrumentingArtifactTransform
[        ] Transforming commons-codec-1.11.jar (commons-codec:commons-codec:1.11) with MergeInstrumentationAnalysisTransform
[        ] Transforming apksig-8.1.2.jar (com.android.tools.build:apksig:8.1.2) with InstrumentationAnalysisTransform
[        ] Transforming apksig-8.1.2.jar (com.android.tools.build:apksig:8.1.2) with MergeInstrumentationAnalysisTransform
[        ] Transforming javawriter-2.5.0.jar (com.squareup:javawriter:2.5.0) with InstrumentationAnalysisTransform
[        ] Transforming javawriter-2.5.0.jar (com.squareup:javawriter:2.5.0) with MergeInstrumentationAnalysisTransform
[        ] Transforming failureaccess-1.0.1.jar (com.google.guava:failureaccess:1.0.1) with InstrumentationAnalysisTransform
[        ] Transforming commons-codec-1.11.jar (commons-codec:commons-codec:1.11) with ExternalDependencyInstrumentingArtifactTransform
[        ] Transforming apksig-8.1.2.jar (com.android.tools.build:apksig:8.1.2) with ExternalDependencyInstrumentingArtifactTransform
[        ] Transforming javawriter-2.5.0.jar (com.squareup:javawriter:2.5.0) with ExternalDependencyInstrumentingArtifactTransform
[        ] Transforming failureaccess-1.0.1.jar (com.google.guava:failureaccess:1.0.1) with MergeInstrumentationAnalysisTransform
[        ] Transforming listenablefuture-9999.0-empty-to-avoid-conflict-with-guava.jar (com.google.guava:listenablefuture:9999.0-empty-to-avoid-conflict-with-guava) with InstrumentationAnalysisTransform
[        ] Transforming listenablefuture-9999.0-empty-to-avoid-conflict-with-guava.jar (com.google.guava:listenablefuture:9999.0-empty-to-avoid-conflict-with-guava) with MergeInstrumentationAnalysisTransform
[        ] Transforming failureaccess-1.0.1.jar (com.google.guava:failureaccess:1.0.1) with ExternalDependencyInstrumentingArtifactTransform
[        ] Transforming listenablefuture-9999.0-empty-to-avoid-conflict-with-guava.jar (com.google.guava:listenablefuture:9999.0-empty-to-avoid-conflict-with-guava) with ExternalDependencyInstrumentingArtifactTransform
[        ] Transforming xml-apis-1.4.01.jar (xml-apis:xml-apis:1.4.01) with InstrumentationAnalysisTransform
[        ] Transforming xml-apis-1.4.01.jar (xml-apis:xml-apis:1.4.01) with MergeInstrumentationAnalysisTransform
[        ] Transforming commons-logging-1.2.jar (commons-logging:commons-logging:1.2) with InstrumentationAnalysisTransform
[        ] Transforming commons-logging-1.2.jar (commons-logging:commons-logging:1.2) with MergeInstrumentationAnalysisTransform
[        ] Transforming jna-5.6.0.jar (net.java.dev.jna:jna:5.6.0) with InstrumentationAnalysisTransform
[        ] Transforming jna-5.6.0.jar (net.java.dev.jna:jna:5.6.0) with MergeInstrumentationAnalysisTransform
[        ] Transforming kotlin-stdlib-common-1.8.20-RC2.jar (org.jetbrains.kotlin:kotlin-stdlib-common:1.8.20-RC2) with InstrumentationAnalysisTransform
[        ] Transforming kotlin-stdlib-common-1.8.20-RC2.jar (org.jetbrains.kotlin:kotlin-stdlib-common:1.8.20-RC2) with MergeInstrumentationAnalysisTransform
[        ] Transforming xml-apis-1.4.01.jar (xml-apis:xml-apis:1.4.01) with ExternalDependencyInstrumentingArtifactTransform
[        ] Transforming commons-logging-1.2.jar (commons-logging:commons-logging:1.2) with ExternalDependencyInstrumentingArtifactTransform
[        ] Transforming grpc-context-1.45.1.jar (io.grpc:grpc-context:1.45.1) with InstrumentationAnalysisTransform
[        ] Transforming kotlin-stdlib-common-1.8.20-RC2.jar (org.jetbrains.kotlin:kotlin-stdlib-common:1.8.20-RC2) with ExternalDependencyInstrumentingArtifactTransform
[        ] Transforming jna-5.6.0.jar (net.java.dev.jna:jna:5.6.0) with ExternalDependencyInstrumentingArtifactTransform
[        ] Transforming grpc-context-1.45.1.jar (io.grpc:grpc-context:1.45.1) with MergeInstrumentationAnalysisTransform
[        ] Transforming netty-codec-http-4.1.72.Final.jar (io.netty:netty-codec-http:4.1.72.Final) with InstrumentationAnalysisTransform
[        ] Transforming netty-codec-http-4.1.72.Final.jar (io.netty:netty-codec-http:4.1.72.Final) with MergeInstrumentationAnalysisTransform
[        ] Transforming netty-handler-4.1.72.Final.jar (io.netty:netty-handler:4.1.72.Final) with InstrumentationAnalysisTransform
[        ] Transforming grpc-context-1.45.1.jar (io.grpc:grpc-context:1.45.1) with ExternalDependencyInstrumentingArtifactTransform
[        ] Transforming netty-handler-4.1.72.Final.jar (io.netty:netty-handler:4.1.72.Final) with MergeInstrumentationAnalysisTransform
[        ] Transforming netty-codec-socks-4.1.72.Final.jar (io.netty:netty-codec-socks:4.1.72.Final) with InstrumentationAnalysisTransform
[        ] Transforming netty-codec-http-4.1.72.Final.jar (io.netty:netty-codec-http:4.1.72.Final) with ExternalDependencyInstrumentingArtifactTransform
[        ] Transforming netty-codec-socks-4.1.72.Final.jar (io.netty:netty-codec-socks:4.1.72.Final) with MergeInstrumentationAnalysisTransform
[        ] Transforming netty-codec-4.1.72.Final.jar (io.netty:netty-codec:4.1.72.Final) with InstrumentationAnalysisTransform
[        ] Transforming netty-codec-4.1.72.Final.jar (io.netty:netty-codec:4.1.72.Final) with MergeInstrumentationAnalysisTransform
[        ] Transforming netty-codec-socks-4.1.72.Final.jar (io.netty:netty-codec-socks:4.1.72.Final) with ExternalDependencyInstrumentingArtifactTransform
[        ] Transforming netty-handler-4.1.72.Final.jar (io.netty:netty-handler:4.1.72.Final) with ExternalDependencyInstrumentingArtifactTransform
[        ] Transforming netty-codec-4.1.72.Final.jar (io.netty:netty-codec:4.1.72.Final) with ExternalDependencyInstrumentingArtifactTransform
[        ] Transforming netty-transport-4.1.72.Final.jar (io.netty:netty-transport:4.1.72.Final) with InstrumentationAnalysisTransform
[        ] Transforming netty-transport-4.1.72.Final.jar (io.netty:netty-transport:4.1.72.Final) with MergeInstrumentationAnalysisTransform
[        ] Transforming netty-buffer-4.1.72.Final.jar (io.netty:netty-buffer:4.1.72.Final) with InstrumentationAnalysisTransform
[        ] Transforming netty-buffer-4.1.72.Final.jar (io.netty:netty-buffer:4.1.72.Final) with MergeInstrumentationAnalysisTransform
[        ] Transforming netty-resolver-4.1.72.Final.jar (io.netty:netty-resolver:4.1.72.Final) with InstrumentationAnalysisTransform
[        ] Transforming netty-resolver-4.1.72.Final.jar (io.netty:netty-resolver:4.1.72.Final) with MergeInstrumentationAnalysisTransform
[        ] Transforming netty-common-4.1.72.Final.jar (io.netty:netty-common:4.1.72.Final) with InstrumentationAnalysisTransform
[        ] Transforming netty-common-4.1.72.Final.jar (io.netty:netty-common:4.1.72.Final) with MergeInstrumentationAnalysisTransform
[        ] Transforming netty-buffer-4.1.72.Final.jar (io.netty:netty-buffer:4.1.72.Final) with ExternalDependencyInstrumentingArtifactTransform
[        ] Transforming netty-transport-4.1.72.Final.jar (io.netty:netty-transport:4.1.72.Final) with ExternalDependencyInstrumentingArtifactTransform
[        ] Transforming netty-resolver-4.1.72.Final.jar (io.netty:netty-resolver:4.1.72.Final) with ExternalDependencyInstrumentingArtifactTransform
[        ] Transforming netty-tcnative-classes-2.0.46.Final.jar (io.netty:netty-tcnative-classes:2.0.46.Final) with InstrumentationAnalysisTransform
[        ] Transforming netty-common-4.1.72.Final.jar (io.netty:netty-common:4.1.72.Final) with ExternalDependencyInstrumentingArtifactTransform
[        ] Transforming netty-tcnative-classes-2.0.46.Final.jar (io.netty:netty-tcnative-classes:2.0.46.Final) with MergeInstrumentationAnalysisTransform
[        ] Transforming netty-tcnative-classes-2.0.46.Final.jar (io.netty:netty-tcnative-classes:2.0.46.Final) with ExternalDependencyInstrumentingArtifactTransform
[        ] Using default execution profile
[  +57 ms] > Configure project :flutter_plugin_android_lifecycle
[        ] Evaluating project ':flutter_plugin_android_lifecycle' using build file 'C:\Users\midhu\AppData\Local\Pub\Cache\hosted\pub.dev\flutter_plugin_android_lifecycle-2.0.33\android\build.gradle'.
[        ] Transforming gradle-8.13.1.jar (com.android.tools.build:gradle:8.13.1) with InstrumentationAnalysisTransform
[        ] Transforming gradle-api-8.13.1.jar (com.android.tools.build:gradle-api:8.13.1) with InstrumentationAnalysisTransform
[        ] Transforming gradle-common-api-8.13.1.jar (com.android.tools.build:gradle-common-api:8.13.1) with InstrumentationAnalysisTransform
[        ] Transforming gradle-settings-api-8.13.1.jar (com.android.tools.build:gradle-settings-api:8.13.1) with InstrumentationAnalysisTransform
[        ] Transforming lint-model-31.13.1.jar (com.android.tools.lint:lint-model:31.13.1) with InstrumentationAnalysisTransform
[        ] Transforming builder-8.13.1.jar (com.android.tools.build:builder:8.13.1) with InstrumentationAnalysisTransform
[        ] Transforming manifest-merger-31.13.1.jar (com.android.tools.build:manifest-merger:31.13.1) with InstrumentationAnalysisTransform
[        ] Transforming sdk-common-31.13.1.jar (com.android.tools:sdk-common:31.13.1) with InstrumentationAnalysisTransform
[        ] Transforming sdklib-31.13.1.jar (com.android.tools:sdklib:31.13.1) with InstrumentationAnalysisTransform
[        ] Transforming repository-31.13.1.jar (com.android.tools:repository:31.13.1) with InstrumentationAnalysisTransform
[        ] Transforming builder-test-api-8.13.1.jar (com.android.tools.build:builder-test-api:8.13.1) with InstrumentationAnalysisTransform
[        ] Transforming ddmlib-31.13.1.jar (com.android.tools.ddms:ddmlib:31.13.1) with InstrumentationAnalysisTransform
[        ] Transforming aaptcompiler-8.13.1.jar (com.android.tools.build:aaptcompiler:8.13.1) with InstrumentationAnalysisTransform
[        ] Transforming bundletool-1.18.1.jar (com.android.tools.build:bundletool:1.18.1) with InstrumentationAnalysisTransform
[        ] Transforming aapt2-proto-8.13.1-13719691.jar (com.android.tools.build:aapt2-proto:8.13.1-13719691) with InstrumentationAnalysisTransform
[        ] Transforming crash-31.13.1.jar (com.android.tools.analytics-library:crash:31.13.1) with InstrumentationAnalysisTransform
[        ] Transforming tracker-31.13.1.jar (com.android.tools.analytics-library:tracker:31.13.1) with InstrumentationAnalysisTransform
[        ] Transforming shared-31.13.1.jar (com.android.tools.analytics-library:shared:31.13.1) with InstrumentationAnalysisTransform
[        ] Transforming lint-typedef-remover-31.13.1.jar (com.android.tools.lint:lint-typedef-remover:31.13.1) with InstrumentationAnalysisTransform
[        ] Transforming databinding-compiler-common-8.13.1.jar (androidx.databinding:databinding-compiler-common:8.13.1) with InstrumentationAnalysisTransform
[        ] Transforming databinding-common-8.13.1.jar (androidx.databinding:databinding-common:8.13.1) with InstrumentationAnalysisTransform
[        ] Transforming baseLibrary-8.13.1.jar (com.android.databinding:baseLibrary:8.13.1) with InstrumentationAnalysisTransform
[        ] Transforming layoutlib-api-31.13.1.jar (com.android.tools.layoutlib:layoutlib-api:31.13.1) with InstrumentationAnalysisTransform
[        ] Transforming android-device-provider-ddmlib-proto-31.13.1.jar (com.android.tools.utp:android-device-provider-ddmlib-proto:31.13.1) with InstrumentationAnalysisTransform
[        ] Transforming android-device-provider-profile-proto-31.13.1.jar (com.android.tools.utp:android-device-provider-profile-proto:31.13.1) with InstrumentationAnalysisTransform
[        ] Transforming android-test-plugin-host-additional-test-output-proto-31.13.1.jar (com.android.tools.utp:android-test-plugin-host-additional-test-output-proto:31.13.1) with InstrumentationAnalysisTransform
[        ] Transforming android-test-plugin-host-coverage-proto-31.13.1.jar (com.android.tools.utp:android-test-plugin-host-coverage-proto:31.13.1) with InstrumentationAnalysisTransform
[        ] Transforming android-test-plugin-host-emulator-control-proto-31.13.1.jar (com.android.tools.utp:android-test-plugin-host-emulator-control-proto:31.13.1) with InstrumentationAnalysisTransform
[        ] Transforming android-test-plugin-host-logcat-proto-31.13.1.jar (com.android.tools.utp:android-test-plugin-host-logcat-proto:31.13.1) with InstrumentationAnalysisTransform
[        ] Transforming android-test-plugin-host-apk-installer-proto-31.13.1.jar (com.android.tools.utp:android-test-plugin-host-apk-installer-proto:31.13.1) with InstrumentationAnalysisTransform
[        ] Transforming android-test-plugin-result-listener-gradle-proto-31.13.1.jar (com.android.tools.utp:android-test-plugin-result-listener-gradle-proto:31.13.1) with InstrumentationAnalysisTransform
[        ] Transforming jetifier-processor-1.0.0-beta10.jar (com.android.tools.build.jetifier:jetifier-processor:1.0.0-beta10) with InstrumentationAnalysisTransform
[        ] Transforming jetifier-core-1.0.0-beta10.jar (com.android.tools.build.jetifier:jetifier-core:1.0.0-beta10) with InstrumentationAnalysisTransform
[        ] Transforming builder-model-8.13.1.jar (com.android.tools.build:builder-model:8.13.1) with InstrumentationAnalysisTransform
[        ] Transforming kotlin-reflect-2.2.0.jar (org.jetbrains.kotlin:kotlin-reflect:2.2.0) with InstrumentationAnalysisTransform
[        ] Transforming dvlib-31.13.1.jar (com.android.tools:dvlib:31.13.1) with InstrumentationAnalysisTransform
[        ] Transforming common-31.13.1.jar (com.android.tools:common:31.13.1) with InstrumentationAnalysisTransform
[        ] Transforming kotlin-stdlib-jdk8-2.2.0.jar (org.jetbrains.kotlin:kotlin-stdlib-jdk8:2.2.0) with InstrumentationAnalysisTransform
[        ] Transforming kotlinx-coroutines-core-jvm-1.9.0.jar (org.jetbrains.kotlinx:kotlinx-coroutines-core-jvm:1.9.0) with InstrumentationAnalysisTransform
[        ] Transforming kotlin-stdlib-jdk7-2.2.0.jar (org.jetbrains.kotlin:kotlin-stdlib-jdk7:2.2.0) with InstrumentationAnalysisTransform
[        ] Transforming kotlin-stdlib-2.2.0.jar (org.jetbrains.kotlin:kotlin-stdlib:2.2.0) with InstrumentationAnalysisTransform
[        ] Transforming transform-api-2.0.0-deprecated-use-gradle-api.jar (com.android.tools.build:transform-api:2.0.0-deprecated-use-gradle-api) with InstrumentationAnalysisTransform
[        ] Transforming httpmime-4.5.6.jar (org.apache.httpcomponents:httpmime:4.5.6) with InstrumentationAnalysisTransform
[        ] Transforming commons-io-2.16.1.jar (commons-io:commons-io:2.16.1) with InstrumentationAnalysisTransform
[        ] Transforming asm-commons-9.8.jar (org.ow2.asm:asm-commons:9.8) with InstrumentationAnalysisTransform
[        ] Transforming asm-util-9.8.jar (org.ow2.asm:asm-util:9.8) with InstrumentationAnalysisTransform
[        ] Transforming asm-analysis-9.8.jar (org.ow2.asm:asm-analysis:9.8) with InstrumentationAnalysisTransform
[        ] Transforming asm-tree-9.8.jar (org.ow2.asm:asm-tree:9.8) with InstrumentationAnalysisTransform
[        ] Transforming asm-9.8.jar (org.ow2.asm:asm:9.8) with InstrumentationAnalysisTransform
[        ] Transforming apkzlib-8.13.1.jar (com.android.tools.build:apkzlib:8.13.1) with InstrumentationAnalysisTransform
[        ] Transforming bcpkix-jdk18on-1.79.jar (org.bouncycastle:bcpkix-jdk18on:1.79) with InstrumentationAnalysisTransform
[        ] Transforming jaxb-runtime-2.3.2.jar (org.glassfish.jaxb:jaxb-runtime:2.3.2) with InstrumentationAnalysisTransform
[        ] Transforming jopt-simple-4.9.jar (net.sf.jopt-simple:jopt-simple:4.9) with InstrumentationAnalysisTransform
[        ] Transforming javapoet-1.10.0.jar (com.squareup:javapoet:1.10.0) with InstrumentationAnalysisTransform
[        ] Transforming protobuf-java-util-3.25.5.jar (com.google.protobuf:protobuf-java-util:3.25.5) with InstrumentationAnalysisTransform
[        ] Transforming grpc-protobuf-1.69.1.jar (io.grpc:grpc-protobuf:1.69.1) with InstrumentationAnalysisTransform
[        ] Transforming tink-1.7.0.jar (com.google.crypto.tink:tink:1.7.0) with InstrumentationAnalysisTransform
[        ] Transforming core-proto-0.0.9-alpha03.jar (com.google.testing.platform:core-proto:0.0.9-alpha03) with InstrumentationAnalysisTransform
[        ] Transforming protos-31.13.1.jar (com.android.tools.analytics-library:protos:31.13.1) with InstrumentationAnalysisTransform
[        ] Transforming proto-google-common-protos-2.48.0.jar (com.google.api.grpc:proto-google-common-protos:2.48.0) with InstrumentationAnalysisTransform
[        ] Transforming protobuf-java-3.25.5.jar (com.google.protobuf:protobuf-java:3.25.5) with InstrumentationAnalysisTransform
[        ] Transforming grpc-netty-1.69.1.jar (io.grpc:grpc-netty:1.69.1) with InstrumentationAnalysisTransform
[        ] Transforming grpc-inprocess-1.69.1.jar (io.grpc:grpc-inprocess:1.69.1) with InstrumentationAnalysisTransform
[        ] Transforming grpc-util-1.69.1.jar (io.grpc:grpc-util:1.69.1) with InstrumentationAnalysisTransform
[        ] Transforming grpc-core-1.69.1.jar (io.grpc:grpc-core:1.69.1) with InstrumentationAnalysisTransform
[        ] Transforming gson-2.11.0.jar (com.google.code.gson:gson:2.11.0) with InstrumentationAnalysisTransform
[        ] Transforming grpc-stub-1.69.1.jar (io.grpc:grpc-stub:1.69.1) with InstrumentationAnalysisTransform
[        ] Transforming tensorflow-lite-metadata-0.2.0.jar (org.tensorflow:tensorflow-lite-metadata:0.2.0) with InstrumentationAnalysisTransform
[        ] Transforming flatbuffers-java-1.12.0.jar (com.google.flatbuffers:flatbuffers-java:1.12.0) with InstrumentationAnalysisTransform
[        ] Transforming jimfs-1.1.jar (com.google.jimfs:jimfs:1.1) with InstrumentationAnalysisTransform
[        ] Transforming grpc-context-1.69.1.jar (io.grpc:grpc-context:1.69.1) with InstrumentationAnalysisTransform
[        ] Transforming grpc-protobuf-lite-1.69.1.jar (io.grpc:grpc-protobuf-lite:1.69.1) with InstrumentationAnalysisTransform
[        ] Transforming grpc-api-1.69.1.jar (io.grpc:grpc-api:1.69.1) with InstrumentationAnalysisTransform
[        ] Transforming guava-33.3.1-jre.jar (com.google.guava:guava:33.3.1-jre) with InstrumentationAnalysisTransform
[        ] Transforming dagger-2.28.3.jar (com.google.dagger:dagger:2.28.3) with InstrumentationAnalysisTransform
[        ] Transforming javax.inject-1.jar (javax.inject:javax.inject:1) with InstrumentationAnalysisTransform
[        ] Transforming kxml2-2.3.0.jar (net.sf.kxml:kxml2:2.3.0) with InstrumentationAnalysisTransform
[        ] Transforming commons-compress-1.21.jar (org.apache.commons:commons-compress:1.21) with InstrumentationAnalysisTransform
[        ] Transforming bcutil-jdk18on-1.79.jar (org.bouncycastle:bcutil-jdk18on:1.79) with InstrumentationAnalysisTransform
[        ] Transforming bcprov-jdk18on-1.79.jar (org.bouncycastle:bcprov-jdk18on:1.79) with InstrumentationAnalysisTransform
[        ] Transforming httpclient-4.5.14.jar (org.apache.httpcomponents:httpclient:4.5.14) with InstrumentationAnalysisTransform
[        ] Transforming httpcore-4.4.16.jar (org.apache.httpcomponents:httpcore:4.4.16) with InstrumentationAnalysisTransform
[        ] Transforming javax.activation-1.2.0.jar (com.sun.activation:javax.activation:1.2.0) with InstrumentationAnalysisTransform
[        ] Transforming annotations-23.0.0.jar (org.jetbrains:annotations:23.0.0) with InstrumentationAnalysisTransform
[        ] Transforming signflinger-8.13.1.jar (com.android:signflinger:8.13.1) with InstrumentationAnalysisTransform
[        ] Transforming zipflinger-8.13.1.jar (com.android:zipflinger:8.13.1) with InstrumentationAnalysisTransform
[        ] Transforming annotations-31.13.1.jar (com.android.tools:annotations:31.13.1) with InstrumentationAnalysisTransform
[        ] Transforming jna-platform-5.6.0.jar (net.java.dev.jna:jna-platform:5.6.0) with InstrumentationAnalysisTransform
[        ] Transforming juniversalchardet-1.0.3.jar (com.googlecode.juniversalchardet:juniversalchardet:1.0.3) with InstrumentationAnalysisTransform
[        ] Transforming javax.annotation-api-1.3.2.jar (javax.annotation:javax.annotation-api:1.3.2) with InstrumentationAnalysisTransform
[        ] Transforming stax-ex-1.8.1.jar (org.jvnet.staxex:stax-ex:1.8.1) with InstrumentationAnalysisTransform
[        ] Transforming jakarta.xml.bind-api-2.3.2.jar (jakarta.xml.bind:jakarta.xml.bind-api:2.3.2) with InstrumentationAnalysisTransform
[        ] Transforming txw2-2.3.2.jar (org.glassfish.jaxb:txw2:2.3.2) with InstrumentationAnalysisTransform
[        ] Transforming istack-commons-runtime-3.0.8.jar (com.sun.istack:istack-commons-runtime:3.0.8) with InstrumentationAnalysisTransform
[        ] Transforming FastInfoset-1.2.16.jar (com.sun.xml.fastinfoset:FastInfoset:1.2.16) with InstrumentationAnalysisTransform
[        ] Transforming jakarta.activation-api-1.2.1.jar (jakarta.activation:jakarta.activation-api:1.2.1) with InstrumentationAnalysisTransform
[        ] Transforming auto-value-annotations-1.6.2.jar (com.google.auto.value:auto-value-annotations:1.6.2) with InstrumentationAnalysisTransform
[        ] Transforming error_prone_annotations-2.30.0.jar (com.google.errorprone:error_prone_annotations:2.30.0) with InstrumentationAnalysisTransform
[        ] Transforming jose4j-0.9.5.jar (org.bitbucket.b_c:jose4j:0.9.5) with InstrumentationAnalysisTransform
[        ] Transforming slf4j-api-1.7.30.jar (org.slf4j:slf4j-api:1.7.30) with InstrumentationAnalysisTransform
[        ] Transforming jdom2-2.0.6.jar (org.jdom:jdom2:2.0.6) with InstrumentationAnalysisTransform
[        ] Transforming jsr305-3.0.2.jar (com.google.code.findbugs:jsr305:3.0.2) with InstrumentationAnalysisTransform
[        ] Transforming j2objc-annotations-3.0.0.jar (com.google.j2objc:j2objc-annotations:3.0.0) with InstrumentationAnalysisTransform
[        ] Transforming annotations-4.1.1.4.jar (com.google.android:annotations:4.1.1.4) with InstrumentationAnalysisTransform
[        ] Transforming animal-sniffer-annotations-1.24.jar (org.codehaus.mojo:animal-sniffer-annotations:1.24) with InstrumentationAnalysisTransform
[        ] Transforming perfmark-api-0.27.0.jar (io.perfmark:perfmark-api:0.27.0) with InstrumentationAnalysisTransform
[        ] Transforming netty-codec-http2-4.1.110.Final.jar (io.netty:netty-codec-http2:4.1.110.Final) with InstrumentationAnalysisTransform
[        ] Transforming netty-handler-proxy-4.1.110.Final.jar (io.netty:netty-handler-proxy:4.1.110.Final) with InstrumentationAnalysisTransform
[        ] Transforming netty-codec-http-4.1.110.Final.jar (io.netty:netty-codec-http:4.1.110.Final) with InstrumentationAnalysisTransform
[        ] Transforming netty-handler-4.1.110.Final.jar (io.netty:netty-handler:4.1.110.Final) with InstrumentationAnalysisTransform
[        ] Transforming netty-transport-native-unix-common-4.1.110.Final.jar (io.netty:netty-transport-native-unix-common:4.1.110.Final) with InstrumentationAnalysisTransform
[        ] Transforming checker-qual-3.43.0.jar (org.checkerframework:checker-qual:3.43.0) with InstrumentationAnalysisTransform
[        ] Transforming apksig-8.13.1.jar (com.android.tools.build:apksig:8.13.1) with InstrumentationAnalysisTransform
[        ] Transforming javawriter-2.5.0.jar (com.squareup:javawriter:2.5.0) with InstrumentationAnalysisTransform
[        ] Transforming failureaccess-1.0.2.jar (com.google.guava:failureaccess:1.0.2) with InstrumentationAnalysisTransform
[        ] Transforming listenablefuture-9999.0-empty-to-avoid-conflict-with-guava.jar (com.google.guava:listenablefuture:9999.0-empty-to-avoid-conflict-with-guava) with InstrumentationAnalysisTransform
[        ] Transforming commons-logging-1.2.jar (commons-logging:commons-logging:1.2) with InstrumentationAnalysisTransform
[        ] Transforming commons-codec-1.11.jar (commons-codec:commons-codec:1.11) with InstrumentationAnalysisTransform
[        ] Transforming jna-5.6.0.jar (net.java.dev.jna:jna:5.6.0) with InstrumentationAnalysisTransform
[        ] Transforming netty-codec-socks-4.1.110.Final.jar (io.netty:netty-codec-socks:4.1.110.Final) with InstrumentationAnalysisTransform
[        ] Transforming netty-codec-4.1.110.Final.jar (io.netty:netty-codec:4.1.110.Final) with InstrumentationAnalysisTransform
[        ] Transforming netty-transport-4.1.110.Final.jar (io.netty:netty-transport:4.1.110.Final) with InstrumentationAnalysisTransform
[        ] Transforming netty-buffer-4.1.110.Final.jar (io.netty:netty-buffer:4.1.110.Final) with InstrumentationAnalysisTransform
[        ] Transforming netty-resolver-4.1.110.Final.jar (io.netty:netty-resolver:4.1.110.Final) with InstrumentationAnalysisTransform
[        ] Transforming netty-common-4.1.110.Final.jar (io.netty:netty-common:4.1.110.Final) with InstrumentationAnalysisTransform
[        ] Transforming gradle-8.13.1.jar (com.android.tools.build:gradle:8.13.1) with InstrumentationAnalysisTransform
[        ] Transforming gradle-8.13.1.jar (com.android.tools.build:gradle:8.13.1) with MergeInstrumentationAnalysisTransform
[        ] Transforming gradle-api-8.13.1.jar (com.android.tools.build:gradle-api:8.13.1) with InstrumentationAnalysisTransform
[        ] Transforming gradle-api-8.13.1.jar (com.android.tools.build:gradle-api:8.13.1) with MergeInstrumentationAnalysisTransform
[        ] Transforming gradle-common-api-8.13.1.jar (com.android.tools.build:gradle-common-api:8.13.1) with InstrumentationAnalysisTransform
[        ] Transforming gradle-common-api-8.13.1.jar (com.android.tools.build:gradle-common-api:8.13.1) with MergeInstrumentationAnalysisTransform
[        ] Transforming gradle-settings-api-8.13.1.jar (com.android.tools.build:gradle-settings-api:8.13.1) with InstrumentationAnalysisTransform
[        ] Transforming gradle-8.13.1.jar (com.android.tools.build:gradle:8.13.1) with ExternalDependencyInstrumentingArtifactTransform
[        ] Transforming gradle-api-8.13.1.jar (com.android.tools.build:gradle-api:8.13.1) with ExternalDependencyInstrumentingArtifactTransform
[        ] Transforming gradle-common-api-8.13.1.jar (com.android.tools.build:gradle-common-api:8.13.1) with ExternalDependencyInstrumentingArtifactTransform
[        ] Transforming gradle-settings-api-8.13.1.jar (com.android.tools.build:gradle-settings-api:8.13.1) with MergeInstrumentationAnalysisTransform
[        ] Transforming lint-model-31.13.1.jar (com.android.tools.lint:lint-model:31.13.1) with InstrumentationAnalysisTransform
[        ] Transforming lint-model-31.13.1.jar (com.android.tools.lint:lint-model:31.13.1) with MergeInstrumentationAnalysisTransform
[        ] Transforming gradle-settings-api-8.13.1.jar (com.android.tools.build:gradle-settings-api:8.13.1) with ExternalDependencyInstrumentingArtifactTransform
[        ] Transforming builder-8.13.1.jar (com.android.tools.build:builder:8.13.1) with InstrumentationAnalysisTransform
[        ] Transforming builder-8.13.1.jar (com.android.tools.build:builder:8.13.1) with MergeInstrumentationAnalysisTransform
[        ] Transforming manifest-merger-31.13.1.jar (com.android.tools.build:manifest-merger:31.13.1) with InstrumentationAnalysisTransform
[        ] Transforming lint-model-31.13.1.jar (com.android.tools.lint:lint-model:31.13.1) with ExternalDependencyInstrumentingArtifactTransform
[        ] Transforming manifest-merger-31.13.1.jar (com.android.tools.build:manifest-merger:31.13.1) with MergeInstrumentationAnalysisTransform
[        ] Transforming sdk-common-31.13.1.jar (com.android.tools:sdk-common:31.13.1) with InstrumentationAnalysisTransform
[        ] Transforming sdk-common-31.13.1.jar (com.android.tools:sdk-common:31.13.1) with MergeInstrumentationAnalysisTransform
[        ] Transforming sdklib-31.13.1.jar (com.android.tools:sdklib:31.13.1) with InstrumentationAnalysisTransform
[        ] Transforming sdklib-31.13.1.jar (com.android.tools:sdklib:31.13.1) with MergeInstrumentationAnalysisTransform
[        ] Transforming manifest-merger-31.13.1.jar (com.android.tools.build:manifest-merger:31.13.1) with ExternalDependencyInstrumentingArtifactTransform
[        ] Transforming sdk-common-31.13.1.jar (com.android.tools:sdk-common:31.13.1) with ExternalDependencyInstrumentingArtifactTransform
[        ] Transforming repository-31.13.1.jar (com.android.tools:repository:31.13.1) with InstrumentationAnalysisTransform
[        ] Transforming repository-31.13.1.jar (com.android.tools:repository:31.13.1) with MergeInstrumentationAnalysisTransform
[        ] Transforming builder-test-api-8.13.1.jar (com.android.tools.build:builder-test-api:8.13.1) with InstrumentationAnalysisTransform
[        ] Transforming builder-test-api-8.13.1.jar (com.android.tools.build:builder-test-api:8.13.1) with MergeInstrumentationAnalysisTransform
[        ] Transforming ddmlib-31.13.1.jar (com.android.tools.ddms:ddmlib:31.13.1) with InstrumentationAnalysisTransform
[        ] Transforming sdklib-31.13.1.jar (com.android.tools:sdklib:31.13.1) with ExternalDependencyInstrumentingArtifactTransform
[        ] Transforming builder-8.13.1.jar (com.android.tools.build:builder:8.13.1) with ExternalDependencyInstrumentingArtifactTransform
[        ] Transforming builder-test-api-8.13.1.jar (com.android.tools.build:builder-test-api:8.13.1) with ExternalDependencyInstrumentingArtifactTransform
[        ] Transforming repository-31.13.1.jar (com.android.tools:repository:31.13.1) with ExternalDependencyInstrumentingArtifactTransform
[        ] Transforming ddmlib-31.13.1.jar (com.android.tools.ddms:ddmlib:31.13.1) with MergeInstrumentationAnalysisTransform
[        ] Transforming aaptcompiler-8.13.1.jar (com.android.tools.build:aaptcompiler:8.13.1) with InstrumentationAnalysisTransform
[        ] Transforming aaptcompiler-8.13.1.jar (com.android.tools.build:aaptcompiler:8.13.1) with MergeInstrumentationAnalysisTransform
[        ] Transforming bundletool-1.18.1.jar (com.android.tools.build:bundletool:1.18.1) with InstrumentationAnalysisTransform
[        ] Transforming bundletool-1.18.1.jar (com.android.tools.build:bundletool:1.18.1) with MergeInstrumentationAnalysisTransform
[        ] Transforming aapt2-proto-8.13.1-13719691.jar (com.android.tools.build:aapt2-proto:8.13.1-13719691) with InstrumentationAnalysisTransform
[        ] Transforming aapt2-proto-8.13.1-13719691.jar (com.android.tools.build:aapt2-proto:8.13.1-13719691) with MergeInstrumentationAnalysisTransform
[        ] Transforming ddmlib-31.13.1.jar (com.android.tools.ddms:ddmlib:31.13.1) with ExternalDependencyInstrumentingArtifactTransform
[        ] Transforming aaptcompiler-8.13.1.jar (com.android.tools.build:aaptcompiler:8.13.1) with ExternalDependencyInstrumentingArtifactTransform
[        ] Transforming aapt2-proto-8.13.1-13719691.jar (com.android.tools.build:aapt2-proto:8.13.1-13719691) with ExternalDependencyInstrumentingArtifactTransform
[        ] Transforming bundletool-1.18.1.jar (com.android.tools.build:bundletool:1.18.1) with ExternalDependencyInstrumentingArtifactTransform
[        ] Transforming crash-31.13.1.jar (com.android.tools.analytics-library:crash:31.13.1) with InstrumentationAnalysisTransform
[        ] Transforming crash-31.13.1.jar (com.android.tools.analytics-library:crash:31.13.1) with MergeInstrumentationAnalysisTransform
[        ] Transforming tracker-31.13.1.jar (com.android.tools.analytics-library:tracker:31.13.1) with InstrumentationAnalysisTransform
[        ] Transforming tracker-31.13.1.jar (com.android.tools.analytics-library:tracker:31.13.1) with MergeInstrumentationAnalysisTransform
[        ] Transforming shared-31.13.1.jar (com.android.tools.analytics-library:shared:31.13.1) with InstrumentationAnalysisTransform
[        ] Transforming crash-31.13.1.jar (com.android.tools.analytics-library:crash:31.13.1) with ExternalDependencyInstrumentingArtifactTransform
[        ] Transforming shared-31.13.1.jar (com.android.tools.analytics-library:shared:31.13.1) with MergeInstrumentationAnalysisTransform
[        ] Transforming tracker-31.13.1.jar (com.android.tools.analytics-library:tracker:31.13.1) with ExternalDependencyInstrumentingArtifactTransform
[        ] Transforming lint-typedef-remover-31.13.1.jar (com.android.tools.lint:lint-typedef-remover:31.13.1) with InstrumentationAnalysisTransform
[        ] Transforming shared-31.13.1.jar (com.android.tools.analytics-library:shared:31.13.1) with ExternalDependencyInstrumentingArtifactTransform
[        ] Transforming lint-typedef-remover-31.13.1.jar (com.android.tools.lint:lint-typedef-remover:31.13.1) with MergeInstrumentationAnalysisTransform
[        ] Transforming databinding-compiler-common-8.13.1.jar (androidx.databinding:databinding-compiler-common:8.13.1) with InstrumentationAnalysisTransform
[        ] Transforming databinding-compiler-common-8.13.1.jar (androidx.databinding:databinding-compiler-common:8.13.1) with MergeInstrumentationAnalysisTransform
[        ] Transforming databinding-common-8.13.1.jar (androidx.databinding:databinding-common:8.13.1) with InstrumentationAnalysisTransform
[        ] Transforming databinding-common-8.13.1.jar (androidx.databinding:databinding-common:8.13.1) with MergeInstrumentationAnalysisTransform
[        ] Transforming baseLibrary-8.13.1.jar (com.android.databinding:baseLibrary:8.13.1) with InstrumentationAnalysisTransform
[        ] Transforming lint-typedef-remover-31.13.1.jar (com.android.tools.lint:lint-typedef-remover:31.13.1) with ExternalDependencyInstrumentingArtifactTransform
[        ] Transforming databinding-compiler-common-8.13.1.jar (androidx.databinding:databinding-compiler-common:8.13.1) with ExternalDependencyInstrumentingArtifactTransform
[        ] Transforming databinding-common-8.13.1.jar (androidx.databinding:databinding-common:8.13.1) with ExternalDependencyInstrumentingArtifactTransform
[        ] Transforming baseLibrary-8.13.1.jar (com.android.databinding:baseLibrary:8.13.1) with MergeInstrumentationAnalysisTransform
[        ] Transforming layoutlib-api-31.13.1.jar (com.android.tools.layoutlib:layoutlib-api:31.13.1) with InstrumentationAnalysisTransform
[        ] Transforming layoutlib-api-31.13.1.jar (com.android.tools.layoutlib:layoutlib-api:31.13.1) with MergeInstrumentationAnalysisTransform
[        ] Transforming android-device-provider-ddmlib-proto-31.13.1.jar (com.android.tools.utp:android-device-provider-ddmlib-proto:31.13.1) with InstrumentationAnalysisTransform
[        ] Transforming layoutlib-api-31.13.1.jar (com.android.tools.layoutlib:layoutlib-api:31.13.1) with ExternalDependencyInstrumentingArtifactTransform
[        ] Transforming baseLibrary-8.13.1.jar (com.android.databinding:baseLibrary:8.13.1) with ExternalDependencyInstrumentingArtifactTransform
[        ] Transforming android-device-provider-ddmlib-proto-31.13.1.jar (com.android.tools.utp:android-device-provider-ddmlib-proto:31.13.1) with MergeInstrumentationAnalysisTransform
[        ] Transforming android-device-provider-profile-proto-31.13.1.jar (com.android.tools.utp:android-device-provider-profile-proto:31.13.1) with InstrumentationAnalysisTransform
[        ] Transforming android-device-provider-profile-proto-31.13.1.jar (com.android.tools.utp:android-device-provider-profile-proto:31.13.1) with MergeInstrumentationAnalysisTransform
[        ] Transforming android-device-provider-ddmlib-proto-31.13.1.jar (com.android.tools.utp:android-device-provider-ddmlib-proto:31.13.1) with ExternalDependencyInstrumentingArtifactTransform
[        ] Transforming android-device-provider-profile-proto-31.13.1.jar (com.android.tools.utp:android-device-provider-profile-proto:31.13.1) with ExternalDependencyInstrumentingArtifactTransform
[        ] Transforming android-test-plugin-host-additional-test-output-proto-31.13.1.jar (com.android.tools.utp:android-test-plugin-host-additional-test-output-proto:31.13.1) with InstrumentationAnalysisTransform
[        ] Transforming android-test-plugin-host-additional-test-output-proto-31.13.1.jar (com.android.tools.utp:android-test-plugin-host-additional-test-output-proto:31.13.1) with MergeInstrumentationAnalysisTransform
[        ] Transforming android-test-plugin-host-coverage-proto-31.13.1.jar (com.android.tools.utp:android-test-plugin-host-coverage-proto:31.13.1) with InstrumentationAnalysisTransform
[        ] Transforming android-test-plugin-host-coverage-proto-31.13.1.jar (com.android.tools.utp:android-test-plugin-host-coverage-proto:31.13.1) with MergeInstrumentationAnalysisTransform
[        ] Transforming android-test-plugin-host-emulator-control-proto-31.13.1.jar (com.android.tools.utp:android-test-plugin-host-emulator-control-proto:31.13.1) with InstrumentationAnalysisTransform
[        ] Transforming android-test-plugin-host-emulator-control-proto-31.13.1.jar (com.android.tools.utp:android-test-plugin-host-emulator-control-proto:31.13.1) with MergeInstrumentationAnalysisTransform
[        ] Transforming android-test-plugin-host-logcat-proto-31.13.1.jar (com.android.tools.utp:android-test-plugin-host-logcat-proto:31.13.1) with InstrumentationAnalysisTransform
[        ] Transforming android-test-plugin-host-additional-test-output-proto-31.13.1.jar (com.android.tools.utp:android-test-plugin-host-additional-test-output-proto:31.13.1) with ExternalDependencyInstrumentingArtifactTransform
[        ] Transforming android-test-plugin-host-coverage-proto-31.13.1.jar (com.android.tools.utp:android-test-plugin-host-coverage-proto:31.13.1) with ExternalDependencyInstrumentingArtifactTransform
[        ] Transforming android-test-plugin-host-emulator-control-proto-31.13.1.jar (com.android.tools.utp:android-test-plugin-host-emulator-control-proto:31.13.1) with ExternalDependencyInstrumentingArtifactTransform
[        ] Transforming android-test-plugin-host-logcat-proto-31.13.1.jar (com.android.tools.utp:android-test-plugin-host-logcat-proto:31.13.1) with MergeInstrumentationAnalysisTransform
[        ] Transforming android-test-plugin-host-apk-installer-proto-31.13.1.jar (com.android.tools.utp:android-test-plugin-host-apk-installer-proto:31.13.1) with InstrumentationAnalysisTransform
[        ] Transforming android-test-plugin-host-apk-installer-proto-31.13.1.jar (com.android.tools.utp:android-test-plugin-host-apk-installer-proto:31.13.1) with MergeInstrumentationAnalysisTransform
[        ] Transforming android-test-plugin-result-listener-gradle-proto-31.13.1.jar (com.android.tools.utp:android-test-plugin-result-listener-gradle-proto:31.13.1) with InstrumentationAnalysisTransform
[        ] Transforming android-test-plugin-result-listener-gradle-proto-31.13.1.jar (com.android.tools.utp:android-test-plugin-result-listener-gradle-proto:31.13.1) with MergeInstrumentationAnalysisTransform
[        ] Transforming jetifier-processor-1.0.0-beta10.jar (com.android.tools.build.jetifier:jetifier-processor:1.0.0-beta10) with InstrumentationAnalysisTransform
[        ] Transforming jetifier-processor-1.0.0-beta10.jar (com.android.tools.build.jetifier:jetifier-processor:1.0.0-beta10) with MergeInstrumentationAnalysisTransform
[        ] Transforming jetifier-core-1.0.0-beta10.jar (com.android.tools.build.jetifier:jetifier-core:1.0.0-beta10) with InstrumentationAnalysisTransform
[        ] Transforming jetifier-core-1.0.0-beta10.jar (com.android.tools.build.jetifier:jetifier-core:1.0.0-beta10) with MergeInstrumentationAnalysisTransform
[        ] Transforming builder-model-8.13.1.jar (com.android.tools.build:builder-model:8.13.1) with InstrumentationAnalysisTransform
[        ] Transforming jetifier-processor-1.0.0-beta10.jar (com.android.tools.build.jetifier:jetifier-processor:1.0.0-beta10) with ExternalDependencyInstrumentingArtifactTransform
[        ] Transforming android-test-plugin-host-apk-installer-proto-31.13.1.jar (com.android.tools.utp:android-test-plugin-host-apk-installer-proto:31.13.1) with ExternalDependencyInstrumentingArtifactTransform
[        ] Transforming jetifier-core-1.0.0-beta10.jar (com.android.tools.build.jetifier:jetifier-core:1.0.0-beta10) with ExternalDependencyInstrumentingArtifactTransform
[        ] Transforming builder-model-8.13.1.jar (com.android.tools.build:builder-model:8.13.1) with MergeInstrumentationAnalysisTransform
[        ] Transforming android-test-plugin-result-listener-gradle-proto-31.13.1.jar (com.android.tools.utp:android-test-plugin-result-listener-gradle-proto:31.13.1) with ExternalDependencyInstrumentingArtifactTransform
[        ] Transforming android-test-plugin-host-logcat-proto-31.13.1.jar (com.android.tools.utp:android-test-plugin-host-logcat-proto:31.13.1) with ExternalDependencyInstrumentingArtifactTransform
[        ] Transforming kotlin-reflect-2.2.0.jar (org.jetbrains.kotlin:kotlin-reflect:2.2.0) with InstrumentationAnalysisTransform
[        ] Transforming builder-model-8.13.1.jar (com.android.tools.build:builder-model:8.13.1) with ExternalDependencyInstrumentingArtifactTransform
[        ] Transforming kotlin-reflect-2.2.0.jar (org.jetbrains.kotlin:kotlin-reflect:2.2.0) with MergeInstrumentationAnalysisTransform
[        ] Transforming dvlib-31.13.1.jar (com.android.tools:dvlib:31.13.1) with InstrumentationAnalysisTransform
[        ] Transforming dvlib-31.13.1.jar (com.android.tools:dvlib:31.13.1) with MergeInstrumentationAnalysisTransform
[        ] Transforming common-31.13.1.jar (com.android.tools:common:31.13.1) with InstrumentationAnalysisTransform
[        ] Transforming common-31.13.1.jar (com.android.tools:common:31.13.1) with MergeInstrumentationAnalysisTransform
[        ] Transforming kotlin-stdlib-jdk8-2.2.0.jar (org.jetbrains.kotlin:kotlin-stdlib-jdk8:2.2.0) with InstrumentationAnalysisTransform
[        ] Transforming kotlin-stdlib-jdk8-2.2.0.jar (org.jetbrains.kotlin:kotlin-stdlib-jdk8:2.2.0) with MergeInstrumentationAnalysisTransform
[        ] Transforming kotlin-reflect-2.2.0.jar (org.jetbrains.kotlin:kotlin-reflect:2.2.0) with ExternalDependencyInstrumentingArtifactTransform
[        ] Transforming dvlib-31.13.1.jar (com.android.tools:dvlib:31.13.1) with ExternalDependencyInstrumentingArtifactTransform
[        ] Transforming kotlin-stdlib-jdk8-2.2.0.jar (org.jetbrains.kotlin:kotlin-stdlib-jdk8:2.2.0) with ExternalDependencyInstrumentingArtifactTransform
[        ] Transforming kotlinx-coroutines-core-jvm-1.9.0.jar (org.jetbrains.kotlinx:kotlinx-coroutines-core-jvm:1.9.0) with InstrumentationAnalysisTransform
[        ] Transforming kotlinx-coroutines-core-jvm-1.9.0.jar (org.jetbrains.kotlinx:kotlinx-coroutines-core-jvm:1.9.0) with MergeInstrumentationAnalysisTransform
[        ] Transforming common-31.13.1.jar (com.android.tools:common:31.13.1) with ExternalDependencyInstrumentingArtifactTransform
[        ] Transforming kotlinx-coroutines-core-jvm-1.9.0.jar (org.jetbrains.kotlinx:kotlinx-coroutines-core-jvm:1.9.0) with ExternalDependencyInstrumentingArtifactTransform
[        ] Transforming kotlin-stdlib-jdk7-2.2.0.jar (org.jetbrains.kotlin:kotlin-stdlib-jdk7:2.2.0) with InstrumentationAnalysisTransform
[        ] Transforming kotlin-stdlib-jdk7-2.2.0.jar (org.jetbrains.kotlin:kotlin-stdlib-jdk7:2.2.0) with MergeInstrumentationAnalysisTransform
[        ] Transforming kotlin-stdlib-2.2.0.jar (org.jetbrains.kotlin:kotlin-stdlib:2.2.0) with InstrumentationAnalysisTransform
[        ] Transforming kotlin-stdlib-2.2.0.jar (org.jetbrains.kotlin:kotlin-stdlib:2.2.0) with MergeInstrumentationAnalysisTransform
[        ] Transforming transform-api-2.0.0-deprecated-use-gradle-api.jar (com.android.tools.build:transform-api:2.0.0-deprecated-use-gradle-api) with InstrumentationAnalysisTransform
[        ] Transforming transform-api-2.0.0-deprecated-use-gradle-api.jar (com.android.tools.build:transform-api:2.0.0-deprecated-use-gradle-api) with MergeInstrumentationAnalysisTransform
[        ] Transforming httpmime-4.5.6.jar (org.apache.httpcomponents:httpmime:4.5.6) with InstrumentationAnalysisTransform
[        ] Transforming kotlin-stdlib-jdk7-2.2.0.jar (org.jetbrains.kotlin:kotlin-stdlib-jdk7:2.2.0) with ExternalDependencyInstrumentingArtifactTransform
[        ] Transforming kotlin-stdlib-2.2.0.jar (org.jetbrains.kotlin:kotlin-stdlib:2.2.0) with ExternalDependencyInstrumentingArtifactTransform
[        ] Transforming transform-api-2.0.0-deprecated-use-gradle-api.jar (com.android.tools.build:transform-api:2.0.0-deprecated-use-gradle-api) with ExternalDependencyInstrumentingArtifactTransform
[        ] Transforming httpmime-4.5.6.jar (org.apache.httpcomponents:httpmime:4.5.6) with MergeInstrumentationAnalysisTransform
[        ] Transforming commons-io-2.16.1.jar (commons-io:commons-io:2.16.1) with InstrumentationAnalysisTransform
[        ] Transforming commons-io-2.16.1.jar (commons-io:commons-io:2.16.1) with MergeInstrumentationAnalysisTransform
[        ] Transforming asm-commons-9.8.jar (org.ow2.asm:asm-commons:9.8) with InstrumentationAnalysisTransform
[        ] Transforming asm-commons-9.8.jar (org.ow2.asm:asm-commons:9.8) with MergeInstrumentationAnalysisTransform
[        ] Transforming httpmime-4.5.6.jar (org.apache.httpcomponents:httpmime:4.5.6) with ExternalDependencyInstrumentingArtifactTransform
[        ] Transforming commons-io-2.16.1.jar (commons-io:commons-io:2.16.1) with ExternalDependencyInstrumentingArtifactTransform
[        ] Transforming asm-util-9.8.jar (org.ow2.asm:asm-util:9.8) with InstrumentationAnalysisTransform
[        ] Transforming asm-commons-9.8.jar (org.ow2.asm:asm-commons:9.8) with ExternalDependencyInstrumentingArtifactTransform
[        ] Transforming asm-util-9.8.jar (org.ow2.asm:asm-util:9.8) with MergeInstrumentationAnalysisTransform
[        ] Transforming asm-analysis-9.8.jar (org.ow2.asm:asm-analysis:9.8) with InstrumentationAnalysisTransform
[        ] Transforming asm-analysis-9.8.jar (org.ow2.asm:asm-analysis:9.8) with MergeInstrumentationAnalysisTransform
[        ] Transforming asm-tree-9.8.jar (org.ow2.asm:asm-tree:9.8) with InstrumentationAnalysisTransform
[        ] Transforming asm-tree-9.8.jar (org.ow2.asm:asm-tree:9.8) with MergeInstrumentationAnalysisTransform
[        ] Transforming asm-9.8.jar (org.ow2.asm:asm:9.8) with InstrumentationAnalysisTransform
[        ] Transforming asm-analysis-9.8.jar (org.ow2.asm:asm-analysis:9.8) with ExternalDependencyInstrumentingArtifactTransform
[        ] Transforming asm-9.8.jar (org.ow2.asm:asm:9.8) with MergeInstrumentationAnalysisTransform
[        ] Transforming asm-tree-9.8.jar (org.ow2.asm:asm-tree:9.8) with ExternalDependencyInstrumentingArtifactTransform
[        ] Transforming asm-util-9.8.jar (org.ow2.asm:asm-util:9.8) with ExternalDependencyInstrumentingArtifactTransform
[        ] Transforming apkzlib-8.13.1.jar (com.android.tools.build:apkzlib:8.13.1) with InstrumentationAnalysisTransform
[        ] Transforming asm-9.8.jar (org.ow2.asm:asm:9.8) with ExternalDependencyInstrumentingArtifactTransform
[        ] Transforming apkzlib-8.13.1.jar (com.android.tools.build:apkzlib:8.13.1) with MergeInstrumentationAnalysisTransform
[        ] Transforming bcpkix-jdk18on-1.79.jar (org.bouncycastle:bcpkix-jdk18on:1.79) with InstrumentationAnalysisTransform
[        ] Transforming bcpkix-jdk18on-1.79.jar (org.bouncycastle:bcpkix-jdk18on:1.79) with MergeInstrumentationAnalysisTransform
[        ] Transforming jaxb-runtime-2.3.2.jar (org.glassfish.jaxb:jaxb-runtime:2.3.2) with InstrumentationAnalysisTransform
[        ] Transforming jaxb-runtime-2.3.2.jar (org.glassfish.jaxb:jaxb-runtime:2.3.2) with MergeInstrumentationAnalysisTransform
[        ] Transforming jopt-simple-4.9.jar (net.sf.jopt-simple:jopt-simple:4.9) with InstrumentationAnalysisTransform
[        ] Transforming jopt-simple-4.9.jar (net.sf.jopt-simple:jopt-simple:4.9) with MergeInstrumentationAnalysisTransform
[        ] Transforming javapoet-1.10.0.jar (com.squareup:javapoet:1.10.0) with InstrumentationAnalysisTransform
[        ] Transforming apkzlib-8.13.1.jar (com.android.tools.build:apkzlib:8.13.1) with ExternalDependencyInstrumentingArtifactTransform
[        ] Transforming jopt-simple-4.9.jar (net.sf.jopt-simple:jopt-simple:4.9) with ExternalDependencyInstrumentingArtifactTransform
[        ] Transforming jaxb-runtime-2.3.2.jar (org.glassfish.jaxb:jaxb-runtime:2.3.2) with ExternalDependencyInstrumentingArtifactTransform
[        ] Transforming javapoet-1.10.0.jar (com.squareup:javapoet:1.10.0) with MergeInstrumentationAnalysisTransform
[        ] Transforming protobuf-java-util-3.25.5.jar (com.google.protobuf:protobuf-java-util:3.25.5) with InstrumentationAnalysisTransform
[        ] Transforming protobuf-java-util-3.25.5.jar (com.google.protobuf:protobuf-java-util:3.25.5) with MergeInstrumentationAnalysisTransform
[        ] Transforming grpc-protobuf-1.69.1.jar (io.grpc:grpc-protobuf:1.69.1) with InstrumentationAnalysisTransform
[        ] Transforming grpc-protobuf-1.69.1.jar (io.grpc:grpc-protobuf:1.69.1) with MergeInstrumentationAnalysisTransform
[        ] Transforming bcpkix-jdk18on-1.79.jar (org.bouncycastle:bcpkix-jdk18on:1.79) with ExternalDependencyInstrumentingArtifactTransform
[        ] Transforming grpc-protobuf-1.69.1.jar (io.grpc:grpc-protobuf:1.69.1) with ExternalDependencyInstrumentingArtifactTransform
[        ] Transforming protobuf-java-util-3.25.5.jar (com.google.protobuf:protobuf-java-util:3.25.5) with ExternalDependencyInstrumentingArtifactTransform
[        ] Transforming javapoet-1.10.0.jar (com.squareup:javapoet:1.10.0) with ExternalDependencyInstrumentingArtifactTransform
[        ] Transforming tink-1.7.0.jar (com.google.crypto.tink:tink:1.7.0) with InstrumentationAnalysisTransform
[        ] Transforming tink-1.7.0.jar (com.google.crypto.tink:tink:1.7.0) with MergeInstrumentationAnalysisTransform
[        ] Transforming core-proto-0.0.9-alpha03.jar (com.google.testing.platform:core-proto:0.0.9-alpha03) with InstrumentationAnalysisTransform
[        ] Transforming core-proto-0.0.9-alpha03.jar (com.google.testing.platform:core-proto:0.0.9-alpha03) with MergeInstrumentationAnalysisTransform
[        ] Transforming protos-31.13.1.jar (com.android.tools.analytics-library:protos:31.13.1) with InstrumentationAnalysisTransform
[        ] Transforming protos-31.13.1.jar (com.android.tools.analytics-library:protos:31.13.1) with MergeInstrumentationAnalysisTransform
[        ] Transforming proto-google-common-protos-2.48.0.jar (com.google.api.grpc:proto-google-common-protos:2.48.0) with InstrumentationAnalysisTransform
[        ] Transforming proto-google-common-protos-2.48.0.jar (com.google.api.grpc:proto-google-common-protos:2.48.0) with MergeInstrumentationAnalysisTransform
[        ] Transforming tink-1.7.0.jar (com.google.crypto.tink:tink:1.7.0) with ExternalDependencyInstrumentingArtifactTransform
[        ] Transforming protobuf-java-3.25.5.jar (com.google.protobuf:protobuf-java:3.25.5) with InstrumentationAnalysisTransform
[        ] Transforming core-proto-0.0.9-alpha03.jar (com.google.testing.platform:core-proto:0.0.9-alpha03) with ExternalDependencyInstrumentingArtifactTransform
[        ] Transforming protobuf-java-3.25.5.jar (com.google.protobuf:protobuf-java:3.25.5) with MergeInstrumentationAnalysisTransform
[        ] Transforming grpc-netty-1.69.1.jar (io.grpc:grpc-netty:1.69.1) with InstrumentationAnalysisTransform
[        ] Transforming protos-31.13.1.jar (com.android.tools.analytics-library:protos:31.13.1) with ExternalDependencyInstrumentingArtifactTransform
[        ] Transforming proto-google-common-protos-2.48.0.jar (com.google.api.grpc:proto-google-common-protos:2.48.0) with ExternalDependencyInstrumentingArtifactTransform
[        ] Transforming protobuf-java-3.25.5.jar (com.google.protobuf:protobuf-java:3.25.5) with ExternalDependencyInstrumentingArtifactTransform
[        ] Transforming grpc-netty-1.69.1.jar (io.grpc:grpc-netty:1.69.1) with MergeInstrumentationAnalysisTransform
[        ] Transforming grpc-inprocess-1.69.1.jar (io.grpc:grpc-inprocess:1.69.1) with InstrumentationAnalysisTransform
[        ] Transforming grpc-inprocess-1.69.1.jar (io.grpc:grpc-inprocess:1.69.1) with MergeInstrumentationAnalysisTransform
[        ] Transforming grpc-util-1.69.1.jar (io.grpc:grpc-util:1.69.1) with InstrumentationAnalysisTransform
[        ] Transforming grpc-util-1.69.1.jar (io.grpc:grpc-util:1.69.1) with MergeInstrumentationAnalysisTransform
[        ] Transforming grpc-core-1.69.1.jar (io.grpc:grpc-core:1.69.1) with InstrumentationAnalysisTransform
[        ] Transforming grpc-core-1.69.1.jar (io.grpc:grpc-core:1.69.1) with MergeInstrumentationAnalysisTransform
[        ] Transforming gson-2.11.0.jar (com.google.code.gson:gson:2.11.0) with InstrumentationAnalysisTransform
[        ] Transforming grpc-netty-1.69.1.jar (io.grpc:grpc-netty:1.69.1) with ExternalDependencyInstrumentingArtifactTransform
[        ] Transforming grpc-inprocess-1.69.1.jar (io.grpc:grpc-inprocess:1.69.1) with ExternalDependencyInstrumentingArtifactTransform
[        ] Transforming grpc-util-1.69.1.jar (io.grpc:grpc-util:1.69.1) with ExternalDependencyInstrumentingArtifactTransform
[        ] Transforming gson-2.11.0.jar (com.google.code.gson:gson:2.11.0) with MergeInstrumentationAnalysisTransform
[        ] Transforming grpc-stub-1.69.1.jar (io.grpc:grpc-stub:1.69.1) with InstrumentationAnalysisTransform
[        ] Transforming grpc-stub-1.69.1.jar (io.grpc:grpc-stub:1.69.1) with MergeInstrumentationAnalysisTransform
[        ] Transforming tensorflow-lite-metadata-0.2.0.jar (org.tensorflow:tensorflow-lite-metadata:0.2.0) with InstrumentationAnalysisTransform
[        ] Transforming tensorflow-lite-metadata-0.2.0.jar (org.tensorflow:tensorflow-lite-metadata:0.2.0) with MergeInstrumentationAnalysisTransform
[        ] Transforming flatbuffers-java-1.12.0.jar (com.google.flatbuffers:flatbuffers-java:1.12.0) with InstrumentationAnalysisTransform
[        ] Transforming flatbuffers-java-1.12.0.jar (com.google.flatbuffers:flatbuffers-java:1.12.0) with MergeInstrumentationAnalysisTransform
[        ] Transforming jimfs-1.1.jar (com.google.jimfs:jimfs:1.1) with InstrumentationAnalysisTransform
[        ] Transforming grpc-core-1.69.1.jar (io.grpc:grpc-core:1.69.1) with ExternalDependencyInstrumentingArtifactTransform
[        ] Transforming tensorflow-lite-metadata-0.2.0.jar (org.tensorflow:tensorflow-lite-metadata:0.2.0) with ExternalDependencyInstrumentingArtifactTransform
[        ] Transforming grpc-stub-1.69.1.jar (io.grpc:grpc-stub:1.69.1) with ExternalDependencyInstrumentingArtifactTransform
[        ] Transforming flatbuffers-java-1.12.0.jar (com.google.flatbuffers:flatbuffers-java:1.12.0) with ExternalDependencyInstrumentingArtifactTransform
[        ] Transforming gson-2.11.0.jar (com.google.code.gson:gson:2.11.0) with ExternalDependencyInstrumentingArtifactTransform
[        ] Transforming jimfs-1.1.jar (com.google.jimfs:jimfs:1.1) with MergeInstrumentationAnalysisTransform
[        ] Transforming grpc-context-1.69.1.jar (io.grpc:grpc-context:1.69.1) with InstrumentationAnalysisTransform
[        ] Transforming grpc-context-1.69.1.jar (io.grpc:grpc-context:1.69.1) with MergeInstrumentationAnalysisTransform
[        ] Transforming jimfs-1.1.jar (com.google.jimfs:jimfs:1.1) with ExternalDependencyInstrumentingArtifactTransform
[        ] Transforming grpc-protobuf-lite-1.69.1.jar (io.grpc:grpc-protobuf-lite:1.69.1) with InstrumentationAnalysisTransform
[        ] Transforming grpc-protobuf-lite-1.69.1.jar (io.grpc:grpc-protobuf-lite:1.69.1) with MergeInstrumentationAnalysisTransform
[        ] Transforming grpc-api-1.69.1.jar (io.grpc:grpc-api:1.69.1) with InstrumentationAnalysisTransform
[        ] Transforming grpc-api-1.69.1.jar (io.grpc:grpc-api:1.69.1) with MergeInstrumentationAnalysisTransform
[        ] Transforming grpc-context-1.69.1.jar (io.grpc:grpc-context:1.69.1) with ExternalDependencyInstrumentingArtifactTransform
[        ] Transforming grpc-protobuf-lite-1.69.1.jar (io.grpc:grpc-protobuf-lite:1.69.1) with ExternalDependencyInstrumentingArtifactTransform
[        ] Transforming grpc-api-1.69.1.jar (io.grpc:grpc-api:1.69.1) with ExternalDependencyInstrumentingArtifactTransform
[        ] Transforming guava-33.3.1-jre.jar (com.google.guava:guava:33.3.1-jre) with InstrumentationAnalysisTransform
[        ] Transforming guava-33.3.1-jre.jar (com.google.guava:guava:33.3.1-jre) with MergeInstrumentationAnalysisTransform
[        ] Transforming dagger-2.28.3.jar (com.google.dagger:dagger:2.28.3) with InstrumentationAnalysisTransform
[        ] Transforming dagger-2.28.3.jar (com.google.dagger:dagger:2.28.3) with MergeInstrumentationAnalysisTransform
[        ] Transforming javax.inject-1.jar (javax.inject:javax.inject:1) with InstrumentationAnalysisTransform
[        ] Transforming javax.inject-1.jar (javax.inject:javax.inject:1) with MergeInstrumentationAnalysisTransform
[        ] Transforming guava-33.3.1-jre.jar (com.google.guava:guava:33.3.1-jre) with ExternalDependencyInstrumentingArtifactTransform
[        ] Transforming kxml2-2.3.0.jar (net.sf.kxml:kxml2:2.3.0) with InstrumentationAnalysisTransform
[        ] Transforming dagger-2.28.3.jar (com.google.dagger:dagger:2.28.3) with ExternalDependencyInstrumentingArtifactTransform
[        ] Transforming kxml2-2.3.0.jar (net.sf.kxml:kxml2:2.3.0) with MergeInstrumentationAnalysisTransform
[        ] Transforming commons-compress-1.21.jar (org.apache.commons:commons-compress:1.21) with InstrumentationAnalysisTransform
[        ] Transforming javax.inject-1.jar (javax.inject:javax.inject:1) with ExternalDependencyInstrumentingArtifactTransform
[        ] Transforming kxml2-2.3.0.jar (net.sf.kxml:kxml2:2.3.0) with ExternalDependencyInstrumentingArtifactTransform
[        ] Transforming commons-compress-1.21.jar (org.apache.commons:commons-compress:1.21) with MergeInstrumentationAnalysisTransform
[        ] Transforming bcutil-jdk18on-1.79.jar (org.bouncycastle:bcutil-jdk18on:1.79) with InstrumentationAnalysisTransform
[        ] Transforming commons-compress-1.21.jar (org.apache.commons:commons-compress:1.21) with ExternalDependencyInstrumentingArtifactTransform
[        ] Transforming bcutil-jdk18on-1.79.jar (org.bouncycastle:bcutil-jdk18on:1.79) with MergeInstrumentationAnalysisTransform
[        ] Transforming bcprov-jdk18on-1.79.jar (org.bouncycastle:bcprov-jdk18on:1.79) with InstrumentationAnalysisTransform
[        ] Transforming bcprov-jdk18on-1.79.jar (org.bouncycastle:bcprov-jdk18on:1.79) with MergeInstrumentationAnalysisTransform
[        ] Transforming httpclient-4.5.14.jar (org.apache.httpcomponents:httpclient:4.5.14) with InstrumentationAnalysisTransform
[        ] Transforming httpclient-4.5.14.jar (org.apache.httpcomponents:httpclient:4.5.14) with MergeInstrumentationAnalysisTransform
[        ] Transforming httpcore-4.4.16.jar (org.apache.httpcomponents:httpcore:4.4.16) with InstrumentationAnalysisTransform
[        ] Transforming httpcore-4.4.16.jar (org.apache.httpcomponents:httpcore:4.4.16) with MergeInstrumentationAnalysisTransform
[        ] Transforming javax.activation-1.2.0.jar (com.sun.activation:javax.activation:1.2.0) with InstrumentationAnalysisTransform
[        ] Transforming bcprov-jdk18on-1.79.jar (org.bouncycastle:bcprov-jdk18on:1.79) with ExternalDependencyInstrumentingArtifactTransform
[        ] Transforming httpcore-4.4.16.jar (org.apache.httpcomponents:httpcore:4.4.16) with ExternalDependencyInstrumentingArtifactTransform
[        ] Transforming bcutil-jdk18on-1.79.jar (org.bouncycastle:bcutil-jdk18on:1.79) with ExternalDependencyInstrumentingArtifactTransform
[        ] Transforming javax.activation-1.2.0.jar (com.sun.activation:javax.activation:1.2.0) with MergeInstrumentationAnalysisTransform
[        ] Transforming annotations-23.0.0.jar (org.jetbrains:annotations:23.0.0) with InstrumentationAnalysisTransform
[        ] Transforming annotations-23.0.0.jar (org.jetbrains:annotations:23.0.0) with MergeInstrumentationAnalysisTransform
[        ] Transforming signflinger-8.13.1.jar (com.android:signflinger:8.13.1) with InstrumentationAnalysisTransform
[        ] Transforming javax.activation-1.2.0.jar (com.sun.activation:javax.activation:1.2.0) with ExternalDependencyInstrumentingArtifactTransform
[        ] Transforming signflinger-8.13.1.jar (com.android:signflinger:8.13.1) with MergeInstrumentationAnalysisTransform
[        ] Transforming zipflinger-8.13.1.jar (com.android:zipflinger:8.13.1) with InstrumentationAnalysisTransform
[        ] Transforming zipflinger-8.13.1.jar (com.android:zipflinger:8.13.1) with MergeInstrumentationAnalysisTransform
[        ] Transforming annotations-31.13.1.jar (com.android.tools:annotations:31.13.1) with InstrumentationAnalysisTransform
[        ] Transforming httpclient-4.5.14.jar (org.apache.httpcomponents:httpclient:4.5.14) with ExternalDependencyInstrumentingArtifactTransform
[        ] Transforming annotations-23.0.0.jar (org.jetbrains:annotations:23.0.0) with ExternalDependencyInstrumentingArtifactTransform
[        ] Transforming annotations-31.13.1.jar (com.android.tools:annotations:31.13.1) with MergeInstrumentationAnalysisTransform
[        ] Transforming signflinger-8.13.1.jar (com.android:signflinger:8.13.1) with ExternalDependencyInstrumentingArtifactTransform
[        ] Transforming annotations-31.13.1.jar (com.android.tools:annotations:31.13.1) with ExternalDependencyInstrumentingArtifactTransform
[        ] Transforming zipflinger-8.13.1.jar (com.android:zipflinger:8.13.1) with ExternalDependencyInstrumentingArtifactTransform
[        ] Transforming jna-platform-5.6.0.jar (net.java.dev.jna:jna-platform:5.6.0) with InstrumentationAnalysisTransform
[        ] Transforming jna-platform-5.6.0.jar (net.java.dev.jna:jna-platform:5.6.0) with MergeInstrumentationAnalysisTransform
[        ] Transforming juniversalchardet-1.0.3.jar (com.googlecode.juniversalchardet:juniversalchardet:1.0.3) with InstrumentationAnalysisTransform
[        ] Transforming juniversalchardet-1.0.3.jar (com.googlecode.juniversalchardet:juniversalchardet:1.0.3) with MergeInstrumentationAnalysisTransform
[        ] Transforming javax.annotation-api-1.3.2.jar (javax.annotation:javax.annotation-api:1.3.2) with InstrumentationAnalysisTransform
[        ] Transforming javax.annotation-api-1.3.2.jar (javax.annotation:javax.annotation-api:1.3.2) with MergeInstrumentationAnalysisTransform
[        ] Transforming stax-ex-1.8.1.jar (org.jvnet.staxex:stax-ex:1.8.1) with InstrumentationAnalysisTransform
[        ] Transforming stax-ex-1.8.1.jar (org.jvnet.staxex:stax-ex:1.8.1) with MergeInstrumentationAnalysisTransform
[        ] Transforming jna-platform-5.6.0.jar (net.java.dev.jna:jna-platform:5.6.0) with ExternalDependencyInstrumentingArtifactTransform
[        ] Transforming juniversalchardet-1.0.3.jar (com.googlecode.juniversalchardet:juniversalchardet:1.0.3) with ExternalDependencyInstrumentingArtifactTransform
[        ] Transforming stax-ex-1.8.1.jar (org.jvnet.staxex:stax-ex:1.8.1) with ExternalDependencyInstrumentingArtifactTransform
[        ] Transforming jakarta.xml.bind-api-2.3.2.jar (jakarta.xml.bind:jakarta.xml.bind-api:2.3.2) with InstrumentationAnalysisTransform
[        ] Transforming javax.annotation-api-1.3.2.jar (javax.annotation:javax.annotation-api:1.3.2) with ExternalDependencyInstrumentingArtifactTransform
[        ] Transforming jakarta.xml.bind-api-2.3.2.jar (jakarta.xml.bind:jakarta.xml.bind-api:2.3.2) with MergeInstrumentationAnalysisTransform
[        ] Transforming txw2-2.3.2.jar (org.glassfish.jaxb:txw2:2.3.2) with InstrumentationAnalysisTransform
[        ] Transforming txw2-2.3.2.jar (org.glassfish.jaxb:txw2:2.3.2) with MergeInstrumentationAnalysisTransform
[        ] Transforming istack-commons-runtime-3.0.8.jar (com.sun.istack:istack-commons-runtime:3.0.8) with InstrumentationAnalysisTransform
[        ] Transforming istack-commons-runtime-3.0.8.jar (com.sun.istack:istack-commons-runtime:3.0.8) with MergeInstrumentationAnalysisTransform
[        ] Transforming FastInfoset-1.2.16.jar (com.sun.xml.fastinfoset:FastInfoset:1.2.16) with InstrumentationAnalysisTransform
[        ] Transforming jakarta.xml.bind-api-2.3.2.jar (jakarta.xml.bind:jakarta.xml.bind-api:2.3.2) with ExternalDependencyInstrumentingArtifactTransform
[        ] Transforming txw2-2.3.2.jar (org.glassfish.jaxb:txw2:2.3.2) with ExternalDependencyInstrumentingArtifactTransform
[        ] Transforming FastInfoset-1.2.16.jar (com.sun.xml.fastinfoset:FastInfoset:1.2.16) with MergeInstrumentationAnalysisTransform
[        ] Transforming istack-commons-runtime-3.0.8.jar (com.sun.istack:istack-commons-runtime:3.0.8) with ExternalDependencyInstrumentingArtifactTransform
[        ] Transforming jakarta.activation-api-1.2.1.jar (jakarta.activation:jakarta.activation-api:1.2.1) with InstrumentationAnalysisTransform
[        ] Transforming jakarta.activation-api-1.2.1.jar (jakarta.activation:jakarta.activation-api:1.2.1) with MergeInstrumentationAnalysisTransform
[        ] Transforming auto-value-annotations-1.6.2.jar (com.google.auto.value:auto-value-annotations:1.6.2) with InstrumentationAnalysisTransform
[        ] Transforming FastInfoset-1.2.16.jar (com.sun.xml.fastinfoset:FastInfoset:1.2.16) with ExternalDependencyInstrumentingArtifactTransform
[        ] Transforming auto-value-annotations-1.6.2.jar (com.google.auto.value:auto-value-annotations:1.6.2) with MergeInstrumentationAnalysisTransform
[        ] Transforming jakarta.activation-api-1.2.1.jar (jakarta.activation:jakarta.activation-api:1.2.1) with ExternalDependencyInstrumentingArtifactTransform
[        ] Transforming error_prone_annotations-2.30.0.jar (com.google.errorprone:error_prone_annotations:2.30.0) with InstrumentationAnalysisTransform
[        ] Transforming error_prone_annotations-2.30.0.jar (com.google.errorprone:error_prone_annotations:2.30.0) with MergeInstrumentationAnalysisTransform
[        ] Transforming jose4j-0.9.5.jar (org.bitbucket.b_c:jose4j:0.9.5) with InstrumentationAnalysisTransform
[        ] Transforming auto-value-annotations-1.6.2.jar (com.google.auto.value:auto-value-annotations:1.6.2) with ExternalDependencyInstrumentingArtifactTransform
[        ] Transforming jose4j-0.9.5.jar (org.bitbucket.b_c:jose4j:0.9.5) with MergeInstrumentationAnalysisTransform
[        ] Transforming error_prone_annotations-2.30.0.jar (com.google.errorprone:error_prone_annotations:2.30.0) with ExternalDependencyInstrumentingArtifactTransform
[        ] Transforming slf4j-api-1.7.30.jar (org.slf4j:slf4j-api:1.7.30) with InstrumentationAnalysisTransform
[        ] Transforming jose4j-0.9.5.jar (org.bitbucket.b_c:jose4j:0.9.5) with ExternalDependencyInstrumentingArtifactTransform
[        ] Transforming slf4j-api-1.7.30.jar (org.slf4j:slf4j-api:1.7.30) with MergeInstrumentationAnalysisTransform
[        ] Transforming jdom2-2.0.6.jar (org.jdom:jdom2:2.0.6) with InstrumentationAnalysisTransform
[        ] Transforming jdom2-2.0.6.jar (org.jdom:jdom2:2.0.6) with MergeInstrumentationAnalysisTransform
[        ] Transforming jsr305-3.0.2.jar (com.google.code.findbugs:jsr305:3.0.2) with InstrumentationAnalysisTransform
[        ] Transforming slf4j-api-1.7.30.jar (org.slf4j:slf4j-api:1.7.30) with ExternalDependencyInstrumentingArtifactTransform
[        ] Transforming jsr305-3.0.2.jar (com.google.code.findbugs:jsr305:3.0.2) with MergeInstrumentationAnalysisTransform
[        ] Transforming jdom2-2.0.6.jar (org.jdom:jdom2:2.0.6) with ExternalDependencyInstrumentingArtifactTransform
[        ] Transforming j2objc-annotations-3.0.0.jar (com.google.j2objc:j2objc-annotations:3.0.0) with InstrumentationAnalysisTransform
[        ] Transforming jsr305-3.0.2.jar (com.google.code.findbugs:jsr305:3.0.2) with ExternalDependencyInstrumentingArtifactTransform
[        ] Transforming j2objc-annotations-3.0.0.jar (com.google.j2objc:j2objc-annotations:3.0.0) with MergeInstrumentationAnalysisTransform
[        ] Transforming annotations-4.1.1.4.jar (com.google.android:annotations:4.1.1.4) with InstrumentationAnalysisTransform
[        ] Transforming annotations-4.1.1.4.jar (com.google.android:annotations:4.1.1.4) with MergeInstrumentationAnalysisTransform
[        ] Transforming animal-sniffer-annotations-1.24.jar (org.codehaus.mojo:animal-sniffer-annotations:1.24) with InstrumentationAnalysisTransform
[        ] Transforming j2objc-annotations-3.0.0.jar (com.google.j2objc:j2objc-annotations:3.0.0) with ExternalDependencyInstrumentingArtifactTransform
[        ] Transforming animal-sniffer-annotations-1.24.jar (org.codehaus.mojo:animal-sniffer-annotations:1.24) with MergeInstrumentationAnalysisTransform
[        ] Transforming annotations-4.1.1.4.jar (com.google.android:annotations:4.1.1.4) with ExternalDependencyInstrumentingArtifactTransform
[        ] Transforming perfmark-api-0.27.0.jar (io.perfmark:perfmark-api:0.27.0) with InstrumentationAnalysisTransform
[        ] Transforming animal-sniffer-annotations-1.24.jar (org.codehaus.mojo:animal-sniffer-annotations:1.24) with ExternalDependencyInstrumentingArtifactTransform
[        ] Transforming perfmark-api-0.27.0.jar (io.perfmark:perfmark-api:0.27.0) with MergeInstrumentationAnalysisTransform
[        ] Transforming netty-codec-http2-4.1.110.Final.jar (io.netty:netty-codec-http2:4.1.110.Final) with InstrumentationAnalysisTransform
[        ] Transforming netty-codec-http2-4.1.110.Final.jar (io.netty:netty-codec-http2:4.1.110.Final) with MergeInstrumentationAnalysisTransform
[        ] Transforming netty-handler-proxy-4.1.110.Final.jar (io.netty:netty-handler-proxy:4.1.110.Final) with InstrumentationAnalysisTransform
[        ] Transforming perfmark-api-0.27.0.jar (io.perfmark:perfmark-api:0.27.0) with ExternalDependencyInstrumentingArtifactTransform
[        ] Transforming netty-handler-proxy-4.1.110.Final.jar (io.netty:netty-handler-proxy:4.1.110.Final) with MergeInstrumentationAnalysisTransform
[        ] Transforming netty-codec-http2-4.1.110.Final.jar (io.netty:netty-codec-http2:4.1.110.Final) with ExternalDependencyInstrumentingArtifactTransform
[        ] Transforming netty-codec-http-4.1.110.Final.jar (io.netty:netty-codec-http:4.1.110.Final) with InstrumentationAnalysisTransform
[        ] Transforming netty-handler-proxy-4.1.110.Final.jar (io.netty:netty-handler-proxy:4.1.110.Final) with ExternalDependencyInstrumentingArtifactTransform
[        ] Transforming netty-codec-http-4.1.110.Final.jar (io.netty:netty-codec-http:4.1.110.Final) with MergeInstrumentationAnalysisTransform
[        ] Transforming netty-handler-4.1.110.Final.jar (io.netty:netty-handler:4.1.110.Final) with InstrumentationAnalysisTransform
[        ] Transforming netty-handler-4.1.110.Final.jar (io.netty:netty-handler:4.1.110.Final) with MergeInstrumentationAnalysisTransform
[        ] Transforming netty-transport-native-unix-common-4.1.110.Final.jar (io.netty:netty-transport-native-unix-common:4.1.110.Final) with InstrumentationAnalysisTransform
[        ] Transforming netty-codec-http-4.1.110.Final.jar (io.netty:netty-codec-http:4.1.110.Final) with ExternalDependencyInstrumentingArtifactTransform
[        ] Transforming netty-transport-native-unix-common-4.1.110.Final.jar (io.netty:netty-transport-native-unix-common:4.1.110.Final) with MergeInstrumentationAnalysisTransform
[        ] Transforming checker-qual-3.43.0.jar (org.checkerframework:checker-qual:3.43.0) with InstrumentationAnalysisTransform
[        ] Transforming netty-handler-4.1.110.Final.jar (io.netty:netty-handler:4.1.110.Final) with ExternalDependencyInstrumentingArtifactTransform
[        ] Transforming netty-transport-native-unix-common-4.1.110.Final.jar (io.netty:netty-transport-native-unix-common:4.1.110.Final) with ExternalDependencyInstrumentingArtifactTransform
[        ] Transforming checker-qual-3.43.0.jar (org.checkerframework:checker-qual:3.43.0) with MergeInstrumentationAnalysisTransform
[        ] Transforming apksig-8.13.1.jar (com.android.tools.build:apksig:8.13.1) with InstrumentationAnalysisTransform
[        ] Transforming apksig-8.13.1.jar (com.android.tools.build:apksig:8.13.1) with MergeInstrumentationAnalysisTransform
[        ] Transforming javawriter-2.5.0.jar (com.squareup:javawriter:2.5.0) with InstrumentationAnalysisTransform
[        ] Transforming checker-qual-3.43.0.jar (org.checkerframework:checker-qual:3.43.0) with ExternalDependencyInstrumentingArtifactTransform
[        ] Transforming javawriter-2.5.0.jar (com.squareup:javawriter:2.5.0) with MergeInstrumentationAnalysisTransform
[        ] Transforming failureaccess-1.0.2.jar (com.google.guava:failureaccess:1.0.2) with InstrumentationAnalysisTransform
[        ] Transforming apksig-8.13.1.jar (com.android.tools.build:apksig:8.13.1) with ExternalDependencyInstrumentingArtifactTransform
[        ] Transforming failureaccess-1.0.2.jar (com.google.guava:failureaccess:1.0.2) with MergeInstrumentationAnalysisTransform
[        ] Transforming javawriter-2.5.0.jar (com.squareup:javawriter:2.5.0) with ExternalDependencyInstrumentingArtifactTransform
[        ] Transforming listenablefuture-9999.0-empty-to-avoid-conflict-with-guava.jar (com.google.guava:listenablefuture:9999.0-empty-to-avoid-conflict-with-guava) with InstrumentationAnalysisTransform
[        ] Transforming failureaccess-1.0.2.jar (com.google.guava:failureaccess:1.0.2) with ExternalDependencyInstrumentingArtifactTransform
[        ] Transforming listenablefuture-9999.0-empty-to-avoid-conflict-with-guava.jar (com.google.guava:listenablefuture:9999.0-empty-to-avoid-conflict-with-guava) with MergeInstrumentationAnalysisTransform
[        ] Transforming commons-logging-1.2.jar (commons-logging:commons-logging:1.2) with InstrumentationAnalysisTransform
[        ] Transforming commons-logging-1.2.jar (commons-logging:commons-logging:1.2) with MergeInstrumentationAnalysisTransform
[        ] Transforming commons-codec-1.11.jar (commons-codec:commons-codec:1.11) with InstrumentationAnalysisTransform
[        ] Transforming commons-codec-1.11.jar (commons-codec:commons-codec:1.11) with MergeInstrumentationAnalysisTransform
[        ] Transforming jna-5.6.0.jar (net.java.dev.jna:jna:5.6.0) with InstrumentationAnalysisTransform
[        ] Transforming jna-5.6.0.jar (net.java.dev.jna:jna:5.6.0) with MergeInstrumentationAnalysisTransform
[        ] Transforming netty-codec-socks-4.1.110.Final.jar (io.netty:netty-codec-socks:4.1.110.Final) with InstrumentationAnalysisTransform
[        ] Transforming listenablefuture-9999.0-empty-to-avoid-conflict-with-guava.jar (com.google.guava:listenablefuture:9999.0-empty-to-avoid-conflict-with-guava) with ExternalDependencyInstrumentingArtifactTransform
[        ] Transforming commons-logging-1.2.jar (commons-logging:commons-logging:1.2) with ExternalDependencyInstrumentingArtifactTransform
[        ] Transforming netty-codec-socks-4.1.110.Final.jar (io.netty:netty-codec-socks:4.1.110.Final) with MergeInstrumentationAnalysisTransform
[        ] Transforming jna-5.6.0.jar (net.java.dev.jna:jna:5.6.0) with ExternalDependencyInstrumentingArtifactTransform
[        ] Transforming commons-codec-1.11.jar (commons-codec:commons-codec:1.11) with ExternalDependencyInstrumentingArtifactTransform
[        ] Transforming netty-codec-socks-4.1.110.Final.jar (io.netty:netty-codec-socks:4.1.110.Final) with ExternalDependencyInstrumentingArtifactTransform
[        ] Transforming netty-codec-4.1.110.Final.jar (io.netty:netty-codec:4.1.110.Final) with InstrumentationAnalysisTransform
[        ] Transforming netty-codec-4.1.110.Final.jar (io.netty:netty-codec:4.1.110.Final) with MergeInstrumentationAnalysisTransform
[        ] Transforming netty-transport-4.1.110.Final.jar (io.netty:netty-transport:4.1.110.Final) with InstrumentationAnalysisTransform
[        ] Transforming netty-transport-4.1.110.Final.jar (io.netty:netty-transport:4.1.110.Final) with MergeInstrumentationAnalysisTransform
[        ] Transforming netty-buffer-4.1.110.Final.jar (io.netty:netty-buffer:4.1.110.Final) with InstrumentationAnalysisTransform
[        ] Transforming netty-buffer-4.1.110.Final.jar (io.netty:netty-buffer:4.1.110.Final) with MergeInstrumentationAnalysisTransform
[        ] Transforming netty-resolver-4.1.110.Final.jar (io.netty:netty-resolver:4.1.110.Final) with InstrumentationAnalysisTransform
[        ] Transforming netty-resolver-4.1.110.Final.jar (io.netty:netty-resolver:4.1.110.Final) with MergeInstrumentationAnalysisTransform
[        ] Transforming netty-codec-4.1.110.Final.jar (io.netty:netty-codec:4.1.110.Final) with ExternalDependencyInstrumentingArtifactTransform
[        ] Transforming netty-common-4.1.110.Final.jar (io.netty:netty-common:4.1.110.Final) with InstrumentationAnalysisTransform
[        ] Transforming netty-transport-4.1.110.Final.jar (io.netty:netty-transport:4.1.110.Final) with ExternalDependencyInstrumentingArtifactTransform
[        ] Transforming netty-buffer-4.1.110.Final.jar (io.netty:netty-buffer:4.1.110.Final) with ExternalDependencyInstrumentingArtifactTransform
[        ] Transforming netty-common-4.1.110.Final.jar (io.netty:netty-common:4.1.110.Final) with MergeInstrumentationAnalysisTransform
[        ] Transforming netty-resolver-4.1.110.Final.jar (io.netty:netty-resolver:4.1.110.Final) with ExternalDependencyInstrumentingArtifactTransform
[        ] Transforming netty-common-4.1.110.Final.jar (io.netty:netty-common:4.1.110.Final) with ExternalDependencyInstrumentingArtifactTransform
[        ] Using default execution profile
[        ] > Configure project :image_picker_android
[        ] Evaluating project ':image_picker_android' using build file 'C:\Users\midhu\AppData\Local\Pub\Cache\hosted\pub.dev\image_picker_android-0.8.13+14\android\build.gradle'.
[        ] Transforming gradle-8.13.1.jar (com.android.tools.build:gradle:8.13.1) with InstrumentationAnalysisTransform
[        ] Transforming gradle-api-8.13.1.jar (com.android.tools.build:gradle-api:8.13.1) with InstrumentationAnalysisTransform
[        ] Transforming gradle-common-api-8.13.1.jar (com.android.tools.build:gradle-common-api:8.13.1) with InstrumentationAnalysisTransform
[        ] Transforming gradle-settings-api-8.13.1.jar (com.android.tools.build:gradle-settings-api:8.13.1) with InstrumentationAnalysisTransform
[        ] Transforming lint-model-31.13.1.jar (com.android.tools.lint:lint-model:31.13.1) with InstrumentationAnalysisTransform
[        ] Transforming builder-8.13.1.jar (com.android.tools.build:builder:8.13.1) with InstrumentationAnalysisTransform
[        ] Transforming manifest-merger-31.13.1.jar (com.android.tools.build:manifest-merger:31.13.1) with InstrumentationAnalysisTransform
[        ] Transforming sdk-common-31.13.1.jar (com.android.tools:sdk-common:31.13.1) with InstrumentationAnalysisTransform
[        ] Transforming sdklib-31.13.1.jar (com.android.tools:sdklib:31.13.1) with InstrumentationAnalysisTransform
[        ] Transforming repository-31.13.1.jar (com.android.tools:repository:31.13.1) with InstrumentationAnalysisTransform
[        ] Transforming builder-test-api-8.13.1.jar (com.android.tools.build:builder-test-api:8.13.1) with InstrumentationAnalysisTransform
[        ] Transforming ddmlib-31.13.1.jar (com.android.tools.ddms:ddmlib:31.13.1) with InstrumentationAnalysisTransform
[        ] Transforming aaptcompiler-8.13.1.jar (com.android.tools.build:aaptcompiler:8.13.1) with InstrumentationAnalysisTransform
[        ] Transforming bundletool-1.18.1.jar (com.android.tools.build:bundletool:1.18.1) with InstrumentationAnalysisTransform
[        ] Transforming aapt2-proto-8.13.1-13719691.jar (com.android.tools.build:aapt2-proto:8.13.1-13719691) with InstrumentationAnalysisTransform
[        ] Transforming crash-31.13.1.jar (com.android.tools.analytics-library:crash:31.13.1) with InstrumentationAnalysisTransform
[        ] Transforming tracker-31.13.1.jar (com.android.tools.analytics-library:tracker:31.13.1) with InstrumentationAnalysisTransform
[        ] Transforming shared-31.13.1.jar (com.android.tools.analytics-library:shared:31.13.1) with InstrumentationAnalysisTransform
[        ] Transforming lint-typedef-remover-31.13.1.jar (com.android.tools.lint:lint-typedef-remover:31.13.1) with InstrumentationAnalysisTransform
[        ] Transforming databinding-compiler-common-8.13.1.jar (androidx.databinding:databinding-compiler-common:8.13.1) with InstrumentationAnalysisTransform
[        ] Transforming databinding-common-8.13.1.jar (androidx.databinding:databinding-common:8.13.1) with InstrumentationAnalysisTransform
[        ] Transforming baseLibrary-8.13.1.jar (com.android.databinding:baseLibrary:8.13.1) with InstrumentationAnalysisTransform
[        ] Transforming layoutlib-api-31.13.1.jar (com.android.tools.layoutlib:layoutlib-api:31.13.1) with InstrumentationAnalysisTransform
[        ] Transforming android-device-provider-ddmlib-proto-31.13.1.jar (com.android.tools.utp:android-device-provider-ddmlib-proto:31.13.1) with InstrumentationAnalysisTransform
[        ] Transforming android-device-provider-profile-proto-31.13.1.jar (com.android.tools.utp:android-device-provider-profile-proto:31.13.1) with InstrumentationAnalysisTransform
[        ] Transforming android-test-plugin-host-additional-test-output-proto-31.13.1.jar (com.android.tools.utp:android-test-plugin-host-additional-test-output-proto:31.13.1) with InstrumentationAnalysisTransform
[        ] Transforming android-test-plugin-host-coverage-proto-31.13.1.jar (com.android.tools.utp:android-test-plugin-host-coverage-proto:31.13.1) with InstrumentationAnalysisTransform
[        ] Transforming android-test-plugin-host-emulator-control-proto-31.13.1.jar (com.android.tools.utp:android-test-plugin-host-emulator-control-proto:31.13.1) with InstrumentationAnalysisTransform
[        ] Transforming android-test-plugin-host-logcat-proto-31.13.1.jar (com.android.tools.utp:android-test-plugin-host-logcat-proto:31.13.1) with InstrumentationAnalysisTransform
[        ] Transforming android-test-plugin-host-apk-installer-proto-31.13.1.jar (com.android.tools.utp:android-test-plugin-host-apk-installer-proto:31.13.1) with InstrumentationAnalysisTransform
[        ] Transforming android-test-plugin-result-listener-gradle-proto-31.13.1.jar (com.android.tools.utp:android-test-plugin-result-listener-gradle-proto:31.13.1) with InstrumentationAnalysisTransform
[        ] Transforming jetifier-processor-1.0.0-beta10.jar (com.android.tools.build.jetifier:jetifier-processor:1.0.0-beta10) with InstrumentationAnalysisTransform
[        ] Transforming jetifier-core-1.0.0-beta10.jar (com.android.tools.build.jetifier:jetifier-core:1.0.0-beta10) with InstrumentationAnalysisTransform
[        ] Transforming builder-model-8.13.1.jar (com.android.tools.build:builder-model:8.13.1) with InstrumentationAnalysisTransform
[        ] Transforming kotlin-reflect-2.2.0.jar (org.jetbrains.kotlin:kotlin-reflect:2.2.0) with InstrumentationAnalysisTransform
[        ] Transforming dvlib-31.13.1.jar (com.android.tools:dvlib:31.13.1) with InstrumentationAnalysisTransform
[        ] Transforming common-31.13.1.jar (com.android.tools:common:31.13.1) with InstrumentationAnalysisTransform
[        ] Transforming kotlin-stdlib-jdk8-2.2.0.jar (org.jetbrains.kotlin:kotlin-stdlib-jdk8:2.2.0) with InstrumentationAnalysisTransform
[        ] Transforming kotlinx-coroutines-core-jvm-1.9.0.jar (org.jetbrains.kotlinx:kotlinx-coroutines-core-jvm:1.9.0) with InstrumentationAnalysisTransform
[        ] Transforming kotlin-stdlib-jdk7-2.2.0.jar (org.jetbrains.kotlin:kotlin-stdlib-jdk7:2.2.0) with InstrumentationAnalysisTransform
[        ] Transforming kotlin-stdlib-2.2.0.jar (org.jetbrains.kotlin:kotlin-stdlib:2.2.0) with InstrumentationAnalysisTransform
[        ] Transforming transform-api-2.0.0-deprecated-use-gradle-api.jar (com.android.tools.build:transform-api:2.0.0-deprecated-use-gradle-api) with InstrumentationAnalysisTransform
[        ] Transforming httpmime-4.5.6.jar (org.apache.httpcomponents:httpmime:4.5.6) with InstrumentationAnalysisTransform
[        ] Transforming commons-io-2.16.1.jar (commons-io:commons-io:2.16.1) with InstrumentationAnalysisTransform
[        ] Transforming asm-commons-9.8.jar (org.ow2.asm:asm-commons:9.8) with InstrumentationAnalysisTransform
[        ] Transforming asm-util-9.8.jar (org.ow2.asm:asm-util:9.8) with InstrumentationAnalysisTransform
[        ] Transforming asm-analysis-9.8.jar (org.ow2.asm:asm-analysis:9.8) with InstrumentationAnalysisTransform
[        ] Transforming asm-tree-9.8.jar (org.ow2.asm:asm-tree:9.8) with InstrumentationAnalysisTransform
[        ] Transforming asm-9.8.jar (org.ow2.asm:asm:9.8) with InstrumentationAnalysisTransform
[        ] Transforming apkzlib-8.13.1.jar (com.android.tools.build:apkzlib:8.13.1) with InstrumentationAnalysisTransform
[        ] Transforming bcpkix-jdk18on-1.79.jar (org.bouncycastle:bcpkix-jdk18on:1.79) with InstrumentationAnalysisTransform
[        ] Transforming jaxb-runtime-2.3.2.jar (org.glassfish.jaxb:jaxb-runtime:2.3.2) with InstrumentationAnalysisTransform
[        ] Transforming jopt-simple-4.9.jar (net.sf.jopt-simple:jopt-simple:4.9) with InstrumentationAnalysisTransform
[        ] Transforming javapoet-1.10.0.jar (com.squareup:javapoet:1.10.0) with InstrumentationAnalysisTransform
[        ] Transforming protobuf-java-util-3.25.5.jar (com.google.protobuf:protobuf-java-util:3.25.5) with InstrumentationAnalysisTransform
[        ] Transforming grpc-protobuf-1.69.1.jar (io.grpc:grpc-protobuf:1.69.1) with InstrumentationAnalysisTransform
[        ] Transforming tink-1.7.0.jar (com.google.crypto.tink:tink:1.7.0) with InstrumentationAnalysisTransform
[        ] Transforming core-proto-0.0.9-alpha03.jar (com.google.testing.platform:core-proto:0.0.9-alpha03) with InstrumentationAnalysisTransform
[        ] Transforming protos-31.13.1.jar (com.android.tools.analytics-library:protos:31.13.1) with InstrumentationAnalysisTransform
[        ] Transforming proto-google-common-protos-2.48.0.jar (com.google.api.grpc:proto-google-common-protos:2.48.0) with InstrumentationAnalysisTransform
[        ] Transforming protobuf-java-3.25.5.jar (com.google.protobuf:protobuf-java:3.25.5) with InstrumentationAnalysisTransform
[        ] Transforming grpc-netty-1.69.1.jar (io.grpc:grpc-netty:1.69.1) with InstrumentationAnalysisTransform
[        ] Transforming grpc-inprocess-1.69.1.jar (io.grpc:grpc-inprocess:1.69.1) with InstrumentationAnalysisTransform
[        ] Transforming grpc-util-1.69.1.jar (io.grpc:grpc-util:1.69.1) with InstrumentationAnalysisTransform
[        ] Transforming grpc-core-1.69.1.jar (io.grpc:grpc-core:1.69.1) with InstrumentationAnalysisTransform
[        ] Transforming gson-2.11.0.jar (com.google.code.gson:gson:2.11.0) with InstrumentationAnalysisTransform
[        ] Transforming grpc-stub-1.69.1.jar (io.grpc:grpc-stub:1.69.1) with InstrumentationAnalysisTransform
[        ] Transforming tensorflow-lite-metadata-0.2.0.jar (org.tensorflow:tensorflow-lite-metadata:0.2.0) with InstrumentationAnalysisTransform
[        ] Transforming flatbuffers-java-1.12.0.jar (com.google.flatbuffers:flatbuffers-java:1.12.0) with InstrumentationAnalysisTransform
[        ] Transforming jimfs-1.1.jar (com.google.jimfs:jimfs:1.1) with InstrumentationAnalysisTransform
[        ] Transforming grpc-context-1.69.1.jar (io.grpc:grpc-context:1.69.1) with InstrumentationAnalysisTransform
[        ] Transforming grpc-protobuf-lite-1.69.1.jar (io.grpc:grpc-protobuf-lite:1.69.1) with InstrumentationAnalysisTransform
[        ] Transforming grpc-api-1.69.1.jar (io.grpc:grpc-api:1.69.1) with InstrumentationAnalysisTransform
[        ] Transforming guava-33.3.1-jre.jar (com.google.guava:guava:33.3.1-jre) with InstrumentationAnalysisTransform
[        ] Transforming dagger-2.28.3.jar (com.google.dagger:dagger:2.28.3) with InstrumentationAnalysisTransform
[        ] Transforming javax.inject-1.jar (javax.inject:javax.inject:1) with InstrumentationAnalysisTransform
[        ] Transforming kxml2-2.3.0.jar (net.sf.kxml:kxml2:2.3.0) with InstrumentationAnalysisTransform
[        ] Transforming commons-compress-1.21.jar (org.apache.commons:commons-compress:1.21) with InstrumentationAnalysisTransform
[        ] Transforming bcutil-jdk18on-1.79.jar (org.bouncycastle:bcutil-jdk18on:1.79) with InstrumentationAnalysisTransform
[        ] Transforming bcprov-jdk18on-1.79.jar (org.bouncycastle:bcprov-jdk18on:1.79) with InstrumentationAnalysisTransform
[        ] Transforming httpclient-4.5.14.jar (org.apache.httpcomponents:httpclient:4.5.14) with InstrumentationAnalysisTransform
[        ] Transforming httpcore-4.4.16.jar (org.apache.httpcomponents:httpcore:4.4.16) with InstrumentationAnalysisTransform
[        ] Transforming javax.activation-1.2.0.jar (com.sun.activation:javax.activation:1.2.0) with InstrumentationAnalysisTransform
[        ] Transforming annotations-23.0.0.jar (org.jetbrains:annotations:23.0.0) with InstrumentationAnalysisTransform
[        ] Transforming signflinger-8.13.1.jar (com.android:signflinger:8.13.1) with InstrumentationAnalysisTransform
[        ] Transforming zipflinger-8.13.1.jar (com.android:zipflinger:8.13.1) with InstrumentationAnalysisTransform
[        ] Transforming annotations-31.13.1.jar (com.android.tools:annotations:31.13.1) with InstrumentationAnalysisTransform
[        ] Transforming jna-platform-5.6.0.jar (net.java.dev.jna:jna-platform:5.6.0) with InstrumentationAnalysisTransform
[        ] Transforming juniversalchardet-1.0.3.jar (com.googlecode.juniversalchardet:juniversalchardet:1.0.3) with InstrumentationAnalysisTransform
[        ] Transforming javax.annotation-api-1.3.2.jar (javax.annotation:javax.annotation-api:1.3.2) with InstrumentationAnalysisTransform
[        ] Transforming stax-ex-1.8.1.jar (org.jvnet.staxex:stax-ex:1.8.1) with InstrumentationAnalysisTransform
[        ] Transforming jakarta.xml.bind-api-2.3.2.jar (jakarta.xml.bind:jakarta.xml.bind-api:2.3.2) with InstrumentationAnalysisTransform
[        ] Transforming txw2-2.3.2.jar (org.glassfish.jaxb:txw2:2.3.2) with InstrumentationAnalysisTransform
[        ] Transforming istack-commons-runtime-3.0.8.jar (com.sun.istack:istack-commons-runtime:3.0.8) with InstrumentationAnalysisTransform
[        ] Transforming FastInfoset-1.2.16.jar (com.sun.xml.fastinfoset:FastInfoset:1.2.16) with InstrumentationAnalysisTransform
[        ] Transforming jakarta.activation-api-1.2.1.jar (jakarta.activation:jakarta.activation-api:1.2.1) with InstrumentationAnalysisTransform
[        ] Transforming auto-value-annotations-1.6.2.jar (com.google.auto.value:auto-value-annotations:1.6.2) with InstrumentationAnalysisTransform
[        ] Transforming error_prone_annotations-2.30.0.jar (com.google.errorprone:error_prone_annotations:2.30.0) with InstrumentationAnalysisTransform
[        ] Transforming jose4j-0.9.5.jar (org.bitbucket.b_c:jose4j:0.9.5) with InstrumentationAnalysisTransform
[        ] Transforming slf4j-api-1.7.30.jar (org.slf4j:slf4j-api:1.7.30) with InstrumentationAnalysisTransform
[        ] Transforming jdom2-2.0.6.jar (org.jdom:jdom2:2.0.6) with InstrumentationAnalysisTransform
[        ] Transforming jsr305-3.0.2.jar (com.google.code.findbugs:jsr305:3.0.2) with InstrumentationAnalysisTransform
[        ] Transforming j2objc-annotations-3.0.0.jar (com.google.j2objc:j2objc-annotations:3.0.0) with InstrumentationAnalysisTransform
[        ] Transforming annotations-4.1.1.4.jar (com.google.android:annotations:4.1.1.4) with InstrumentationAnalysisTransform
[        ] Transforming animal-sniffer-annotations-1.24.jar (org.codehaus.mojo:animal-sniffer-annotations:1.24) with InstrumentationAnalysisTransform
[        ] Transforming perfmark-api-0.27.0.jar (io.perfmark:perfmark-api:0.27.0) with InstrumentationAnalysisTransform
[        ] Transforming netty-codec-http2-4.1.110.Final.jar (io.netty:netty-codec-http2:4.1.110.Final) with InstrumentationAnalysisTransform
[        ] Transforming netty-handler-proxy-4.1.110.Final.jar (io.netty:netty-handler-proxy:4.1.110.Final) with InstrumentationAnalysisTransform
[        ] Transforming netty-codec-http-4.1.110.Final.jar (io.netty:netty-codec-http:4.1.110.Final) with InstrumentationAnalysisTransform
[        ] Transforming netty-handler-4.1.110.Final.jar (io.netty:netty-handler:4.1.110.Final) with InstrumentationAnalysisTransform
[        ] Transforming netty-transport-native-unix-common-4.1.110.Final.jar (io.netty:netty-transport-native-unix-common:4.1.110.Final) with InstrumentationAnalysisTransform
[        ] Transforming checker-qual-3.43.0.jar (org.checkerframework:checker-qual:3.43.0) with InstrumentationAnalysisTransform
[        ] Transforming apksig-8.13.1.jar (com.android.tools.build:apksig:8.13.1) with InstrumentationAnalysisTransform
[        ] Transforming javawriter-2.5.0.jar (com.squareup:javawriter:2.5.0) with InstrumentationAnalysisTransform
[        ] Transforming failureaccess-1.0.2.jar (com.google.guava:failureaccess:1.0.2) with InstrumentationAnalysisTransform
[        ] Transforming listenablefuture-9999.0-empty-to-avoid-conflict-with-guava.jar (com.google.guava:listenablefuture:9999.0-empty-to-avoid-conflict-with-guava) with InstrumentationAnalysisTransform
[        ] Transforming commons-logging-1.2.jar (commons-logging:commons-logging:1.2) with InstrumentationAnalysisTransform
[        ] Transforming commons-codec-1.11.jar (commons-codec:commons-codec:1.11) with InstrumentationAnalysisTransform
[        ] Transforming jna-5.6.0.jar (net.java.dev.jna:jna:5.6.0) with InstrumentationAnalysisTransform
[        ] Transforming netty-codec-socks-4.1.110.Final.jar (io.netty:netty-codec-socks:4.1.110.Final) with InstrumentationAnalysisTransform
[        ] Transforming netty-codec-4.1.110.Final.jar (io.netty:netty-codec:4.1.110.Final) with InstrumentationAnalysisTransform
[        ] Transforming netty-transport-4.1.110.Final.jar (io.netty:netty-transport:4.1.110.Final) with InstrumentationAnalysisTransform
[        ] Transforming netty-buffer-4.1.110.Final.jar (io.netty:netty-buffer:4.1.110.Final) with InstrumentationAnalysisTransform
[        ] Transforming netty-resolver-4.1.110.Final.jar (io.netty:netty-resolver:4.1.110.Final) with InstrumentationAnalysisTransform
[        ] Transforming netty-common-4.1.110.Final.jar (io.netty:netty-common:4.1.110.Final) with InstrumentationAnalysisTransform
[        ] Transforming gradle-8.13.1.jar (com.android.tools.build:gradle:8.13.1) with InstrumentationAnalysisTransform
[        ] Transforming gradle-8.13.1.jar (com.android.tools.build:gradle:8.13.1) with MergeInstrumentationAnalysisTransform
[        ] Transforming gradle-api-8.13.1.jar (com.android.tools.build:gradle-api:8.13.1) with InstrumentationAnalysisTransform
[        ] Transforming gradle-api-8.13.1.jar (com.android.tools.build:gradle-api:8.13.1) with MergeInstrumentationAnalysisTransform
[        ] Transforming gradle-common-api-8.13.1.jar (com.android.tools.build:gradle-common-api:8.13.1) with InstrumentationAnalysisTransform
[        ] Transforming gradle-common-api-8.13.1.jar (com.android.tools.build:gradle-common-api:8.13.1) with MergeInstrumentationAnalysisTransform
[        ] Transforming gradle-settings-api-8.13.1.jar (com.android.tools.build:gradle-settings-api:8.13.1) with InstrumentationAnalysisTransform
[        ] Transforming gradle-settings-api-8.13.1.jar (com.android.tools.build:gradle-settings-api:8.13.1) with MergeInstrumentationAnalysisTransform
[        ] Transforming lint-model-31.13.1.jar (com.android.tools.lint:lint-model:31.13.1) with InstrumentationAnalysisTransform
[        ] Transforming lint-model-31.13.1.jar (com.android.tools.lint:lint-model:31.13.1) with MergeInstrumentationAnalysisTransform
[        ] Transforming builder-8.13.1.jar (com.android.tools.build:builder:8.13.1) with InstrumentationAnalysisTransform
[        ] Transforming builder-8.13.1.jar (com.android.tools.build:builder:8.13.1) with MergeInstrumentationAnalysisTransform
[        ] Transforming manifest-merger-31.13.1.jar (com.android.tools.build:manifest-merger:31.13.1) with InstrumentationAnalysisTransform
[        ] Transforming manifest-merger-31.13.1.jar (com.android.tools.build:manifest-merger:31.13.1) with MergeInstrumentationAnalysisTransform
[        ] Transforming sdk-common-31.13.1.jar (com.android.tools:sdk-common:31.13.1) with InstrumentationAnalysisTransform
[        ] Transforming sdk-common-31.13.1.jar (com.android.tools:sdk-common:31.13.1) with MergeInstrumentationAnalysisTransform
[        ] Transforming sdklib-31.13.1.jar (com.android.tools:sdklib:31.13.1) with InstrumentationAnalysisTransform
[        ] Transforming sdklib-31.13.1.jar (com.android.tools:sdklib:31.13.1) with MergeInstrumentationAnalysisTransform
[        ] Transforming repository-31.13.1.jar (com.android.tools:repository:31.13.1) with InstrumentationAnalysisTransform
[        ] Transforming repository-31.13.1.jar (com.android.tools:repository:31.13.1) with MergeInstrumentationAnalysisTransform
[        ] Transforming builder-test-api-8.13.1.jar (com.android.tools.build:builder-test-api:8.13.1) with InstrumentationAnalysisTransform
[        ] Transforming gradle-8.13.1.jar (com.android.tools.build:gradle:8.13.1) with ExternalDependencyInstrumentingArtifactTransform
[        ] Transforming builder-8.13.1.jar (com.android.tools.build:builder:8.13.1) with ExternalDependencyInstrumentingArtifactTransform
[        ] Transforming gradle-settings-api-8.13.1.jar (com.android.tools.build:gradle-settings-api:8.13.1) with ExternalDependencyInstrumentingArtifactTransform
[        ] Transforming lint-model-31.13.1.jar (com.android.tools.lint:lint-model:31.13.1) with ExternalDependencyInstrumentingArtifactTransform
[        ] Transforming gradle-common-api-8.13.1.jar (com.android.tools.build:gradle-common-api:8.13.1) with ExternalDependencyInstrumentingArtifactTransform
[        ] Transforming gradle-api-8.13.1.jar (com.android.tools.build:gradle-api:8.13.1) with ExternalDependencyInstrumentingArtifactTransform
[        ] Transforming builder-test-api-8.13.1.jar (com.android.tools.build:builder-test-api:8.13.1) with MergeInstrumentationAnalysisTransform
[        ] Transforming sdklib-31.13.1.jar (com.android.tools:sdklib:31.13.1) with ExternalDependencyInstrumentingArtifactTransform
[        ] Transforming ddmlib-31.13.1.jar (com.android.tools.ddms:ddmlib:31.13.1) with InstrumentationAnalysisTransform
[        ] Transforming repository-31.13.1.jar (com.android.tools:repository:31.13.1) with ExternalDependencyInstrumentingArtifactTransform
[        ] Transforming manifest-merger-31.13.1.jar (com.android.tools.build:manifest-merger:31.13.1) with ExternalDependencyInstrumentingArtifactTransform
[        ] Transforming sdk-common-31.13.1.jar (com.android.tools:sdk-common:31.13.1) with ExternalDependencyInstrumentingArtifactTransform
[        ] Transforming builder-test-api-8.13.1.jar (com.android.tools.build:builder-test-api:8.13.1) with ExternalDependencyInstrumentingArtifactTransform
[        ] Transforming ddmlib-31.13.1.jar (com.android.tools.ddms:ddmlib:31.13.1) with MergeInstrumentationAnalysisTransform
[        ] Transforming aaptcompiler-8.13.1.jar (com.android.tools.build:aaptcompiler:8.13.1) with InstrumentationAnalysisTransform
[        ] Transforming aaptcompiler-8.13.1.jar (com.android.tools.build:aaptcompiler:8.13.1) with MergeInstrumentationAnalysisTransform
[        ] Transforming bundletool-1.18.1.jar (com.android.tools.build:bundletool:1.18.1) with InstrumentationAnalysisTransform
[        ] Transforming bundletool-1.18.1.jar (com.android.tools.build:bundletool:1.18.1) with MergeInstrumentationAnalysisTransform
[        ] Transforming aapt2-proto-8.13.1-13719691.jar (com.android.tools.build:aapt2-proto:8.13.1-13719691) with InstrumentationAnalysisTransform
[        ] Transforming aapt2-proto-8.13.1-13719691.jar (com.android.tools.build:aapt2-proto:8.13.1-13719691) with MergeInstrumentationAnalysisTransform
[        ] Transforming crash-31.13.1.jar (com.android.tools.analytics-library:crash:31.13.1) with InstrumentationAnalysisTransform
[        ] Transforming aaptcompiler-8.13.1.jar (com.android.tools.build:aaptcompiler:8.13.1) with ExternalDependencyInstrumentingArtifactTransform
[        ] Transforming ddmlib-31.13.1.jar (com.android.tools.ddms:ddmlib:31.13.1) with ExternalDependencyInstrumentingArtifactTransform
[        ] Transforming bundletool-1.18.1.jar (com.android.tools.build:bundletool:1.18.1) with ExternalDependencyInstrumentingArtifactTransform
[        ] Transforming aapt2-proto-8.13.1-13719691.jar (com.android.tools.build:aapt2-proto:8.13.1-13719691) with ExternalDependencyInstrumentingArtifactTransform
[        ] Transforming crash-31.13.1.jar (com.android.tools.analytics-library:crash:31.13.1) with MergeInstrumentationAnalysisTransform
[        ] Transforming tracker-31.13.1.jar (com.android.tools.analytics-library:tracker:31.13.1) with InstrumentationAnalysisTransform
[        ] Transforming tracker-31.13.1.jar (com.android.tools.analytics-library:tracker:31.13.1) with MergeInstrumentationAnalysisTransform
[        ] Transforming crash-31.13.1.jar (com.android.tools.analytics-library:crash:31.13.1) with ExternalDependencyInstrumentingArtifactTransform
[        ] Transforming shared-31.13.1.jar (com.android.tools.analytics-library:shared:31.13.1) with InstrumentationAnalysisTransform
[        ] Transforming shared-31.13.1.jar (com.android.tools.analytics-library:shared:31.13.1) with MergeInstrumentationAnalysisTransform
[        ] Transforming lint-typedef-remover-31.13.1.jar (com.android.tools.lint:lint-typedef-remover:31.13.1) with InstrumentationAnalysisTransform
[        ] Transforming lint-typedef-remover-31.13.1.jar (com.android.tools.lint:lint-typedef-remover:31.13.1) with MergeInstrumentationAnalysisTransform
[        ] Transforming tracker-31.13.1.jar (com.android.tools.analytics-library:tracker:31.13.1) with ExternalDependencyInstrumentingArtifactTransform
[        ] Transforming shared-31.13.1.jar (com.android.tools.analytics-library:shared:31.13.1) with ExternalDependencyInstrumentingArtifactTransform
[        ] Transforming lint-typedef-remover-31.13.1.jar (com.android.tools.lint:lint-typedef-remover:31.13.1) with ExternalDependencyInstrumentingArtifactTransform
[        ] Transforming databinding-compiler-common-8.13.1.jar (androidx.databinding:databinding-compiler-common:8.13.1) with InstrumentationAnalysisTransform
[        ] Transforming databinding-compiler-common-8.13.1.jar (androidx.databinding:databinding-compiler-common:8.13.1) with MergeInstrumentationAnalysisTransform
[        ] Transforming databinding-common-8.13.1.jar (androidx.databinding:databinding-common:8.13.1) with InstrumentationAnalysisTransform
[        ] Transforming databinding-common-8.13.1.jar (androidx.databinding:databinding-common:8.13.1) with MergeInstrumentationAnalysisTransform
[        ] Transforming baseLibrary-8.13.1.jar (com.android.databinding:baseLibrary:8.13.1) with InstrumentationAnalysisTransform
[        ] Transforming baseLibrary-8.13.1.jar (com.android.databinding:baseLibrary:8.13.1) with MergeInstrumentationAnalysisTransform
[        ] Transforming layoutlib-api-31.13.1.jar (com.android.tools.layoutlib:layoutlib-api:31.13.1) with InstrumentationAnalysisTransform
[        ] Transforming layoutlib-api-31.13.1.jar (com.android.tools.layoutlib:layoutlib-api:31.13.1) with MergeInstrumentationAnalysisTransform
[        ] Transforming android-device-provider-ddmlib-proto-31.13.1.jar (com.android.tools.utp:android-device-provider-ddmlib-proto:31.13.1) with InstrumentationAnalysisTransform
[        ] Transforming baseLibrary-8.13.1.jar (com.android.databinding:baseLibrary:8.13.1) with ExternalDependencyInstrumentingArtifactTransform
[        ] Transforming android-device-provider-ddmlib-proto-31.13.1.jar (com.android.tools.utp:android-device-provider-ddmlib-proto:31.13.1) with MergeInstrumentationAnalysisTransform
[        ] Transforming databinding-common-8.13.1.jar (androidx.databinding:databinding-common:8.13.1) with ExternalDependencyInstrumentingArtifactTransform
[        ] Transforming layoutlib-api-31.13.1.jar (com.android.tools.layoutlib:layoutlib-api:31.13.1) with ExternalDependencyInstrumentingArtifactTransform
[        ] Transforming android-device-provider-ddmlib-proto-31.13.1.jar (com.android.tools.utp:android-device-provider-ddmlib-proto:31.13.1) with ExternalDependencyInstrumentingArtifactTransform
[        ] Transforming databinding-compiler-common-8.13.1.jar (androidx.databinding:databinding-compiler-common:8.13.1) with ExternalDependencyInstrumentingArtifactTransform
[        ] Transforming android-device-provider-profile-proto-31.13.1.jar (com.android.tools.utp:android-device-provider-profile-proto:31.13.1) with InstrumentationAnalysisTransform
[        ] Transforming android-device-provider-profile-proto-31.13.1.jar (com.android.tools.utp:android-device-provider-profile-proto:31.13.1) with MergeInstrumentationAnalysisTransform
[        ] Transforming android-test-plugin-host-additional-test-output-proto-31.13.1.jar (com.android.tools.utp:android-test-plugin-host-additional-test-output-proto:31.13.1) with InstrumentationAnalysisTransform
[        ] Transforming android-test-plugin-host-additional-test-output-proto-31.13.1.jar (com.android.tools.utp:android-test-plugin-host-additional-test-output-proto:31.13.1) with MergeInstrumentationAnalysisTransform
[        ] Transforming android-test-plugin-host-coverage-proto-31.13.1.jar (com.android.tools.utp:android-test-plugin-host-coverage-proto:31.13.1) with InstrumentationAnalysisTransform
[        ] Transforming android-device-provider-profile-proto-31.13.1.jar (com.android.tools.utp:android-device-provider-profile-proto:31.13.1) with ExternalDependencyInstrumentingArtifactTransform
[        ] Transforming android-test-plugin-host-additional-test-output-proto-31.13.1.jar (com.android.tools.utp:android-test-plugin-host-additional-test-output-proto:31.13.1) with ExternalDependencyInstrumentingArtifactTransform
[        ] Transforming android-test-plugin-host-coverage-proto-31.13.1.jar (com.android.tools.utp:android-test-plugin-host-coverage-proto:31.13.1) with MergeInstrumentationAnalysisTransform
[        ] Transforming android-test-plugin-host-emulator-control-proto-31.13.1.jar (com.android.tools.utp:android-test-plugin-host-emulator-control-proto:31.13.1) with InstrumentationAnalysisTransform
[        ] Transforming android-test-plugin-host-coverage-proto-31.13.1.jar (com.android.tools.utp:android-test-plugin-host-coverage-proto:31.13.1) with ExternalDependencyInstrumentingArtifactTransform
[        ] Transforming android-test-plugin-host-emulator-control-proto-31.13.1.jar (com.android.tools.utp:android-test-plugin-host-emulator-control-proto:31.13.1) with MergeInstrumentationAnalysisTransform
[        ] Transforming android-test-plugin-host-logcat-proto-31.13.1.jar (com.android.tools.utp:android-test-plugin-host-logcat-proto:31.13.1) with InstrumentationAnalysisTransform
[        ] Transforming android-test-plugin-host-logcat-proto-31.13.1.jar (com.android.tools.utp:android-test-plugin-host-logcat-proto:31.13.1) with MergeInstrumentationAnalysisTransform
[        ] Transforming android-test-plugin-host-apk-installer-proto-31.13.1.jar (com.android.tools.utp:android-test-plugin-host-apk-installer-proto:31.13.1) with InstrumentationAnalysisTransform
[        ] Transforming android-test-plugin-host-emulator-control-proto-31.13.1.jar (com.android.tools.utp:android-test-plugin-host-emulator-control-proto:31.13.1) with ExternalDependencyInstrumentingArtifactTransform
[        ] Transforming android-test-plugin-host-apk-installer-proto-31.13.1.jar (com.android.tools.utp:android-test-plugin-host-apk-installer-proto:31.13.1) with MergeInstrumentationAnalysisTransform
[        ] Transforming android-test-plugin-result-listener-gradle-proto-31.13.1.jar (com.android.tools.utp:android-test-plugin-result-listener-gradle-proto:31.13.1) with InstrumentationAnalysisTransform
[        ] Transforming android-test-plugin-result-listener-gradle-proto-31.13.1.jar (com.android.tools.utp:android-test-plugin-result-listener-gradle-proto:31.13.1) with MergeInstrumentationAnalysisTransform
[        ] Transforming android-test-plugin-host-apk-installer-proto-31.13.1.jar (com.android.tools.utp:android-test-plugin-host-apk-installer-proto:31.13.1) with ExternalDependencyInstrumentingArtifactTransform
[        ] Transforming android-test-plugin-host-logcat-proto-31.13.1.jar (com.android.tools.utp:android-test-plugin-host-logcat-proto:31.13.1) with ExternalDependencyInstrumentingArtifactTransform
[        ] Transforming jetifier-processor-1.0.0-beta10.jar (com.android.tools.build.jetifier:jetifier-processor:1.0.0-beta10) with InstrumentationAnalysisTransform
[        ] Transforming jetifier-processor-1.0.0-beta10.jar (com.android.tools.build.jetifier:jetifier-processor:1.0.0-beta10) with MergeInstrumentationAnalysisTransform
[        ] Transforming android-test-plugin-result-listener-gradle-proto-31.13.1.jar (com.android.tools.utp:android-test-plugin-result-listener-gradle-proto:31.13.1) with ExternalDependencyInstrumentingArtifactTransform
[        ] Transforming jetifier-core-1.0.0-beta10.jar (com.android.tools.build.jetifier:jetifier-core:1.0.0-beta10) with InstrumentationAnalysisTransform
[        ] Transforming jetifier-core-1.0.0-beta10.jar (com.android.tools.build.jetifier:jetifier-core:1.0.0-beta10) with MergeInstrumentationAnalysisTransform
[        ] Transforming jetifier-processor-1.0.0-beta10.jar (com.android.tools.build.jetifier:jetifier-processor:1.0.0-beta10) with ExternalDependencyInstrumentingArtifactTransform
[        ] Transforming builder-model-8.13.1.jar (com.android.tools.build:builder-model:8.13.1) with InstrumentationAnalysisTransform
[        ] Transforming builder-model-8.13.1.jar (com.android.tools.build:builder-model:8.13.1) with MergeInstrumentationAnalysisTransform
[        ] Transforming kotlin-reflect-2.2.0.jar (org.jetbrains.kotlin:kotlin-reflect:2.2.0) with InstrumentationAnalysisTransform
[        ] Transforming kotlin-reflect-2.2.0.jar (org.jetbrains.kotlin:kotlin-reflect:2.2.0) with MergeInstrumentationAnalysisTransform
[        ] Transforming dvlib-31.13.1.jar (com.android.tools:dvlib:31.13.1) with InstrumentationAnalysisTransform
[        ] Transforming dvlib-31.13.1.jar (com.android.tools:dvlib:31.13.1) with MergeInstrumentationAnalysisTransform
[        ] Transforming common-31.13.1.jar (com.android.tools:common:31.13.1) with InstrumentationAnalysisTransform
[        ] Transforming kotlin-reflect-2.2.0.jar (org.jetbrains.kotlin:kotlin-reflect:2.2.0) with ExternalDependencyInstrumentingArtifactTransform
[        ] Transforming jetifier-core-1.0.0-beta10.jar (com.android.tools.build.jetifier:jetifier-core:1.0.0-beta10) with ExternalDependencyInstrumentingArtifactTransform
[        ] Transforming common-31.13.1.jar (com.android.tools:common:31.13.1) with MergeInstrumentationAnalysisTransform
[        ] Transforming kotlin-stdlib-jdk8-2.2.0.jar (org.jetbrains.kotlin:kotlin-stdlib-jdk8:2.2.0) with InstrumentationAnalysisTransform
[        ] Transforming kotlin-stdlib-jdk8-2.2.0.jar (org.jetbrains.kotlin:kotlin-stdlib-jdk8:2.2.0) with MergeInstrumentationAnalysisTransform
[        ] Transforming common-31.13.1.jar (com.android.tools:common:31.13.1) with ExternalDependencyInstrumentingArtifactTransform
[        ] Transforming dvlib-31.13.1.jar (com.android.tools:dvlib:31.13.1) with ExternalDependencyInstrumentingArtifactTransform
[        ] Transforming kotlinx-coroutines-core-jvm-1.9.0.jar (org.jetbrains.kotlinx:kotlinx-coroutines-core-jvm:1.9.0) with InstrumentationAnalysisTransform
[        ] Transforming builder-model-8.13.1.jar (com.android.tools.build:builder-model:8.13.1) with ExternalDependencyInstrumentingArtifactTransform
[        ] Transforming kotlinx-coroutines-core-jvm-1.9.0.jar (org.jetbrains.kotlinx:kotlinx-coroutines-core-jvm:1.9.0) with MergeInstrumentationAnalysisTransform
[        ] Transforming kotlin-stdlib-jdk7-2.2.0.jar (org.jetbrains.kotlin:kotlin-stdlib-jdk7:2.2.0) with InstrumentationAnalysisTransform
[        ] Transforming kotlin-stdlib-jdk7-2.2.0.jar (org.jetbrains.kotlin:kotlin-stdlib-jdk7:2.2.0) with MergeInstrumentationAnalysisTransform
[        ] Transforming kotlin-stdlib-jdk8-2.2.0.jar (org.jetbrains.kotlin:kotlin-stdlib-jdk8:2.2.0) with ExternalDependencyInstrumentingArtifactTransform
[        ] Transforming kotlinx-coroutines-core-jvm-1.9.0.jar (org.jetbrains.kotlinx:kotlinx-coroutines-core-jvm:1.9.0) with ExternalDependencyInstrumentingArtifactTransform
[        ] Transforming kotlin-stdlib-2.2.0.jar (org.jetbrains.kotlin:kotlin-stdlib:2.2.0) with InstrumentationAnalysisTransform
[        ] Transforming kotlin-stdlib-jdk7-2.2.0.jar (org.jetbrains.kotlin:kotlin-stdlib-jdk7:2.2.0) with ExternalDependencyInstrumentingArtifactTransform
[        ] Transforming kotlin-stdlib-2.2.0.jar (org.jetbrains.kotlin:kotlin-stdlib:2.2.0) with MergeInstrumentationAnalysisTransform
[        ] Transforming transform-api-2.0.0-deprecated-use-gradle-api.jar (com.android.tools.build:transform-api:2.0.0-deprecated-use-gradle-api) with InstrumentationAnalysisTransform
[        ] Transforming transform-api-2.0.0-deprecated-use-gradle-api.jar (com.android.tools.build:transform-api:2.0.0-deprecated-use-gradle-api) with MergeInstrumentationAnalysisTransform
[        ] Transforming httpmime-4.5.6.jar (org.apache.httpcomponents:httpmime:4.5.6) with InstrumentationAnalysisTransform
[        ] Transforming httpmime-4.5.6.jar (org.apache.httpcomponents:httpmime:4.5.6) with MergeInstrumentationAnalysisTransform
[        ] Transforming commons-io-2.16.1.jar (commons-io:commons-io:2.16.1) with InstrumentationAnalysisTransform
[        ] Transforming kotlin-stdlib-2.2.0.jar (org.jetbrains.kotlin:kotlin-stdlib:2.2.0) with ExternalDependencyInstrumentingArtifactTransform
[        ] Transforming commons-io-2.16.1.jar (commons-io:commons-io:2.16.1) with MergeInstrumentationAnalysisTransform
[        ] Transforming transform-api-2.0.0-deprecated-use-gradle-api.jar (com.android.tools.build:transform-api:2.0.0-deprecated-use-gradle-api) with ExternalDependencyInstrumentingArtifactTransform
[        ] Transforming httpmime-4.5.6.jar (org.apache.httpcomponents:httpmime:4.5.6) with ExternalDependencyInstrumentingArtifactTransform
[        ] Transforming commons-io-2.16.1.jar (commons-io:commons-io:2.16.1) with ExternalDependencyInstrumentingArtifactTransform
[        ] Transforming asm-commons-9.8.jar (org.ow2.asm:asm-commons:9.8) with InstrumentationAnalysisTransform
[        ] Transforming asm-commons-9.8.jar (org.ow2.asm:asm-commons:9.8) with MergeInstrumentationAnalysisTransform
[        ] Transforming asm-util-9.8.jar (org.ow2.asm:asm-util:9.8) with InstrumentationAnalysisTransform
[        ] Transforming asm-util-9.8.jar (org.ow2.asm:asm-util:9.8) with MergeInstrumentationAnalysisTransform
[        ] Transforming asm-commons-9.8.jar (org.ow2.asm:asm-commons:9.8) with ExternalDependencyInstrumentingArtifactTransform
[        ] Transforming asm-analysis-9.8.jar (org.ow2.asm:asm-analysis:9.8) with InstrumentationAnalysisTransform
[        ] Transforming asm-analysis-9.8.jar (org.ow2.asm:asm-analysis:9.8) with MergeInstrumentationAnalysisTransform
[        ] Transforming asm-tree-9.8.jar (org.ow2.asm:asm-tree:9.8) with InstrumentationAnalysisTransform
[        ] Transforming asm-tree-9.8.jar (org.ow2.asm:asm-tree:9.8) with MergeInstrumentationAnalysisTransform
[        ] Transforming asm-util-9.8.jar (org.ow2.asm:asm-util:9.8) with ExternalDependencyInstrumentingArtifactTransform
[        ] Transforming asm-9.8.jar (org.ow2.asm:asm:9.8) with InstrumentationAnalysisTransform
[        ] Transforming asm-analysis-9.8.jar (org.ow2.asm:asm-analysis:9.8) with ExternalDependencyInstrumentingArtifactTransform
[        ] Transforming asm-9.8.jar (org.ow2.asm:asm:9.8) with MergeInstrumentationAnalysisTransform
[        ] Transforming asm-tree-9.8.jar (org.ow2.asm:asm-tree:9.8) with ExternalDependencyInstrumentingArtifactTransform
[        ] Transforming apkzlib-8.13.1.jar (com.android.tools.build:apkzlib:8.13.1) with InstrumentationAnalysisTransform
[        ] Transforming apkzlib-8.13.1.jar (com.android.tools.build:apkzlib:8.13.1) with MergeInstrumentationAnalysisTransform
[        ] Transforming asm-9.8.jar (org.ow2.asm:asm:9.8) with ExternalDependencyInstrumentingArtifactTransform
[        ] Transforming bcpkix-jdk18on-1.79.jar (org.bouncycastle:bcpkix-jdk18on:1.79) with InstrumentationAnalysisTransform
[        ] Transforming bcpkix-jdk18on-1.79.jar (org.bouncycastle:bcpkix-jdk18on:1.79) with MergeInstrumentationAnalysisTransform
[        ] Transforming apkzlib-8.13.1.jar (com.android.tools.build:apkzlib:8.13.1) with ExternalDependencyInstrumentingArtifactTransform
[        ] Transforming jaxb-runtime-2.3.2.jar (org.glassfish.jaxb:jaxb-runtime:2.3.2) with InstrumentationAnalysisTransform
[        ] Transforming bcpkix-jdk18on-1.79.jar (org.bouncycastle:bcpkix-jdk18on:1.79) with ExternalDependencyInstrumentingArtifactTransform
[        ] Transforming jaxb-runtime-2.3.2.jar (org.glassfish.jaxb:jaxb-runtime:2.3.2) with MergeInstrumentationAnalysisTransform
[        ] Transforming jopt-simple-4.9.jar (net.sf.jopt-simple:jopt-simple:4.9) with InstrumentationAnalysisTransform
[        ] Transforming jaxb-runtime-2.3.2.jar (org.glassfish.jaxb:jaxb-runtime:2.3.2) with ExternalDependencyInstrumentingArtifactTransform
[        ] Transforming jopt-simple-4.9.jar (net.sf.jopt-simple:jopt-simple:4.9) with MergeInstrumentationAnalysisTransform
[        ] Transforming javapoet-1.10.0.jar (com.squareup:javapoet:1.10.0) with InstrumentationAnalysisTransform
[        ] Transforming javapoet-1.10.0.jar (com.squareup:javapoet:1.10.0) with MergeInstrumentationAnalysisTransform
[        ] Transforming protobuf-java-util-3.25.5.jar (com.google.protobuf:protobuf-java-util:3.25.5) with InstrumentationAnalysisTransform
[        ] Transforming jopt-simple-4.9.jar (net.sf.jopt-simple:jopt-simple:4.9) with ExternalDependencyInstrumentingArtifactTransform
[        ] Transforming protobuf-java-util-3.25.5.jar (com.google.protobuf:protobuf-java-util:3.25.5) with MergeInstrumentationAnalysisTransform
[        ] Transforming grpc-protobuf-1.69.1.jar (io.grpc:grpc-protobuf:1.69.1) with InstrumentationAnalysisTransform
[        ] Transforming javapoet-1.10.0.jar (com.squareup:javapoet:1.10.0) with ExternalDependencyInstrumentingArtifactTransform
[        ] Transforming grpc-protobuf-1.69.1.jar (io.grpc:grpc-protobuf:1.69.1) with MergeInstrumentationAnalysisTransform
[        ] Transforming protobuf-java-util-3.25.5.jar (com.google.protobuf:protobuf-java-util:3.25.5) with ExternalDependencyInstrumentingArtifactTransform
[        ] Transforming tink-1.7.0.jar (com.google.crypto.tink:tink:1.7.0) with InstrumentationAnalysisTransform
[        ] Transforming tink-1.7.0.jar (com.google.crypto.tink:tink:1.7.0) with MergeInstrumentationAnalysisTransform
[        ] Transforming core-proto-0.0.9-alpha03.jar (com.google.testing.platform:core-proto:0.0.9-alpha03) with InstrumentationAnalysisTransform
[        ] Transforming grpc-protobuf-1.69.1.jar (io.grpc:grpc-protobuf:1.69.1) with ExternalDependencyInstrumentingArtifactTransform
[        ] Transforming tink-1.7.0.jar (com.google.crypto.tink:tink:1.7.0) with ExternalDependencyInstrumentingArtifactTransform
[        ] Transforming core-proto-0.0.9-alpha03.jar (com.google.testing.platform:core-proto:0.0.9-alpha03) with MergeInstrumentationAnalysisTransform
[        ] Transforming protos-31.13.1.jar (com.android.tools.analytics-library:protos:31.13.1) with InstrumentationAnalysisTransform
[        ] Transforming core-proto-0.0.9-alpha03.jar (com.google.testing.platform:core-proto:0.0.9-alpha03) with ExternalDependencyInstrumentingArtifactTransform
[        ] Transforming protos-31.13.1.jar (com.android.tools.analytics-library:protos:31.13.1) with MergeInstrumentationAnalysisTransform
[        ] Transforming proto-google-common-protos-2.48.0.jar (com.google.api.grpc:proto-google-common-protos:2.48.0) with InstrumentationAnalysisTransform
[        ] Transforming proto-google-common-protos-2.48.0.jar (com.google.api.grpc:proto-google-common-protos:2.48.0) with MergeInstrumentationAnalysisTransform
[        ] Transforming protobuf-java-3.25.5.jar (com.google.protobuf:protobuf-java:3.25.5) with InstrumentationAnalysisTransform
[        ] Transforming protos-31.13.1.jar (com.android.tools.analytics-library:protos:31.13.1) with ExternalDependencyInstrumentingArtifactTransform
[        ] Transforming protobuf-java-3.25.5.jar (com.google.protobuf:protobuf-java:3.25.5) with MergeInstrumentationAnalysisTransform
[        ] Transforming grpc-netty-1.69.1.jar (io.grpc:grpc-netty:1.69.1) with InstrumentationAnalysisTransform
[        ] Transforming grpc-netty-1.69.1.jar (io.grpc:grpc-netty:1.69.1) with MergeInstrumentationAnalysisTransform
[        ] Transforming grpc-inprocess-1.69.1.jar (io.grpc:grpc-inprocess:1.69.1) with InstrumentationAnalysisTransform
[        ] Transforming proto-google-common-protos-2.48.0.jar (com.google.api.grpc:proto-google-common-protos:2.48.0) with ExternalDependencyInstrumentingArtifactTransform
[        ] Transforming protobuf-java-3.25.5.jar (com.google.protobuf:protobuf-java:3.25.5) with ExternalDependencyInstrumentingArtifactTransform
[        ] Transforming grpc-inprocess-1.69.1.jar (io.grpc:grpc-inprocess:1.69.1) with MergeInstrumentationAnalysisTransform
[        ] Transforming grpc-util-1.69.1.jar (io.grpc:grpc-util:1.69.1) with InstrumentationAnalysisTransform
[        ] Transforming grpc-netty-1.69.1.jar (io.grpc:grpc-netty:1.69.1) with ExternalDependencyInstrumentingArtifactTransform
[        ] Transforming grpc-util-1.69.1.jar (io.grpc:grpc-util:1.69.1) with MergeInstrumentationAnalysisTransform
[        ] Transforming grpc-inprocess-1.69.1.jar (io.grpc:grpc-inprocess:1.69.1) with ExternalDependencyInstrumentingArtifactTransform
[        ] Transforming grpc-core-1.69.1.jar (io.grpc:grpc-core:1.69.1) with InstrumentationAnalysisTransform
[        ] Transforming grpc-core-1.69.1.jar (io.grpc:grpc-core:1.69.1) with MergeInstrumentationAnalysisTransform
[        ] Transforming gson-2.11.0.jar (com.google.code.gson:gson:2.11.0) with InstrumentationAnalysisTransform
[        ] Transforming grpc-util-1.69.1.jar (io.grpc:grpc-util:1.69.1) with ExternalDependencyInstrumentingArtifactTransform
[        ] Transforming gson-2.11.0.jar (com.google.code.gson:gson:2.11.0) with MergeInstrumentationAnalysisTransform
[        ] Transforming grpc-stub-1.69.1.jar (io.grpc:grpc-stub:1.69.1) with InstrumentationAnalysisTransform
[        ] Transforming grpc-core-1.69.1.jar (io.grpc:grpc-core:1.69.1) with ExternalDependencyInstrumentingArtifactTransform
[        ] Transforming grpc-stub-1.69.1.jar (io.grpc:grpc-stub:1.69.1) with MergeInstrumentationAnalysisTransform
[        ] Transforming tensorflow-lite-metadata-0.2.0.jar (org.tensorflow:tensorflow-lite-metadata:0.2.0) with InstrumentationAnalysisTransform
[        ] Transforming gson-2.11.0.jar (com.google.code.gson:gson:2.11.0) with ExternalDependencyInstrumentingArtifactTransform
[        ] Transforming tensorflow-lite-metadata-0.2.0.jar (org.tensorflow:tensorflow-lite-metadata:0.2.0) with MergeInstrumentationAnalysisTransform
[        ] Transforming flatbuffers-java-1.12.0.jar (com.google.flatbuffers:flatbuffers-java:1.12.0) with InstrumentationAnalysisTransform
[        ] Transforming flatbuffers-java-1.12.0.jar (com.google.flatbuffers:flatbuffers-java:1.12.0) with MergeInstrumentationAnalysisTransform
[        ] Transforming grpc-stub-1.69.1.jar (io.grpc:grpc-stub:1.69.1) with ExternalDependencyInstrumentingArtifactTransform
[        ] Transforming tensorflow-lite-metadata-0.2.0.jar (org.tensorflow:tensorflow-lite-metadata:0.2.0) with ExternalDependencyInstrumentingArtifactTransform
[        ] Transforming jimfs-1.1.jar (com.google.jimfs:jimfs:1.1) with InstrumentationAnalysisTransform
[        ] Transforming flatbuffers-java-1.12.0.jar (com.google.flatbuffers:flatbuffers-java:1.12.0) with ExternalDependencyInstrumentingArtifactTransform
[        ] Transforming jimfs-1.1.jar (com.google.jimfs:jimfs:1.1) with MergeInstrumentationAnalysisTransform
[        ] Transforming grpc-context-1.69.1.jar (io.grpc:grpc-context:1.69.1) with InstrumentationAnalysisTransform
[        ] Transforming grpc-context-1.69.1.jar (io.grpc:grpc-context:1.69.1) with MergeInstrumentationAnalysisTransform
[        ] Transforming grpc-protobuf-lite-1.69.1.jar (io.grpc:grpc-protobuf-lite:1.69.1) with InstrumentationAnalysisTransform
[        ] Transforming grpc-protobuf-lite-1.69.1.jar (io.grpc:grpc-protobuf-lite:1.69.1) with MergeInstrumentationAnalysisTransform
[        ] Transforming grpc-api-1.69.1.jar (io.grpc:grpc-api:1.69.1) with InstrumentationAnalysisTransform
[        ] Transforming jimfs-1.1.jar (com.google.jimfs:jimfs:1.1) with ExternalDependencyInstrumentingArtifactTransform
[        ] Transforming grpc-protobuf-lite-1.69.1.jar (io.grpc:grpc-protobuf-lite:1.69.1) with ExternalDependencyInstrumentingArtifactTransform
[        ] Transforming grpc-api-1.69.1.jar (io.grpc:grpc-api:1.69.1) with MergeInstrumentationAnalysisTransform
[        ] Transforming grpc-context-1.69.1.jar (io.grpc:grpc-context:1.69.1) with ExternalDependencyInstrumentingArtifactTransform
[        ] Transforming guava-33.3.1-jre.jar (com.google.guava:guava:33.3.1-jre) with InstrumentationAnalysisTransform
[        ] Transforming grpc-api-1.69.1.jar (io.grpc:grpc-api:1.69.1) with ExternalDependencyInstrumentingArtifactTransform
[        ] Transforming guava-33.3.1-jre.jar (com.google.guava:guava:33.3.1-jre) with MergeInstrumentationAnalysisTransform
[        ] Transforming dagger-2.28.3.jar (com.google.dagger:dagger:2.28.3) with InstrumentationAnalysisTransform
[        ] Transforming dagger-2.28.3.jar (com.google.dagger:dagger:2.28.3) with MergeInstrumentationAnalysisTransform
[        ] Transforming javax.inject-1.jar (javax.inject:javax.inject:1) with InstrumentationAnalysisTransform
[        ] Transforming guava-33.3.1-jre.jar (com.google.guava:guava:33.3.1-jre) with ExternalDependencyInstrumentingArtifactTransform
[        ] Transforming javax.inject-1.jar (javax.inject:javax.inject:1) with MergeInstrumentationAnalysisTransform
[        ] Transforming kxml2-2.3.0.jar (net.sf.kxml:kxml2:2.3.0) with InstrumentationAnalysisTransform
[        ] Transforming dagger-2.28.3.jar (com.google.dagger:dagger:2.28.3) with ExternalDependencyInstrumentingArtifactTransform
[        ] Transforming javax.inject-1.jar (javax.inject:javax.inject:1) with ExternalDependencyInstrumentingArtifactTransform
[        ] Transforming kxml2-2.3.0.jar (net.sf.kxml:kxml2:2.3.0) with MergeInstrumentationAnalysisTransform
[        ] Transforming commons-compress-1.21.jar (org.apache.commons:commons-compress:1.21) with InstrumentationAnalysisTransform
[        ] Transforming commons-compress-1.21.jar (org.apache.commons:commons-compress:1.21) with MergeInstrumentationAnalysisTransform
[        ] Transforming bcutil-jdk18on-1.79.jar (org.bouncycastle:bcutil-jdk18on:1.79) with InstrumentationAnalysisTransform
[        ] Transforming kxml2-2.3.0.jar (net.sf.kxml:kxml2:2.3.0) with ExternalDependencyInstrumentingArtifactTransform
[        ] Transforming bcutil-jdk18on-1.79.jar (org.bouncycastle:bcutil-jdk18on:1.79) with MergeInstrumentationAnalysisTransform
[        ] Transforming commons-compress-1.21.jar (org.apache.commons:commons-compress:1.21) with ExternalDependencyInstrumentingArtifactTransform
[        ] Transforming bcprov-jdk18on-1.79.jar (org.bouncycastle:bcprov-jdk18on:1.79) with InstrumentationAnalysisTransform
[        ] Transforming bcutil-jdk18on-1.79.jar (org.bouncycastle:bcutil-jdk18on:1.79) with ExternalDependencyInstrumentingArtifactTransform
[        ] Transforming bcprov-jdk18on-1.79.jar (org.bouncycastle:bcprov-jdk18on:1.79) with MergeInstrumentationAnalysisTransform
[        ] Transforming httpclient-4.5.14.jar (org.apache.httpcomponents:httpclient:4.5.14) with InstrumentationAnalysisTransform
[        ] Transforming httpclient-4.5.14.jar (org.apache.httpcomponents:httpclient:4.5.14) with MergeInstrumentationAnalysisTransform
[        ] Transforming httpcore-4.4.16.jar (org.apache.httpcomponents:httpcore:4.4.16) with InstrumentationAnalysisTransform
[        ] Transforming httpcore-4.4.16.jar (org.apache.httpcomponents:httpcore:4.4.16) with MergeInstrumentationAnalysisTransform
[        ] Transforming javax.activation-1.2.0.jar (com.sun.activation:javax.activation:1.2.0) with InstrumentationAnalysisTransform
[        ] Transforming bcprov-jdk18on-1.79.jar (org.bouncycastle:bcprov-jdk18on:1.79) with ExternalDependencyInstrumentingArtifactTransform
[        ] Transforming javax.activation-1.2.0.jar (com.sun.activation:javax.activation:1.2.0) with MergeInstrumentationAnalysisTransform
[        ] Transforming annotations-23.0.0.jar (org.jetbrains:annotations:23.0.0) with InstrumentationAnalysisTransform
[        ] Transforming httpcore-4.4.16.jar (org.apache.httpcomponents:httpcore:4.4.16) with ExternalDependencyInstrumentingArtifactTransform
[        ] Transforming httpclient-4.5.14.jar (org.apache.httpcomponents:httpclient:4.5.14) with ExternalDependencyInstrumentingArtifactTransform
[        ] Transforming javax.activation-1.2.0.jar (com.sun.activation:javax.activation:1.2.0) with ExternalDependencyInstrumentingArtifactTransform
[        ] Transforming annotations-23.0.0.jar (org.jetbrains:annotations:23.0.0) with MergeInstrumentationAnalysisTransform
[        ] Transforming signflinger-8.13.1.jar (com.android:signflinger:8.13.1) with InstrumentationAnalysisTransform
[        ] Transforming signflinger-8.13.1.jar (com.android:signflinger:8.13.1) with MergeInstrumentationAnalysisTransform
[        ] Transforming annotations-23.0.0.jar (org.jetbrains:annotations:23.0.0) with ExternalDependencyInstrumentingArtifactTransform
[        ] Transforming zipflinger-8.13.1.jar (com.android:zipflinger:8.13.1) with InstrumentationAnalysisTransform
[        ] Transforming signflinger-8.13.1.jar (com.android:signflinger:8.13.1) with ExternalDependencyInstrumentingArtifactTransform
[        ] Transforming zipflinger-8.13.1.jar (com.android:zipflinger:8.13.1) with MergeInstrumentationAnalysisTransform
[        ] Transforming annotations-31.13.1.jar (com.android.tools:annotations:31.13.1) with InstrumentationAnalysisTransform
[        ] Transforming annotations-31.13.1.jar (com.android.tools:annotations:31.13.1) with MergeInstrumentationAnalysisTransform
[        ] Transforming jna-platform-5.6.0.jar (net.java.dev.jna:jna-platform:5.6.0) with InstrumentationAnalysisTransform
[        ] Transforming jna-platform-5.6.0.jar (net.java.dev.jna:jna-platform:5.6.0) with MergeInstrumentationAnalysisTransform
[        ] Transforming juniversalchardet-1.0.3.jar (com.googlecode.juniversalchardet:juniversalchardet:1.0.3) with InstrumentationAnalysisTransform
[        ] Transforming zipflinger-8.13.1.jar (com.android:zipflinger:8.13.1) with ExternalDependencyInstrumentingArtifactTransform
[        ] Transforming annotations-31.13.1.jar (com.android.tools:annotations:31.13.1) with ExternalDependencyInstrumentingArtifactTransform
[        ] Transforming jna-platform-5.6.0.jar (net.java.dev.jna:jna-platform:5.6.0) with ExternalDependencyInstrumentingArtifactTransform
[        ] Transforming juniversalchardet-1.0.3.jar (com.googlecode.juniversalchardet:juniversalchardet:1.0.3) with MergeInstrumentationAnalysisTransform
[        ] Transforming javax.annotation-api-1.3.2.jar (javax.annotation:javax.annotation-api:1.3.2) with InstrumentationAnalysisTransform
[        ] Transforming juniversalchardet-1.0.3.jar (com.googlecode.juniversalchardet:juniversalchardet:1.0.3) with ExternalDependencyInstrumentingArtifactTransform
[        ] Transforming javax.annotation-api-1.3.2.jar (javax.annotation:javax.annotation-api:1.3.2) with MergeInstrumentationAnalysisTransform
[        ] Transforming stax-ex-1.8.1.jar (org.jvnet.staxex:stax-ex:1.8.1) with InstrumentationAnalysisTransform
[        ] Transforming stax-ex-1.8.1.jar (org.jvnet.staxex:stax-ex:1.8.1) with MergeInstrumentationAnalysisTransform
[        ] Transforming jakarta.xml.bind-api-2.3.2.jar (jakarta.xml.bind:jakarta.xml.bind-api:2.3.2) with InstrumentationAnalysisTransform
[        ] Transforming javax.annotation-api-1.3.2.jar (javax.annotation:javax.annotation-api:1.3.2) with ExternalDependencyInstrumentingArtifactTransform
[        ] Transforming stax-ex-1.8.1.jar (org.jvnet.staxex:stax-ex:1.8.1) with ExternalDependencyInstrumentingArtifactTransform
[        ] Transforming jakarta.xml.bind-api-2.3.2.jar (jakarta.xml.bind:jakarta.xml.bind-api:2.3.2) with MergeInstrumentationAnalysisTransform
[        ] Transforming txw2-2.3.2.jar (org.glassfish.jaxb:txw2:2.3.2) with InstrumentationAnalysisTransform
[        ] Transforming txw2-2.3.2.jar (org.glassfish.jaxb:txw2:2.3.2) with MergeInstrumentationAnalysisTransform
[        ] Transforming istack-commons-runtime-3.0.8.jar (com.sun.istack:istack-commons-runtime:3.0.8) with InstrumentationAnalysisTransform
[        ] Transforming istack-commons-runtime-3.0.8.jar (com.sun.istack:istack-commons-runtime:3.0.8) with MergeInstrumentationAnalysisTransform
[        ] Transforming FastInfoset-1.2.16.jar (com.sun.xml.fastinfoset:FastInfoset:1.2.16) with InstrumentationAnalysisTransform
[        ] Transforming jakarta.xml.bind-api-2.3.2.jar (jakarta.xml.bind:jakarta.xml.bind-api:2.3.2) with ExternalDependencyInstrumentingArtifactTransform
[        ] Transforming txw2-2.3.2.jar (org.glassfish.jaxb:txw2:2.3.2) with ExternalDependencyInstrumentingArtifactTransform
[        ] Transforming FastInfoset-1.2.16.jar (com.sun.xml.fastinfoset:FastInfoset:1.2.16) with MergeInstrumentationAnalysisTransform
[        ] Transforming jakarta.activation-api-1.2.1.jar (jakarta.activation:jakarta.activation-api:1.2.1) with InstrumentationAnalysisTransform
[        ] Transforming istack-commons-runtime-3.0.8.jar (com.sun.istack:istack-commons-runtime:3.0.8) with ExternalDependencyInstrumentingArtifactTransform
[        ] Transforming FastInfoset-1.2.16.jar (com.sun.xml.fastinfoset:FastInfoset:1.2.16) with ExternalDependencyInstrumentingArtifactTransform
[        ] Transforming jakarta.activation-api-1.2.1.jar (jakarta.activation:jakarta.activation-api:1.2.1) with MergeInstrumentationAnalysisTransform
[        ] Transforming auto-value-annotations-1.6.2.jar (com.google.auto.value:auto-value-annotations:1.6.2) with InstrumentationAnalysisTransform
[        ] Transforming auto-value-annotations-1.6.2.jar (com.google.auto.value:auto-value-annotations:1.6.2) with MergeInstrumentationAnalysisTransform
[        ] Transforming error_prone_annotations-2.30.0.jar (com.google.errorprone:error_prone_annotations:2.30.0) with InstrumentationAnalysisTransform
[        ] Transforming jakarta.activation-api-1.2.1.jar (jakarta.activation:jakarta.activation-api:1.2.1) with ExternalDependencyInstrumentingArtifactTransform
[        ] Transforming auto-value-annotations-1.6.2.jar (com.google.auto.value:auto-value-annotations:1.6.2) with ExternalDependencyInstrumentingArtifactTransform
[        ] Transforming error_prone_annotations-2.30.0.jar (com.google.errorprone:error_prone_annotations:2.30.0) with MergeInstrumentationAnalysisTransform
[        ] Transforming jose4j-0.9.5.jar (org.bitbucket.b_c:jose4j:0.9.5) with InstrumentationAnalysisTransform
[        ] Transforming jose4j-0.9.5.jar (org.bitbucket.b_c:jose4j:0.9.5) with MergeInstrumentationAnalysisTransform
[        ] Transforming slf4j-api-1.7.30.jar (org.slf4j:slf4j-api:1.7.30) with InstrumentationAnalysisTransform
[        ] Transforming slf4j-api-1.7.30.jar (org.slf4j:slf4j-api:1.7.30) with MergeInstrumentationAnalysisTransform
[        ] Transforming jdom2-2.0.6.jar (org.jdom:jdom2:2.0.6) with InstrumentationAnalysisTransform
[        ] Transforming jdom2-2.0.6.jar (org.jdom:jdom2:2.0.6) with MergeInstrumentationAnalysisTransform
[        ] Transforming jsr305-3.0.2.jar (com.google.code.findbugs:jsr305:3.0.2) with InstrumentationAnalysisTransform
[        ] Transforming jsr305-3.0.2.jar (com.google.code.findbugs:jsr305:3.0.2) with MergeInstrumentationAnalysisTransform
[        ] Transforming j2objc-annotations-3.0.0.jar (com.google.j2objc:j2objc-annotations:3.0.0) with InstrumentationAnalysisTransform
[        ] Transforming error_prone_annotations-2.30.0.jar (com.google.errorprone:error_prone_annotations:2.30.0) with ExternalDependencyInstrumentingArtifactTransform
[        ] Transforming slf4j-api-1.7.30.jar (org.slf4j:slf4j-api:1.7.30) with ExternalDependencyInstrumentingArtifactTransform
[        ] Transforming j2objc-annotations-3.0.0.jar (com.google.j2objc:j2objc-annotations:3.0.0) with MergeInstrumentationAnalysisTransform
[        ] Transforming jsr305-3.0.2.jar (com.google.code.findbugs:jsr305:3.0.2) with ExternalDependencyInstrumentingArtifactTransform
[        ] Transforming jose4j-0.9.5.jar (org.bitbucket.b_c:jose4j:0.9.5) with ExternalDependencyInstrumentingArtifactTransform
[        ] Transforming j2objc-annotations-3.0.0.jar (com.google.j2objc:j2objc-annotations:3.0.0) with ExternalDependencyInstrumentingArtifactTransform
[        ] Transforming annotations-4.1.1.4.jar (com.google.android:annotations:4.1.1.4) with InstrumentationAnalysisTransform
[        ] Transforming jdom2-2.0.6.jar (org.jdom:jdom2:2.0.6) with ExternalDependencyInstrumentingArtifactTransform
[        ] Transforming annotations-4.1.1.4.jar (com.google.android:annotations:4.1.1.4) with MergeInstrumentationAnalysisTransform
[        ] Transforming animal-sniffer-annotations-1.24.jar (org.codehaus.mojo:animal-sniffer-annotations:1.24) with InstrumentationAnalysisTransform
[        ] Transforming animal-sniffer-annotations-1.24.jar (org.codehaus.mojo:animal-sniffer-annotations:1.24) with MergeInstrumentationAnalysisTransform
[        ] Transforming perfmark-api-0.27.0.jar (io.perfmark:perfmark-api:0.27.0) with InstrumentationAnalysisTransform
[        ] Transforming annotations-4.1.1.4.jar (com.google.android:annotations:4.1.1.4) with ExternalDependencyInstrumentingArtifactTransform
[        ] Transforming perfmark-api-0.27.0.jar (io.perfmark:perfmark-api:0.27.0) with MergeInstrumentationAnalysisTransform
[        ] Transforming netty-codec-http2-4.1.110.Final.jar (io.netty:netty-codec-http2:4.1.110.Final) with InstrumentationAnalysisTransform
[        ] Transforming animal-sniffer-annotations-1.24.jar (org.codehaus.mojo:animal-sniffer-annotations:1.24) with ExternalDependencyInstrumentingArtifactTransform
[        ] Transforming netty-codec-http2-4.1.110.Final.jar (io.netty:netty-codec-http2:4.1.110.Final) with MergeInstrumentationAnalysisTransform
[        ] Transforming perfmark-api-0.27.0.jar (io.perfmark:perfmark-api:0.27.0) with ExternalDependencyInstrumentingArtifactTransform
[        ] Transforming netty-handler-proxy-4.1.110.Final.jar (io.netty:netty-handler-proxy:4.1.110.Final) with InstrumentationAnalysisTransform
[        ] Transforming netty-handler-proxy-4.1.110.Final.jar (io.netty:netty-handler-proxy:4.1.110.Final) with MergeInstrumentationAnalysisTransform
[        ] Transforming netty-codec-http-4.1.110.Final.jar (io.netty:netty-codec-http:4.1.110.Final) with InstrumentationAnalysisTransform
[        ] Transforming netty-codec-http2-4.1.110.Final.jar (io.netty:netty-codec-http2:4.1.110.Final) with ExternalDependencyInstrumentingArtifactTransform
[        ] Transforming netty-handler-proxy-4.1.110.Final.jar (io.netty:netty-handler-proxy:4.1.110.Final) with ExternalDependencyInstrumentingArtifactTransform
[        ] Transforming netty-codec-http-4.1.110.Final.jar (io.netty:netty-codec-http:4.1.110.Final) with MergeInstrumentationAnalysisTransform
[        ] Transforming netty-handler-4.1.110.Final.jar (io.netty:netty-handler:4.1.110.Final) with InstrumentationAnalysisTransform
[        ] Transforming netty-codec-http-4.1.110.Final.jar (io.netty:netty-codec-http:4.1.110.Final) with ExternalDependencyInstrumentingArtifactTransform
[        ] Transforming netty-handler-4.1.110.Final.jar (io.netty:netty-handler:4.1.110.Final) with MergeInstrumentationAnalysisTransform
[        ] Transforming netty-transport-native-unix-common-4.1.110.Final.jar (io.netty:netty-transport-native-unix-common:4.1.110.Final) with InstrumentationAnalysisTransform
[        ] Transforming netty-transport-native-unix-common-4.1.110.Final.jar (io.netty:netty-transport-native-unix-common:4.1.110.Final) with MergeInstrumentationAnalysisTransform
[        ] Transforming netty-handler-4.1.110.Final.jar (io.netty:netty-handler:4.1.110.Final) with ExternalDependencyInstrumentingArtifactTransform
[        ] Transforming checker-qual-3.43.0.jar (org.checkerframework:checker-qual:3.43.0) with InstrumentationAnalysisTransform
[        ] Transforming checker-qual-3.43.0.jar (org.checkerframework:checker-qual:3.43.0) with MergeInstrumentationAnalysisTransform
[        ] Transforming netty-transport-native-unix-common-4.1.110.Final.jar (io.netty:netty-transport-native-unix-common:4.1.110.Final) with ExternalDependencyInstrumentingArtifactTransform
[        ] Transforming apksig-8.13.1.jar (com.android.tools.build:apksig:8.13.1) with InstrumentationAnalysisTransform
[        ] Transforming apksig-8.13.1.jar (com.android.tools.build:apksig:8.13.1) with MergeInstrumentationAnalysisTransform
[        ] Transforming checker-qual-3.43.0.jar (org.checkerframework:checker-qual:3.43.0) with ExternalDependencyInstrumentingArtifactTransform
[        ] Transforming javawriter-2.5.0.jar (com.squareup:javawriter:2.5.0) with InstrumentationAnalysisTransform
[        ] Transforming apksig-8.13.1.jar (com.android.tools.build:apksig:8.13.1) with ExternalDependencyInstrumentingArtifactTransform
[        ] Transforming javawriter-2.5.0.jar (com.squareup:javawriter:2.5.0) with MergeInstrumentationAnalysisTransform
[        ] Transforming failureaccess-1.0.2.jar (com.google.guava:failureaccess:1.0.2) with InstrumentationAnalysisTransform
[        ] Transforming failureaccess-1.0.2.jar (com.google.guava:failureaccess:1.0.2) with MergeInstrumentationAnalysisTransform
[        ] Transforming javawriter-2.5.0.jar (com.squareup:javawriter:2.5.0) with ExternalDependencyInstrumentingArtifactTransform
[        ] Transforming listenablefuture-9999.0-empty-to-avoid-conflict-with-guava.jar (com.google.guava:listenablefuture:9999.0-empty-to-avoid-conflict-with-guava) with InstrumentationAnalysisTransform
[        ] Transforming listenablefuture-9999.0-empty-to-avoid-conflict-with-guava.jar (com.google.guava:listenablefuture:9999.0-empty-to-avoid-conflict-with-guava) with MergeInstrumentationAnalysisTransform
[        ] Transforming commons-logging-1.2.jar (commons-logging:commons-logging:1.2) with InstrumentationAnalysisTransform
[        ] Transforming commons-logging-1.2.jar (commons-logging:commons-logging:1.2) with MergeInstrumentationAnalysisTransform
[        ] Transforming commons-codec-1.11.jar (commons-codec:commons-codec:1.11) with InstrumentationAnalysisTransform
[        ] Transforming commons-codec-1.11.jar (commons-codec:commons-codec:1.11) with MergeInstrumentationAnalysisTransform
[        ] Transforming failureaccess-1.0.2.jar (com.google.guava:failureaccess:1.0.2) with ExternalDependencyInstrumentingArtifactTransform
[        ] Transforming jna-5.6.0.jar (net.java.dev.jna:jna:5.6.0) with InstrumentationAnalysisTransform
[        ] Transforming commons-logging-1.2.jar (commons-logging:commons-logging:1.2) with ExternalDependencyInstrumentingArtifactTransform
[        ] Transforming listenablefuture-9999.0-empty-to-avoid-conflict-with-guava.jar (com.google.guava:listenablefuture:9999.0-empty-to-avoid-conflict-with-guava) with ExternalDependencyInstrumentingArtifactTransform
[        ] Transforming jna-5.6.0.jar (net.java.dev.jna:jna:5.6.0) with MergeInstrumentationAnalysisTransform
[        ] Transforming commons-codec-1.11.jar (commons-codec:commons-codec:1.11) with ExternalDependencyInstrumentingArtifactTransform
[        ] Transforming netty-codec-socks-4.1.110.Final.jar (io.netty:netty-codec-socks:4.1.110.Final) with InstrumentationAnalysisTransform
[        ] Transforming jna-5.6.0.jar (net.java.dev.jna:jna:5.6.0) with ExternalDependencyInstrumentingArtifactTransform
[        ] Transforming netty-codec-socks-4.1.110.Final.jar (io.netty:netty-codec-socks:4.1.110.Final) with MergeInstrumentationAnalysisTransform
[        ] Transforming netty-codec-4.1.110.Final.jar (io.netty:netty-codec:4.1.110.Final) with InstrumentationAnalysisTransform
[        ] Transforming netty-codec-4.1.110.Final.jar (io.netty:netty-codec:4.1.110.Final) with MergeInstrumentationAnalysisTransform
[        ] Transforming netty-codec-socks-4.1.110.Final.jar (io.netty:netty-codec-socks:4.1.110.Final) with ExternalDependencyInstrumentingArtifactTransform
[        ] Transforming netty-transport-4.1.110.Final.jar (io.netty:netty-transport:4.1.110.Final) with InstrumentationAnalysisTransform
[        ] Transforming netty-transport-4.1.110.Final.jar (io.netty:netty-transport:4.1.110.Final) with MergeInstrumentationAnalysisTransform
[        ] Transforming netty-codec-4.1.110.Final.jar (io.netty:netty-codec:4.1.110.Final) with ExternalDependencyInstrumentingArtifactTransform
[        ] Transforming netty-buffer-4.1.110.Final.jar (io.netty:netty-buffer:4.1.110.Final) with InstrumentationAnalysisTransform
[        ] Transforming netty-buffer-4.1.110.Final.jar (io.netty:netty-buffer:4.1.110.Final) with MergeInstrumentationAnalysisTransform
[        ] Transforming netty-resolver-4.1.110.Final.jar (io.netty:netty-resolver:4.1.110.Final) with InstrumentationAnalysisTransform
[        ] Transforming netty-transport-4.1.110.Final.jar (io.netty:netty-transport:4.1.110.Final) with ExternalDependencyInstrumentingArtifactTransform
[        ] Transforming netty-buffer-4.1.110.Final.jar (io.netty:netty-buffer:4.1.110.Final) with ExternalDependencyInstrumentingArtifactTransform
[        ] Transforming netty-resolver-4.1.110.Final.jar (io.netty:netty-resolver:4.1.110.Final) with MergeInstrumentationAnalysisTransform
[        ] Transforming netty-common-4.1.110.Final.jar (io.netty:netty-common:4.1.110.Final) with InstrumentationAnalysisTransform
[        ] Transforming netty-resolver-4.1.110.Final.jar (io.netty:netty-resolver:4.1.110.Final) with ExternalDependencyInstrumentingArtifactTransform
[        ] Transforming netty-common-4.1.110.Final.jar (io.netty:netty-common:4.1.110.Final) with MergeInstrumentationAnalysisTransform
[        ] Transforming netty-common-4.1.110.Final.jar (io.netty:netty-common:4.1.110.Final) with ExternalDependencyInstrumentingArtifactTransform
[        ] Using default execution profile
[ +122 ms] > Configure project :mobile_scanner
[        ] Evaluating project ':mobile_scanner' using build file 'C:\Users\midhu\AppData\Local\Pub\Cache\hosted\pub.dev\mobile_scanner-4.0.1\android\build.gradle'.
[        ] Transforming gradle-8.2.2.jar (com.android.tools.build:gradle:8.2.2) with InstrumentationAnalysisTransform
[        ] Transforming kotlin-gradle-plugin-1.7.22-gradle71.jar (org.jetbrains.kotlin:kotlin-gradle-plugin:1.7.22) with InstrumentationAnalysisTransform
[        ] Transforming gradle-settings-api-8.2.2.jar (com.android.tools.build:gradle-settings-api:8.2.2) with InstrumentationAnalysisTransform
[        ] Transforming lint-model-31.2.2.jar (com.android.tools.lint:lint-model:31.2.2) with InstrumentationAnalysisTransform
[        ] Transforming builder-8.2.2.jar (com.android.tools.build:builder:8.2.2) with InstrumentationAnalysisTransform
[        ] Transforming manifest-merger-31.2.2.jar (com.android.tools.build:manifest-merger:31.2.2) with InstrumentationAnalysisTransform
[        ] Transforming sdk-common-31.2.2.jar (com.android.tools:sdk-common:31.2.2) with InstrumentationAnalysisTransform
[        ] Transforming sdklib-31.2.2.jar (com.android.tools:sdklib:31.2.2) with InstrumentationAnalysisTransform
[        ] Transforming repository-31.2.2.jar (com.android.tools:repository:31.2.2) with InstrumentationAnalysisTransform
[        ] Transforming gradle-api-8.2.2.jar (com.android.tools.build:gradle-api:8.2.2) with InstrumentationAnalysisTransform
[        ] Transforming builder-test-api-8.2.2.jar (com.android.tools.build:builder-test-api:8.2.2) with InstrumentationAnalysisTransform
[        ] Transforming ddmlib-31.2.2.jar (com.android.tools.ddms:ddmlib:31.2.2) with InstrumentationAnalysisTransform
[        ] Transforming aaptcompiler-8.2.2.jar (com.android.tools.build:aaptcompiler:8.2.2) with InstrumentationAnalysisTransform
[        ] Transforming bundletool-1.15.2.jar (com.android.tools.build:bundletool:1.15.2) with InstrumentationAnalysisTransform
[        ] Transforming aapt2-proto-8.2.2-10154469.jar (com.android.tools.build:aapt2-proto:8.2.2-10154469) with InstrumentationAnalysisTransform
[        ] Transforming crash-31.2.2.jar (com.android.tools.analytics-library:crash:31.2.2) with InstrumentationAnalysisTransform
[        ] Transforming tracker-31.2.2.jar (com.android.tools.analytics-library:tracker:31.2.2) with InstrumentationAnalysisTransform
[        ] Transforming shared-31.2.2.jar (com.android.tools.analytics-library:shared:31.2.2) with InstrumentationAnalysisTransform
[        ] Transforming lint-typedef-remover-31.2.2.jar (com.android.tools.lint:lint-typedef-remover:31.2.2) with InstrumentationAnalysisTransform
[        ] Transforming databinding-compiler-common-8.2.2.jar (androidx.databinding:databinding-compiler-common:8.2.2) with InstrumentationAnalysisTransform
[        ] Transforming databinding-common-8.2.2.jar (androidx.databinding:databinding-common:8.2.2) with InstrumentationAnalysisTransform
[        ] Transforming baseLibrary-8.2.2.jar (com.android.databinding:baseLibrary:8.2.2) with InstrumentationAnalysisTransform
[        ] Transforming layoutlib-api-31.2.2.jar (com.android.tools.layoutlib:layoutlib-api:31.2.2) with InstrumentationAnalysisTransform
[        ] Transforming android-device-provider-ddmlib-proto-31.2.2.jar (com.android.tools.utp:android-device-provider-ddmlib-proto:31.2.2) with InstrumentationAnalysisTransform
[        ] Transforming android-device-provider-gradle-proto-31.2.2.jar (com.android.tools.utp:android-device-provider-gradle-proto:31.2.2) with InstrumentationAnalysisTransform
[        ] Transforming android-test-plugin-host-additional-test-output-proto-31.2.2.jar (com.android.tools.utp:android-test-plugin-host-additional-test-output-proto:31.2.2) with InstrumentationAnalysisTransform
[        ] Transforming android-test-plugin-host-coverage-proto-31.2.2.jar (com.android.tools.utp:android-test-plugin-host-coverage-proto:31.2.2) with InstrumentationAnalysisTransform
[        ] Transforming android-test-plugin-host-emulator-control-proto-31.2.2.jar (com.android.tools.utp:android-test-plugin-host-emulator-control-proto:31.2.2) with InstrumentationAnalysisTransform
[        ] Transforming android-test-plugin-host-logcat-proto-31.2.2.jar (com.android.tools.utp:android-test-plugin-host-logcat-proto:31.2.2) with InstrumentationAnalysisTransform
[        ] Transforming android-test-plugin-host-apk-installer-proto-31.2.2.jar (com.android.tools.utp:android-test-plugin-host-apk-installer-proto:31.2.2) with InstrumentationAnalysisTransform
[        ] Transforming android-test-plugin-host-retention-proto-31.2.2.jar (com.android.tools.utp:android-test-plugin-host-retention-proto:31.2.2) with InstrumentationAnalysisTransform
[        ] Transforming android-test-plugin-result-listener-gradle-proto-31.2.2.jar (com.android.tools.utp:android-test-plugin-result-listener-gradle-proto:31.2.2) with InstrumentationAnalysisTransform
[        ] Transforming builder-model-8.2.2.jar (com.android.tools.build:builder-model:8.2.2) with InstrumentationAnalysisTransform
[        ] Transforming dvlib-31.2.2.jar (com.android.tools:dvlib:31.2.2) with InstrumentationAnalysisTransform
[        ] Transforming common-31.2.2.jar (com.android.tools:common:31.2.2) with InstrumentationAnalysisTransform
[        ] Transforming kotlin-stdlib-jdk8-1.9.0.jar (org.jetbrains.kotlin:kotlin-stdlib-jdk8:1.9.0) with InstrumentationAnalysisTransform
[        ] Transforming transform-api-2.0.0-deprecated-use-gradle-api.jar (com.android.tools.build:transform-api:2.0.0-deprecated-use-gradle-api) with InstrumentationAnalysisTransform
[        ] Transforming httpmime-4.5.6.jar (org.apache.httpcomponents:httpmime:4.5.6) with InstrumentationAnalysisTransform
[        ] Transforming commons-io-2.4.jar (commons-io:commons-io:2.4) with InstrumentationAnalysisTransform
[        ] Transforming jetifier-processor-1.0.0-beta10.jar (com.android.tools.build.jetifier:jetifier-processor:1.0.0-beta10) with InstrumentationAnalysisTransform
[        ] Transforming asm-commons-9.2.jar (org.ow2.asm:asm-commons:9.2) with InstrumentationAnalysisTransform
[        ] Transforming asm-util-9.2.jar (org.ow2.asm:asm-util:9.2) with InstrumentationAnalysisTransform
[        ] Transforming asm-analysis-9.2.jar (org.ow2.asm:asm-analysis:9.2) with InstrumentationAnalysisTransform
[        ] Transforming asm-tree-9.2.jar (org.ow2.asm:asm-tree:9.2) with InstrumentationAnalysisTransform
[        ] Transforming asm-9.2.jar (org.ow2.asm:asm:9.2) with InstrumentationAnalysisTransform
[        ] Transforming apkzlib-8.2.2.jar (com.android.tools.build:apkzlib:8.2.2) with InstrumentationAnalysisTransform
[        ] Transforming bcpkix-jdk15on-1.67.jar (org.bouncycastle:bcpkix-jdk15on:1.67) with InstrumentationAnalysisTransform
[        ] Transforming jaxb-runtime-2.3.2.jar (org.glassfish.jaxb:jaxb-runtime:2.3.2) with InstrumentationAnalysisTransform
[        ] Transforming jopt-simple-4.9.jar (net.sf.jopt-simple:jopt-simple:4.9) with InstrumentationAnalysisTransform
[        ] Transforming jetifier-core-1.0.0-beta10.jar (com.android.tools.build.jetifier:jetifier-core:1.0.0-beta10) with InstrumentationAnalysisTransform
[        ] Transforming javapoet-1.10.0.jar (com.squareup:javapoet:1.10.0) with InstrumentationAnalysisTransform
[        ] Transforming protobuf-java-util-3.19.3.jar (com.google.protobuf:protobuf-java-util:3.19.3) with InstrumentationAnalysisTransform
[        ] Transforming grpc-protobuf-1.45.1.jar (io.grpc:grpc-protobuf:1.45.1) with InstrumentationAnalysisTransform
[        ] Transforming tink-1.7.0.jar (com.google.crypto.tink:tink:1.7.0) with InstrumentationAnalysisTransform
[        ] Transforming protos-31.2.2.jar (com.android.tools.analytics-library:protos:31.2.2) with InstrumentationAnalysisTransform
[        ] Transforming proto-google-common-protos-2.0.1.jar (com.google.api.grpc:proto-google-common-protos:2.0.1) with InstrumentationAnalysisTransform
[        ] Transforming protobuf-java-3.19.3.jar (com.google.protobuf:protobuf-java:3.19.3) with InstrumentationAnalysisTransform
[        ] Transforming grpc-netty-1.45.1.jar (io.grpc:grpc-netty:1.45.1) with InstrumentationAnalysisTransform
[        ] Transforming grpc-core-1.45.1.jar (io.grpc:grpc-core:1.45.1) with InstrumentationAnalysisTransform
[        ] Transforming gson-2.10.jar (com.google.code.gson:gson:2.10) with InstrumentationAnalysisTransform
[        ] Transforming grpc-stub-1.45.1.jar (io.grpc:grpc-stub:1.45.1) with InstrumentationAnalysisTransform
[        ] Transforming core-proto-0.0.8-alpha08.jar (com.google.testing.platform:core-proto:0.0.8-alpha08) with InstrumentationAnalysisTransform
[        ] Transforming tensorflow-lite-metadata-0.1.0-rc2.jar (org.tensorflow:tensorflow-lite-metadata:0.1.0-rc2) with InstrumentationAnalysisTransform
[        ] Transforming flatbuffers-java-1.12.0.jar (com.google.flatbuffers:flatbuffers-java:1.12.0) with InstrumentationAnalysisTransform
[        ] Transforming kotlin-gradle-plugin-model-1.7.22.jar (org.jetbrains.kotlin:kotlin-gradle-plugin-model:1.7.22) with InstrumentationAnalysisTransform
[        ] Transforming kotlin-gradle-plugin-api-1.7.22-gradle71.jar (org.jetbrains.kotlin:kotlin-gradle-plugin-api:1.7.22) with InstrumentationAnalysisTransform
[        ] Transforming kotlin-gradle-plugin-api-1.7.22.jar (org.jetbrains.kotlin:kotlin-gradle-plugin-api:1.7.22) with InstrumentationAnalysisTransform
[        ] Transforming kotlin-gradle-plugin-idea-proto-1.7.22.jar (org.jetbrains.kotlin:kotlin-gradle-plugin-idea-proto:1.7.22) with InstrumentationAnalysisTransform
[        ] Transforming kotlin-gradle-plugin-idea-1.7.22.jar (org.jetbrains.kotlin:kotlin-gradle-plugin-idea:1.7.22) with InstrumentationAnalysisTransform
[        ] Transforming kotlin-project-model-1.7.22.jar (org.jetbrains.kotlin:kotlin-project-model:1.7.22) with InstrumentationAnalysisTransform
[        ] Transforming kotlin-tooling-core-1.7.22.jar (org.jetbrains.kotlin:kotlin-tooling-core:1.7.22) with InstrumentationAnalysisTransform
[        ] Transforming kotlin-util-klib-1.7.22.jar (org.jetbrains.kotlin:kotlin-util-klib:1.7.22) with InstrumentationAnalysisTransform
[        ] Transforming kotlin-klib-commonizer-api-1.7.22.jar (org.jetbrains.kotlin:kotlin-klib-commonizer-api:1.7.22) with InstrumentationAnalysisTransform
[        ] Transforming kotlin-annotation-processing-gradle-1.7.22.jar (org.jetbrains.kotlin:kotlin-annotation-processing-gradle:1.7.22) with InstrumentationAnalysisTransform
[        ] Transforming kotlin-android-extensions-1.7.22.jar (org.jetbrains.kotlin:kotlin-android-extensions:1.7.22) with InstrumentationAnalysisTransform
[        ] Transforming kotlin-compiler-runner-1.7.22.jar (org.jetbrains.kotlin:kotlin-compiler-runner:1.7.22) with InstrumentationAnalysisTransform
[        ] Transforming kotlin-compiler-embeddable-1.7.22.jar (org.jetbrains.kotlin:kotlin-compiler-embeddable:1.7.22) with InstrumentationAnalysisTransform
[        ] Transforming kotlin-scripting-compiler-embeddable-1.7.22.jar (org.jetbrains.kotlin:kotlin-scripting-compiler-embeddable:1.7.22) with InstrumentationAnalysisTransform
[        ] Transforming kotlin-scripting-compiler-impl-embeddable-1.7.22.jar (org.jetbrains.kotlin:kotlin-scripting-compiler-impl-embeddable:1.7.22) with InstrumentationAnalysisTransform
[        ] Transforming jimfs-1.1.jar (com.google.jimfs:jimfs:1.1) with InstrumentationAnalysisTransform
[        ] Transforming grpc-protobuf-lite-1.45.1.jar (io.grpc:grpc-protobuf-lite:1.45.1) with InstrumentationAnalysisTransform
[        ] Transforming grpc-api-1.45.1.jar (io.grpc:grpc-api:1.45.1) with InstrumentationAnalysisTransform
[        ] Transforming guava-31.1-jre.jar (com.google.guava:guava:31.1-jre) with InstrumentationAnalysisTransform
[        ] Transforming dagger-2.28.3.jar (com.google.dagger:dagger:2.28.3) with InstrumentationAnalysisTransform
[        ] Transforming javax.inject-1.jar (javax.inject:javax.inject:1) with InstrumentationAnalysisTransform
[        ] Transforming kxml2-2.3.0.jar (net.sf.kxml:kxml2:2.3.0) with InstrumentationAnalysisTransform
[        ] Transforming bcprov-jdk15on-1.67.jar (org.bouncycastle:bcprov-jdk15on:1.67) with InstrumentationAnalysisTransform
[        ] Transforming trove4j-1.0.20200330.jar (org.jetbrains.intellij.deps:trove4j:1.0.20200330) with InstrumentationAnalysisTransform
[        ] Transforming kotlin-reflect-1.9.0.jar (org.jetbrains.kotlin:kotlin-reflect:1.9.0) with InstrumentationAnalysisTransform
[        ] Transforming xercesImpl-2.12.0.jar (xerces:xercesImpl:2.12.0) with InstrumentationAnalysisTransform
[        ] Transforming commons-compress-1.21.jar (org.apache.commons:commons-compress:1.21) with InstrumentationAnalysisTransform
[        ] Transforming httpclient-4.5.14.jar (org.apache.httpcomponents:httpclient:4.5.14) with InstrumentationAnalysisTransform
[        ] Transforming httpcore-4.4.16.jar (org.apache.httpcomponents:httpcore:4.4.16) with InstrumentationAnalysisTransform
[        ] Transforming javax.activation-1.2.0.jar (com.sun.activation:javax.activation:1.2.0) with InstrumentationAnalysisTransform
[        ] Transforming kotlin-stdlib-jdk7-1.9.0.jar (org.jetbrains.kotlin:kotlin-stdlib-jdk7:1.9.0) with InstrumentationAnalysisTransform
[        ] Transforming kotlin-stdlib-1.9.0.jar (org.jetbrains.kotlin:kotlin-stdlib:1.9.0) with InstrumentationAnalysisTransform
[        ] Transforming annotations-13.0.jar (org.jetbrains:annotations:13.0) with InstrumentationAnalysisTransform
[        ] Transforming signflinger-8.2.2.jar (com.android:signflinger:8.2.2) with InstrumentationAnalysisTransform
[        ] Transforming zipflinger-8.2.2.jar (com.android:zipflinger:8.2.2) with InstrumentationAnalysisTransform
[        ] Transforming annotations-31.2.2.jar (com.android.tools:annotations:31.2.2) with InstrumentationAnalysisTransform
[        ] Transforming jna-platform-5.6.0.jar (net.java.dev.jna:jna-platform:5.6.0) with InstrumentationAnalysisTransform
[        ] Transforming juniversalchardet-1.0.3.jar (com.googlecode.juniversalchardet:juniversalchardet:1.0.3) with InstrumentationAnalysisTransform
[        ] Transforming javax.annotation-api-1.3.2.jar (javax.annotation:javax.annotation-api:1.3.2) with InstrumentationAnalysisTransform
[        ] Transforming stax-ex-1.8.1.jar (org.jvnet.staxex:stax-ex:1.8.1) with InstrumentationAnalysisTransform
[        ] Transforming jakarta.xml.bind-api-2.3.2.jar (jakarta.xml.bind:jakarta.xml.bind-api:2.3.2) with InstrumentationAnalysisTransform
[        ] Transforming txw2-2.3.2.jar (org.glassfish.jaxb:txw2:2.3.2) with InstrumentationAnalysisTransform
[        ] Transforming istack-commons-runtime-3.0.8.jar (com.sun.istack:istack-commons-runtime:3.0.8) with InstrumentationAnalysisTransform
[        ] Transforming FastInfoset-1.2.16.jar (com.sun.xml.fastinfoset:FastInfoset:1.2.16) with InstrumentationAnalysisTransform
[        ] Transforming jakarta.activation-api-1.2.1.jar (jakarta.activation:jakarta.activation-api:1.2.1) with InstrumentationAnalysisTransform
[        ] Transforming auto-value-annotations-1.6.2.jar (com.google.auto.value:auto-value-annotations:1.6.2) with InstrumentationAnalysisTransform
[        ] Transforming error_prone_annotations-2.11.0.jar (com.google.errorprone:error_prone_annotations:2.11.0) with InstrumentationAnalysisTransform
[        ] Transforming jose4j-0.7.0.jar (org.bitbucket.b_c:jose4j:0.7.0) with InstrumentationAnalysisTransform
[        ] Transforming slf4j-api-1.7.30.jar (org.slf4j:slf4j-api:1.7.30) with InstrumentationAnalysisTransform
[        ] Transforming jdom2-2.0.6.jar (org.jdom:jdom2:2.0.6) with InstrumentationAnalysisTransform
[        ] Transforming j2objc-annotations-1.3.jar (com.google.j2objc:j2objc-annotations:1.3) with InstrumentationAnalysisTransform
[        ] Transforming jsr305-3.0.2.jar (com.google.code.findbugs:jsr305:3.0.2) with InstrumentationAnalysisTransform
[        ] Transforming annotations-4.1.1.4.jar (com.google.android:annotations:4.1.1.4) with InstrumentationAnalysisTransform
[        ] Transforming animal-sniffer-annotations-1.19.jar (org.codehaus.mojo:animal-sniffer-annotations:1.19) with InstrumentationAnalysisTransform
[        ] Transforming perfmark-api-0.23.0.jar (io.perfmark:perfmark-api:0.23.0) with InstrumentationAnalysisTransform
[        ] Transforming netty-codec-http2-4.1.72.Final.jar (io.netty:netty-codec-http2:4.1.72.Final) with InstrumentationAnalysisTransform
[        ] Transforming netty-handler-proxy-4.1.72.Final.jar (io.netty:netty-handler-proxy:4.1.72.Final) with InstrumentationAnalysisTransform
[        ] Transforming checker-qual-3.12.0.jar (org.checkerframework:checker-qual:3.12.0) with InstrumentationAnalysisTransform
[        ] Transforming commons-codec-1.11.jar (commons-codec:commons-codec:1.11) with InstrumentationAnalysisTransform
[        ] Transforming apksig-8.2.2.jar (com.android.tools.build:apksig:8.2.2) with InstrumentationAnalysisTransform
[        ] Transforming javawriter-2.5.0.jar (com.squareup:javawriter:2.5.0) with InstrumentationAnalysisTransform
[        ] Transforming kotlin-native-utils-1.7.22.jar (org.jetbrains.kotlin:kotlin-native-utils:1.7.22) with InstrumentationAnalysisTransform
[        ] Transforming kotlin-util-io-1.7.22.jar (org.jetbrains.kotlin:kotlin-util-io:1.7.22) with InstrumentationAnalysisTransform
[        ] Transforming kotlin-daemon-embeddable-1.7.22.jar (org.jetbrains.kotlin:kotlin-daemon-embeddable:1.7.22) with InstrumentationAnalysisTransform
[        ] Transforming jna-5.6.0.jar (net.java.dev.jna:jna:5.6.0) with InstrumentationAnalysisTransform
[        ] Transforming kotlin-build-common-1.7.22.jar (org.jetbrains.kotlin:kotlin-build-common:1.7.22) with InstrumentationAnalysisTransform
[        ] Transforming kotlin-daemon-client-1.7.22.jar (org.jetbrains.kotlin:kotlin-daemon-client:1.7.22) with InstrumentationAnalysisTransform
[        ] Transforming kotlinx-coroutines-core-jvm-1.5.0.jar (org.jetbrains.kotlinx:kotlinx-coroutines-core-jvm:1.5.0) with InstrumentationAnalysisTransform
[        ] Transforming kotlin-scripting-jvm-1.7.22.jar (org.jetbrains.kotlin:kotlin-scripting-jvm:1.7.22) with InstrumentationAnalysisTransform
[        ] Transforming kotlin-scripting-common-1.7.22.jar (org.jetbrains.kotlin:kotlin-scripting-common:1.7.22) with InstrumentationAnalysisTransform
[        ] Transforming failureaccess-1.0.1.jar (com.google.guava:failureaccess:1.0.1) with InstrumentationAnalysisTransform
[        ] Transforming listenablefuture-9999.0-empty-to-avoid-conflict-with-guava.jar (com.google.guava:listenablefuture:9999.0-empty-to-avoid-conflict-with-guava) with InstrumentationAnalysisTransform
[        ] Transforming xml-apis-1.4.01.jar (xml-apis:xml-apis:1.4.01) with InstrumentationAnalysisTransform
[        ] Transforming commons-logging-1.2.jar (commons-logging:commons-logging:1.2) with InstrumentationAnalysisTransform
[        ] Transforming kotlin-stdlib-common-1.9.0.jar (org.jetbrains.kotlin:kotlin-stdlib-common:1.9.0) with InstrumentationAnalysisTransform
[        ] Transforming grpc-context-1.45.1.jar (io.grpc:grpc-context:1.45.1) with InstrumentationAnalysisTransform
[        ] Transforming netty-codec-http-4.1.72.Final.jar (io.netty:netty-codec-http:4.1.72.Final) with InstrumentationAnalysisTransform
[        ] Transforming netty-handler-4.1.72.Final.jar (io.netty:netty-handler:4.1.72.Final) with InstrumentationAnalysisTransform
[        ] Transforming netty-codec-socks-4.1.72.Final.jar (io.netty:netty-codec-socks:4.1.72.Final) with InstrumentationAnalysisTransform
[        ] Transforming netty-codec-4.1.72.Final.jar (io.netty:netty-codec:4.1.72.Final) with InstrumentationAnalysisTransform
[        ] Transforming netty-transport-4.1.72.Final.jar (io.netty:netty-transport:4.1.72.Final) with InstrumentationAnalysisTransform
[        ] Transforming netty-buffer-4.1.72.Final.jar (io.netty:netty-buffer:4.1.72.Final) with InstrumentationAnalysisTransform
[        ] Transforming netty-resolver-4.1.72.Final.jar (io.netty:netty-resolver:4.1.72.Final) with InstrumentationAnalysisTransform
[        ] Transforming netty-common-4.1.72.Final.jar (io.netty:netty-common:4.1.72.Final) with InstrumentationAnalysisTransform
[        ] Transforming netty-tcnative-classes-2.0.46.Final.jar (io.netty:netty-tcnative-classes:2.0.46.Final) with InstrumentationAnalysisTransform
[        ] Transforming gradle-8.2.2.jar (com.android.tools.build:gradle:8.2.2) with InstrumentationAnalysisTransform
[        ] Transforming gradle-8.2.2.jar (com.android.tools.build:gradle:8.2.2) with MergeInstrumentationAnalysisTransform
[        ] Transforming kotlin-gradle-plugin-1.7.22-gradle71.jar (org.jetbrains.kotlin:kotlin-gradle-plugin:1.7.22) with InstrumentationAnalysisTransform
[        ] Transforming kotlin-gradle-plugin-1.7.22-gradle71.jar (org.jetbrains.kotlin:kotlin-gradle-plugin:1.7.22) with MergeInstrumentationAnalysisTransform
[        ] Transforming gradle-settings-api-8.2.2.jar (com.android.tools.build:gradle-settings-api:8.2.2) with InstrumentationAnalysisTransform
[        ] Transforming gradle-settings-api-8.2.2.jar (com.android.tools.build:gradle-settings-api:8.2.2) with MergeInstrumentationAnalysisTransform
[        ] Transforming lint-model-31.2.2.jar (com.android.tools.lint:lint-model:31.2.2) with InstrumentationAnalysisTransform
[        ] Transforming lint-model-31.2.2.jar (com.android.tools.lint:lint-model:31.2.2) with MergeInstrumentationAnalysisTransform
[        ] Transforming builder-8.2.2.jar (com.android.tools.build:builder:8.2.2) with InstrumentationAnalysisTransform
[        ] Transforming kotlin-gradle-plugin-1.7.22-gradle71.jar (org.jetbrains.kotlin:kotlin-gradle-plugin:1.7.22) with ExternalDependencyInstrumentingArtifactTransform
[        ] Transforming lint-model-31.2.2.jar (com.android.tools.lint:lint-model:31.2.2) with ExternalDependencyInstrumentingArtifactTransform
[        ] Transforming gradle-settings-api-8.2.2.jar (com.android.tools.build:gradle-settings-api:8.2.2) with ExternalDependencyInstrumentingArtifactTransform
[        ] Transforming gradle-8.2.2.jar (com.android.tools.build:gradle:8.2.2) with ExternalDependencyInstrumentingArtifactTransform
[        ] Transforming builder-8.2.2.jar (com.android.tools.build:builder:8.2.2) with MergeInstrumentationAnalysisTransform
[        ] Transforming manifest-merger-31.2.2.jar (com.android.tools.build:manifest-merger:31.2.2) with InstrumentationAnalysisTransform
[        ] Transforming builder-8.2.2.jar (com.android.tools.build:builder:8.2.2) with ExternalDependencyInstrumentingArtifactTransform
[        ] Transforming manifest-merger-31.2.2.jar (com.android.tools.build:manifest-merger:31.2.2) with MergeInstrumentationAnalysisTransform
[        ] Transforming sdk-common-31.2.2.jar (com.android.tools:sdk-common:31.2.2) with InstrumentationAnalysisTransform
[        ] Transforming sdk-common-31.2.2.jar (com.android.tools:sdk-common:31.2.2) with MergeInstrumentationAnalysisTransform
[        ] Transforming sdklib-31.2.2.jar (com.android.tools:sdklib:31.2.2) with InstrumentationAnalysisTransform
[        ] Transforming sdklib-31.2.2.jar (com.android.tools:sdklib:31.2.2) with MergeInstrumentationAnalysisTransform
[        ] Transforming repository-31.2.2.jar (com.android.tools:repository:31.2.2) with InstrumentationAnalysisTransform
[        ] Transforming repository-31.2.2.jar (com.android.tools:repository:31.2.2) with MergeInstrumentationAnalysisTransform
[        ] Transforming gradle-api-8.2.2.jar (com.android.tools.build:gradle-api:8.2.2) with InstrumentationAnalysisTransform
[        ] Transforming manifest-merger-31.2.2.jar (com.android.tools.build:manifest-merger:31.2.2) with ExternalDependencyInstrumentingArtifactTransform
[        ] Transforming sdk-common-31.2.2.jar (com.android.tools:sdk-common:31.2.2) with ExternalDependencyInstrumentingArtifactTransform
[        ] Transforming sdklib-31.2.2.jar (com.android.tools:sdklib:31.2.2) with ExternalDependencyInstrumentingArtifactTransform
[        ] Transforming gradle-api-8.2.2.jar (com.android.tools.build:gradle-api:8.2.2) with MergeInstrumentationAnalysisTransform
[        ] Transforming repository-31.2.2.jar (com.android.tools:repository:31.2.2) with ExternalDependencyInstrumentingArtifactTransform
[        ] Transforming builder-test-api-8.2.2.jar (com.android.tools.build:builder-test-api:8.2.2) with InstrumentationAnalysisTransform
[        ] Transforming gradle-api-8.2.2.jar (com.android.tools.build:gradle-api:8.2.2) with ExternalDependencyInstrumentingArtifactTransform
[        ] Transforming builder-test-api-8.2.2.jar (com.android.tools.build:builder-test-api:8.2.2) with MergeInstrumentationAnalysisTransform
[        ] Transforming ddmlib-31.2.2.jar (com.android.tools.ddms:ddmlib:31.2.2) with InstrumentationAnalysisTransform
[        ] Transforming ddmlib-31.2.2.jar (com.android.tools.ddms:ddmlib:31.2.2) with MergeInstrumentationAnalysisTransform
[        ] Transforming builder-test-api-8.2.2.jar (com.android.tools.build:builder-test-api:8.2.2) with ExternalDependencyInstrumentingArtifactTransform
[        ] Transforming aaptcompiler-8.2.2.jar (com.android.tools.build:aaptcompiler:8.2.2) with InstrumentationAnalysisTransform
[        ] Transforming aaptcompiler-8.2.2.jar (com.android.tools.build:aaptcompiler:8.2.2) with MergeInstrumentationAnalysisTransform
[        ] Transforming bundletool-1.15.2.jar (com.android.tools.build:bundletool:1.15.2) with InstrumentationAnalysisTransform
[        ] Transforming aaptcompiler-8.2.2.jar (com.android.tools.build:aaptcompiler:8.2.2) with ExternalDependencyInstrumentingArtifactTransform
[        ] Transforming ddmlib-31.2.2.jar (com.android.tools.ddms:ddmlib:31.2.2) with ExternalDependencyInstrumentingArtifactTransform
[        ] Transforming bundletool-1.15.2.jar (com.android.tools.build:bundletool:1.15.2) with MergeInstrumentationAnalysisTransform
[        ] Transforming aapt2-proto-8.2.2-10154469.jar (com.android.tools.build:aapt2-proto:8.2.2-10154469) with InstrumentationAnalysisTransform
[        ] Transforming aapt2-proto-8.2.2-10154469.jar (com.android.tools.build:aapt2-proto:8.2.2-10154469) with MergeInstrumentationAnalysisTransform
[        ] Transforming crash-31.2.2.jar (com.android.tools.analytics-library:crash:31.2.2) with InstrumentationAnalysisTransform
[        ] Transforming bundletool-1.15.2.jar (com.android.tools.build:bundletool:1.15.2) with ExternalDependencyInstrumentingArtifactTransform
[        ] Transforming crash-31.2.2.jar (com.android.tools.analytics-library:crash:31.2.2) with MergeInstrumentationAnalysisTransform
[        ] Transforming tracker-31.2.2.jar (com.android.tools.analytics-library:tracker:31.2.2) with InstrumentationAnalysisTransform
[        ] Transforming aapt2-proto-8.2.2-10154469.jar (com.android.tools.build:aapt2-proto:8.2.2-10154469) with ExternalDependencyInstrumentingArtifactTransform
[        ] Transforming crash-31.2.2.jar (com.android.tools.analytics-library:crash:31.2.2) with ExternalDependencyInstrumentingArtifactTransform
[        ] Transforming tracker-31.2.2.jar (com.android.tools.analytics-library:tracker:31.2.2) with MergeInstrumentationAnalysisTransform
[        ] Transforming shared-31.2.2.jar (com.android.tools.analytics-library:shared:31.2.2) with InstrumentationAnalysisTransform
[        ] Transforming shared-31.2.2.jar (com.android.tools.analytics-library:shared:31.2.2) with MergeInstrumentationAnalysisTransform
[        ] Transforming lint-typedef-remover-31.2.2.jar (com.android.tools.lint:lint-typedef-remover:31.2.2) with InstrumentationAnalysisTransform
[        ] Transforming lint-typedef-remover-31.2.2.jar (com.android.tools.lint:lint-typedef-remover:31.2.2) with MergeInstrumentationAnalysisTransform
[        ] Transforming databinding-compiler-common-8.2.2.jar (androidx.databinding:databinding-compiler-common:8.2.2) with InstrumentationAnalysisTransform
[        ] Transforming databinding-compiler-common-8.2.2.jar (androidx.databinding:databinding-compiler-common:8.2.2) with MergeInstrumentationAnalysisTransform
[        ] Transforming databinding-common-8.2.2.jar (androidx.databinding:databinding-common:8.2.2) with InstrumentationAnalysisTransform
[        ] Transforming tracker-31.2.2.jar (com.android.tools.analytics-library:tracker:31.2.2) with ExternalDependencyInstrumentingArtifactTransform
[        ] Transforming lint-typedef-remover-31.2.2.jar (com.android.tools.lint:lint-typedef-remover:31.2.2) with ExternalDependencyInstrumentingArtifactTransform
[        ] Transforming databinding-compiler-common-8.2.2.jar (androidx.databinding:databinding-compiler-common:8.2.2) with ExternalDependencyInstrumentingArtifactTransform
[        ] Transforming databinding-common-8.2.2.jar (androidx.databinding:databinding-common:8.2.2) with MergeInstrumentationAnalysisTransform
[        ] Transforming shared-31.2.2.jar (com.android.tools.analytics-library:shared:31.2.2) with ExternalDependencyInstrumentingArtifactTransform
[        ] Transforming databinding-common-8.2.2.jar (androidx.databinding:databinding-common:8.2.2) with ExternalDependencyInstrumentingArtifactTransform
[        ] Transforming baseLibrary-8.2.2.jar (com.android.databinding:baseLibrary:8.2.2) with InstrumentationAnalysisTransform
[        ] Transforming baseLibrary-8.2.2.jar (com.android.databinding:baseLibrary:8.2.2) with MergeInstrumentationAnalysisTransform
[        ] Transforming layoutlib-api-31.2.2.jar (com.android.tools.layoutlib:layoutlib-api:31.2.2) with InstrumentationAnalysisTransform
[        ] Transforming layoutlib-api-31.2.2.jar (com.android.tools.layoutlib:layoutlib-api:31.2.2) with MergeInstrumentationAnalysisTransform
[        ] Transforming android-device-provider-ddmlib-proto-31.2.2.jar (com.android.tools.utp:android-device-provider-ddmlib-proto:31.2.2) with InstrumentationAnalysisTransform
[        ] Transforming baseLibrary-8.2.2.jar (com.android.databinding:baseLibrary:8.2.2) with ExternalDependencyInstrumentingArtifactTransform
[        ] Transforming android-device-provider-ddmlib-proto-31.2.2.jar (com.android.tools.utp:android-device-provider-ddmlib-proto:31.2.2) with MergeInstrumentationAnalysisTransform
[        ] Transforming android-device-provider-gradle-proto-31.2.2.jar (com.android.tools.utp:android-device-provider-gradle-proto:31.2.2) with InstrumentationAnalysisTransform
[        ] Transforming layoutlib-api-31.2.2.jar (com.android.tools.layoutlib:layoutlib-api:31.2.2) with ExternalDependencyInstrumentingArtifactTransform
[        ] Transforming android-device-provider-ddmlib-proto-31.2.2.jar (com.android.tools.utp:android-device-provider-ddmlib-proto:31.2.2) with ExternalDependencyInstrumentingArtifactTransform
[        ] Transforming android-device-provider-gradle-proto-31.2.2.jar (com.android.tools.utp:android-device-provider-gradle-proto:31.2.2) with MergeInstrumentationAnalysisTransform
[        ] Transforming android-test-plugin-host-additional-test-output-proto-31.2.2.jar (com.android.tools.utp:android-test-plugin-host-additional-test-output-proto:31.2.2) with InstrumentationAnalysisTransform
[        ] Transforming android-test-plugin-host-additional-test-output-proto-31.2.2.jar (com.android.tools.utp:android-test-plugin-host-additional-test-output-proto:31.2.2) with MergeInstrumentationAnalysisTransform
[        ] Transforming android-device-provider-gradle-proto-31.2.2.jar (com.android.tools.utp:android-device-provider-gradle-proto:31.2.2) with ExternalDependencyInstrumentingArtifactTransform
[        ] Transforming android-test-plugin-host-coverage-proto-31.2.2.jar (com.android.tools.utp:android-test-plugin-host-coverage-proto:31.2.2) with InstrumentationAnalysisTransform
[        ] Transforming android-test-plugin-host-coverage-proto-31.2.2.jar (com.android.tools.utp:android-test-plugin-host-coverage-proto:31.2.2) with MergeInstrumentationAnalysisTransform
[        ] Transforming android-test-plugin-host-additional-test-output-proto-31.2.2.jar (com.android.tools.utp:android-test-plugin-host-additional-test-output-proto:31.2.2) with ExternalDependencyInstrumentingArtifactTransform
[        ] Transforming android-test-plugin-host-emulator-control-proto-31.2.2.jar (com.android.tools.utp:android-test-plugin-host-emulator-control-proto:31.2.2) with InstrumentationAnalysisTransform
[        ] Transforming android-test-plugin-host-emulator-control-proto-31.2.2.jar (com.android.tools.utp:android-test-plugin-host-emulator-control-proto:31.2.2) with MergeInstrumentationAnalysisTransform
[        ] Transforming android-test-plugin-host-coverage-proto-31.2.2.jar (com.android.tools.utp:android-test-plugin-host-coverage-proto:31.2.2) with ExternalDependencyInstrumentingArtifactTransform
[        ] Transforming android-test-plugin-host-logcat-proto-31.2.2.jar (com.android.tools.utp:android-test-plugin-host-logcat-proto:31.2.2) with InstrumentationAnalysisTransform
[        ] Transforming android-test-plugin-host-emulator-control-proto-31.2.2.jar (com.android.tools.utp:android-test-plugin-host-emulator-control-proto:31.2.2) with ExternalDependencyInstrumentingArtifactTransform
[        ] Transforming android-test-plugin-host-logcat-proto-31.2.2.jar (com.android.tools.utp:android-test-plugin-host-logcat-proto:31.2.2) with MergeInstrumentationAnalysisTransform
[        ] Transforming android-test-plugin-host-apk-installer-proto-31.2.2.jar (com.android.tools.utp:android-test-plugin-host-apk-installer-proto:31.2.2) with InstrumentationAnalysisTransform
[        ] Transforming android-test-plugin-host-apk-installer-proto-31.2.2.jar (com.android.tools.utp:android-test-plugin-host-apk-installer-proto:31.2.2) with MergeInstrumentationAnalysisTransform
[        ] Transforming android-test-plugin-host-retention-proto-31.2.2.jar (com.android.tools.utp:android-test-plugin-host-retention-proto:31.2.2) with InstrumentationAnalysisTransform
[        ] Transforming android-test-plugin-host-logcat-proto-31.2.2.jar (com.android.tools.utp:android-test-plugin-host-logcat-proto:31.2.2) with ExternalDependencyInstrumentingArtifactTransform
[        ] Transforming android-test-plugin-host-retention-proto-31.2.2.jar (com.android.tools.utp:android-test-plugin-host-retention-proto:31.2.2) with MergeInstrumentationAnalysisTransform
[        ] Transforming android-test-plugin-result-listener-gradle-proto-31.2.2.jar (com.android.tools.utp:android-test-plugin-result-listener-gradle-proto:31.2.2) with InstrumentationAnalysisTransform
[        ] Transforming android-test-plugin-host-apk-installer-proto-31.2.2.jar (com.android.tools.utp:android-test-plugin-host-apk-installer-proto:31.2.2) with ExternalDependencyInstrumentingArtifactTransform
[        ] Transforming android-test-plugin-result-listener-gradle-proto-31.2.2.jar (com.android.tools.utp:android-test-plugin-result-listener-gradle-proto:31.2.2) with MergeInstrumentationAnalysisTransform
[        ] Transforming builder-model-8.2.2.jar (com.android.tools.build:builder-model:8.2.2) with InstrumentationAnalysisTransform
[        ] Transforming builder-model-8.2.2.jar (com.android.tools.build:builder-model:8.2.2) with MergeInstrumentationAnalysisTransform
[        ] Transforming dvlib-31.2.2.jar (com.android.tools:dvlib:31.2.2) with InstrumentationAnalysisTransform
[        ] Transforming dvlib-31.2.2.jar (com.android.tools:dvlib:31.2.2) with MergeInstrumentationAnalysisTransform
[        ] Transforming common-31.2.2.jar (com.android.tools:common:31.2.2) with InstrumentationAnalysisTransform
[        ] Transforming common-31.2.2.jar (com.android.tools:common:31.2.2) with MergeInstrumentationAnalysisTransform
[        ] Transforming kotlin-stdlib-jdk8-1.9.0.jar (org.jetbrains.kotlin:kotlin-stdlib-jdk8:1.9.0) with InstrumentationAnalysisTransform
[        ] Transforming android-test-plugin-host-retention-proto-31.2.2.jar (com.android.tools.utp:android-test-plugin-host-retention-proto:31.2.2) with ExternalDependencyInstrumentingArtifactTransform
[        ] Transforming builder-model-8.2.2.jar (com.android.tools.build:builder-model:8.2.2) with ExternalDependencyInstrumentingArtifactTransform
[        ] Transforming kotlin-stdlib-jdk8-1.9.0.jar (org.jetbrains.kotlin:kotlin-stdlib-jdk8:1.9.0) with MergeInstrumentationAnalysisTransform
[        ] Transforming android-test-plugin-result-listener-gradle-proto-31.2.2.jar (com.android.tools.utp:android-test-plugin-result-listener-gradle-proto:31.2.2) with ExternalDependencyInstrumentingArtifactTransform
[        ] Transforming transform-api-2.0.0-deprecated-use-gradle-api.jar (com.android.tools.build:transform-api:2.0.0-deprecated-use-gradle-api) with InstrumentationAnalysisTransform
[        ] Transforming kotlin-stdlib-jdk8-1.9.0.jar (org.jetbrains.kotlin:kotlin-stdlib-jdk8:1.9.0) with ExternalDependencyInstrumentingArtifactTransform
[        ] Transforming common-31.2.2.jar (com.android.tools:common:31.2.2) with ExternalDependencyInstrumentingArtifactTransform
[        ] Transforming dvlib-31.2.2.jar (com.android.tools:dvlib:31.2.2) with ExternalDependencyInstrumentingArtifactTransform
[        ] Transforming transform-api-2.0.0-deprecated-use-gradle-api.jar (com.android.tools.build:transform-api:2.0.0-deprecated-use-gradle-api) with MergeInstrumentationAnalysisTransform
[        ] Transforming httpmime-4.5.6.jar (org.apache.httpcomponents:httpmime:4.5.6) with InstrumentationAnalysisTransform
[        ] Transforming httpmime-4.5.6.jar (org.apache.httpcomponents:httpmime:4.5.6) with MergeInstrumentationAnalysisTransform
[        ] Transforming transform-api-2.0.0-deprecated-use-gradle-api.jar (com.android.tools.build:transform-api:2.0.0-deprecated-use-gradle-api) with ExternalDependencyInstrumentingArtifactTransform
[        ] Transforming commons-io-2.4.jar (commons-io:commons-io:2.4) with InstrumentationAnalysisTransform
[        ] Transforming httpmime-4.5.6.jar (org.apache.httpcomponents:httpmime:4.5.6) with ExternalDependencyInstrumentingArtifactTransform
[        ] Transforming commons-io-2.4.jar (commons-io:commons-io:2.4) with MergeInstrumentationAnalysisTransform
[        ] Transforming jetifier-processor-1.0.0-beta10.jar (com.android.tools.build.jetifier:jetifier-processor:1.0.0-beta10) with InstrumentationAnalysisTransform
[        ] Transforming jetifier-processor-1.0.0-beta10.jar (com.android.tools.build.jetifier:jetifier-processor:1.0.0-beta10) with MergeInstrumentationAnalysisTransform
[        ] Transforming commons-io-2.4.jar (commons-io:commons-io:2.4) with ExternalDependencyInstrumentingArtifactTransform
[        ] Transforming asm-commons-9.2.jar (org.ow2.asm:asm-commons:9.2) with InstrumentationAnalysisTransform
[        ] Transforming asm-commons-9.2.jar (org.ow2.asm:asm-commons:9.2) with MergeInstrumentationAnalysisTransform
[        ] Transforming asm-util-9.2.jar (org.ow2.asm:asm-util:9.2) with InstrumentationAnalysisTransform
[        ] Transforming jetifier-processor-1.0.0-beta10.jar (com.android.tools.build.jetifier:jetifier-processor:1.0.0-beta10) with ExternalDependencyInstrumentingArtifactTransform
[        ] Transforming asm-util-9.2.jar (org.ow2.asm:asm-util:9.2) with MergeInstrumentationAnalysisTransform
[        ] Transforming asm-analysis-9.2.jar (org.ow2.asm:asm-analysis:9.2) with InstrumentationAnalysisTransform
[        ] Transforming asm-util-9.2.jar (org.ow2.asm:asm-util:9.2) with ExternalDependencyInstrumentingArtifactTransform
[        ] Transforming asm-commons-9.2.jar (org.ow2.asm:asm-commons:9.2) with ExternalDependencyInstrumentingArtifactTransform
[        ] Transforming asm-analysis-9.2.jar (org.ow2.asm:asm-analysis:9.2) with MergeInstrumentationAnalysisTransform
[        ] Transforming asm-tree-9.2.jar (org.ow2.asm:asm-tree:9.2) with InstrumentationAnalysisTransform
[        ] Transforming asm-tree-9.2.jar (org.ow2.asm:asm-tree:9.2) with MergeInstrumentationAnalysisTransform
[        ] Transforming asm-analysis-9.2.jar (org.ow2.asm:asm-analysis:9.2) with ExternalDependencyInstrumentingArtifactTransform
[        ] Transforming asm-9.2.jar (org.ow2.asm:asm:9.2) with InstrumentationAnalysisTransform
[        ] Transforming asm-9.2.jar (org.ow2.asm:asm:9.2) with MergeInstrumentationAnalysisTransform
[        ] Transforming apkzlib-8.2.2.jar (com.android.tools.build:apkzlib:8.2.2) with InstrumentationAnalysisTransform
[        ] Transforming apkzlib-8.2.2.jar (com.android.tools.build:apkzlib:8.2.2) with MergeInstrumentationAnalysisTransform
[        ] Transforming bcpkix-jdk15on-1.67.jar (org.bouncycastle:bcpkix-jdk15on:1.67) with InstrumentationAnalysisTransform
[        ] Transforming asm-9.2.jar (org.ow2.asm:asm:9.2) with ExternalDependencyInstrumentingArtifactTransform
[        ] Transforming bcpkix-jdk15on-1.67.jar (org.bouncycastle:bcpkix-jdk15on:1.67) with MergeInstrumentationAnalysisTransform
[        ] Transforming jaxb-runtime-2.3.2.jar (org.glassfish.jaxb:jaxb-runtime:2.3.2) with InstrumentationAnalysisTransform
[        ] Transforming asm-tree-9.2.jar (org.ow2.asm:asm-tree:9.2) with ExternalDependencyInstrumentingArtifactTransform
[        ] Transforming jaxb-runtime-2.3.2.jar (org.glassfish.jaxb:jaxb-runtime:2.3.2) with MergeInstrumentationAnalysisTransform
[        ] Transforming bcpkix-jdk15on-1.67.jar (org.bouncycastle:bcpkix-jdk15on:1.67) with ExternalDependencyInstrumentingArtifactTransform
[        ] Transforming apkzlib-8.2.2.jar (com.android.tools.build:apkzlib:8.2.2) with ExternalDependencyInstrumentingArtifactTransform
[        ] Transforming jopt-simple-4.9.jar (net.sf.jopt-simple:jopt-simple:4.9) with InstrumentationAnalysisTransform
[        ] Transforming jopt-simple-4.9.jar (net.sf.jopt-simple:jopt-simple:4.9) with MergeInstrumentationAnalysisTransform
[        ] Transforming jetifier-core-1.0.0-beta10.jar (com.android.tools.build.jetifier:jetifier-core:1.0.0-beta10) with InstrumentationAnalysisTransform
[        ] Transforming jetifier-core-1.0.0-beta10.jar (com.android.tools.build.jetifier:jetifier-core:1.0.0-beta10) with MergeInstrumentationAnalysisTransform
[        ] Transforming javapoet-1.10.0.jar (com.squareup:javapoet:1.10.0) with InstrumentationAnalysisTransform
[        ] Transforming javapoet-1.10.0.jar (com.squareup:javapoet:1.10.0) with MergeInstrumentationAnalysisTransform
[        ] Transforming protobuf-java-util-3.19.3.jar (com.google.protobuf:protobuf-java-util:3.19.3) with InstrumentationAnalysisTransform
[        ] Transforming protobuf-java-util-3.19.3.jar (com.google.protobuf:protobuf-java-util:3.19.3) with MergeInstrumentationAnalysisTransform
[        ] Transforming grpc-protobuf-1.45.1.jar (io.grpc:grpc-protobuf:1.45.1) with InstrumentationAnalysisTransform
[        ] Transforming grpc-protobuf-1.45.1.jar (io.grpc:grpc-protobuf:1.45.1) with MergeInstrumentationAnalysisTransform
[        ] Transforming jaxb-runtime-2.3.2.jar (org.glassfish.jaxb:jaxb-runtime:2.3.2) with ExternalDependencyInstrumentingArtifactTransform
[        ] Transforming protobuf-java-util-3.19.3.jar (com.google.protobuf:protobuf-java-util:3.19.3) with ExternalDependencyInstrumentingArtifactTransform
[        ] Transforming jopt-simple-4.9.jar (net.sf.jopt-simple:jopt-simple:4.9) with ExternalDependencyInstrumentingArtifactTransform
[        ] Transforming tink-1.7.0.jar (com.google.crypto.tink:tink:1.7.0) with InstrumentationAnalysisTransform
[        ] Transforming jetifier-core-1.0.0-beta10.jar (com.android.tools.build.jetifier:jetifier-core:1.0.0-beta10) with ExternalDependencyInstrumentingArtifactTransform
[        ] Transforming tink-1.7.0.jar (com.google.crypto.tink:tink:1.7.0) with MergeInstrumentationAnalysisTransform
[        ] Transforming javapoet-1.10.0.jar (com.squareup:javapoet:1.10.0) with ExternalDependencyInstrumentingArtifactTransform
[        ] Transforming grpc-protobuf-1.45.1.jar (io.grpc:grpc-protobuf:1.45.1) with ExternalDependencyInstrumentingArtifactTransform
[        ] Transforming tink-1.7.0.jar (com.google.crypto.tink:tink:1.7.0) with ExternalDependencyInstrumentingArtifactTransform
[        ] Transforming protos-31.2.2.jar (com.android.tools.analytics-library:protos:31.2.2) with InstrumentationAnalysisTransform
[        ] Transforming protos-31.2.2.jar (com.android.tools.analytics-library:protos:31.2.2) with MergeInstrumentationAnalysisTransform
[        ] Transforming proto-google-common-protos-2.0.1.jar (com.google.api.grpc:proto-google-common-protos:2.0.1) with InstrumentationAnalysisTransform
[        ] Transforming proto-google-common-protos-2.0.1.jar (com.google.api.grpc:proto-google-common-protos:2.0.1) with MergeInstrumentationAnalysisTransform
[        ] Transforming protobuf-java-3.19.3.jar (com.google.protobuf:protobuf-java:3.19.3) with InstrumentationAnalysisTransform
[        ] Transforming protobuf-java-3.19.3.jar (com.google.protobuf:protobuf-java:3.19.3) with MergeInstrumentationAnalysisTransform
[        ] Transforming grpc-netty-1.45.1.jar (io.grpc:grpc-netty:1.45.1) with InstrumentationAnalysisTransform
[        ] Transforming grpc-netty-1.45.1.jar (io.grpc:grpc-netty:1.45.1) with MergeInstrumentationAnalysisTransform
[        ] Transforming grpc-core-1.45.1.jar (io.grpc:grpc-core:1.45.1) with InstrumentationAnalysisTransform
[        ] Transforming grpc-core-1.45.1.jar (io.grpc:grpc-core:1.45.1) with MergeInstrumentationAnalysisTransform
[        ] Transforming gson-2.10.jar (com.google.code.gson:gson:2.10) with InstrumentationAnalysisTransform
[        ] Transforming protobuf-java-3.19.3.jar (com.google.protobuf:protobuf-java:3.19.3) with ExternalDependencyInstrumentingArtifactTransform
[        ] Transforming proto-google-common-protos-2.0.1.jar (com.google.api.grpc:proto-google-common-protos:2.0.1) with ExternalDependencyInstrumentingArtifactTransform
[        ] Transforming grpc-core-1.45.1.jar (io.grpc:grpc-core:1.45.1) with ExternalDependencyInstrumentingArtifactTransform
[        ] Transforming protos-31.2.2.jar (com.android.tools.analytics-library:protos:31.2.2) with ExternalDependencyInstrumentingArtifactTransform
[        ] Transforming gson-2.10.jar (com.google.code.gson:gson:2.10) with MergeInstrumentationAnalysisTransform
[        ] Transforming grpc-netty-1.45.1.jar (io.grpc:grpc-netty:1.45.1) with ExternalDependencyInstrumentingArtifactTransform
[        ] Transforming grpc-stub-1.45.1.jar (io.grpc:grpc-stub:1.45.1) with InstrumentationAnalysisTransform
[        ] Transforming grpc-stub-1.45.1.jar (io.grpc:grpc-stub:1.45.1) with MergeInstrumentationAnalysisTransform
[        ] Transforming core-proto-0.0.8-alpha08.jar (com.google.testing.platform:core-proto:0.0.8-alpha08) with InstrumentationAnalysisTransform
[        ] Transforming gson-2.10.jar (com.google.code.gson:gson:2.10) with ExternalDependencyInstrumentingArtifactTransform
[        ] Transforming grpc-stub-1.45.1.jar (io.grpc:grpc-stub:1.45.1) with ExternalDependencyInstrumentingArtifactTransform
[        ] Transforming core-proto-0.0.8-alpha08.jar (com.google.testing.platform:core-proto:0.0.8-alpha08) with MergeInstrumentationAnalysisTransform
[        ] Transforming tensorflow-lite-metadata-0.1.0-rc2.jar (org.tensorflow:tensorflow-lite-metadata:0.1.0-rc2) with InstrumentationAnalysisTransform
[        ] Transforming core-proto-0.0.8-alpha08.jar (com.google.testing.platform:core-proto:0.0.8-alpha08) with ExternalDependencyInstrumentingArtifactTransform
[        ] Transforming tensorflow-lite-metadata-0.1.0-rc2.jar (org.tensorflow:tensorflow-lite-metadata:0.1.0-rc2) with MergeInstrumentationAnalysisTransform
[        ] Transforming flatbuffers-java-1.12.0.jar (com.google.flatbuffers:flatbuffers-java:1.12.0) with InstrumentationAnalysisTransform
[        ] Transforming flatbuffers-java-1.12.0.jar (com.google.flatbuffers:flatbuffers-java:1.12.0) with MergeInstrumentationAnalysisTransform
[        ] Transforming kotlin-gradle-plugin-model-1.7.22.jar (org.jetbrains.kotlin:kotlin-gradle-plugin-model:1.7.22) with InstrumentationAnalysisTransform
[        ] Transforming kotlin-gradle-plugin-model-1.7.22.jar (org.jetbrains.kotlin:kotlin-gradle-plugin-model:1.7.22) with MergeInstrumentationAnalysisTransform
[        ] Transforming tensorflow-lite-metadata-0.1.0-rc2.jar (org.tensorflow:tensorflow-lite-metadata:0.1.0-rc2) with ExternalDependencyInstrumentingArtifactTransform
[        ] Transforming kotlin-gradle-plugin-api-1.7.22-gradle71.jar (org.jetbrains.kotlin:kotlin-gradle-plugin-api:1.7.22) with InstrumentationAnalysisTransform
[        ] Transforming kotlin-gradle-plugin-model-1.7.22.jar (org.jetbrains.kotlin:kotlin-gradle-plugin-model:1.7.22) with ExternalDependencyInstrumentingArtifactTransform
[        ] Transforming flatbuffers-java-1.12.0.jar (com.google.flatbuffers:flatbuffers-java:1.12.0) with ExternalDependencyInstrumentingArtifactTransform
[        ] Transforming kotlin-gradle-plugin-api-1.7.22-gradle71.jar (org.jetbrains.kotlin:kotlin-gradle-plugin-api:1.7.22) with MergeInstrumentationAnalysisTransform
[        ] Transforming kotlin-gradle-plugin-api-1.7.22.jar (org.jetbrains.kotlin:kotlin-gradle-plugin-api:1.7.22) with InstrumentationAnalysisTransform
[        ] Transforming kotlin-gradle-plugin-api-1.7.22.jar (org.jetbrains.kotlin:kotlin-gradle-plugin-api:1.7.22) with MergeInstrumentationAnalysisTransform
[        ] Transforming kotlin-gradle-plugin-api-1.7.22-gradle71.jar (org.jetbrains.kotlin:kotlin-gradle-plugin-api:1.7.22) with ExternalDependencyInstrumentingArtifactTransform
[        ] Transforming kotlin-gradle-plugin-idea-proto-1.7.22.jar (org.jetbrains.kotlin:kotlin-gradle-plugin-idea-proto:1.7.22) with InstrumentationAnalysisTransform
[        ] Transforming kotlin-gradle-plugin-idea-proto-1.7.22.jar (org.jetbrains.kotlin:kotlin-gradle-plugin-idea-proto:1.7.22) with MergeInstrumentationAnalysisTransform
[        ] Transforming kotlin-gradle-plugin-idea-1.7.22.jar (org.jetbrains.kotlin:kotlin-gradle-plugin-idea:1.7.22) with InstrumentationAnalysisTransform
[        ] Transforming kotlin-gradle-plugin-idea-1.7.22.jar (org.jetbrains.kotlin:kotlin-gradle-plugin-idea:1.7.22) with MergeInstrumentationAnalysisTransform
[        ] Transforming kotlin-project-model-1.7.22.jar (org.jetbrains.kotlin:kotlin-project-model:1.7.22) with InstrumentationAnalysisTransform
[        ] Transforming kotlin-gradle-plugin-api-1.7.22.jar (org.jetbrains.kotlin:kotlin-gradle-plugin-api:1.7.22) with ExternalDependencyInstrumentingArtifactTransform
[        ] Transforming kotlin-gradle-plugin-idea-proto-1.7.22.jar (org.jetbrains.kotlin:kotlin-gradle-plugin-idea-proto:1.7.22) with ExternalDependencyInstrumentingArtifactTransform
[        ] Transforming kotlin-project-model-1.7.22.jar (org.jetbrains.kotlin:kotlin-project-model:1.7.22) with MergeInstrumentationAnalysisTransform
[        ] Transforming kotlin-tooling-core-1.7.22.jar (org.jetbrains.kotlin:kotlin-tooling-core:1.7.22) with InstrumentationAnalysisTransform
[        ] Transforming kotlin-gradle-plugin-idea-1.7.22.jar (org.jetbrains.kotlin:kotlin-gradle-plugin-idea:1.7.22) with ExternalDependencyInstrumentingArtifactTransform
[        ] Transforming kotlin-tooling-core-1.7.22.jar (org.jetbrains.kotlin:kotlin-tooling-core:1.7.22) with MergeInstrumentationAnalysisTransform
[        ] Transforming kotlin-util-klib-1.7.22.jar (org.jetbrains.kotlin:kotlin-util-klib:1.7.22) with InstrumentationAnalysisTransform
[        ] Transforming kotlin-project-model-1.7.22.jar (org.jetbrains.kotlin:kotlin-project-model:1.7.22) with ExternalDependencyInstrumentingArtifactTransform
[        ] Transforming kotlin-tooling-core-1.7.22.jar (org.jetbrains.kotlin:kotlin-tooling-core:1.7.22) with ExternalDependencyInstrumentingArtifactTransform
[        ] Transforming kotlin-util-klib-1.7.22.jar (org.jetbrains.kotlin:kotlin-util-klib:1.7.22) with MergeInstrumentationAnalysisTransform
[        ] Transforming kotlin-klib-commonizer-api-1.7.22.jar (org.jetbrains.kotlin:kotlin-klib-commonizer-api:1.7.22) with InstrumentationAnalysisTransform
[        ] Transforming kotlin-klib-commonizer-api-1.7.22.jar (org.jetbrains.kotlin:kotlin-klib-commonizer-api:1.7.22) with MergeInstrumentationAnalysisTransform
[        ] Transforming kotlin-util-klib-1.7.22.jar (org.jetbrains.kotlin:kotlin-util-klib:1.7.22) with ExternalDependencyInstrumentingArtifactTransform
[        ] Transforming kotlin-annotation-processing-gradle-1.7.22.jar (org.jetbrains.kotlin:kotlin-annotation-processing-gradle:1.7.22) with InstrumentationAnalysisTransform
[        ] Transforming kotlin-annotation-processing-gradle-1.7.22.jar (org.jetbrains.kotlin:kotlin-annotation-processing-gradle:1.7.22) with MergeInstrumentationAnalysisTransform
[        ] Transforming kotlin-klib-commonizer-api-1.7.22.jar (org.jetbrains.kotlin:kotlin-klib-commonizer-api:1.7.22) with ExternalDependencyInstrumentingArtifactTransform
[        ] Transforming kotlin-annotation-processing-gradle-1.7.22.jar (org.jetbrains.kotlin:kotlin-annotation-processing-gradle:1.7.22) with ExternalDependencyInstrumentingArtifactTransform
[        ] Transforming kotlin-android-extensions-1.7.22.jar (org.jetbrains.kotlin:kotlin-android-extensions:1.7.22) with InstrumentationAnalysisTransform
[        ] Transforming kotlin-android-extensions-1.7.22.jar (org.jetbrains.kotlin:kotlin-android-extensions:1.7.22) with MergeInstrumentationAnalysisTransform
[        ] Transforming kotlin-compiler-runner-1.7.22.jar (org.jetbrains.kotlin:kotlin-compiler-runner:1.7.22) with InstrumentationAnalysisTransform
[        ] Transforming kotlin-compiler-runner-1.7.22.jar (org.jetbrains.kotlin:kotlin-compiler-runner:1.7.22) with MergeInstrumentationAnalysisTransform
[        ] Transforming kotlin-compiler-embeddable-1.7.22.jar (org.jetbrains.kotlin:kotlin-compiler-embeddable:1.7.22) with InstrumentationAnalysisTransform
[        ] Transforming kotlin-compiler-embeddable-1.7.22.jar (org.jetbrains.kotlin:kotlin-compiler-embeddable:1.7.22) with MergeInstrumentationAnalysisTransform
[        ] Transforming kotlin-scripting-compiler-embeddable-1.7.22.jar (org.jetbrains.kotlin:kotlin-scripting-compiler-embeddable:1.7.22) with InstrumentationAnalysisTransform
[        ] Transforming kotlin-android-extensions-1.7.22.jar (org.jetbrains.kotlin:kotlin-android-extensions:1.7.22) with ExternalDependencyInstrumentingArtifactTransform
[        ] Transforming kotlin-compiler-embeddable-1.7.22.jar (org.jetbrains.kotlin:kotlin-compiler-embeddable:1.7.22) with ExternalDependencyInstrumentingArtifactTransform
[        ] Transforming kotlin-compiler-runner-1.7.22.jar (org.jetbrains.kotlin:kotlin-compiler-runner:1.7.22) with ExternalDependencyInstrumentingArtifactTransform
[        ] Transforming kotlin-scripting-compiler-embeddable-1.7.22.jar (org.jetbrains.kotlin:kotlin-scripting-compiler-embeddable:1.7.22) with MergeInstrumentationAnalysisTransform
[        ] Transforming kotlin-scripting-compiler-impl-embeddable-1.7.22.jar (org.jetbrains.kotlin:kotlin-scripting-compiler-impl-embeddable:1.7.22) with InstrumentationAnalysisTransform
[        ] Transforming kotlin-scripting-compiler-impl-embeddable-1.7.22.jar (org.jetbrains.kotlin:kotlin-scripting-compiler-impl-embeddable:1.7.22) with MergeInstrumentationAnalysisTransform
[        ] Transforming jimfs-1.1.jar (com.google.jimfs:jimfs:1.1) with InstrumentationAnalysisTransform
[        ] Transforming jimfs-1.1.jar (com.google.jimfs:jimfs:1.1) with MergeInstrumentationAnalysisTransform
[        ] Transforming grpc-protobuf-lite-1.45.1.jar (io.grpc:grpc-protobuf-lite:1.45.1) with InstrumentationAnalysisTransform
[        ] Transforming grpc-protobuf-lite-1.45.1.jar (io.grpc:grpc-protobuf-lite:1.45.1) with MergeInstrumentationAnalysisTransform
[        ] Transforming kotlin-scripting-compiler-impl-embeddable-1.7.22.jar (org.jetbrains.kotlin:kotlin-scripting-compiler-impl-embeddable:1.7.22) with ExternalDependencyInstrumentingArtifactTransform
[        ] Transforming kotlin-scripting-compiler-embeddable-1.7.22.jar (org.jetbrains.kotlin:kotlin-scripting-compiler-embeddable:1.7.22) with ExternalDependencyInstrumentingArtifactTransform
[        ] Transforming grpc-api-1.45.1.jar (io.grpc:grpc-api:1.45.1) with InstrumentationAnalysisTransform
[        ] Transforming grpc-protobuf-lite-1.45.1.jar (io.grpc:grpc-protobuf-lite:1.45.1) with ExternalDependencyInstrumentingArtifactTransform
[        ] Transforming jimfs-1.1.jar (com.google.jimfs:jimfs:1.1) with ExternalDependencyInstrumentingArtifactTransform
[        ] Transforming grpc-api-1.45.1.jar (io.grpc:grpc-api:1.45.1) with MergeInstrumentationAnalysisTransform
[        ] Transforming guava-31.1-jre.jar (com.google.guava:guava:31.1-jre) with InstrumentationAnalysisTransform
[        ] Transforming guava-31.1-jre.jar (com.google.guava:guava:31.1-jre) with MergeInstrumentationAnalysisTransform
[        ] Transforming dagger-2.28.3.jar (com.google.dagger:dagger:2.28.3) with InstrumentationAnalysisTransform
[        ] Transforming dagger-2.28.3.jar (com.google.dagger:dagger:2.28.3) with MergeInstrumentationAnalysisTransform
[        ] Transforming grpc-api-1.45.1.jar (io.grpc:grpc-api:1.45.1) with ExternalDependencyInstrumentingArtifactTransform
[        ] Transforming guava-31.1-jre.jar (com.google.guava:guava:31.1-jre) with ExternalDependencyInstrumentingArtifactTransform
[        ] Transforming javax.inject-1.jar (javax.inject:javax.inject:1) with InstrumentationAnalysisTransform
[        ] Transforming javax.inject-1.jar (javax.inject:javax.inject:1) with MergeInstrumentationAnalysisTransform
[        ] Transforming kxml2-2.3.0.jar (net.sf.kxml:kxml2:2.3.0) with InstrumentationAnalysisTransform
[        ] Transforming kxml2-2.3.0.jar (net.sf.kxml:kxml2:2.3.0) with MergeInstrumentationAnalysisTransform
[        ] Transforming bcprov-jdk15on-1.67.jar (org.bouncycastle:bcprov-jdk15on:1.67) with InstrumentationAnalysisTransform
[        ] Transforming javax.inject-1.jar (javax.inject:javax.inject:1) with ExternalDependencyInstrumentingArtifactTransform
[        ] Transforming dagger-2.28.3.jar (com.google.dagger:dagger:2.28.3) with ExternalDependencyInstrumentingArtifactTransform
[        ] Transforming kxml2-2.3.0.jar (net.sf.kxml:kxml2:2.3.0) with ExternalDependencyInstrumentingArtifactTransform
[        ] Transforming bcprov-jdk15on-1.67.jar (org.bouncycastle:bcprov-jdk15on:1.67) with MergeInstrumentationAnalysisTransform
[        ] Transforming trove4j-1.0.20200330.jar (org.jetbrains.intellij.deps:trove4j:1.0.20200330) with InstrumentationAnalysisTransform
[        ] Transforming trove4j-1.0.20200330.jar (org.jetbrains.intellij.deps:trove4j:1.0.20200330) with MergeInstrumentationAnalysisTransform
[        ] Transforming kotlin-reflect-1.9.0.jar (org.jetbrains.kotlin:kotlin-reflect:1.9.0) with InstrumentationAnalysisTransform
[        ] Transforming bcprov-jdk15on-1.67.jar (org.bouncycastle:bcprov-jdk15on:1.67) with ExternalDependencyInstrumentingArtifactTransform
[        ] Transforming trove4j-1.0.20200330.jar (org.jetbrains.intellij.deps:trove4j:1.0.20200330) with ExternalDependencyInstrumentingArtifactTransform
[        ] Transforming kotlin-reflect-1.9.0.jar (org.jetbrains.kotlin:kotlin-reflect:1.9.0) with MergeInstrumentationAnalysisTransform
[        ] Transforming xercesImpl-2.12.0.jar (xerces:xercesImpl:2.12.0) with InstrumentationAnalysisTransform
[        ] Transforming kotlin-reflect-1.9.0.jar (org.jetbrains.kotlin:kotlin-reflect:1.9.0) with ExternalDependencyInstrumentingArtifactTransform
[        ] Transforming xercesImpl-2.12.0.jar (xerces:xercesImpl:2.12.0) with MergeInstrumentationAnalysisTransform
[        ] Transforming commons-compress-1.21.jar (org.apache.commons:commons-compress:1.21) with InstrumentationAnalysisTransform
[        ] Transforming commons-compress-1.21.jar (org.apache.commons:commons-compress:1.21) with MergeInstrumentationAnalysisTransform
[        ] Transforming xercesImpl-2.12.0.jar (xerces:xercesImpl:2.12.0) with ExternalDependencyInstrumentingArtifactTransform
[        ] Transforming httpclient-4.5.14.jar (org.apache.httpcomponents:httpclient:4.5.14) with InstrumentationAnalysisTransform
[        ] Transforming commons-compress-1.21.jar (org.apache.commons:commons-compress:1.21) with ExternalDependencyInstrumentingArtifactTransform
[        ] Transforming httpclient-4.5.14.jar (org.apache.httpcomponents:httpclient:4.5.14) with MergeInstrumentationAnalysisTransform
[        ] Transforming httpcore-4.4.16.jar (org.apache.httpcomponents:httpcore:4.4.16) with InstrumentationAnalysisTransform
[        ] Transforming httpcore-4.4.16.jar (org.apache.httpcomponents:httpcore:4.4.16) with MergeInstrumentationAnalysisTransform
[        ] Transforming httpclient-4.5.14.jar (org.apache.httpcomponents:httpclient:4.5.14) with ExternalDependencyInstrumentingArtifactTransform
[        ] Transforming httpcore-4.4.16.jar (org.apache.httpcomponents:httpcore:4.4.16) with ExternalDependencyInstrumentingArtifactTransform
[        ] Transforming javax.activation-1.2.0.jar (com.sun.activation:javax.activation:1.2.0) with InstrumentationAnalysisTransform
[        ] Transforming javax.activation-1.2.0.jar (com.sun.activation:javax.activation:1.2.0) with MergeInstrumentationAnalysisTransform
[        ] Transforming kotlin-stdlib-jdk7-1.9.0.jar (org.jetbrains.kotlin:kotlin-stdlib-jdk7:1.9.0) with InstrumentationAnalysisTransform
[        ] Transforming kotlin-stdlib-jdk7-1.9.0.jar (org.jetbrains.kotlin:kotlin-stdlib-jdk7:1.9.0) with MergeInstrumentationAnalysisTransform
[        ] Transforming javax.activation-1.2.0.jar (com.sun.activation:javax.activation:1.2.0) with ExternalDependencyInstrumentingArtifactTransform
[        ] Transforming kotlin-stdlib-1.9.0.jar (org.jetbrains.kotlin:kotlin-stdlib:1.9.0) with InstrumentationAnalysisTransform
[        ] Transforming kotlin-stdlib-1.9.0.jar (org.jetbrains.kotlin:kotlin-stdlib:1.9.0) with MergeInstrumentationAnalysisTransform
[        ] Transforming kotlin-stdlib-jdk7-1.9.0.jar (org.jetbrains.kotlin:kotlin-stdlib-jdk7:1.9.0) with ExternalDependencyInstrumentingArtifactTransform
[        ] Transforming annotations-13.0.jar (org.jetbrains:annotations:13.0) with InstrumentationAnalysisTransform
[        ] Transforming annotations-13.0.jar (org.jetbrains:annotations:13.0) with MergeInstrumentationAnalysisTransform
[        ] Transforming signflinger-8.2.2.jar (com.android:signflinger:8.2.2) with InstrumentationAnalysisTransform
[        ] Transforming signflinger-8.2.2.jar (com.android:signflinger:8.2.2) with MergeInstrumentationAnalysisTransform
[        ] Transforming zipflinger-8.2.2.jar (com.android:zipflinger:8.2.2) with InstrumentationAnalysisTransform
[        ] Transforming zipflinger-8.2.2.jar (com.android:zipflinger:8.2.2) with MergeInstrumentationAnalysisTransform
[        ] Transforming annotations-31.2.2.jar (com.android.tools:annotations:31.2.2) with InstrumentationAnalysisTransform
[        ] Transforming kotlin-stdlib-1.9.0.jar (org.jetbrains.kotlin:kotlin-stdlib:1.9.0) with ExternalDependencyInstrumentingArtifactTransform
[        ] Transforming signflinger-8.2.2.jar (com.android:signflinger:8.2.2) with ExternalDependencyInstrumentingArtifactTransform
[        ] Transforming annotations-13.0.jar (org.jetbrains:annotations:13.0) with ExternalDependencyInstrumentingArtifactTransform
[        ] Transforming annotations-31.2.2.jar (com.android.tools:annotations:31.2.2) with MergeInstrumentationAnalysisTransform
[        ] Transforming jna-platform-5.6.0.jar (net.java.dev.jna:jna-platform:5.6.0) with InstrumentationAnalysisTransform
[        ] Transforming jna-platform-5.6.0.jar (net.java.dev.jna:jna-platform:5.6.0) with MergeInstrumentationAnalysisTransform
[        ] Transforming zipflinger-8.2.2.jar (com.android:zipflinger:8.2.2) with ExternalDependencyInstrumentingArtifactTransform
[        ] Transforming juniversalchardet-1.0.3.jar (com.googlecode.juniversalchardet:juniversalchardet:1.0.3) with InstrumentationAnalysisTransform
[        ] Transforming annotations-31.2.2.jar (com.android.tools:annotations:31.2.2) with ExternalDependencyInstrumentingArtifactTransform
[        ] Transforming juniversalchardet-1.0.3.jar (com.googlecode.juniversalchardet:juniversalchardet:1.0.3) with MergeInstrumentationAnalysisTransform
[        ] Transforming jna-platform-5.6.0.jar (net.java.dev.jna:jna-platform:5.6.0) with ExternalDependencyInstrumentingArtifactTransform
[        ] Transforming javax.annotation-api-1.3.2.jar (javax.annotation:javax.annotation-api:1.3.2) with InstrumentationAnalysisTransform
[        ] Transforming juniversalchardet-1.0.3.jar (com.googlecode.juniversalchardet:juniversalchardet:1.0.3) with ExternalDependencyInstrumentingArtifactTransform
[        ] Transforming javax.annotation-api-1.3.2.jar (javax.annotation:javax.annotation-api:1.3.2) with MergeInstrumentationAnalysisTransform
[        ] Transforming stax-ex-1.8.1.jar (org.jvnet.staxex:stax-ex:1.8.1) with InstrumentationAnalysisTransform
[        ] Transforming stax-ex-1.8.1.jar (org.jvnet.staxex:stax-ex:1.8.1) with MergeInstrumentationAnalysisTransform
[        ] Transforming jakarta.xml.bind-api-2.3.2.jar (jakarta.xml.bind:jakarta.xml.bind-api:2.3.2) with InstrumentationAnalysisTransform
[        ] Transforming jakarta.xml.bind-api-2.3.2.jar (jakarta.xml.bind:jakarta.xml.bind-api:2.3.2) with MergeInstrumentationAnalysisTransform
[        ] Transforming txw2-2.3.2.jar (org.glassfish.jaxb:txw2:2.3.2) with InstrumentationAnalysisTransform
[        ] Transforming txw2-2.3.2.jar (org.glassfish.jaxb:txw2:2.3.2) with MergeInstrumentationAnalysisTransform
[        ] Transforming javax.annotation-api-1.3.2.jar (javax.annotation:javax.annotation-api:1.3.2) with ExternalDependencyInstrumentingArtifactTransform
[        ] Transforming txw2-2.3.2.jar (org.glassfish.jaxb:txw2:2.3.2) with ExternalDependencyInstrumentingArtifactTransform
[        ] Transforming stax-ex-1.8.1.jar (org.jvnet.staxex:stax-ex:1.8.1) with ExternalDependencyInstrumentingArtifactTransform
[        ] Transforming jakarta.xml.bind-api-2.3.2.jar (jakarta.xml.bind:jakarta.xml.bind-api:2.3.2) with ExternalDependencyInstrumentingArtifactTransform
[        ] Transforming istack-commons-runtime-3.0.8.jar (com.sun.istack:istack-commons-runtime:3.0.8) with InstrumentationAnalysisTransform
[        ] Transforming istack-commons-runtime-3.0.8.jar (com.sun.istack:istack-commons-runtime:3.0.8) with MergeInstrumentationAnalysisTransform
[        ] Transforming FastInfoset-1.2.16.jar (com.sun.xml.fastinfoset:FastInfoset:1.2.16) with InstrumentationAnalysisTransform
[        ] Transforming FastInfoset-1.2.16.jar (com.sun.xml.fastinfoset:FastInfoset:1.2.16) with MergeInstrumentationAnalysisTransform
[        ] Transforming jakarta.activation-api-1.2.1.jar (jakarta.activation:jakarta.activation-api:1.2.1) with InstrumentationAnalysisTransform
[        ] Transforming istack-commons-runtime-3.0.8.jar (com.sun.istack:istack-commons-runtime:3.0.8) with ExternalDependencyInstrumentingArtifactTransform
[        ] Transforming FastInfoset-1.2.16.jar (com.sun.xml.fastinfoset:FastInfoset:1.2.16) with ExternalDependencyInstrumentingArtifactTransform
[        ] Transforming jakarta.activation-api-1.2.1.jar (jakarta.activation:jakarta.activation-api:1.2.1) with MergeInstrumentationAnalysisTransform
[        ] Transforming auto-value-annotations-1.6.2.jar (com.google.auto.value:auto-value-annotations:1.6.2) with InstrumentationAnalysisTransform
[        ] Transforming auto-value-annotations-1.6.2.jar (com.google.auto.value:auto-value-annotations:1.6.2) with MergeInstrumentationAnalysisTransform
[        ] Transforming error_prone_annotations-2.11.0.jar (com.google.errorprone:error_prone_annotations:2.11.0) with InstrumentationAnalysisTransform
[        ] Transforming error_prone_annotations-2.11.0.jar (com.google.errorprone:error_prone_annotations:2.11.0) with MergeInstrumentationAnalysisTransform
[        ] Transforming jose4j-0.7.0.jar (org.bitbucket.b_c:jose4j:0.7.0) with InstrumentationAnalysisTransform
[        ] Transforming jose4j-0.7.0.jar (org.bitbucket.b_c:jose4j:0.7.0) with MergeInstrumentationAnalysisTransform
[        ] Transforming slf4j-api-1.7.30.jar (org.slf4j:slf4j-api:1.7.30) with InstrumentationAnalysisTransform
[        ] Transforming slf4j-api-1.7.30.jar (org.slf4j:slf4j-api:1.7.30) with MergeInstrumentationAnalysisTransform
[        ] Transforming jdom2-2.0.6.jar (org.jdom:jdom2:2.0.6) with InstrumentationAnalysisTransform
[        ] Transforming jakarta.activation-api-1.2.1.jar (jakarta.activation:jakarta.activation-api:1.2.1) with ExternalDependencyInstrumentingArtifactTransform
[        ] Transforming auto-value-annotations-1.6.2.jar (com.google.auto.value:auto-value-annotations:1.6.2) with ExternalDependencyInstrumentingArtifactTransform
[        ] Transforming jose4j-0.7.0.jar (org.bitbucket.b_c:jose4j:0.7.0) with ExternalDependencyInstrumentingArtifactTransform
[        ] Transforming slf4j-api-1.7.30.jar (org.slf4j:slf4j-api:1.7.30) with ExternalDependencyInstrumentingArtifactTransform
[        ] Transforming error_prone_annotations-2.11.0.jar (com.google.errorprone:error_prone_annotations:2.11.0) with ExternalDependencyInstrumentingArtifactTransform
[        ] Transforming jdom2-2.0.6.jar (org.jdom:jdom2:2.0.6) with MergeInstrumentationAnalysisTransform
[        ] Transforming j2objc-annotations-1.3.jar (com.google.j2objc:j2objc-annotations:1.3) with InstrumentationAnalysisTransform
[        ] Transforming j2objc-annotations-1.3.jar (com.google.j2objc:j2objc-annotations:1.3) with MergeInstrumentationAnalysisTransform
[        ] Transforming jsr305-3.0.2.jar (com.google.code.findbugs:jsr305:3.0.2) with InstrumentationAnalysisTransform
[        ] Transforming jdom2-2.0.6.jar (org.jdom:jdom2:2.0.6) with ExternalDependencyInstrumentingArtifactTransform
[        ] Transforming jsr305-3.0.2.jar (com.google.code.findbugs:jsr305:3.0.2) with MergeInstrumentationAnalysisTransform
[        ] Transforming annotations-4.1.1.4.jar (com.google.android:annotations:4.1.1.4) with InstrumentationAnalysisTransform
[        ] Transforming j2objc-annotations-1.3.jar (com.google.j2objc:j2objc-annotations:1.3) with ExternalDependencyInstrumentingArtifactTransform
[        ] Transforming annotations-4.1.1.4.jar (com.google.android:annotations:4.1.1.4) with MergeInstrumentationAnalysisTransform
[        ] Transforming jsr305-3.0.2.jar (com.google.code.findbugs:jsr305:3.0.2) with ExternalDependencyInstrumentingArtifactTransform
[        ] Transforming animal-sniffer-annotations-1.19.jar (org.codehaus.mojo:animal-sniffer-annotations:1.19) with InstrumentationAnalysisTransform
[        ] Transforming annotations-4.1.1.4.jar (com.google.android:annotations:4.1.1.4) with ExternalDependencyInstrumentingArtifactTransform
[        ] Transforming animal-sniffer-annotations-1.19.jar (org.codehaus.mojo:animal-sniffer-annotations:1.19) with MergeInstrumentationAnalysisTransform
[        ] Transforming perfmark-api-0.23.0.jar (io.perfmark:perfmark-api:0.23.0) with InstrumentationAnalysisTransform
[        ] Transforming perfmark-api-0.23.0.jar (io.perfmark:perfmark-api:0.23.0) with MergeInstrumentationAnalysisTransform
[        ] Transforming animal-sniffer-annotations-1.19.jar (org.codehaus.mojo:animal-sniffer-annotations:1.19) with ExternalDependencyInstrumentingArtifactTransform
[        ] Transforming netty-codec-http2-4.1.72.Final.jar (io.netty:netty-codec-http2:4.1.72.Final) with InstrumentationAnalysisTransform
[        ] Transforming netty-codec-http2-4.1.72.Final.jar (io.netty:netty-codec-http2:4.1.72.Final) with MergeInstrumentationAnalysisTransform
[        ] Transforming netty-handler-proxy-4.1.72.Final.jar (io.netty:netty-handler-proxy:4.1.72.Final) with InstrumentationAnalysisTransform
[        ] Transforming netty-handler-proxy-4.1.72.Final.jar (io.netty:netty-handler-proxy:4.1.72.Final) with MergeInstrumentationAnalysisTransform
[        ] Transforming perfmark-api-0.23.0.jar (io.perfmark:perfmark-api:0.23.0) with ExternalDependencyInstrumentingArtifactTransform
[        ] Transforming netty-codec-http2-4.1.72.Final.jar (io.netty:netty-codec-http2:4.1.72.Final) with ExternalDependencyInstrumentingArtifactTransform
[        ] Transforming netty-handler-proxy-4.1.72.Final.jar (io.netty:netty-handler-proxy:4.1.72.Final) with ExternalDependencyInstrumentingArtifactTransform
[        ] Transforming checker-qual-3.12.0.jar (org.checkerframework:checker-qual:3.12.0) with InstrumentationAnalysisTransform
[        ] Transforming checker-qual-3.12.0.jar (org.checkerframework:checker-qual:3.12.0) with MergeInstrumentationAnalysisTransform
[        ] Transforming commons-codec-1.11.jar (commons-codec:commons-codec:1.11) with InstrumentationAnalysisTransform
[        ] Transforming commons-codec-1.11.jar (commons-codec:commons-codec:1.11) with MergeInstrumentationAnalysisTransform
[        ] Transforming apksig-8.2.2.jar (com.android.tools.build:apksig:8.2.2) with InstrumentationAnalysisTransform
[        ] Transforming apksig-8.2.2.jar (com.android.tools.build:apksig:8.2.2) with MergeInstrumentationAnalysisTransform
[        ] Transforming javawriter-2.5.0.jar (com.squareup:javawriter:2.5.0) with InstrumentationAnalysisTransform
[        ] Transforming checker-qual-3.12.0.jar (org.checkerframework:checker-qual:3.12.0) with ExternalDependencyInstrumentingArtifactTransform
[        ] Transforming commons-codec-1.11.jar (commons-codec:commons-codec:1.11) with ExternalDependencyInstrumentingArtifactTransform
[        ] Transforming apksig-8.2.2.jar (com.android.tools.build:apksig:8.2.2) with ExternalDependencyInstrumentingArtifactTransform
[        ] Transforming javawriter-2.5.0.jar (com.squareup:javawriter:2.5.0) with MergeInstrumentationAnalysisTransform
[        ] Transforming kotlin-native-utils-1.7.22.jar (org.jetbrains.kotlin:kotlin-native-utils:1.7.22) with InstrumentationAnalysisTransform
[        ] Transforming kotlin-native-utils-1.7.22.jar (org.jetbrains.kotlin:kotlin-native-utils:1.7.22) with MergeInstrumentationAnalysisTransform
[        ] Transforming javawriter-2.5.0.jar (com.squareup:javawriter:2.5.0) with ExternalDependencyInstrumentingArtifactTransform
[        ] Transforming kotlin-util-io-1.7.22.jar (org.jetbrains.kotlin:kotlin-util-io:1.7.22) with InstrumentationAnalysisTransform
[        ] Transforming kotlin-native-utils-1.7.22.jar (org.jetbrains.kotlin:kotlin-native-utils:1.7.22) with ExternalDependencyInstrumentingArtifactTransform
[        ] Transforming kotlin-util-io-1.7.22.jar (org.jetbrains.kotlin:kotlin-util-io:1.7.22) with MergeInstrumentationAnalysisTransform
[        ] Transforming kotlin-daemon-embeddable-1.7.22.jar (org.jetbrains.kotlin:kotlin-daemon-embeddable:1.7.22) with InstrumentationAnalysisTransform
[        ] Transforming kotlin-daemon-embeddable-1.7.22.jar (org.jetbrains.kotlin:kotlin-daemon-embeddable:1.7.22) with MergeInstrumentationAnalysisTransform
[        ] Transforming kotlin-util-io-1.7.22.jar (org.jetbrains.kotlin:kotlin-util-io:1.7.22) with ExternalDependencyInstrumentingArtifactTransform
[        ] Transforming jna-5.6.0.jar (net.java.dev.jna:jna:5.6.0) with InstrumentationAnalysisTransform
[        ] Transforming jna-5.6.0.jar (net.java.dev.jna:jna:5.6.0) with MergeInstrumentationAnalysisTransform
[        ] Transforming kotlin-build-common-1.7.22.jar (org.jetbrains.kotlin:kotlin-build-common:1.7.22) with InstrumentationAnalysisTransform
[        ] Transforming kotlin-build-common-1.7.22.jar (org.jetbrains.kotlin:kotlin-build-common:1.7.22) with MergeInstrumentationAnalysisTransform
[        ] Transforming kotlin-daemon-client-1.7.22.jar (org.jetbrains.kotlin:kotlin-daemon-client:1.7.22) with InstrumentationAnalysisTransform
[        ] Transforming jna-5.6.0.jar (net.java.dev.jna:jna:5.6.0) with ExternalDependencyInstrumentingArtifactTransform
[        ] Transforming kotlin-daemon-embeddable-1.7.22.jar (org.jetbrains.kotlin:kotlin-daemon-embeddable:1.7.22) with ExternalDependencyInstrumentingArtifactTransform
[        ] Transforming kotlin-build-common-1.7.22.jar (org.jetbrains.kotlin:kotlin-build-common:1.7.22) with ExternalDependencyInstrumentingArtifactTransform
[        ] Transforming kotlin-daemon-client-1.7.22.jar (org.jetbrains.kotlin:kotlin-daemon-client:1.7.22) with MergeInstrumentationAnalysisTransform
[        ] Transforming kotlinx-coroutines-core-jvm-1.5.0.jar (org.jetbrains.kotlinx:kotlinx-coroutines-core-jvm:1.5.0) with InstrumentationAnalysisTransform
[        ] Transforming kotlinx-coroutines-core-jvm-1.5.0.jar (org.jetbrains.kotlinx:kotlinx-coroutines-core-jvm:1.5.0) with MergeInstrumentationAnalysisTransform
[        ] Transforming kotlin-scripting-jvm-1.7.22.jar (org.jetbrains.kotlin:kotlin-scripting-jvm:1.7.22) with InstrumentationAnalysisTransform
[        ] Transforming kotlin-daemon-client-1.7.22.jar (org.jetbrains.kotlin:kotlin-daemon-client:1.7.22) with ExternalDependencyInstrumentingArtifactTransform
[        ] Transforming kotlin-scripting-jvm-1.7.22.jar (org.jetbrains.kotlin:kotlin-scripting-jvm:1.7.22) with MergeInstrumentationAnalysisTransform
[        ] Transforming kotlin-scripting-common-1.7.22.jar (org.jetbrains.kotlin:kotlin-scripting-common:1.7.22) with InstrumentationAnalysisTransform
[        ] Transforming kotlin-scripting-common-1.7.22.jar (org.jetbrains.kotlin:kotlin-scripting-common:1.7.22) with MergeInstrumentationAnalysisTransform
[        ] Transforming failureaccess-1.0.1.jar (com.google.guava:failureaccess:1.0.1) with InstrumentationAnalysisTransform
[        ] Transforming kotlinx-coroutines-core-jvm-1.5.0.jar (org.jetbrains.kotlinx:kotlinx-coroutines-core-jvm:1.5.0) with ExternalDependencyInstrumentingArtifactTransform
[        ] Transforming failureaccess-1.0.1.jar (com.google.guava:failureaccess:1.0.1) with MergeInstrumentationAnalysisTransform
[        ] Transforming kotlin-scripting-common-1.7.22.jar (org.jetbrains.kotlin:kotlin-scripting-common:1.7.22) with ExternalDependencyInstrumentingArtifactTransform
[        ] Transforming kotlin-scripting-jvm-1.7.22.jar (org.jetbrains.kotlin:kotlin-scripting-jvm:1.7.22) with ExternalDependencyInstrumentingArtifactTransform
[        ] Transforming failureaccess-1.0.1.jar (com.google.guava:failureaccess:1.0.1) with ExternalDependencyInstrumentingArtifactTransform
[        ] Transforming listenablefuture-9999.0-empty-to-avoid-conflict-with-guava.jar (com.google.guava:listenablefuture:9999.0-empty-to-avoid-conflict-with-guava) with InstrumentationAnalysisTransform
[        ] Transforming listenablefuture-9999.0-empty-to-avoid-conflict-with-guava.jar (com.google.guava:listenablefuture:9999.0-empty-to-avoid-conflict-with-guava) with MergeInstrumentationAnalysisTransform
[        ] Transforming xml-apis-1.4.01.jar (xml-apis:xml-apis:1.4.01) with InstrumentationAnalysisTransform
[        ] Transforming xml-apis-1.4.01.jar (xml-apis:xml-apis:1.4.01) with MergeInstrumentationAnalysisTransform
[        ] Transforming listenablefuture-9999.0-empty-to-avoid-conflict-with-guava.jar (com.google.guava:listenablefuture:9999.0-empty-to-avoid-conflict-with-guava) with ExternalDependencyInstrumentingArtifactTransform
[        ] Transforming commons-logging-1.2.jar (commons-logging:commons-logging:1.2) with InstrumentationAnalysisTransform
[        ] Transforming xml-apis-1.4.01.jar (xml-apis:xml-apis:1.4.01) with ExternalDependencyInstrumentingArtifactTransform
[        ] Transforming commons-logging-1.2.jar (commons-logging:commons-logging:1.2) with MergeInstrumentationAnalysisTransform
[        ] Transforming kotlin-stdlib-common-1.9.0.jar (org.jetbrains.kotlin:kotlin-stdlib-common:1.9.0) with InstrumentationAnalysisTransform
[        ] Transforming commons-logging-1.2.jar (commons-logging:commons-logging:1.2) with ExternalDependencyInstrumentingArtifactTransform
[        ] Transforming kotlin-stdlib-common-1.9.0.jar (org.jetbrains.kotlin:kotlin-stdlib-common:1.9.0) with MergeInstrumentationAnalysisTransform
[        ] Transforming grpc-context-1.45.1.jar (io.grpc:grpc-context:1.45.1) with InstrumentationAnalysisTransform
[        ] Transforming grpc-context-1.45.1.jar (io.grpc:grpc-context:1.45.1) with MergeInstrumentationAnalysisTransform
[        ] Transforming netty-codec-http-4.1.72.Final.jar (io.netty:netty-codec-http:4.1.72.Final) with InstrumentationAnalysisTransform
[        ] Transforming netty-codec-http-4.1.72.Final.jar (io.netty:netty-codec-http:4.1.72.Final) with MergeInstrumentationAnalysisTransform
[        ] Transforming netty-handler-4.1.72.Final.jar (io.netty:netty-handler:4.1.72.Final) with InstrumentationAnalysisTransform
[        ] Transforming netty-handler-4.1.72.Final.jar (io.netty:netty-handler:4.1.72.Final) with MergeInstrumentationAnalysisTransform
[        ] Transforming netty-codec-socks-4.1.72.Final.jar (io.netty:netty-codec-socks:4.1.72.Final) with InstrumentationAnalysisTransform
[        ] Transforming netty-codec-socks-4.1.72.Final.jar (io.netty:netty-codec-socks:4.1.72.Final) with MergeInstrumentationAnalysisTransform
[        ] Transforming grpc-context-1.45.1.jar (io.grpc:grpc-context:1.45.1) with ExternalDependencyInstrumentingArtifactTransform
[        ] Transforming netty-codec-socks-4.1.72.Final.jar (io.netty:netty-codec-socks:4.1.72.Final) with ExternalDependencyInstrumentingArtifactTransform
[        ] Transforming kotlin-stdlib-common-1.9.0.jar (org.jetbrains.kotlin:kotlin-stdlib-common:1.9.0) with ExternalDependencyInstrumentingArtifactTransform
[        ] Transforming netty-codec-http-4.1.72.Final.jar (io.netty:netty-codec-http:4.1.72.Final) with ExternalDependencyInstrumentingArtifactTransform
[        ] Transforming netty-handler-4.1.72.Final.jar (io.netty:netty-handler:4.1.72.Final) with ExternalDependencyInstrumentingArtifactTransform
[        ] Transforming netty-codec-4.1.72.Final.jar (io.netty:netty-codec:4.1.72.Final) with InstrumentationAnalysisTransform
[        ] Transforming netty-codec-4.1.72.Final.jar (io.netty:netty-codec:4.1.72.Final) with MergeInstrumentationAnalysisTransform
[        ] Transforming netty-transport-4.1.72.Final.jar (io.netty:netty-transport:4.1.72.Final) with InstrumentationAnalysisTransform
[        ] Transforming netty-transport-4.1.72.Final.jar (io.netty:netty-transport:4.1.72.Final) with MergeInstrumentationAnalysisTransform
[        ] Transforming netty-buffer-4.1.72.Final.jar (io.netty:netty-buffer:4.1.72.Final) with InstrumentationAnalysisTransform
[        ] Transforming netty-codec-4.1.72.Final.jar (io.netty:netty-codec:4.1.72.Final) with ExternalDependencyInstrumentingArtifactTransform
[        ] Transforming netty-transport-4.1.72.Final.jar (io.netty:netty-transport:4.1.72.Final) with ExternalDependencyInstrumentingArtifactTransform
[        ] Transforming netty-buffer-4.1.72.Final.jar (io.netty:netty-buffer:4.1.72.Final) with MergeInstrumentationAnalysisTransform
[        ] Transforming netty-resolver-4.1.72.Final.jar (io.netty:netty-resolver:4.1.72.Final) with InstrumentationAnalysisTransform
[        ] Transforming netty-buffer-4.1.72.Final.jar (io.netty:netty-buffer:4.1.72.Final) with ExternalDependencyInstrumentingArtifactTransform
[        ] Transforming netty-resolver-4.1.72.Final.jar (io.netty:netty-resolver:4.1.72.Final) with MergeInstrumentationAnalysisTransform
[        ] Transforming netty-common-4.1.72.Final.jar (io.netty:netty-common:4.1.72.Final) with InstrumentationAnalysisTransform
[        ] Transforming netty-common-4.1.72.Final.jar (io.netty:netty-common:4.1.72.Final) with MergeInstrumentationAnalysisTransform
[        ] Transforming netty-resolver-4.1.72.Final.jar (io.netty:netty-resolver:4.1.72.Final) with ExternalDependencyInstrumentingArtifactTransform
[        ] Transforming netty-common-4.1.72.Final.jar (io.netty:netty-common:4.1.72.Final) with ExternalDependencyInstrumentingArtifactTransform
[        ] Transforming netty-tcnative-classes-2.0.46.Final.jar (io.netty:netty-tcnative-classes:2.0.46.Final) with InstrumentationAnalysisTransform
[        ] Transforming netty-tcnative-classes-2.0.46.Final.jar (io.netty:netty-tcnative-classes:2.0.46.Final) with MergeInstrumentationAnalysisTransform
[        ] Transforming netty-tcnative-classes-2.0.46.Final.jar (io.netty:netty-tcnative-classes:2.0.46.Final) with ExternalDependencyInstrumentingArtifactTransform
[        ] Using default execution profile
[        ] Using Kotlin Gradle Plugin gradle85 variant
[        ] > Configure project :path_provider_android
[        ] Evaluating project ':path_provider_android' using build file 'C:\Users\midhu\AppData\Local\Pub\Cache\hosted\pub.dev\path_provider_android-2.2.22\android\build.gradle'.
[        ] Transforming gradle-8.13.1.jar (com.android.tools.build:gradle:8.13.1) with InstrumentationAnalysisTransform
[        ] Transforming gradle-api-8.13.1.jar (com.android.tools.build:gradle-api:8.13.1) with InstrumentationAnalysisTransform
[        ] Transforming gradle-common-api-8.13.1.jar (com.android.tools.build:gradle-common-api:8.13.1) with InstrumentationAnalysisTransform
[        ] Transforming gradle-settings-api-8.13.1.jar (com.android.tools.build:gradle-settings-api:8.13.1) with InstrumentationAnalysisTransform
[        ] Transforming lint-model-31.13.1.jar (com.android.tools.lint:lint-model:31.13.1) with InstrumentationAnalysisTransform
[        ] Transforming builder-8.13.1.jar (com.android.tools.build:builder:8.13.1) with InstrumentationAnalysisTransform
[        ] Transforming manifest-merger-31.13.1.jar (com.android.tools.build:manifest-merger:31.13.1) with InstrumentationAnalysisTransform
[        ] Transforming sdk-common-31.13.1.jar (com.android.tools:sdk-common:31.13.1) with InstrumentationAnalysisTransform
[        ] Transforming sdklib-31.13.1.jar (com.android.tools:sdklib:31.13.1) with InstrumentationAnalysisTransform
[        ] Transforming repository-31.13.1.jar (com.android.tools:repository:31.13.1) with InstrumentationAnalysisTransform
[        ] Transforming builder-test-api-8.13.1.jar (com.android.tools.build:builder-test-api:8.13.1) with InstrumentationAnalysisTransform
[        ] Transforming ddmlib-31.13.1.jar (com.android.tools.ddms:ddmlib:31.13.1) with InstrumentationAnalysisTransform
[        ] Transforming aaptcompiler-8.13.1.jar (com.android.tools.build:aaptcompiler:8.13.1) with InstrumentationAnalysisTransform
[        ] Transforming bundletool-1.18.1.jar (com.android.tools.build:bundletool:1.18.1) with InstrumentationAnalysisTransform
[        ] Transforming aapt2-proto-8.13.1-13719691.jar (com.android.tools.build:aapt2-proto:8.13.1-13719691) with InstrumentationAnalysisTransform
[        ] Transforming crash-31.13.1.jar (com.android.tools.analytics-library:crash:31.13.1) with InstrumentationAnalysisTransform
[        ] Transforming tracker-31.13.1.jar (com.android.tools.analytics-library:tracker:31.13.1) with InstrumentationAnalysisTransform
[        ] Transforming shared-31.13.1.jar (com.android.tools.analytics-library:shared:31.13.1) with InstrumentationAnalysisTransform
[        ] Transforming lint-typedef-remover-31.13.1.jar (com.android.tools.lint:lint-typedef-remover:31.13.1) with InstrumentationAnalysisTransform
[        ] Transforming databinding-compiler-common-8.13.1.jar (androidx.databinding:databinding-compiler-common:8.13.1) with InstrumentationAnalysisTransform
[        ] Transforming databinding-common-8.13.1.jar (androidx.databinding:databinding-common:8.13.1) with InstrumentationAnalysisTransform
[        ] Transforming baseLibrary-8.13.1.jar (com.android.databinding:baseLibrary:8.13.1) with InstrumentationAnalysisTransform
[        ] Transforming layoutlib-api-31.13.1.jar (com.android.tools.layoutlib:layoutlib-api:31.13.1) with InstrumentationAnalysisTransform
[        ] Transforming android-device-provider-ddmlib-proto-31.13.1.jar (com.android.tools.utp:android-device-provider-ddmlib-proto:31.13.1) with InstrumentationAnalysisTransform
[        ] Transforming android-device-provider-profile-proto-31.13.1.jar (com.android.tools.utp:android-device-provider-profile-proto:31.13.1) with InstrumentationAnalysisTransform
[        ] Transforming android-test-plugin-host-additional-test-output-proto-31.13.1.jar (com.android.tools.utp:android-test-plugin-host-additional-test-output-proto:31.13.1) with InstrumentationAnalysisTransform
[        ] Transforming android-test-plugin-host-coverage-proto-31.13.1.jar (com.android.tools.utp:android-test-plugin-host-coverage-proto:31.13.1) with InstrumentationAnalysisTransform
[        ] Transforming android-test-plugin-host-emulator-control-proto-31.13.1.jar (com.android.tools.utp:android-test-plugin-host-emulator-control-proto:31.13.1) with InstrumentationAnalysisTransform
[        ] Transforming android-test-plugin-host-logcat-proto-31.13.1.jar (com.android.tools.utp:android-test-plugin-host-logcat-proto:31.13.1) with InstrumentationAnalysisTransform
[        ] Transforming android-test-plugin-host-apk-installer-proto-31.13.1.jar (com.android.tools.utp:android-test-plugin-host-apk-installer-proto:31.13.1) with InstrumentationAnalysisTransform
[        ] Transforming android-test-plugin-result-listener-gradle-proto-31.13.1.jar (com.android.tools.utp:android-test-plugin-result-listener-gradle-proto:31.13.1) with InstrumentationAnalysisTransform
[        ] Transforming jetifier-processor-1.0.0-beta10.jar (com.android.tools.build.jetifier:jetifier-processor:1.0.0-beta10) with InstrumentationAnalysisTransform
[        ] Transforming jetifier-core-1.0.0-beta10.jar (com.android.tools.build.jetifier:jetifier-core:1.0.0-beta10) with InstrumentationAnalysisTransform
[        ] Transforming builder-model-8.13.1.jar (com.android.tools.build:builder-model:8.13.1) with InstrumentationAnalysisTransform
[        ] Transforming kotlin-reflect-2.2.0.jar (org.jetbrains.kotlin:kotlin-reflect:2.2.0) with InstrumentationAnalysisTransform
[        ] Transforming dvlib-31.13.1.jar (com.android.tools:dvlib:31.13.1) with InstrumentationAnalysisTransform
[        ] Transforming common-31.13.1.jar (com.android.tools:common:31.13.1) with InstrumentationAnalysisTransform
[        ] Transforming kotlin-stdlib-jdk8-2.2.0.jar (org.jetbrains.kotlin:kotlin-stdlib-jdk8:2.2.0) with InstrumentationAnalysisTransform
[        ] Transforming kotlinx-coroutines-core-jvm-1.9.0.jar (org.jetbrains.kotlinx:kotlinx-coroutines-core-jvm:1.9.0) with InstrumentationAnalysisTransform
[        ] Transforming kotlin-stdlib-jdk7-2.2.0.jar (org.jetbrains.kotlin:kotlin-stdlib-jdk7:2.2.0) with InstrumentationAnalysisTransform
[        ] Transforming kotlin-stdlib-2.2.0.jar (org.jetbrains.kotlin:kotlin-stdlib:2.2.0) with InstrumentationAnalysisTransform
[        ] Transforming transform-api-2.0.0-deprecated-use-gradle-api.jar (com.android.tools.build:transform-api:2.0.0-deprecated-use-gradle-api) with InstrumentationAnalysisTransform
[        ] Transforming httpmime-4.5.6.jar (org.apache.httpcomponents:httpmime:4.5.6) with InstrumentationAnalysisTransform
[        ] Transforming commons-io-2.16.1.jar (commons-io:commons-io:2.16.1) with InstrumentationAnalysisTransform
[        ] Transforming asm-commons-9.8.jar (org.ow2.asm:asm-commons:9.8) with InstrumentationAnalysisTransform
[        ] Transforming asm-util-9.8.jar (org.ow2.asm:asm-util:9.8) with InstrumentationAnalysisTransform
[        ] Transforming asm-analysis-9.8.jar (org.ow2.asm:asm-analysis:9.8) with InstrumentationAnalysisTransform
[        ] Transforming asm-tree-9.8.jar (org.ow2.asm:asm-tree:9.8) with InstrumentationAnalysisTransform
[        ] Transforming asm-9.8.jar (org.ow2.asm:asm:9.8) with InstrumentationAnalysisTransform
[        ] Transforming apkzlib-8.13.1.jar (com.android.tools.build:apkzlib:8.13.1) with InstrumentationAnalysisTransform
[        ] Transforming bcpkix-jdk18on-1.79.jar (org.bouncycastle:bcpkix-jdk18on:1.79) with InstrumentationAnalysisTransform
[        ] Transforming jaxb-runtime-2.3.2.jar (org.glassfish.jaxb:jaxb-runtime:2.3.2) with InstrumentationAnalysisTransform
[        ] Transforming jopt-simple-4.9.jar (net.sf.jopt-simple:jopt-simple:4.9) with InstrumentationAnalysisTransform
[        ] Transforming javapoet-1.10.0.jar (com.squareup:javapoet:1.10.0) with InstrumentationAnalysisTransform
[        ] Transforming protobuf-java-util-3.25.5.jar (com.google.protobuf:protobuf-java-util:3.25.5) with InstrumentationAnalysisTransform
[        ] Transforming grpc-protobuf-1.69.1.jar (io.grpc:grpc-protobuf:1.69.1) with InstrumentationAnalysisTransform
[        ] Transforming tink-1.7.0.jar (com.google.crypto.tink:tink:1.7.0) with InstrumentationAnalysisTransform
[        ] Transforming core-proto-0.0.9-alpha03.jar (com.google.testing.platform:core-proto:0.0.9-alpha03) with InstrumentationAnalysisTransform
[        ] Transforming protos-31.13.1.jar (com.android.tools.analytics-library:protos:31.13.1) with InstrumentationAnalysisTransform
[        ] Transforming proto-google-common-protos-2.48.0.jar (com.google.api.grpc:proto-google-common-protos:2.48.0) with InstrumentationAnalysisTransform
[        ] Transforming protobuf-java-3.25.5.jar (com.google.protobuf:protobuf-java:3.25.5) with InstrumentationAnalysisTransform
[        ] Transforming grpc-netty-1.69.1.jar (io.grpc:grpc-netty:1.69.1) with InstrumentationAnalysisTransform
[        ] Transforming grpc-inprocess-1.69.1.jar (io.grpc:grpc-inprocess:1.69.1) with InstrumentationAnalysisTransform
[        ] Transforming grpc-util-1.69.1.jar (io.grpc:grpc-util:1.69.1) with InstrumentationAnalysisTransform
[        ] Transforming grpc-core-1.69.1.jar (io.grpc:grpc-core:1.69.1) with InstrumentationAnalysisTransform
[        ] Transforming gson-2.11.0.jar (com.google.code.gson:gson:2.11.0) with InstrumentationAnalysisTransform
[        ] Transforming grpc-stub-1.69.1.jar (io.grpc:grpc-stub:1.69.1) with InstrumentationAnalysisTransform
[        ] Transforming tensorflow-lite-metadata-0.2.0.jar (org.tensorflow:tensorflow-lite-metadata:0.2.0) with InstrumentationAnalysisTransform
[        ] Transforming flatbuffers-java-1.12.0.jar (com.google.flatbuffers:flatbuffers-java:1.12.0) with InstrumentationAnalysisTransform
[        ] Transforming jimfs-1.1.jar (com.google.jimfs:jimfs:1.1) with InstrumentationAnalysisTransform
[        ] Transforming grpc-context-1.69.1.jar (io.grpc:grpc-context:1.69.1) with InstrumentationAnalysisTransform
[        ] Transforming grpc-protobuf-lite-1.69.1.jar (io.grpc:grpc-protobuf-lite:1.69.1) with InstrumentationAnalysisTransform
[        ] Transforming grpc-api-1.69.1.jar (io.grpc:grpc-api:1.69.1) with InstrumentationAnalysisTransform
[        ] Transforming guava-33.3.1-jre.jar (com.google.guava:guava:33.3.1-jre) with InstrumentationAnalysisTransform
[        ] Transforming dagger-2.28.3.jar (com.google.dagger:dagger:2.28.3) with InstrumentationAnalysisTransform
[        ] Transforming javax.inject-1.jar (javax.inject:javax.inject:1) with InstrumentationAnalysisTransform
[        ] Transforming kxml2-2.3.0.jar (net.sf.kxml:kxml2:2.3.0) with InstrumentationAnalysisTransform
[        ] Transforming commons-compress-1.21.jar (org.apache.commons:commons-compress:1.21) with InstrumentationAnalysisTransform
[        ] Transforming bcutil-jdk18on-1.79.jar (org.bouncycastle:bcutil-jdk18on:1.79) with InstrumentationAnalysisTransform
[        ] Transforming bcprov-jdk18on-1.79.jar (org.bouncycastle:bcprov-jdk18on:1.79) with InstrumentationAnalysisTransform
[        ] Transforming httpclient-4.5.14.jar (org.apache.httpcomponents:httpclient:4.5.14) with InstrumentationAnalysisTransform
[        ] Transforming httpcore-4.4.16.jar (org.apache.httpcomponents:httpcore:4.4.16) with InstrumentationAnalysisTransform
[        ] Transforming javax.activation-1.2.0.jar (com.sun.activation:javax.activation:1.2.0) with InstrumentationAnalysisTransform
[        ] Transforming annotations-23.0.0.jar (org.jetbrains:annotations:23.0.0) with InstrumentationAnalysisTransform
[        ] Transforming signflinger-8.13.1.jar (com.android:signflinger:8.13.1) with InstrumentationAnalysisTransform
[        ] Transforming zipflinger-8.13.1.jar (com.android:zipflinger:8.13.1) with InstrumentationAnalysisTransform
[        ] Transforming annotations-31.13.1.jar (com.android.tools:annotations:31.13.1) with InstrumentationAnalysisTransform
[        ] Transforming jna-platform-5.6.0.jar (net.java.dev.jna:jna-platform:5.6.0) with InstrumentationAnalysisTransform
[        ] Transforming juniversalchardet-1.0.3.jar (com.googlecode.juniversalchardet:juniversalchardet:1.0.3) with InstrumentationAnalysisTransform
[        ] Transforming javax.annotation-api-1.3.2.jar (javax.annotation:javax.annotation-api:1.3.2) with InstrumentationAnalysisTransform
[        ] Transforming stax-ex-1.8.1.jar (org.jvnet.staxex:stax-ex:1.8.1) with InstrumentationAnalysisTransform
[        ] Transforming jakarta.xml.bind-api-2.3.2.jar (jakarta.xml.bind:jakarta.xml.bind-api:2.3.2) with InstrumentationAnalysisTransform
[        ] Transforming txw2-2.3.2.jar (org.glassfish.jaxb:txw2:2.3.2) with InstrumentationAnalysisTransform
[        ] Transforming istack-commons-runtime-3.0.8.jar (com.sun.istack:istack-commons-runtime:3.0.8) with InstrumentationAnalysisTransform
[        ] Transforming FastInfoset-1.2.16.jar (com.sun.xml.fastinfoset:FastInfoset:1.2.16) with InstrumentationAnalysisTransform
[        ] Transforming jakarta.activation-api-1.2.1.jar (jakarta.activation:jakarta.activation-api:1.2.1) with InstrumentationAnalysisTransform
[        ] Transforming auto-value-annotations-1.6.2.jar (com.google.auto.value:auto-value-annotations:1.6.2) with InstrumentationAnalysisTransform
[        ] Transforming error_prone_annotations-2.30.0.jar (com.google.errorprone:error_prone_annotations:2.30.0) with InstrumentationAnalysisTransform
[        ] Transforming jose4j-0.9.5.jar (org.bitbucket.b_c:jose4j:0.9.5) with InstrumentationAnalysisTransform
[        ] Transforming slf4j-api-1.7.30.jar (org.slf4j:slf4j-api:1.7.30) with InstrumentationAnalysisTransform
[        ] Transforming jdom2-2.0.6.jar (org.jdom:jdom2:2.0.6) with InstrumentationAnalysisTransform
[        ] Transforming jsr305-3.0.2.jar (com.google.code.findbugs:jsr305:3.0.2) with InstrumentationAnalysisTransform
[        ] Transforming j2objc-annotations-3.0.0.jar (com.google.j2objc:j2objc-annotations:3.0.0) with InstrumentationAnalysisTransform
[        ] Transforming annotations-4.1.1.4.jar (com.google.android:annotations:4.1.1.4) with InstrumentationAnalysisTransform
[        ] Transforming animal-sniffer-annotations-1.24.jar (org.codehaus.mojo:animal-sniffer-annotations:1.24) with InstrumentationAnalysisTransform
[        ] Transforming perfmark-api-0.27.0.jar (io.perfmark:perfmark-api:0.27.0) with InstrumentationAnalysisTransform
[        ] Transforming netty-codec-http2-4.1.110.Final.jar (io.netty:netty-codec-http2:4.1.110.Final) with InstrumentationAnalysisTransform
[        ] Transforming netty-handler-proxy-4.1.110.Final.jar (io.netty:netty-handler-proxy:4.1.110.Final) with InstrumentationAnalysisTransform
[        ] Transforming netty-codec-http-4.1.110.Final.jar (io.netty:netty-codec-http:4.1.110.Final) with InstrumentationAnalysisTransform
[        ] Transforming netty-handler-4.1.110.Final.jar (io.netty:netty-handler:4.1.110.Final) with InstrumentationAnalysisTransform
[        ] Transforming netty-transport-native-unix-common-4.1.110.Final.jar (io.netty:netty-transport-native-unix-common:4.1.110.Final) with InstrumentationAnalysisTransform
[        ] Transforming checker-qual-3.43.0.jar (org.checkerframework:checker-qual:3.43.0) with InstrumentationAnalysisTransform
[        ] Transforming apksig-8.13.1.jar (com.android.tools.build:apksig:8.13.1) with InstrumentationAnalysisTransform
[        ] Transforming javawriter-2.5.0.jar (com.squareup:javawriter:2.5.0) with InstrumentationAnalysisTransform
[        ] Transforming failureaccess-1.0.2.jar (com.google.guava:failureaccess:1.0.2) with InstrumentationAnalysisTransform
[        ] Transforming listenablefuture-9999.0-empty-to-avoid-conflict-with-guava.jar (com.google.guava:listenablefuture:9999.0-empty-to-avoid-conflict-with-guava) with InstrumentationAnalysisTransform
[        ] Transforming commons-logging-1.2.jar (commons-logging:commons-logging:1.2) with InstrumentationAnalysisTransform
[        ] Transforming commons-codec-1.11.jar (commons-codec:commons-codec:1.11) with InstrumentationAnalysisTransform
[        ] Transforming jna-5.6.0.jar (net.java.dev.jna:jna:5.6.0) with InstrumentationAnalysisTransform
[        ] Transforming netty-codec-socks-4.1.110.Final.jar (io.netty:netty-codec-socks:4.1.110.Final) with InstrumentationAnalysisTransform
[        ] Transforming netty-codec-4.1.110.Final.jar (io.netty:netty-codec:4.1.110.Final) with InstrumentationAnalysisTransform
[        ] Transforming netty-transport-4.1.110.Final.jar (io.netty:netty-transport:4.1.110.Final) with InstrumentationAnalysisTransform
[        ] Transforming netty-buffer-4.1.110.Final.jar (io.netty:netty-buffer:4.1.110.Final) with InstrumentationAnalysisTransform
[        ] Transforming netty-resolver-4.1.110.Final.jar (io.netty:netty-resolver:4.1.110.Final) with InstrumentationAnalysisTransform
[        ] Transforming netty-common-4.1.110.Final.jar (io.netty:netty-common:4.1.110.Final) with InstrumentationAnalysisTransform
[        ] Transforming gradle-8.13.1.jar (com.android.tools.build:gradle:8.13.1) with InstrumentationAnalysisTransform
[        ] Transforming gradle-8.13.1.jar (com.android.tools.build:gradle:8.13.1) with MergeInstrumentationAnalysisTransform
[        ] Transforming gradle-api-8.13.1.jar (com.android.tools.build:gradle-api:8.13.1) with InstrumentationAnalysisTransform
[        ] Transforming gradle-api-8.13.1.jar (com.android.tools.build:gradle-api:8.13.1) with MergeInstrumentationAnalysisTransform
[        ] Transforming gradle-common-api-8.13.1.jar (com.android.tools.build:gradle-common-api:8.13.1) with InstrumentationAnalysisTransform
[        ] Transforming gradle-common-api-8.13.1.jar (com.android.tools.build:gradle-common-api:8.13.1) with MergeInstrumentationAnalysisTransform
[        ] Transforming gradle-settings-api-8.13.1.jar (com.android.tools.build:gradle-settings-api:8.13.1) with InstrumentationAnalysisTransform
[        ] Transforming gradle-settings-api-8.13.1.jar (com.android.tools.build:gradle-settings-api:8.13.1) with MergeInstrumentationAnalysisTransform
[        ] Transforming gradle-api-8.13.1.jar (com.android.tools.build:gradle-api:8.13.1) with ExternalDependencyInstrumentingArtifactTransform
[        ] Transforming gradle-settings-api-8.13.1.jar (com.android.tools.build:gradle-settings-api:8.13.1) with ExternalDependencyInstrumentingArtifactTransform
[        ] Transforming gradle-common-api-8.13.1.jar (com.android.tools.build:gradle-common-api:8.13.1) with ExternalDependencyInstrumentingArtifactTransform
[        ] Transforming gradle-8.13.1.jar (com.android.tools.build:gradle:8.13.1) with ExternalDependencyInstrumentingArtifactTransform
[        ] Transforming lint-model-31.13.1.jar (com.android.tools.lint:lint-model:31.13.1) with InstrumentationAnalysisTransform
[        ] Transforming lint-model-31.13.1.jar (com.android.tools.lint:lint-model:31.13.1) with MergeInstrumentationAnalysisTransform
[        ] Transforming builder-8.13.1.jar (com.android.tools.build:builder:8.13.1) with InstrumentationAnalysisTransform
[        ] Transforming builder-8.13.1.jar (com.android.tools.build:builder:8.13.1) with MergeInstrumentationAnalysisTransform
[        ] Transforming manifest-merger-31.13.1.jar (com.android.tools.build:manifest-merger:31.13.1) with InstrumentationAnalysisTransform
[        ] Transforming manifest-merger-31.13.1.jar (com.android.tools.build:manifest-merger:31.13.1) with MergeInstrumentationAnalysisTransform
[        ] Transforming sdk-common-31.13.1.jar (com.android.tools:sdk-common:31.13.1) with InstrumentationAnalysisTransform
[        ] Transforming lint-model-31.13.1.jar (com.android.tools.lint:lint-model:31.13.1) with ExternalDependencyInstrumentingArtifactTransform
[        ] Transforming manifest-merger-31.13.1.jar (com.android.tools.build:manifest-merger:31.13.1) with ExternalDependencyInstrumentingArtifactTransform
[        ] Transforming builder-8.13.1.jar (com.android.tools.build:builder:8.13.1) with ExternalDependencyInstrumentingArtifactTransform
[        ] Transforming sdk-common-31.13.1.jar (com.android.tools:sdk-common:31.13.1) with MergeInstrumentationAnalysisTransform
[        ] Transforming sdklib-31.13.1.jar (com.android.tools:sdklib:31.13.1) with InstrumentationAnalysisTransform
[        ] Transforming sdklib-31.13.1.jar (com.android.tools:sdklib:31.13.1) with MergeInstrumentationAnalysisTransform
[        ] Transforming repository-31.13.1.jar (com.android.tools:repository:31.13.1) with InstrumentationAnalysisTransform
[        ] Transforming sdk-common-31.13.1.jar (com.android.tools:sdk-common:31.13.1) with ExternalDependencyInstrumentingArtifactTransform
[        ] Transforming repository-31.13.1.jar (com.android.tools:repository:31.13.1) with MergeInstrumentationAnalysisTransform
[        ] Transforming sdklib-31.13.1.jar (com.android.tools:sdklib:31.13.1) with ExternalDependencyInstrumentingArtifactTransform
[        ] Transforming builder-test-api-8.13.1.jar (com.android.tools.build:builder-test-api:8.13.1) with InstrumentationAnalysisTransform
[        ] Transforming repository-31.13.1.jar (com.android.tools:repository:31.13.1) with ExternalDependencyInstrumentingArtifactTransform
[        ] Transforming builder-test-api-8.13.1.jar (com.android.tools.build:builder-test-api:8.13.1) with MergeInstrumentationAnalysisTransform
[        ] Transforming ddmlib-31.13.1.jar (com.android.tools.ddms:ddmlib:31.13.1) with InstrumentationAnalysisTransform
[        ] Transforming ddmlib-31.13.1.jar (com.android.tools.ddms:ddmlib:31.13.1) with MergeInstrumentationAnalysisTransform
[        ] Transforming builder-test-api-8.13.1.jar (com.android.tools.build:builder-test-api:8.13.1) with ExternalDependencyInstrumentingArtifactTransform
[        ] Transforming aaptcompiler-8.13.1.jar (com.android.tools.build:aaptcompiler:8.13.1) with InstrumentationAnalysisTransform
[        ] Transforming ddmlib-31.13.1.jar (com.android.tools.ddms:ddmlib:31.13.1) with ExternalDependencyInstrumentingArtifactTransform
[        ] Transforming aaptcompiler-8.13.1.jar (com.android.tools.build:aaptcompiler:8.13.1) with MergeInstrumentationAnalysisTransform
[        ] Transforming bundletool-1.18.1.jar (com.android.tools.build:bundletool:1.18.1) with InstrumentationAnalysisTransform
[        ] Transforming bundletool-1.18.1.jar (com.android.tools.build:bundletool:1.18.1) with MergeInstrumentationAnalysisTransform
[        ] Transforming aapt2-proto-8.13.1-13719691.jar (com.android.tools.build:aapt2-proto:8.13.1-13719691) with InstrumentationAnalysisTransform
[        ] Transforming aapt2-proto-8.13.1-13719691.jar (com.android.tools.build:aapt2-proto:8.13.1-13719691) with MergeInstrumentationAnalysisTransform
[        ] Transforming crash-31.13.1.jar (com.android.tools.analytics-library:crash:31.13.1) with InstrumentationAnalysisTransform
[        ] Transforming crash-31.13.1.jar (com.android.tools.analytics-library:crash:31.13.1) with MergeInstrumentationAnalysisTransform
[        ] Transforming tracker-31.13.1.jar (com.android.tools.analytics-library:tracker:31.13.1) with InstrumentationAnalysisTransform
[        ] Transforming tracker-31.13.1.jar (com.android.tools.analytics-library:tracker:31.13.1) with MergeInstrumentationAnalysisTransform
[        ] Transforming bundletool-1.18.1.jar (com.android.tools.build:bundletool:1.18.1) with ExternalDependencyInstrumentingArtifactTransform
[        ] Transforming crash-31.13.1.jar (com.android.tools.analytics-library:crash:31.13.1) with ExternalDependencyInstrumentingArtifactTransform
[        ] Transforming shared-31.13.1.jar (com.android.tools.analytics-library:shared:31.13.1) with InstrumentationAnalysisTransform
[        ] Transforming aaptcompiler-8.13.1.jar (com.android.tools.build:aaptcompiler:8.13.1) with ExternalDependencyInstrumentingArtifactTransform
[        ] Transforming shared-31.13.1.jar (com.android.tools.analytics-library:shared:31.13.1) with MergeInstrumentationAnalysisTransform
[        ] Transforming tracker-31.13.1.jar (com.android.tools.analytics-library:tracker:31.13.1) with ExternalDependencyInstrumentingArtifactTransform
[        ] Transforming aapt2-proto-8.13.1-13719691.jar (com.android.tools.build:aapt2-proto:8.13.1-13719691) with ExternalDependencyInstrumentingArtifactTransform
[        ] Transforming shared-31.13.1.jar (com.android.tools.analytics-library:shared:31.13.1) with ExternalDependencyInstrumentingArtifactTransform
[        ] Transforming lint-typedef-remover-31.13.1.jar (com.android.tools.lint:lint-typedef-remover:31.13.1) with InstrumentationAnalysisTransform
[        ] Transforming lint-typedef-remover-31.13.1.jar (com.android.tools.lint:lint-typedef-remover:31.13.1) with MergeInstrumentationAnalysisTransform
[        ] Transforming databinding-compiler-common-8.13.1.jar (androidx.databinding:databinding-compiler-common:8.13.1) with InstrumentationAnalysisTransform
[        ] Transforming databinding-compiler-common-8.13.1.jar (androidx.databinding:databinding-compiler-common:8.13.1) with MergeInstrumentationAnalysisTransform
[        ] Transforming databinding-common-8.13.1.jar (androidx.databinding:databinding-common:8.13.1) with InstrumentationAnalysisTransform
[        ] Transforming databinding-common-8.13.1.jar (androidx.databinding:databinding-common:8.13.1) with MergeInstrumentationAnalysisTransform
[        ] Transforming baseLibrary-8.13.1.jar (com.android.databinding:baseLibrary:8.13.1) with InstrumentationAnalysisTransform
[        ] Transforming baseLibrary-8.13.1.jar (com.android.databinding:baseLibrary:8.13.1) with MergeInstrumentationAnalysisTransform
[        ] Transforming layoutlib-api-31.13.1.jar (com.android.tools.layoutlib:layoutlib-api:31.13.1) with InstrumentationAnalysisTransform
[        ] Transforming lint-typedef-remover-31.13.1.jar (com.android.tools.lint:lint-typedef-remover:31.13.1) with ExternalDependencyInstrumentingArtifactTransform
[        ] Transforming databinding-common-8.13.1.jar (androidx.databinding:databinding-common:8.13.1) with ExternalDependencyInstrumentingArtifactTransform
[        ] Transforming databinding-compiler-common-8.13.1.jar (androidx.databinding:databinding-compiler-common:8.13.1) with ExternalDependencyInstrumentingArtifactTransform
[        ] Transforming layoutlib-api-31.13.1.jar (com.android.tools.layoutlib:layoutlib-api:31.13.1) with MergeInstrumentationAnalysisTransform
[        ] Transforming baseLibrary-8.13.1.jar (com.android.databinding:baseLibrary:8.13.1) with ExternalDependencyInstrumentingArtifactTransform
[        ] Transforming layoutlib-api-31.13.1.jar (com.android.tools.layoutlib:layoutlib-api:31.13.1) with ExternalDependencyInstrumentingArtifactTransform
[        ] Transforming android-device-provider-ddmlib-proto-31.13.1.jar (com.android.tools.utp:android-device-provider-ddmlib-proto:31.13.1) with InstrumentationAnalysisTransform
[        ] Transforming android-device-provider-ddmlib-proto-31.13.1.jar (com.android.tools.utp:android-device-provider-ddmlib-proto:31.13.1) with MergeInstrumentationAnalysisTransform
[        ] Transforming android-device-provider-profile-proto-31.13.1.jar (com.android.tools.utp:android-device-provider-profile-proto:31.13.1) with InstrumentationAnalysisTransform
[        ] Transforming android-device-provider-profile-proto-31.13.1.jar (com.android.tools.utp:android-device-provider-profile-proto:31.13.1) with MergeInstrumentationAnalysisTransform
[        ] Transforming android-test-plugin-host-additional-test-output-proto-31.13.1.jar (com.android.tools.utp:android-test-plugin-host-additional-test-output-proto:31.13.1) with InstrumentationAnalysisTransform
[        ] Transforming android-test-plugin-host-additional-test-output-proto-31.13.1.jar (com.android.tools.utp:android-test-plugin-host-additional-test-output-proto:31.13.1) with MergeInstrumentationAnalysisTransform
[        ] Transforming android-test-plugin-host-coverage-proto-31.13.1.jar (com.android.tools.utp:android-test-plugin-host-coverage-proto:31.13.1) with InstrumentationAnalysisTransform
[        ] Transforming android-device-provider-profile-proto-31.13.1.jar (com.android.tools.utp:android-device-provider-profile-proto:31.13.1) with ExternalDependencyInstrumentingArtifactTransform
[        ] Transforming android-device-provider-ddmlib-proto-31.13.1.jar (com.android.tools.utp:android-device-provider-ddmlib-proto:31.13.1) with ExternalDependencyInstrumentingArtifactTransform
[        ] Transforming android-test-plugin-host-coverage-proto-31.13.1.jar (com.android.tools.utp:android-test-plugin-host-coverage-proto:31.13.1) with MergeInstrumentationAnalysisTransform
[        ] Transforming android-test-plugin-host-emulator-control-proto-31.13.1.jar (com.android.tools.utp:android-test-plugin-host-emulator-control-proto:31.13.1) with InstrumentationAnalysisTransform
[        ] Transforming android-test-plugin-host-emulator-control-proto-31.13.1.jar (com.android.tools.utp:android-test-plugin-host-emulator-control-proto:31.13.1) with MergeInstrumentationAnalysisTransform
[        ] Transforming android-test-plugin-host-logcat-proto-31.13.1.jar (com.android.tools.utp:android-test-plugin-host-logcat-proto:31.13.1) with InstrumentationAnalysisTransform
[        ] Transforming android-test-plugin-host-logcat-proto-31.13.1.jar (com.android.tools.utp:android-test-plugin-host-logcat-proto:31.13.1) with MergeInstrumentationAnalysisTransform
[        ] Transforming android-test-plugin-host-additional-test-output-proto-31.13.1.jar (com.android.tools.utp:android-test-plugin-host-additional-test-output-proto:31.13.1) with ExternalDependencyInstrumentingArtifactTransform
[        ] Transforming android-test-plugin-host-emulator-control-proto-31.13.1.jar (com.android.tools.utp:android-test-plugin-host-emulator-control-proto:31.13.1) with ExternalDependencyInstrumentingArtifactTransform
[        ] Transforming android-test-plugin-host-logcat-proto-31.13.1.jar (com.android.tools.utp:android-test-plugin-host-logcat-proto:31.13.1) with ExternalDependencyInstrumentingArtifactTransform
[        ] Transforming android-test-plugin-host-apk-installer-proto-31.13.1.jar (com.android.tools.utp:android-test-plugin-host-apk-installer-proto:31.13.1) with InstrumentationAnalysisTransform
[        ] Transforming android-test-plugin-host-coverage-proto-31.13.1.jar (com.android.tools.utp:android-test-plugin-host-coverage-proto:31.13.1) with ExternalDependencyInstrumentingArtifactTransform
[        ] Transforming android-test-plugin-host-apk-installer-proto-31.13.1.jar (com.android.tools.utp:android-test-plugin-host-apk-installer-proto:31.13.1) with MergeInstrumentationAnalysisTransform
[        ] Transforming android-test-plugin-result-listener-gradle-proto-31.13.1.jar (com.android.tools.utp:android-test-plugin-result-listener-gradle-proto:31.13.1) with InstrumentationAnalysisTransform
[        ] Transforming android-test-plugin-result-listener-gradle-proto-31.13.1.jar (com.android.tools.utp:android-test-plugin-result-listener-gradle-proto:31.13.1) with MergeInstrumentationAnalysisTransform
[        ] Transforming android-test-plugin-host-apk-installer-proto-31.13.1.jar (com.android.tools.utp:android-test-plugin-host-apk-installer-proto:31.13.1) with ExternalDependencyInstrumentingArtifactTransform
[        ] Transforming jetifier-processor-1.0.0-beta10.jar (com.android.tools.build.jetifier:jetifier-processor:1.0.0-beta10) with InstrumentationAnalysisTransform
[        ] Transforming android-test-plugin-result-listener-gradle-proto-31.13.1.jar (com.android.tools.utp:android-test-plugin-result-listener-gradle-proto:31.13.1) with ExternalDependencyInstrumentingArtifactTransform
[        ] Transforming jetifier-processor-1.0.0-beta10.jar (com.android.tools.build.jetifier:jetifier-processor:1.0.0-beta10) with MergeInstrumentationAnalysisTransform
[        ] Transforming jetifier-core-1.0.0-beta10.jar (com.android.tools.build.jetifier:jetifier-core:1.0.0-beta10) with InstrumentationAnalysisTransform
[        ] Transforming jetifier-core-1.0.0-beta10.jar (com.android.tools.build.jetifier:jetifier-core:1.0.0-beta10) with MergeInstrumentationAnalysisTransform
[        ] Transforming builder-model-8.13.1.jar (com.android.tools.build:builder-model:8.13.1) with InstrumentationAnalysisTransform
[        ] Transforming builder-model-8.13.1.jar (com.android.tools.build:builder-model:8.13.1) with MergeInstrumentationAnalysisTransform
[        ] Transforming jetifier-processor-1.0.0-beta10.jar (com.android.tools.build.jetifier:jetifier-processor:1.0.0-beta10) with ExternalDependencyInstrumentingArtifactTransform
[        ] Transforming jetifier-core-1.0.0-beta10.jar (com.android.tools.build.jetifier:jetifier-core:1.0.0-beta10) with ExternalDependencyInstrumentingArtifactTransform
[        ] Transforming kotlin-reflect-2.2.0.jar (org.jetbrains.kotlin:kotlin-reflect:2.2.0) with InstrumentationAnalysisTransform
[        ] Transforming builder-model-8.13.1.jar (com.android.tools.build:builder-model:8.13.1) with ExternalDependencyInstrumentingArtifactTransform
[        ] Transforming kotlin-reflect-2.2.0.jar (org.jetbrains.kotlin:kotlin-reflect:2.2.0) with MergeInstrumentationAnalysisTransform
[        ] Transforming dvlib-31.13.1.jar (com.android.tools:dvlib:31.13.1) with InstrumentationAnalysisTransform
[        ] Transforming kotlin-reflect-2.2.0.jar (org.jetbrains.kotlin:kotlin-reflect:2.2.0) with ExternalDependencyInstrumentingArtifactTransform
[        ] Transforming dvlib-31.13.1.jar (com.android.tools:dvlib:31.13.1) with MergeInstrumentationAnalysisTransform
[        ] Transforming common-31.13.1.jar (com.android.tools:common:31.13.1) with InstrumentationAnalysisTransform
[        ] Transforming dvlib-31.13.1.jar (com.android.tools:dvlib:31.13.1) with ExternalDependencyInstrumentingArtifactTransform
[        ] Transforming common-31.13.1.jar (com.android.tools:common:31.13.1) with MergeInstrumentationAnalysisTransform
[        ] Transforming kotlin-stdlib-jdk8-2.2.0.jar (org.jetbrains.kotlin:kotlin-stdlib-jdk8:2.2.0) with InstrumentationAnalysisTransform
[        ] Transforming kotlin-stdlib-jdk8-2.2.0.jar (org.jetbrains.kotlin:kotlin-stdlib-jdk8:2.2.0) with MergeInstrumentationAnalysisTransform
[        ] Transforming kotlinx-coroutines-core-jvm-1.9.0.jar (org.jetbrains.kotlinx:kotlinx-coroutines-core-jvm:1.9.0) with InstrumentationAnalysisTransform
[        ] Transforming kotlinx-coroutines-core-jvm-1.9.0.jar (org.jetbrains.kotlinx:kotlinx-coroutines-core-jvm:1.9.0) with MergeInstrumentationAnalysisTransform
[        ] Transforming kotlin-stdlib-jdk7-2.2.0.jar (org.jetbrains.kotlin:kotlin-stdlib-jdk7:2.2.0) with InstrumentationAnalysisTransform
[        ] Transforming common-31.13.1.jar (com.android.tools:common:31.13.1) with ExternalDependencyInstrumentingArtifactTransform
[        ] Transforming kotlin-stdlib-jdk7-2.2.0.jar (org.jetbrains.kotlin:kotlin-stdlib-jdk7:2.2.0) with MergeInstrumentationAnalysisTransform
[        ] Transforming kotlin-stdlib-2.2.0.jar (org.jetbrains.kotlin:kotlin-stdlib:2.2.0) with InstrumentationAnalysisTransform
[        ] Transforming kotlin-stdlib-jdk8-2.2.0.jar (org.jetbrains.kotlin:kotlin-stdlib-jdk8:2.2.0) with ExternalDependencyInstrumentingArtifactTransform
[        ] Transforming kotlin-stdlib-2.2.0.jar (org.jetbrains.kotlin:kotlin-stdlib:2.2.0) with MergeInstrumentationAnalysisTransform
[        ] Transforming kotlinx-coroutines-core-jvm-1.9.0.jar (org.jetbrains.kotlinx:kotlinx-coroutines-core-jvm:1.9.0) with ExternalDependencyInstrumentingArtifactTransform
[        ] Transforming transform-api-2.0.0-deprecated-use-gradle-api.jar (com.android.tools.build:transform-api:2.0.0-deprecated-use-gradle-api) with InstrumentationAnalysisTransform
[        ] Transforming kotlin-stdlib-jdk7-2.2.0.jar (org.jetbrains.kotlin:kotlin-stdlib-jdk7:2.2.0) with ExternalDependencyInstrumentingArtifactTransform
[        ] Transforming transform-api-2.0.0-deprecated-use-gradle-api.jar (com.android.tools.build:transform-api:2.0.0-deprecated-use-gradle-api) with MergeInstrumentationAnalysisTransform
[        ] Transforming kotlin-stdlib-2.2.0.jar (org.jetbrains.kotlin:kotlin-stdlib:2.2.0) with ExternalDependencyInstrumentingArtifactTransform
[        ] Transforming httpmime-4.5.6.jar (org.apache.httpcomponents:httpmime:4.5.6) with InstrumentationAnalysisTransform
[        ] Transforming transform-api-2.0.0-deprecated-use-gradle-api.jar (com.android.tools.build:transform-api:2.0.0-deprecated-use-gradle-api) with ExternalDependencyInstrumentingArtifactTransform
[        ] Transforming httpmime-4.5.6.jar (org.apache.httpcomponents:httpmime:4.5.6) with MergeInstrumentationAnalysisTransform
[        ] Transforming commons-io-2.16.1.jar (commons-io:commons-io:2.16.1) with InstrumentationAnalysisTransform
[        ] Transforming commons-io-2.16.1.jar (commons-io:commons-io:2.16.1) with MergeInstrumentationAnalysisTransform
[        ] Transforming asm-commons-9.8.jar (org.ow2.asm:asm-commons:9.8) with InstrumentationAnalysisTransform
[        ] Transforming httpmime-4.5.6.jar (org.apache.httpcomponents:httpmime:4.5.6) with ExternalDependencyInstrumentingArtifactTransform
[        ] Transforming commons-io-2.16.1.jar (commons-io:commons-io:2.16.1) with ExternalDependencyInstrumentingArtifactTransform
[        ] Transforming asm-commons-9.8.jar (org.ow2.asm:asm-commons:9.8) with MergeInstrumentationAnalysisTransform
[        ] Transforming asm-util-9.8.jar (org.ow2.asm:asm-util:9.8) with InstrumentationAnalysisTransform
[        ] Transforming asm-util-9.8.jar (org.ow2.asm:asm-util:9.8) with MergeInstrumentationAnalysisTransform
[        ] Transforming asm-commons-9.8.jar (org.ow2.asm:asm-commons:9.8) with ExternalDependencyInstrumentingArtifactTransform
[        ] Transforming asm-analysis-9.8.jar (org.ow2.asm:asm-analysis:9.8) with InstrumentationAnalysisTransform
[        ] Transforming asm-analysis-9.8.jar (org.ow2.asm:asm-analysis:9.8) with MergeInstrumentationAnalysisTransform
[        ] Transforming asm-tree-9.8.jar (org.ow2.asm:asm-tree:9.8) with InstrumentationAnalysisTransform
[        ] Transforming asm-util-9.8.jar (org.ow2.asm:asm-util:9.8) with ExternalDependencyInstrumentingArtifactTransform
[        ] Transforming asm-tree-9.8.jar (org.ow2.asm:asm-tree:9.8) with MergeInstrumentationAnalysisTransform
[        ] Transforming asm-9.8.jar (org.ow2.asm:asm:9.8) with InstrumentationAnalysisTransform
[        ] Transforming asm-analysis-9.8.jar (org.ow2.asm:asm-analysis:9.8) with ExternalDependencyInstrumentingArtifactTransform
[        ] Transforming asm-tree-9.8.jar (org.ow2.asm:asm-tree:9.8) with ExternalDependencyInstrumentingArtifactTransform
[        ] Transforming asm-9.8.jar (org.ow2.asm:asm:9.8) with MergeInstrumentationAnalysisTransform
[        ] Transforming apkzlib-8.13.1.jar (com.android.tools.build:apkzlib:8.13.1) with InstrumentationAnalysisTransform
[        ] Transforming apkzlib-8.13.1.jar (com.android.tools.build:apkzlib:8.13.1) with MergeInstrumentationAnalysisTransform
[        ] Transforming bcpkix-jdk18on-1.79.jar (org.bouncycastle:bcpkix-jdk18on:1.79) with InstrumentationAnalysisTransform
[        ] Transforming asm-9.8.jar (org.ow2.asm:asm:9.8) with ExternalDependencyInstrumentingArtifactTransform
[        ] Transforming apkzlib-8.13.1.jar (com.android.tools.build:apkzlib:8.13.1) with ExternalDependencyInstrumentingArtifactTransform
[        ] Transforming bcpkix-jdk18on-1.79.jar (org.bouncycastle:bcpkix-jdk18on:1.79) with MergeInstrumentationAnalysisTransform
[        ] Transforming jaxb-runtime-2.3.2.jar (org.glassfish.jaxb:jaxb-runtime:2.3.2) with InstrumentationAnalysisTransform
[        ] Transforming jaxb-runtime-2.3.2.jar (org.glassfish.jaxb:jaxb-runtime:2.3.2) with MergeInstrumentationAnalysisTransform
[        ] Transforming jopt-simple-4.9.jar (net.sf.jopt-simple:jopt-simple:4.9) with InstrumentationAnalysisTransform
[        ] Transforming jopt-simple-4.9.jar (net.sf.jopt-simple:jopt-simple:4.9) with MergeInstrumentationAnalysisTransform
[        ] Transforming javapoet-1.10.0.jar (com.squareup:javapoet:1.10.0) with InstrumentationAnalysisTransform
[        ] Transforming bcpkix-jdk18on-1.79.jar (org.bouncycastle:bcpkix-jdk18on:1.79) with ExternalDependencyInstrumentingArtifactTransform
[        ] Transforming jopt-simple-4.9.jar (net.sf.jopt-simple:jopt-simple:4.9) with ExternalDependencyInstrumentingArtifactTransform
[        ] Transforming jaxb-runtime-2.3.2.jar (org.glassfish.jaxb:jaxb-runtime:2.3.2) with ExternalDependencyInstrumentingArtifactTransform
[        ] Transforming javapoet-1.10.0.jar (com.squareup:javapoet:1.10.0) with MergeInstrumentationAnalysisTransform
[        ] Transforming protobuf-java-util-3.25.5.jar (com.google.protobuf:protobuf-java-util:3.25.5) with InstrumentationAnalysisTransform
[        ] Transforming javapoet-1.10.0.jar (com.squareup:javapoet:1.10.0) with ExternalDependencyInstrumentingArtifactTransform
[        ] Transforming protobuf-java-util-3.25.5.jar (com.google.protobuf:protobuf-java-util:3.25.5) with MergeInstrumentationAnalysisTransform
[        ] Transforming grpc-protobuf-1.69.1.jar (io.grpc:grpc-protobuf:1.69.1) with InstrumentationAnalysisTransform
[        ] Transforming grpc-protobuf-1.69.1.jar (io.grpc:grpc-protobuf:1.69.1) with MergeInstrumentationAnalysisTransform
[        ] Transforming tink-1.7.0.jar (com.google.crypto.tink:tink:1.7.0) with InstrumentationAnalysisTransform
[        ] Transforming protobuf-java-util-3.25.5.jar (com.google.protobuf:protobuf-java-util:3.25.5) with ExternalDependencyInstrumentingArtifactTransform
[        ] Transforming tink-1.7.0.jar (com.google.crypto.tink:tink:1.7.0) with MergeInstrumentationAnalysisTransform
[        ] Transforming core-proto-0.0.9-alpha03.jar (com.google.testing.platform:core-proto:0.0.9-alpha03) with InstrumentationAnalysisTransform
[        ] Transforming grpc-protobuf-1.69.1.jar (io.grpc:grpc-protobuf:1.69.1) with ExternalDependencyInstrumentingArtifactTransform
[        ] Transforming core-proto-0.0.9-alpha03.jar (com.google.testing.platform:core-proto:0.0.9-alpha03) with MergeInstrumentationAnalysisTransform
[        ] Transforming protos-31.13.1.jar (com.android.tools.analytics-library:protos:31.13.1) with InstrumentationAnalysisTransform
[        ] Transforming protos-31.13.1.jar (com.android.tools.analytics-library:protos:31.13.1) with MergeInstrumentationAnalysisTransform
[        ] Transforming proto-google-common-protos-2.48.0.jar (com.google.api.grpc:proto-google-common-protos:2.48.0) with InstrumentationAnalysisTransform
[        ] Transforming tink-1.7.0.jar (com.google.crypto.tink:tink:1.7.0) with ExternalDependencyInstrumentingArtifactTransform
[        ] Transforming core-proto-0.0.9-alpha03.jar (com.google.testing.platform:core-proto:0.0.9-alpha03) with ExternalDependencyInstrumentingArtifactTransform
[        ] Transforming proto-google-common-protos-2.48.0.jar (com.google.api.grpc:proto-google-common-protos:2.48.0) with MergeInstrumentationAnalysisTransform
[        ] Transforming protos-31.13.1.jar (com.android.tools.analytics-library:protos:31.13.1) with ExternalDependencyInstrumentingArtifactTransform
[        ] Transforming protobuf-java-3.25.5.jar (com.google.protobuf:protobuf-java:3.25.5) with InstrumentationAnalysisTransform
[        ] Transforming proto-google-common-protos-2.48.0.jar (com.google.api.grpc:proto-google-common-protos:2.48.0) with ExternalDependencyInstrumentingArtifactTransform
[        ] Transforming protobuf-java-3.25.5.jar (com.google.protobuf:protobuf-java:3.25.5) with MergeInstrumentationAnalysisTransform
[        ] Transforming grpc-netty-1.69.1.jar (io.grpc:grpc-netty:1.69.1) with InstrumentationAnalysisTransform
[        ] Transforming grpc-netty-1.69.1.jar (io.grpc:grpc-netty:1.69.1) with MergeInstrumentationAnalysisTransform
[        ] Transforming grpc-inprocess-1.69.1.jar (io.grpc:grpc-inprocess:1.69.1) with InstrumentationAnalysisTransform
[        ] Transforming protobuf-java-3.25.5.jar (com.google.protobuf:protobuf-java:3.25.5) with ExternalDependencyInstrumentingArtifactTransform
[        ] Transforming grpc-inprocess-1.69.1.jar (io.grpc:grpc-inprocess:1.69.1) with MergeInstrumentationAnalysisTransform
[        ] Transforming grpc-util-1.69.1.jar (io.grpc:grpc-util:1.69.1) with InstrumentationAnalysisTransform
[        ] Transforming grpc-util-1.69.1.jar (io.grpc:grpc-util:1.69.1) with MergeInstrumentationAnalysisTransform
[        ] Transforming grpc-core-1.69.1.jar (io.grpc:grpc-core:1.69.1) with InstrumentationAnalysisTransform
[        ] Transforming grpc-inprocess-1.69.1.jar (io.grpc:grpc-inprocess:1.69.1) with ExternalDependencyInstrumentingArtifactTransform
[        ] Transforming grpc-netty-1.69.1.jar (io.grpc:grpc-netty:1.69.1) with ExternalDependencyInstrumentingArtifactTransform
[        ] Transforming grpc-core-1.69.1.jar (io.grpc:grpc-core:1.69.1) with MergeInstrumentationAnalysisTransform
[        ] Transforming gson-2.11.0.jar (com.google.code.gson:gson:2.11.0) with InstrumentationAnalysisTransform
[        ] Transforming grpc-util-1.69.1.jar (io.grpc:grpc-util:1.69.1) with ExternalDependencyInstrumentingArtifactTransform
[        ] Transforming grpc-core-1.69.1.jar (io.grpc:grpc-core:1.69.1) with ExternalDependencyInstrumentingArtifactTransform
[        ] Transforming gson-2.11.0.jar (com.google.code.gson:gson:2.11.0) with MergeInstrumentationAnalysisTransform
[        ] Transforming grpc-stub-1.69.1.jar (io.grpc:grpc-stub:1.69.1) with InstrumentationAnalysisTransform
[        ] Transforming grpc-stub-1.69.1.jar (io.grpc:grpc-stub:1.69.1) with MergeInstrumentationAnalysisTransform
[        ] Transforming gson-2.11.0.jar (com.google.code.gson:gson:2.11.0) with ExternalDependencyInstrumentingArtifactTransform
[        ] Transforming tensorflow-lite-metadata-0.2.0.jar (org.tensorflow:tensorflow-lite-metadata:0.2.0) with InstrumentationAnalysisTransform
[        ] Transforming tensorflow-lite-metadata-0.2.0.jar (org.tensorflow:tensorflow-lite-metadata:0.2.0) with MergeInstrumentationAnalysisTransform
[        ] Transforming flatbuffers-java-1.12.0.jar (com.google.flatbuffers:flatbuffers-java:1.12.0) with InstrumentationAnalysisTransform
[        ] Transforming grpc-stub-1.69.1.jar (io.grpc:grpc-stub:1.69.1) with ExternalDependencyInstrumentingArtifactTransform
[        ] Transforming tensorflow-lite-metadata-0.2.0.jar (org.tensorflow:tensorflow-lite-metadata:0.2.0) with ExternalDependencyInstrumentingArtifactTransform
[        ] Transforming flatbuffers-java-1.12.0.jar (com.google.flatbuffers:flatbuffers-java:1.12.0) with MergeInstrumentationAnalysisTransform
[        ] Transforming jimfs-1.1.jar (com.google.jimfs:jimfs:1.1) with InstrumentationAnalysisTransform
[        ] Transforming jimfs-1.1.jar (com.google.jimfs:jimfs:1.1) with MergeInstrumentationAnalysisTransform
[        ] Transforming grpc-context-1.69.1.jar (io.grpc:grpc-context:1.69.1) with InstrumentationAnalysisTransform
[        ] Transforming grpc-context-1.69.1.jar (io.grpc:grpc-context:1.69.1) with MergeInstrumentationAnalysisTransform
[        ] Transforming grpc-protobuf-lite-1.69.1.jar (io.grpc:grpc-protobuf-lite:1.69.1) with InstrumentationAnalysisTransform
[        ] Transforming flatbuffers-java-1.12.0.jar (com.google.flatbuffers:flatbuffers-java:1.12.0) with ExternalDependencyInstrumentingArtifactTransform
[        ] Transforming jimfs-1.1.jar (com.google.jimfs:jimfs:1.1) with ExternalDependencyInstrumentingArtifactTransform
[        ] Transforming grpc-context-1.69.1.jar (io.grpc:grpc-context:1.69.1) with ExternalDependencyInstrumentingArtifactTransform
[        ] Transforming grpc-protobuf-lite-1.69.1.jar (io.grpc:grpc-protobuf-lite:1.69.1) with MergeInstrumentationAnalysisTransform
[        ] Transforming grpc-api-1.69.1.jar (io.grpc:grpc-api:1.69.1) with InstrumentationAnalysisTransform
[        ] Transforming grpc-api-1.69.1.jar (io.grpc:grpc-api:1.69.1) with MergeInstrumentationAnalysisTransform
[        ] Transforming guava-33.3.1-jre.jar (com.google.guava:guava:33.3.1-jre) with InstrumentationAnalysisTransform
[        ] Transforming guava-33.3.1-jre.jar (com.google.guava:guava:33.3.1-jre) with MergeInstrumentationAnalysisTransform
[        ] Transforming grpc-protobuf-lite-1.69.1.jar (io.grpc:grpc-protobuf-lite:1.69.1) with ExternalDependencyInstrumentingArtifactTransform
[        ] Transforming dagger-2.28.3.jar (com.google.dagger:dagger:2.28.3) with InstrumentationAnalysisTransform
[        ] Transforming dagger-2.28.3.jar (com.google.dagger:dagger:2.28.3) with MergeInstrumentationAnalysisTransform
[        ] Transforming grpc-api-1.69.1.jar (io.grpc:grpc-api:1.69.1) with ExternalDependencyInstrumentingArtifactTransform
[        ] Transforming javax.inject-1.jar (javax.inject:javax.inject:1) with InstrumentationAnalysisTransform
[        ] Transforming javax.inject-1.jar (javax.inject:javax.inject:1) with MergeInstrumentationAnalysisTransform
[        ] Transforming dagger-2.28.3.jar (com.google.dagger:dagger:2.28.3) with ExternalDependencyInstrumentingArtifactTransform
[        ] Transforming kxml2-2.3.0.jar (net.sf.kxml:kxml2:2.3.0) with InstrumentationAnalysisTransform
[        ] Transforming guava-33.3.1-jre.jar (com.google.guava:guava:33.3.1-jre) with ExternalDependencyInstrumentingArtifactTransform
[        ] Transforming javax.inject-1.jar (javax.inject:javax.inject:1) with ExternalDependencyInstrumentingArtifactTransform
[        ] Transforming kxml2-2.3.0.jar (net.sf.kxml:kxml2:2.3.0) with MergeInstrumentationAnalysisTransform
[        ] Transforming commons-compress-1.21.jar (org.apache.commons:commons-compress:1.21) with InstrumentationAnalysisTransform
[        ] Transforming commons-compress-1.21.jar (org.apache.commons:commons-compress:1.21) with MergeInstrumentationAnalysisTransform
[        ] Transforming bcutil-jdk18on-1.79.jar (org.bouncycastle:bcutil-jdk18on:1.79) with InstrumentationAnalysisTransform
[        ] Transforming kxml2-2.3.0.jar (net.sf.kxml:kxml2:2.3.0) with ExternalDependencyInstrumentingArtifactTransform
[        ] Transforming bcutil-jdk18on-1.79.jar (org.bouncycastle:bcutil-jdk18on:1.79) with MergeInstrumentationAnalysisTransform
[        ] Transforming bcprov-jdk18on-1.79.jar (org.bouncycastle:bcprov-jdk18on:1.79) with InstrumentationAnalysisTransform
[        ] Transforming bcutil-jdk18on-1.79.jar (org.bouncycastle:bcutil-jdk18on:1.79) with ExternalDependencyInstrumentingArtifactTransform
[        ] Transforming bcprov-jdk18on-1.79.jar (org.bouncycastle:bcprov-jdk18on:1.79) with MergeInstrumentationAnalysisTransform
[        ] Transforming commons-compress-1.21.jar (org.apache.commons:commons-compress:1.21) with ExternalDependencyInstrumentingArtifactTransform
[        ] Transforming bcprov-jdk18on-1.79.jar (org.bouncycastle:bcprov-jdk18on:1.79) with ExternalDependencyInstrumentingArtifactTransform
[        ] Transforming httpclient-4.5.14.jar (org.apache.httpcomponents:httpclient:4.5.14) with InstrumentationAnalysisTransform
[        ] Transforming httpclient-4.5.14.jar (org.apache.httpcomponents:httpclient:4.5.14) with MergeInstrumentationAnalysisTransform
[        ] Transforming httpcore-4.4.16.jar (org.apache.httpcomponents:httpcore:4.4.16) with InstrumentationAnalysisTransform
[        ] Transforming httpcore-4.4.16.jar (org.apache.httpcomponents:httpcore:4.4.16) with MergeInstrumentationAnalysisTransform
[        ] Transforming javax.activation-1.2.0.jar (com.sun.activation:javax.activation:1.2.0) with InstrumentationAnalysisTransform
[        ] Transforming javax.activation-1.2.0.jar (com.sun.activation:javax.activation:1.2.0) with MergeInstrumentationAnalysisTransform
[        ] Transforming annotations-23.0.0.jar (org.jetbrains:annotations:23.0.0) with InstrumentationAnalysisTransform
[        ] Transforming httpclient-4.5.14.jar (org.apache.httpcomponents:httpclient:4.5.14) with ExternalDependencyInstrumentingArtifactTransform
[        ] Transforming javax.activation-1.2.0.jar (com.sun.activation:javax.activation:1.2.0) with ExternalDependencyInstrumentingArtifactTransform
[        ] Transforming httpcore-4.4.16.jar (org.apache.httpcomponents:httpcore:4.4.16) with ExternalDependencyInstrumentingArtifactTransform
[        ] Transforming annotations-23.0.0.jar (org.jetbrains:annotations:23.0.0) with MergeInstrumentationAnalysisTransform
[        ] Transforming signflinger-8.13.1.jar (com.android:signflinger:8.13.1) with InstrumentationAnalysisTransform
[        ] Transforming signflinger-8.13.1.jar (com.android:signflinger:8.13.1) with MergeInstrumentationAnalysisTransform
[        ] Transforming zipflinger-8.13.1.jar (com.android:zipflinger:8.13.1) with InstrumentationAnalysisTransform
[        ] Transforming zipflinger-8.13.1.jar (com.android:zipflinger:8.13.1) with MergeInstrumentationAnalysisTransform
[        ] Transforming annotations-31.13.1.jar (com.android.tools:annotations:31.13.1) with InstrumentationAnalysisTransform
[        ] Transforming annotations-31.13.1.jar (com.android.tools:annotations:31.13.1) with MergeInstrumentationAnalysisTransform
[        ] Transforming jna-platform-5.6.0.jar (net.java.dev.jna:jna-platform:5.6.0) with InstrumentationAnalysisTransform
[        ] Transforming jna-platform-5.6.0.jar (net.java.dev.jna:jna-platform:5.6.0) with MergeInstrumentationAnalysisTransform
[        ] Transforming juniversalchardet-1.0.3.jar (com.googlecode.juniversalchardet:juniversalchardet:1.0.3) with InstrumentationAnalysisTransform
[        ] Transforming juniversalchardet-1.0.3.jar (com.googlecode.juniversalchardet:juniversalchardet:1.0.3) with MergeInstrumentationAnalysisTransform
[        ] Transforming annotations-23.0.0.jar (org.jetbrains:annotations:23.0.0) with ExternalDependencyInstrumentingArtifactTransform
[        ] Transforming annotations-31.13.1.jar (com.android.tools:annotations:31.13.1) with ExternalDependencyInstrumentingArtifactTransform
[        ] Transforming javax.annotation-api-1.3.2.jar (javax.annotation:javax.annotation-api:1.3.2) with InstrumentationAnalysisTransform
[        ] Transforming juniversalchardet-1.0.3.jar (com.googlecode.juniversalchardet:juniversalchardet:1.0.3) with ExternalDependencyInstrumentingArtifactTransform
[        ] Transforming jna-platform-5.6.0.jar (net.java.dev.jna:jna-platform:5.6.0) with ExternalDependencyInstrumentingArtifactTransform
[        ] Transforming signflinger-8.13.1.jar (com.android:signflinger:8.13.1) with ExternalDependencyInstrumentingArtifactTransform
[        ] Transforming zipflinger-8.13.1.jar (com.android:zipflinger:8.13.1) with ExternalDependencyInstrumentingArtifactTransform
[        ] Transforming javax.annotation-api-1.3.2.jar (javax.annotation:javax.annotation-api:1.3.2) with MergeInstrumentationAnalysisTransform
[        ] Transforming stax-ex-1.8.1.jar (org.jvnet.staxex:stax-ex:1.8.1) with InstrumentationAnalysisTransform
[        ] Transforming stax-ex-1.8.1.jar (org.jvnet.staxex:stax-ex:1.8.1) with MergeInstrumentationAnalysisTransform
[        ] Transforming jakarta.xml.bind-api-2.3.2.jar (jakarta.xml.bind:jakarta.xml.bind-api:2.3.2) with InstrumentationAnalysisTransform
[        ] Transforming jakarta.xml.bind-api-2.3.2.jar (jakarta.xml.bind:jakarta.xml.bind-api:2.3.2) with MergeInstrumentationAnalysisTransform
[        ] Transforming txw2-2.3.2.jar (org.glassfish.jaxb:txw2:2.3.2) with InstrumentationAnalysisTransform
[        ] Transforming txw2-2.3.2.jar (org.glassfish.jaxb:txw2:2.3.2) with MergeInstrumentationAnalysisTransform
[        ] Transforming istack-commons-runtime-3.0.8.jar (com.sun.istack:istack-commons-runtime:3.0.8) with InstrumentationAnalysisTransform
[        ] Transforming istack-commons-runtime-3.0.8.jar (com.sun.istack:istack-commons-runtime:3.0.8) with MergeInstrumentationAnalysisTransform
[        ] Transforming FastInfoset-1.2.16.jar (com.sun.xml.fastinfoset:FastInfoset:1.2.16) with InstrumentationAnalysisTransform
[        ] Transforming javax.annotation-api-1.3.2.jar (javax.annotation:javax.annotation-api:1.3.2) with ExternalDependencyInstrumentingArtifactTransform
[        ] Transforming istack-commons-runtime-3.0.8.jar (com.sun.istack:istack-commons-runtime:3.0.8) with ExternalDependencyInstrumentingArtifactTransform
[        ] Transforming txw2-2.3.2.jar (org.glassfish.jaxb:txw2:2.3.2) with ExternalDependencyInstrumentingArtifactTransform
[        ] Transforming jakarta.xml.bind-api-2.3.2.jar (jakarta.xml.bind:jakarta.xml.bind-api:2.3.2) with ExternalDependencyInstrumentingArtifactTransform
[        ] Transforming FastInfoset-1.2.16.jar (com.sun.xml.fastinfoset:FastInfoset:1.2.16) with MergeInstrumentationAnalysisTransform
[        ] Transforming jakarta.activation-api-1.2.1.jar (jakarta.activation:jakarta.activation-api:1.2.1) with InstrumentationAnalysisTransform
[        ] Transforming stax-ex-1.8.1.jar (org.jvnet.staxex:stax-ex:1.8.1) with ExternalDependencyInstrumentingArtifactTransform
[        ] Transforming jakarta.activation-api-1.2.1.jar (jakarta.activation:jakarta.activation-api:1.2.1) with MergeInstrumentationAnalysisTransform
[        ] Transforming auto-value-annotations-1.6.2.jar (com.google.auto.value:auto-value-annotations:1.6.2) with InstrumentationAnalysisTransform
[        ] Transforming FastInfoset-1.2.16.jar (com.sun.xml.fastinfoset:FastInfoset:1.2.16) with ExternalDependencyInstrumentingArtifactTransform
[        ] Transforming jakarta.activation-api-1.2.1.jar (jakarta.activation:jakarta.activation-api:1.2.1) with ExternalDependencyInstrumentingArtifactTransform
[        ] Transforming auto-value-annotations-1.6.2.jar (com.google.auto.value:auto-value-annotations:1.6.2) with MergeInstrumentationAnalysisTransform
[        ] Transforming error_prone_annotations-2.30.0.jar (com.google.errorprone:error_prone_annotations:2.30.0) with InstrumentationAnalysisTransform
[        ] Transforming error_prone_annotations-2.30.0.jar (com.google.errorprone:error_prone_annotations:2.30.0) with MergeInstrumentationAnalysisTransform
[        ] Transforming jose4j-0.9.5.jar (org.bitbucket.b_c:jose4j:0.9.5) with InstrumentationAnalysisTransform
[        ] Transforming auto-value-annotations-1.6.2.jar (com.google.auto.value:auto-value-annotations:1.6.2) with ExternalDependencyInstrumentingArtifactTransform
[        ] Transforming jose4j-0.9.5.jar (org.bitbucket.b_c:jose4j:0.9.5) with MergeInstrumentationAnalysisTransform
[        ] Transforming slf4j-api-1.7.30.jar (org.slf4j:slf4j-api:1.7.30) with InstrumentationAnalysisTransform
[        ] Transforming slf4j-api-1.7.30.jar (org.slf4j:slf4j-api:1.7.30) with MergeInstrumentationAnalysisTransform
[        ] Transforming jdom2-2.0.6.jar (org.jdom:jdom2:2.0.6) with InstrumentationAnalysisTransform
[        ] Transforming jdom2-2.0.6.jar (org.jdom:jdom2:2.0.6) with MergeInstrumentationAnalysisTransform
[        ] Transforming jsr305-3.0.2.jar (com.google.code.findbugs:jsr305:3.0.2) with InstrumentationAnalysisTransform
[        ] Transforming jose4j-0.9.5.jar (org.bitbucket.b_c:jose4j:0.9.5) with ExternalDependencyInstrumentingArtifactTransform
[        ] Transforming error_prone_annotations-2.30.0.jar (com.google.errorprone:error_prone_annotations:2.30.0) with ExternalDependencyInstrumentingArtifactTransform
[        ] Transforming slf4j-api-1.7.30.jar (org.slf4j:slf4j-api:1.7.30) with ExternalDependencyInstrumentingArtifactTransform
[        ] Transforming jsr305-3.0.2.jar (com.google.code.findbugs:jsr305:3.0.2) with MergeInstrumentationAnalysisTransform
[        ] Transforming jdom2-2.0.6.jar (org.jdom:jdom2:2.0.6) with ExternalDependencyInstrumentingArtifactTransform
[        ] Transforming j2objc-annotations-3.0.0.jar (com.google.j2objc:j2objc-annotations:3.0.0) with InstrumentationAnalysisTransform
[        ] Transforming jsr305-3.0.2.jar (com.google.code.findbugs:jsr305:3.0.2) with ExternalDependencyInstrumentingArtifactTransform
[        ] Transforming j2objc-annotations-3.0.0.jar (com.google.j2objc:j2objc-annotations:3.0.0) with MergeInstrumentationAnalysisTransform
[        ] Transforming annotations-4.1.1.4.jar (com.google.android:annotations:4.1.1.4) with InstrumentationAnalysisTransform
[        ] Transforming annotations-4.1.1.4.jar (com.google.android:annotations:4.1.1.4) with MergeInstrumentationAnalysisTransform
[        ] Transforming animal-sniffer-annotations-1.24.jar (org.codehaus.mojo:animal-sniffer-annotations:1.24) with InstrumentationAnalysisTransform
[        ] Transforming j2objc-annotations-3.0.0.jar (com.google.j2objc:j2objc-annotations:3.0.0) with ExternalDependencyInstrumentingArtifactTransform
[        ] Transforming animal-sniffer-annotations-1.24.jar (org.codehaus.mojo:animal-sniffer-annotations:1.24) with MergeInstrumentationAnalysisTransform
[        ] Transforming perfmark-api-0.27.0.jar (io.perfmark:perfmark-api:0.27.0) with InstrumentationAnalysisTransform
[        ] Transforming annotations-4.1.1.4.jar (com.google.android:annotations:4.1.1.4) with ExternalDependencyInstrumentingArtifactTransform
[        ] Transforming animal-sniffer-annotations-1.24.jar (org.codehaus.mojo:animal-sniffer-annotations:1.24) with ExternalDependencyInstrumentingArtifactTransform
[        ] Transforming perfmark-api-0.27.0.jar (io.perfmark:perfmark-api:0.27.0) with MergeInstrumentationAnalysisTransform
[        ] Transforming netty-codec-http2-4.1.110.Final.jar (io.netty:netty-codec-http2:4.1.110.Final) with InstrumentationAnalysisTransform
[        ] Transforming netty-codec-http2-4.1.110.Final.jar (io.netty:netty-codec-http2:4.1.110.Final) with MergeInstrumentationAnalysisTransform
[        ] Transforming netty-handler-proxy-4.1.110.Final.jar (io.netty:netty-handler-proxy:4.1.110.Final) with InstrumentationAnalysisTransform
[        ] Transforming netty-handler-proxy-4.1.110.Final.jar (io.netty:netty-handler-proxy:4.1.110.Final) with MergeInstrumentationAnalysisTransform
[        ] Transforming netty-codec-http-4.1.110.Final.jar (io.netty:netty-codec-http:4.1.110.Final) with InstrumentationAnalysisTransform
[        ] Transforming netty-codec-http-4.1.110.Final.jar (io.netty:netty-codec-http:4.1.110.Final) with MergeInstrumentationAnalysisTransform
[        ] Transforming netty-handler-4.1.110.Final.jar (io.netty:netty-handler:4.1.110.Final) with InstrumentationAnalysisTransform
[        ] Transforming perfmark-api-0.27.0.jar (io.perfmark:perfmark-api:0.27.0) with ExternalDependencyInstrumentingArtifactTransform
[        ] Transforming netty-codec-http-4.1.110.Final.jar (io.netty:netty-codec-http:4.1.110.Final) with ExternalDependencyInstrumentingArtifactTransform
[        ] Transforming netty-handler-proxy-4.1.110.Final.jar (io.netty:netty-handler-proxy:4.1.110.Final) with ExternalDependencyInstrumentingArtifactTransform
[        ] Transforming netty-codec-http2-4.1.110.Final.jar (io.netty:netty-codec-http2:4.1.110.Final) with ExternalDependencyInstrumentingArtifactTransform
[        ] Transforming netty-handler-4.1.110.Final.jar (io.netty:netty-handler:4.1.110.Final) with MergeInstrumentationAnalysisTransform
[        ] Transforming netty-transport-native-unix-common-4.1.110.Final.jar (io.netty:netty-transport-native-unix-common:4.1.110.Final) with InstrumentationAnalysisTransform
[        ] Transforming netty-transport-native-unix-common-4.1.110.Final.jar (io.netty:netty-transport-native-unix-common:4.1.110.Final) with MergeInstrumentationAnalysisTransform
[        ] Transforming checker-qual-3.43.0.jar (org.checkerframework:checker-qual:3.43.0) with InstrumentationAnalysisTransform
[        ] Transforming checker-qual-3.43.0.jar (org.checkerframework:checker-qual:3.43.0) with MergeInstrumentationAnalysisTransform
[        ] Transforming apksig-8.13.1.jar (com.android.tools.build:apksig:8.13.1) with InstrumentationAnalysisTransform
[        ] Transforming apksig-8.13.1.jar (com.android.tools.build:apksig:8.13.1) with MergeInstrumentationAnalysisTransform
[        ] Transforming netty-transport-native-unix-common-4.1.110.Final.jar (io.netty:netty-transport-native-unix-common:4.1.110.Final) with ExternalDependencyInstrumentingArtifactTransform
[        ] Transforming netty-handler-4.1.110.Final.jar (io.netty:netty-handler:4.1.110.Final) with ExternalDependencyInstrumentingArtifactTransform
[        ] Transforming checker-qual-3.43.0.jar (org.checkerframework:checker-qual:3.43.0) with ExternalDependencyInstrumentingArtifactTransform
[        ] Transforming javawriter-2.5.0.jar (com.squareup:javawriter:2.5.0) with InstrumentationAnalysisTransform
[        ] Transforming apksig-8.13.1.jar (com.android.tools.build:apksig:8.13.1) with ExternalDependencyInstrumentingArtifactTransform
[        ] Transforming javawriter-2.5.0.jar (com.squareup:javawriter:2.5.0) with MergeInstrumentationAnalysisTransform
[        ] Transforming failureaccess-1.0.2.jar (com.google.guava:failureaccess:1.0.2) with InstrumentationAnalysisTransform
[        ] Transforming failureaccess-1.0.2.jar (com.google.guava:failureaccess:1.0.2) with MergeInstrumentationAnalysisTransform
[        ] Transforming javawriter-2.5.0.jar (com.squareup:javawriter:2.5.0) with ExternalDependencyInstrumentingArtifactTransform
[        ] Transforming listenablefuture-9999.0-empty-to-avoid-conflict-with-guava.jar (com.google.guava:listenablefuture:9999.0-empty-to-avoid-conflict-with-guava) with InstrumentationAnalysisTransform
[        ] Transforming listenablefuture-9999.0-empty-to-avoid-conflict-with-guava.jar (com.google.guava:listenablefuture:9999.0-empty-to-avoid-conflict-with-guava) with MergeInstrumentationAnalysisTransform
[        ] Transforming commons-logging-1.2.jar (commons-logging:commons-logging:1.2) with InstrumentationAnalysisTransform
[        ] Transforming failureaccess-1.0.2.jar (com.google.guava:failureaccess:1.0.2) with ExternalDependencyInstrumentingArtifactTransform
[        ] Transforming commons-logging-1.2.jar (commons-logging:commons-logging:1.2) with MergeInstrumentationAnalysisTransform
[        ] Transforming listenablefuture-9999.0-empty-to-avoid-conflict-with-guava.jar (com.google.guava:listenablefuture:9999.0-empty-to-avoid-conflict-with-guava) with ExternalDependencyInstrumentingArtifactTransform
[        ] Transforming commons-codec-1.11.jar (commons-codec:commons-codec:1.11) with InstrumentationAnalysisTransform
[        ] Transforming commons-logging-1.2.jar (commons-logging:commons-logging:1.2) with ExternalDependencyInstrumentingArtifactTransform
[        ] Transforming commons-codec-1.11.jar (commons-codec:commons-codec:1.11) with MergeInstrumentationAnalysisTransform
[        ] Transforming jna-5.6.0.jar (net.java.dev.jna:jna:5.6.0) with InstrumentationAnalysisTransform
[        ] Transforming jna-5.6.0.jar (net.java.dev.jna:jna:5.6.0) with MergeInstrumentationAnalysisTransform
[        ] Transforming netty-codec-socks-4.1.110.Final.jar (io.netty:netty-codec-socks:4.1.110.Final) with InstrumentationAnalysisTransform
[        ] Transforming netty-codec-socks-4.1.110.Final.jar (io.netty:netty-codec-socks:4.1.110.Final) with MergeInstrumentationAnalysisTransform
[        ] Transforming netty-codec-4.1.110.Final.jar (io.netty:netty-codec:4.1.110.Final) with InstrumentationAnalysisTransform
[        ] Transforming netty-codec-4.1.110.Final.jar (io.netty:netty-codec:4.1.110.Final) with MergeInstrumentationAnalysisTransform
[        ] Transforming commons-codec-1.11.jar (commons-codec:commons-codec:1.11) with ExternalDependencyInstrumentingArtifactTransform
[        ] Transforming netty-codec-4.1.110.Final.jar (io.netty:netty-codec:4.1.110.Final) with ExternalDependencyInstrumentingArtifactTransform
[        ] Transforming netty-codec-socks-4.1.110.Final.jar (io.netty:netty-codec-socks:4.1.110.Final) with ExternalDependencyInstrumentingArtifactTransform
[        ] Transforming netty-transport-4.1.110.Final.jar (io.netty:netty-transport:4.1.110.Final) with InstrumentationAnalysisTransform
[        ] Transforming jna-5.6.0.jar (net.java.dev.jna:jna:5.6.0) with ExternalDependencyInstrumentingArtifactTransform
[        ] Transforming netty-transport-4.1.110.Final.jar (io.netty:netty-transport:4.1.110.Final) with MergeInstrumentationAnalysisTransform
[        ] Transforming netty-buffer-4.1.110.Final.jar (io.netty:netty-buffer:4.1.110.Final) with InstrumentationAnalysisTransform
[        ] Transforming netty-buffer-4.1.110.Final.jar (io.netty:netty-buffer:4.1.110.Final) with MergeInstrumentationAnalysisTransform
[        ] Transforming netty-resolver-4.1.110.Final.jar (io.netty:netty-resolver:4.1.110.Final) with InstrumentationAnalysisTransform
[        ] Transforming netty-transport-4.1.110.Final.jar (io.netty:netty-transport:4.1.110.Final) with ExternalDependencyInstrumentingArtifactTransform
[        ] Transforming netty-buffer-4.1.110.Final.jar (io.netty:netty-buffer:4.1.110.Final) with ExternalDependencyInstrumentingArtifactTransform
[        ] Transforming netty-resolver-4.1.110.Final.jar (io.netty:netty-resolver:4.1.110.Final) with MergeInstrumentationAnalysisTransform
[        ] Transforming netty-common-4.1.110.Final.jar (io.netty:netty-common:4.1.110.Final) with InstrumentationAnalysisTransform
[        ] Transforming netty-common-4.1.110.Final.jar (io.netty:netty-common:4.1.110.Final) with MergeInstrumentationAnalysisTransform
[        ] Transforming netty-resolver-4.1.110.Final.jar (io.netty:netty-resolver:4.1.110.Final) with ExternalDependencyInstrumentingArtifactTransform
[        ] Transforming netty-common-4.1.110.Final.jar (io.netty:netty-common:4.1.110.Final) with ExternalDependencyInstrumentingArtifactTransform
[        ] Using default execution profile
[  +24 ms] > Configure project :razorpay_flutter
[        ] Evaluating project ':razorpay_flutter' using build file 'C:\Users\midhu\AppData\Local\Pub\Cache\hosted\pub.dev\razorpay_flutter-1.4.1\android\build.gradle'.
[        ] Transforming gradle-7.1.3.jar (com.android.tools.build:gradle:7.1.3) with InstrumentationAnalysisTransform
[        ] Transforming lint-model-30.1.3.jar (com.android.tools.lint:lint-model:30.1.3) with InstrumentationAnalysisTransform
[        ] Transforming builder-7.1.3.jar (com.android.tools.build:builder:7.1.3) with InstrumentationAnalysisTransform
[        ] Transforming manifest-merger-30.1.3.jar (com.android.tools.build:manifest-merger:30.1.3) with InstrumentationAnalysisTransform
[        ] Transforming sdk-common-30.1.3.jar (com.android.tools:sdk-common:30.1.3) with InstrumentationAnalysisTransform
[        ] Transforming sdklib-30.1.3.jar (com.android.tools:sdklib:30.1.3) with InstrumentationAnalysisTransform
[        ] Transforming repository-30.1.3.jar (com.android.tools:repository:30.1.3) with InstrumentationAnalysisTransform
[        ] Transforming gradle-api-7.1.3.jar (com.android.tools.build:gradle-api:7.1.3) with InstrumentationAnalysisTransform
[        ] Transforming builder-test-api-7.1.3.jar (com.android.tools.build:builder-test-api:7.1.3) with InstrumentationAnalysisTransform
[        ] Transforming ddmlib-30.1.3.jar (com.android.tools.ddms:ddmlib:30.1.3) with InstrumentationAnalysisTransform
[        ] Transforming aaptcompiler-7.1.3.jar (com.android.tools.build:aaptcompiler:7.1.3) with InstrumentationAnalysisTransform
[        ] Transforming bundletool-1.8.0.jar (com.android.tools.build:bundletool:1.8.0) with InstrumentationAnalysisTransform
[        ] Transforming aapt2-proto-7.1.3-7984345.jar (com.android.tools.build:aapt2-proto:7.1.3-7984345) with InstrumentationAnalysisTransform
[        ] Transforming crash-30.1.3.jar (com.android.tools.analytics-library:crash:30.1.3) with InstrumentationAnalysisTransform
[        ] Transforming tracker-30.1.3.jar (com.android.tools.analytics-library:tracker:30.1.3) with InstrumentationAnalysisTransform
[        ] Transforming shared-30.1.3.jar (com.android.tools.analytics-library:shared:30.1.3) with InstrumentationAnalysisTransform
[        ] Transforming databinding-compiler-common-7.1.3.jar (androidx.databinding:databinding-compiler-common:7.1.3) with InstrumentationAnalysisTransform
[        ] Transforming databinding-common-7.1.3.jar (androidx.databinding:databinding-common:7.1.3) with InstrumentationAnalysisTransform
[        ] Transforming baseLibrary-7.1.3.jar (com.android.databinding:baseLibrary:7.1.3) with InstrumentationAnalysisTransform
[        ] Transforming layoutlib-api-30.1.3.jar (com.android.tools.layoutlib:layoutlib-api:30.1.3) with InstrumentationAnalysisTransform
[        ] Transforming android-device-provider-ddmlib-proto-30.1.3.jar (com.android.tools.utp:android-device-provider-ddmlib-proto:30.1.3) with InstrumentationAnalysisTransform
[        ] Transforming android-device-provider-gradle-proto-30.1.3.jar (com.android.tools.utp:android-device-provider-gradle-proto:30.1.3) with InstrumentationAnalysisTransform
[        ] Transforming android-test-plugin-host-additional-test-output-proto-30.1.3.jar (com.android.tools.utp:android-test-plugin-host-additional-test-output-proto:30.1.3) with InstrumentationAnalysisTransform
[        ] Transforming android-test-plugin-host-coverage-proto-30.1.3.jar (com.android.tools.utp:android-test-plugin-host-coverage-proto:30.1.3) with InstrumentationAnalysisTransform
[        ] Transforming android-test-plugin-host-retention-proto-30.1.3.jar (com.android.tools.utp:android-test-plugin-host-retention-proto:30.1.3) with InstrumentationAnalysisTransform
[        ] Transforming android-test-plugin-result-listener-gradle-proto-30.1.3.jar (com.android.tools.utp:android-test-plugin-result-listener-gradle-proto:30.1.3) with InstrumentationAnalysisTransform
[        ] Transforming dokka-core-1.4.32.jar (org.jetbrains.dokka:dokka-core:1.4.32) with InstrumentationAnalysisTransform
[        ] Transforming builder-model-7.1.3.jar (com.android.tools.build:builder-model:7.1.3) with InstrumentationAnalysisTransform
[        ] Transforming dvlib-30.1.3.jar (com.android.tools:dvlib:30.1.3) with InstrumentationAnalysisTransform
[        ] Transforming common-30.1.3.jar (com.android.tools:common:30.1.3) with InstrumentationAnalysisTransform
[        ] Transforming kotlin-stdlib-jdk8-1.4.32.jar (org.jetbrains.kotlin:kotlin-stdlib-jdk8:1.4.32) with InstrumentationAnalysisTransform
[        ] Transforming transform-api-2.0.0-deprecated-use-gradle-api.jar (com.android.tools.build:transform-api:2.0.0-deprecated-use-gradle-api) with InstrumentationAnalysisTransform
[        ] Transforming httpmime-4.5.6.jar (org.apache.httpcomponents:httpmime:4.5.6) with InstrumentationAnalysisTransform
[        ] Transforming commons-io-2.4.jar (commons-io:commons-io:2.4) with InstrumentationAnalysisTransform
[        ] Transforming jetifier-processor-1.0.0-beta09.jar (com.android.tools.build.jetifier:jetifier-processor:1.0.0-beta09) with InstrumentationAnalysisTransform
[        ] Transforming asm-commons-9.1.jar (org.ow2.asm:asm-commons:9.1) with InstrumentationAnalysisTransform
[        ] Transforming asm-util-9.1.jar (org.ow2.asm:asm-util:9.1) with InstrumentationAnalysisTransform
[        ] Transforming asm-analysis-9.1.jar (org.ow2.asm:asm-analysis:9.1) with InstrumentationAnalysisTransform
[        ] Transforming asm-tree-9.1.jar (org.ow2.asm:asm-tree:9.1) with InstrumentationAnalysisTransform
[        ] Transforming asm-9.1.jar (org.ow2.asm:asm:9.1) with InstrumentationAnalysisTransform
[        ] Transforming apkzlib-7.1.3.jar (com.android.tools.build:apkzlib:7.1.3) with InstrumentationAnalysisTransform
[        ] Transforming bcpkix-jdk15on-1.56.jar (org.bouncycastle:bcpkix-jdk15on:1.56) with InstrumentationAnalysisTransform
[        ] Transforming jaxb-runtime-2.3.2.jar (org.glassfish.jaxb:jaxb-runtime:2.3.2) with InstrumentationAnalysisTransform
[        ] Transforming jopt-simple-4.9.jar (net.sf.jopt-simple:jopt-simple:4.9) with InstrumentationAnalysisTransform
[        ] Transforming jetifier-core-1.0.0-beta09.jar (com.android.tools.build.jetifier:jetifier-core:1.0.0-beta09) with InstrumentationAnalysisTransform
[        ] Transforming javapoet-1.10.0.jar (com.squareup:javapoet:1.10.0) with InstrumentationAnalysisTransform
[        ] Transforming protobuf-java-util-3.10.0.jar (com.google.protobuf:protobuf-java-util:3.10.0) with InstrumentationAnalysisTransform
[        ] Transforming grpc-protobuf-1.21.1.jar (io.grpc:grpc-protobuf:1.21.1) with InstrumentationAnalysisTransform
[        ] Transforming tink-1.3.0-rc2.jar (com.google.crypto.tink:tink:1.3.0-rc2) with InstrumentationAnalysisTransform
[        ] Transforming protos-30.1.3.jar (com.android.tools.analytics-library:protos:30.1.3) with InstrumentationAnalysisTransform
[        ] Transforming protobuf-java-3.10.0.jar (com.google.protobuf:protobuf-java:3.10.0) with InstrumentationAnalysisTransform
[        ] Transforming grpc-netty-1.21.1.jar (io.grpc:grpc-netty:1.21.1) with InstrumentationAnalysisTransform
[        ] Transforming grpc-core-1.21.1.jar (io.grpc:grpc-core:1.21.1) with InstrumentationAnalysisTransform
[        ] Transforming gson-2.8.6.jar (com.google.code.gson:gson:2.8.6) with InstrumentationAnalysisTransform
[        ] Transforming grpc-stub-1.21.1.jar (io.grpc:grpc-stub:1.21.1) with InstrumentationAnalysisTransform
[        ] Transforming core-proto-0.0.8-alpha07.jar (com.google.testing.platform:core-proto:0.0.8-alpha07) with InstrumentationAnalysisTransform
[        ] Transforming tensorflow-lite-metadata-0.1.0-rc2.jar (org.tensorflow:tensorflow-lite-metadata:0.1.0-rc2) with InstrumentationAnalysisTransform
[        ] Transforming flatbuffers-java-1.12.0.jar (com.google.flatbuffers:flatbuffers-java:1.12.0) with InstrumentationAnalysisTransform
[        ] Transforming bcprov-jdk15on-1.56.jar (org.bouncycastle:bcprov-jdk15on:1.56) with InstrumentationAnalysisTransform
[        ] Transforming jimfs-1.1.jar (com.google.jimfs:jimfs:1.1) with InstrumentationAnalysisTransform
[        ] Transforming grpc-protobuf-lite-1.21.1.jar (io.grpc:grpc-protobuf-lite:1.21.1) with InstrumentationAnalysisTransform
[        ] Transforming grpc-api-1.21.1.jar (io.grpc:grpc-api:1.21.1) with InstrumentationAnalysisTransform
[        ] Transforming guava-30.1-jre.jar (com.google.guava:guava:30.1-jre) with InstrumentationAnalysisTransform
[        ] Transforming jackson-module-kotlin-2.11.1.jar (com.fasterxml.jackson.module:jackson-module-kotlin:2.11.1) with InstrumentationAnalysisTransform
[        ] Transforming kotlin-reflect-1.4.32.jar (org.jetbrains.kotlin:kotlin-reflect:1.4.32) with InstrumentationAnalysisTransform
[        ] Transforming dagger-2.28.3.jar (com.google.dagger:dagger:2.28.3) with InstrumentationAnalysisTransform
[        ] Transforming javax.inject-1.jar (javax.inject:javax.inject:1) with InstrumentationAnalysisTransform
[        ] Transforming kxml2-2.3.0.jar (net.sf.kxml:kxml2:2.3.0) with InstrumentationAnalysisTransform
[        ] Transforming trove4j-1.0.20181211.jar (org.jetbrains.intellij.deps:trove4j:1.0.20181211) with InstrumentationAnalysisTransform
[        ] Transforming xercesImpl-2.12.0.jar (xerces:xercesImpl:2.12.0) with InstrumentationAnalysisTransform
[        ] Transforming commons-compress-1.20.jar (org.apache.commons:commons-compress:1.20) with InstrumentationAnalysisTransform
[        ] Transforming httpclient-4.5.6.jar (org.apache.httpcomponents:httpclient:4.5.6) with InstrumentationAnalysisTransform
[        ] Transforming httpcore-4.4.10.jar (org.apache.httpcomponents:httpcore:4.4.10) with InstrumentationAnalysisTransform
[        ] Transforming javax.activation-1.2.0.jar (com.sun.activation:javax.activation:1.2.0) with InstrumentationAnalysisTransform
[        ] Transforming signflinger-7.1.3.jar (com.android:signflinger:7.1.3) with InstrumentationAnalysisTransform
[        ] Transforming zipflinger-7.1.3.jar (com.android:zipflinger:7.1.3) with InstrumentationAnalysisTransform
[        ] Transforming annotations-30.1.3.jar (com.android.tools:annotations:30.1.3) with InstrumentationAnalysisTransform
[        ] Transforming jna-platform-5.6.0.jar (net.java.dev.jna:jna-platform:5.6.0) with InstrumentationAnalysisTransform
[        ] Transforming antlr4-4.5.3.jar (org.antlr:antlr4:4.5.3) with InstrumentationAnalysisTransform
[        ] Transforming juniversalchardet-1.0.3.jar (com.googlecode.juniversalchardet:juniversalchardet:1.0.3) with InstrumentationAnalysisTransform
[        ] Transforming kotlin-stdlib-jdk7-1.4.32.jar (org.jetbrains.kotlin:kotlin-stdlib-jdk7:1.4.32) with InstrumentationAnalysisTransform
[        ] Transforming kotlinx-coroutines-core-jvm-1.4.1.jar (org.jetbrains.kotlinx:kotlinx-coroutines-core-jvm:1.4.1) with InstrumentationAnalysisTransform
[        ] Transforming markdown-jvm-0.2.1.jar (org.jetbrains:markdown-jvm:0.2.1) with InstrumentationAnalysisTransform
[        ] Transforming kotlin-stdlib-1.4.32.jar (org.jetbrains.kotlin:kotlin-stdlib:1.4.32) with InstrumentationAnalysisTransform
[        ] Transforming annotations-13.0.jar (org.jetbrains:annotations:13.0) with InstrumentationAnalysisTransform
[        ] Transforming stax-ex-1.8.1.jar (org.jvnet.staxex:stax-ex:1.8.1) with InstrumentationAnalysisTransform
[        ] Transforming jackson-dataformat-xml-2.11.1.jar (com.fasterxml.jackson.dataformat:jackson-dataformat-xml:2.11.1) with InstrumentationAnalysisTransform
[        ] Transforming jackson-module-jaxb-annotations-2.11.1.jar (com.fasterxml.jackson.module:jackson-module-jaxb-annotations:2.11.1) with InstrumentationAnalysisTransform
[        ] Transforming jakarta.xml.bind-api-2.3.2.jar (jakarta.xml.bind:jakarta.xml.bind-api:2.3.2) with InstrumentationAnalysisTransform
[        ] Transforming txw2-2.3.2.jar (org.glassfish.jaxb:txw2:2.3.2) with InstrumentationAnalysisTransform
[        ] Transforming istack-commons-runtime-3.0.8.jar (com.sun.istack:istack-commons-runtime:3.0.8) with InstrumentationAnalysisTransform
[        ] Transforming FastInfoset-1.2.16.jar (com.sun.xml.fastinfoset:FastInfoset:1.2.16) with InstrumentationAnalysisTransform
[        ] Transforming jakarta.activation-api-1.2.1.jar (jakarta.activation:jakarta.activation-api:1.2.1) with InstrumentationAnalysisTransform
[        ] Transforming auto-value-annotations-1.6.2.jar (com.google.auto.value:auto-value-annotations:1.6.2) with InstrumentationAnalysisTransform
[        ] Transforming error_prone_annotations-2.3.4.jar (com.google.errorprone:error_prone_annotations:2.3.4) with InstrumentationAnalysisTransform
[        ] Transforming jose4j-0.7.0.jar (org.bitbucket.b_c:jose4j:0.7.0) with InstrumentationAnalysisTransform
[        ] Transforming slf4j-api-1.7.30.jar (org.slf4j:slf4j-api:1.7.30) with InstrumentationAnalysisTransform
[        ] Transforming jdom2-2.0.6.jar (org.jdom:jdom2:2.0.6) with InstrumentationAnalysisTransform
[        ] Transforming opencensus-contrib-grpc-metrics-0.21.0.jar (io.opencensus:opencensus-contrib-grpc-metrics:0.21.0) with InstrumentationAnalysisTransform
[        ] Transforming opencensus-api-0.21.0.jar (io.opencensus:opencensus-api:0.21.0) with InstrumentationAnalysisTransform
[        ] Transforming annotations-4.1.1.4.jar (com.google.android:annotations:4.1.1.4) with InstrumentationAnalysisTransform
[        ] Transforming netty-codec-http2-4.1.34.Final.jar (io.netty:netty-codec-http2:4.1.34.Final) with InstrumentationAnalysisTransform
[        ] Transforming netty-handler-proxy-4.1.34.Final.jar (io.netty:netty-handler-proxy:4.1.34.Final) with InstrumentationAnalysisTransform
[        ] Transforming proto-google-common-protos-1.12.0.jar (com.google.api.grpc:proto-google-common-protos:1.12.0) with InstrumentationAnalysisTransform
[        ] Transforming json-20180813.jar (org.json:json:20180813) with InstrumentationAnalysisTransform
[        ] Transforming jsoup-1.13.1.jar (org.jsoup:jsoup:1.13.1) with InstrumentationAnalysisTransform
[        ] Transforming checker-qual-3.5.0.jar (org.checkerframework:checker-qual:3.5.0) with InstrumentationAnalysisTransform
[        ] Transforming commons-codec-1.10.jar (commons-codec:commons-codec:1.10) with InstrumentationAnalysisTransform
[        ] Transforming fastutil-8.4.0.jar (it.unimi.dsi:fastutil:8.4.0) with InstrumentationAnalysisTransform
[        ] Transforming json-simple-1.1.jar (com.googlecode.json-simple:json-simple:1.1) with InstrumentationAnalysisTransform
[        ] Transforming apksig-7.1.3.jar (com.android.tools.build:apksig:7.1.3) with InstrumentationAnalysisTransform
[        ] Transforming javawriter-2.5.0.jar (com.squareup:javawriter:2.5.0) with InstrumentationAnalysisTransform
[        ] Transforming failureaccess-1.0.1.jar (com.google.guava:failureaccess:1.0.1) with InstrumentationAnalysisTransform
[        ] Transforming listenablefuture-9999.0-empty-to-avoid-conflict-with-guava.jar (com.google.guava:listenablefuture:9999.0-empty-to-avoid-conflict-with-guava) with InstrumentationAnalysisTransform
[        ] Transforming jsr305-3.0.2.jar (com.google.code.findbugs:jsr305:3.0.2) with InstrumentationAnalysisTransform
[        ] Transforming j2objc-annotations-1.3.jar (com.google.j2objc:j2objc-annotations:1.3) with InstrumentationAnalysisTransform
[        ] Transforming xml-apis-1.4.01.jar (xml-apis:xml-apis:1.4.01) with InstrumentationAnalysisTransform
[        ] Transforming commons-logging-1.2.jar (commons-logging:commons-logging:1.2) with InstrumentationAnalysisTransform
[        ] Transforming jna-5.6.0.jar (net.java.dev.jna:jna:5.6.0) with InstrumentationAnalysisTransform
[        ] Transforming kotlin-stdlib-common-1.4.32.jar (org.jetbrains.kotlin:kotlin-stdlib-common:1.4.32) with InstrumentationAnalysisTransform
[        ] Transforming grpc-context-1.21.1.jar (io.grpc:grpc-context:1.21.1) with InstrumentationAnalysisTransform
[        ] Transforming animal-sniffer-annotations-1.17.jar (org.codehaus.mojo:animal-sniffer-annotations:1.17) with InstrumentationAnalysisTransform
[        ] Transforming netty-codec-http-4.1.34.Final.jar (io.netty:netty-codec-http:4.1.34.Final) with InstrumentationAnalysisTransform
[        ] Transforming netty-handler-4.1.34.Final.jar (io.netty:netty-handler:4.1.34.Final) with InstrumentationAnalysisTransform
[        ] Transforming netty-codec-socks-4.1.34.Final.jar (io.netty:netty-codec-socks:4.1.34.Final) with InstrumentationAnalysisTransform
[        ] Transforming netty-codec-4.1.34.Final.jar (io.netty:netty-codec:4.1.34.Final) with InstrumentationAnalysisTransform
[        ] Transforming netty-transport-4.1.34.Final.jar (io.netty:netty-transport:4.1.34.Final) with InstrumentationAnalysisTransform
[        ] Transforming netty-buffer-4.1.34.Final.jar (io.netty:netty-buffer:4.1.34.Final) with InstrumentationAnalysisTransform
[        ] Transforming netty-resolver-4.1.34.Final.jar (io.netty:netty-resolver:4.1.34.Final) with InstrumentationAnalysisTransform
[        ] Transforming netty-common-4.1.34.Final.jar (io.netty:netty-common:4.1.34.Final) with InstrumentationAnalysisTransform
[        ] Transforming jackson-databind-2.11.1.jar (com.fasterxml.jackson.core:jackson-databind:2.11.1) with InstrumentationAnalysisTransform
[        ] Transforming jackson-annotations-2.11.1.jar (com.fasterxml.jackson.core:jackson-annotations:2.11.1) with InstrumentationAnalysisTransform
[        ] Transforming jackson-core-2.11.1.jar (com.fasterxml.jackson.core:jackson-core:2.11.1) with InstrumentationAnalysisTransform
[        ] Transforming woodstox-core-6.2.1.jar (com.fasterxml.woodstox:woodstox-core:6.2.1) with InstrumentationAnalysisTransform
[        ] Transforming stax2-api-4.2.1.jar (org.codehaus.woodstox:stax2-api:4.2.1) with InstrumentationAnalysisTransform
[        ] Transforming gradle-7.1.3.jar (com.android.tools.build:gradle:7.1.3) with InstrumentationAnalysisTransform
[        ] Transforming gradle-7.1.3.jar (com.android.tools.build:gradle:7.1.3) with MergeInstrumentationAnalysisTransform
[        ] Transforming lint-model-30.1.3.jar (com.android.tools.lint:lint-model:30.1.3) with InstrumentationAnalysisTransform
[        ] Transforming lint-model-30.1.3.jar (com.android.tools.lint:lint-model:30.1.3) with MergeInstrumentationAnalysisTransform
[        ] Transforming builder-7.1.3.jar (com.android.tools.build:builder:7.1.3) with InstrumentationAnalysisTransform
[        ] Transforming builder-7.1.3.jar (com.android.tools.build:builder:7.1.3) with MergeInstrumentationAnalysisTransform
[        ] Transforming manifest-merger-30.1.3.jar (com.android.tools.build:manifest-merger:30.1.3) with InstrumentationAnalysisTransform
[        ] Transforming manifest-merger-30.1.3.jar (com.android.tools.build:manifest-merger:30.1.3) with MergeInstrumentationAnalysisTransform
[        ] Transforming gradle-7.1.3.jar (com.android.tools.build:gradle:7.1.3) with ExternalDependencyInstrumentingArtifactTransform
[        ] Transforming manifest-merger-30.1.3.jar (com.android.tools.build:manifest-merger:30.1.3) with ExternalDependencyInstrumentingArtifactTransform
[        ] Transforming sdk-common-30.1.3.jar (com.android.tools:sdk-common:30.1.3) with InstrumentationAnalysisTransform
[        ] Transforming sdk-common-30.1.3.jar (com.android.tools:sdk-common:30.1.3) with MergeInstrumentationAnalysisTransform
[        ] Transforming builder-7.1.3.jar (com.android.tools.build:builder:7.1.3) with ExternalDependencyInstrumentingArtifactTransform
[        ] Transforming lint-model-30.1.3.jar (com.android.tools.lint:lint-model:30.1.3) with ExternalDependencyInstrumentingArtifactTransform
[        ] Transforming sdklib-30.1.3.jar (com.android.tools:sdklib:30.1.3) with InstrumentationAnalysisTransform
[        ] Transforming sdklib-30.1.3.jar (com.android.tools:sdklib:30.1.3) with MergeInstrumentationAnalysisTransform
[        ] Transforming sdk-common-30.1.3.jar (com.android.tools:sdk-common:30.1.3) with ExternalDependencyInstrumentingArtifactTransform
[        ] Transforming sdklib-30.1.3.jar (com.android.tools:sdklib:30.1.3) with ExternalDependencyInstrumentingArtifactTransform
[        ] Transforming repository-30.1.3.jar (com.android.tools:repository:30.1.3) with InstrumentationAnalysisTransform
[        ] Transforming repository-30.1.3.jar (com.android.tools:repository:30.1.3) with MergeInstrumentationAnalysisTransform
[        ] Transforming gradle-api-7.1.3.jar (com.android.tools.build:gradle-api:7.1.3) with InstrumentationAnalysisTransform
[        ] Transforming gradle-api-7.1.3.jar (com.android.tools.build:gradle-api:7.1.3) with MergeInstrumentationAnalysisTransform
[        ] Transforming builder-test-api-7.1.3.jar (com.android.tools.build:builder-test-api:7.1.3) with InstrumentationAnalysisTransform
[        ] Transforming builder-test-api-7.1.3.jar (com.android.tools.build:builder-test-api:7.1.3) with MergeInstrumentationAnalysisTransform
[        ] Transforming ddmlib-30.1.3.jar (com.android.tools.ddms:ddmlib:30.1.3) with InstrumentationAnalysisTransform
[        ] Transforming repository-30.1.3.jar (com.android.tools:repository:30.1.3) with ExternalDependencyInstrumentingArtifactTransform
[        ] Transforming gradle-api-7.1.3.jar (com.android.tools.build:gradle-api:7.1.3) with ExternalDependencyInstrumentingArtifactTransform
[        ] Transforming builder-test-api-7.1.3.jar (com.android.tools.build:builder-test-api:7.1.3) with ExternalDependencyInstrumentingArtifactTransform
[        ] Transforming ddmlib-30.1.3.jar (com.android.tools.ddms:ddmlib:30.1.3) with MergeInstrumentationAnalysisTransform
[        ] Transforming aaptcompiler-7.1.3.jar (com.android.tools.build:aaptcompiler:7.1.3) with InstrumentationAnalysisTransform
[        ] Transforming ddmlib-30.1.3.jar (com.android.tools.ddms:ddmlib:30.1.3) with ExternalDependencyInstrumentingArtifactTransform
[        ] Transforming aaptcompiler-7.1.3.jar (com.android.tools.build:aaptcompiler:7.1.3) with MergeInstrumentationAnalysisTransform
[        ] Transforming bundletool-1.8.0.jar (com.android.tools.build:bundletool:1.8.0) with InstrumentationAnalysisTransform
[        ] Transforming aaptcompiler-7.1.3.jar (com.android.tools.build:aaptcompiler:7.1.3) with ExternalDependencyInstrumentingArtifactTransform
[        ] Transforming bundletool-1.8.0.jar (com.android.tools.build:bundletool:1.8.0) with MergeInstrumentationAnalysisTransform
[        ] Transforming aapt2-proto-7.1.3-7984345.jar (com.android.tools.build:aapt2-proto:7.1.3-7984345) with InstrumentationAnalysisTransform
[        ] Transforming aapt2-proto-7.1.3-7984345.jar (com.android.tools.build:aapt2-proto:7.1.3-7984345) with MergeInstrumentationAnalysisTransform
[        ] Transforming crash-30.1.3.jar (com.android.tools.analytics-library:crash:30.1.3) with InstrumentationAnalysisTransform
[        ] Transforming bundletool-1.8.0.jar (com.android.tools.build:bundletool:1.8.0) with ExternalDependencyInstrumentingArtifactTransform
[        ] Transforming crash-30.1.3.jar (com.android.tools.analytics-library:crash:30.1.3) with MergeInstrumentationAnalysisTransform
[        ] Transforming aapt2-proto-7.1.3-7984345.jar (com.android.tools.build:aapt2-proto:7.1.3-7984345) with ExternalDependencyInstrumentingArtifactTransform
[        ] Transforming crash-30.1.3.jar (com.android.tools.analytics-library:crash:30.1.3) with ExternalDependencyInstrumentingArtifactTransform
[        ] Transforming tracker-30.1.3.jar (com.android.tools.analytics-library:tracker:30.1.3) with InstrumentationAnalysisTransform
[        ] Transforming tracker-30.1.3.jar (com.android.tools.analytics-library:tracker:30.1.3) with MergeInstrumentationAnalysisTransform
[        ] Transforming shared-30.1.3.jar (com.android.tools.analytics-library:shared:30.1.3) with InstrumentationAnalysisTransform
[        ] Transforming shared-30.1.3.jar (com.android.tools.analytics-library:shared:30.1.3) with MergeInstrumentationAnalysisTransform
[        ] Transforming databinding-compiler-common-7.1.3.jar (androidx.databinding:databinding-compiler-common:7.1.3) with InstrumentationAnalysisTransform
[        ] Transforming databinding-compiler-common-7.1.3.jar (androidx.databinding:databinding-compiler-common:7.1.3) with MergeInstrumentationAnalysisTransform
[        ] Transforming databinding-common-7.1.3.jar (androidx.databinding:databinding-common:7.1.3) with InstrumentationAnalysisTransform
[        ] Transforming databinding-common-7.1.3.jar (androidx.databinding:databinding-common:7.1.3) with MergeInstrumentationAnalysisTransform
[        ] Transforming baseLibrary-7.1.3.jar (com.android.databinding:baseLibrary:7.1.3) with InstrumentationAnalysisTransform
[        ] Transforming baseLibrary-7.1.3.jar (com.android.databinding:baseLibrary:7.1.3) with MergeInstrumentationAnalysisTransform
[        ] Transforming layoutlib-api-30.1.3.jar (com.android.tools.layoutlib:layoutlib-api:30.1.3) with InstrumentationAnalysisTransform
[        ] Transforming layoutlib-api-30.1.3.jar (com.android.tools.layoutlib:layoutlib-api:30.1.3) with MergeInstrumentationAnalysisTransform
[        ] Transforming shared-30.1.3.jar (com.android.tools.analytics-library:shared:30.1.3) with ExternalDependencyInstrumentingArtifactTransform
[        ] Transforming databinding-common-7.1.3.jar (androidx.databinding:databinding-common:7.1.3) with ExternalDependencyInstrumentingArtifactTransform
[        ] Transforming tracker-30.1.3.jar (com.android.tools.analytics-library:tracker:30.1.3) with ExternalDependencyInstrumentingArtifactTransform
[        ] Transforming layoutlib-api-30.1.3.jar (com.android.tools.layoutlib:layoutlib-api:30.1.3) with ExternalDependencyInstrumentingArtifactTransform
[        ] Transforming baseLibrary-7.1.3.jar (com.android.databinding:baseLibrary:7.1.3) with ExternalDependencyInstrumentingArtifactTransform
[        ] Transforming android-device-provider-ddmlib-proto-30.1.3.jar (com.android.tools.utp:android-device-provider-ddmlib-proto:30.1.3) with InstrumentationAnalysisTransform
[        ] Transforming databinding-compiler-common-7.1.3.jar (androidx.databinding:databinding-compiler-common:7.1.3) with ExternalDependencyInstrumentingArtifactTransform
[        ] Transforming android-device-provider-ddmlib-proto-30.1.3.jar (com.android.tools.utp:android-device-provider-ddmlib-proto:30.1.3) with MergeInstrumentationAnalysisTransform
[        ] Transforming android-device-provider-gradle-proto-30.1.3.jar (com.android.tools.utp:android-device-provider-gradle-proto:30.1.3) with InstrumentationAnalysisTransform
[        ] Transforming android-device-provider-gradle-proto-30.1.3.jar (com.android.tools.utp:android-device-provider-gradle-proto:30.1.3) with MergeInstrumentationAnalysisTransform
[        ] Transforming android-device-provider-ddmlib-proto-30.1.3.jar (com.android.tools.utp:android-device-provider-ddmlib-proto:30.1.3) with ExternalDependencyInstrumentingArtifactTransform
[        ] Transforming android-test-plugin-host-additional-test-output-proto-30.1.3.jar (com.android.tools.utp:android-test-plugin-host-additional-test-output-proto:30.1.3) with InstrumentationAnalysisTransform
[        ] Transforming android-test-plugin-host-additional-test-output-proto-30.1.3.jar (com.android.tools.utp:android-test-plugin-host-additional-test-output-proto:30.1.3) with MergeInstrumentationAnalysisTransform
[        ] Transforming android-test-plugin-host-coverage-proto-30.1.3.jar (com.android.tools.utp:android-test-plugin-host-coverage-proto:30.1.3) with InstrumentationAnalysisTransform
[        ] Transforming android-test-plugin-host-coverage-proto-30.1.3.jar (com.android.tools.utp:android-test-plugin-host-coverage-proto:30.1.3) with MergeInstrumentationAnalysisTransform
[        ] Transforming android-test-plugin-host-additional-test-output-proto-30.1.3.jar (com.android.tools.utp:android-test-plugin-host-additional-test-output-proto:30.1.3) with ExternalDependencyInstrumentingArtifactTransform
[        ] Transforming android-device-provider-gradle-proto-30.1.3.jar (com.android.tools.utp:android-device-provider-gradle-proto:30.1.3) with ExternalDependencyInstrumentingArtifactTransform
[        ] Transforming android-test-plugin-host-retention-proto-30.1.3.jar (com.android.tools.utp:android-test-plugin-host-retention-proto:30.1.3) with InstrumentationAnalysisTransform
[        ] Transforming android-test-plugin-host-coverage-proto-30.1.3.jar (com.android.tools.utp:android-test-plugin-host-coverage-proto:30.1.3) with ExternalDependencyInstrumentingArtifactTransform
[        ] Transforming android-test-plugin-host-retention-proto-30.1.3.jar (com.android.tools.utp:android-test-plugin-host-retention-proto:30.1.3) with MergeInstrumentationAnalysisTransform
[        ] Transforming android-test-plugin-result-listener-gradle-proto-30.1.3.jar (com.android.tools.utp:android-test-plugin-result-listener-gradle-proto:30.1.3) with InstrumentationAnalysisTransform
[        ] Transforming android-test-plugin-result-listener-gradle-proto-30.1.3.jar (com.android.tools.utp:android-test-plugin-result-listener-gradle-proto:30.1.3) with MergeInstrumentationAnalysisTransform
[        ] Transforming dokka-core-1.4.32.jar (org.jetbrains.dokka:dokka-core:1.4.32) with InstrumentationAnalysisTransform
[        ] Transforming android-test-plugin-host-retention-proto-30.1.3.jar (com.android.tools.utp:android-test-plugin-host-retention-proto:30.1.3) with ExternalDependencyInstrumentingArtifactTransform
[        ] Transforming android-test-plugin-result-listener-gradle-proto-30.1.3.jar (com.android.tools.utp:android-test-plugin-result-listener-gradle-proto:30.1.3) with ExternalDependencyInstrumentingArtifactTransform
[        ] Transforming dokka-core-1.4.32.jar (org.jetbrains.dokka:dokka-core:1.4.32) with MergeInstrumentationAnalysisTransform
[        ] Transforming builder-model-7.1.3.jar (com.android.tools.build:builder-model:7.1.3) with InstrumentationAnalysisTransform
[        ] Transforming builder-model-7.1.3.jar (com.android.tools.build:builder-model:7.1.3) with MergeInstrumentationAnalysisTransform
[        ] Transforming dvlib-30.1.3.jar (com.android.tools:dvlib:30.1.3) with InstrumentationAnalysisTransform
[        ] Transforming dokka-core-1.4.32.jar (org.jetbrains.dokka:dokka-core:1.4.32) with ExternalDependencyInstrumentingArtifactTransform
[        ] Transforming dvlib-30.1.3.jar (com.android.tools:dvlib:30.1.3) with MergeInstrumentationAnalysisTransform
[        ] Transforming builder-model-7.1.3.jar (com.android.tools.build:builder-model:7.1.3) with ExternalDependencyInstrumentingArtifactTransform
[        ] Transforming dvlib-30.1.3.jar (com.android.tools:dvlib:30.1.3) with ExternalDependencyInstrumentingArtifactTransform
[        ] Transforming common-30.1.3.jar (com.android.tools:common:30.1.3) with InstrumentationAnalysisTransform
[        ] Transforming common-30.1.3.jar (com.android.tools:common:30.1.3) with MergeInstrumentationAnalysisTransform
[        ] Transforming kotlin-stdlib-jdk8-1.4.32.jar (org.jetbrains.kotlin:kotlin-stdlib-jdk8:1.4.32) with InstrumentationAnalysisTransform
[        ] Transforming kotlin-stdlib-jdk8-1.4.32.jar (org.jetbrains.kotlin:kotlin-stdlib-jdk8:1.4.32) with MergeInstrumentationAnalysisTransform
[        ] Transforming transform-api-2.0.0-deprecated-use-gradle-api.jar (com.android.tools.build:transform-api:2.0.0-deprecated-use-gradle-api) with InstrumentationAnalysisTransform
[        ] Transforming kotlin-stdlib-jdk8-1.4.32.jar (org.jetbrains.kotlin:kotlin-stdlib-jdk8:1.4.32) with ExternalDependencyInstrumentingArtifactTransform
[        ] Transforming common-30.1.3.jar (com.android.tools:common:30.1.3) with ExternalDependencyInstrumentingArtifactTransform
[        ] Transforming transform-api-2.0.0-deprecated-use-gradle-api.jar (com.android.tools.build:transform-api:2.0.0-deprecated-use-gradle-api) with MergeInstrumentationAnalysisTransform
[        ] Transforming httpmime-4.5.6.jar (org.apache.httpcomponents:httpmime:4.5.6) with InstrumentationAnalysisTransform
[        ] Transforming httpmime-4.5.6.jar (org.apache.httpcomponents:httpmime:4.5.6) with MergeInstrumentationAnalysisTransform
[        ] Transforming transform-api-2.0.0-deprecated-use-gradle-api.jar (com.android.tools.build:transform-api:2.0.0-deprecated-use-gradle-api) with ExternalDependencyInstrumentingArtifactTransform
[        ] Transforming commons-io-2.4.jar (commons-io:commons-io:2.4) with InstrumentationAnalysisTransform
[        ] Transforming commons-io-2.4.jar (commons-io:commons-io:2.4) with MergeInstrumentationAnalysisTransform
[        ] Transforming jetifier-processor-1.0.0-beta09.jar (com.android.tools.build.jetifier:jetifier-processor:1.0.0-beta09) with InstrumentationAnalysisTransform
[        ] Transforming httpmime-4.5.6.jar (org.apache.httpcomponents:httpmime:4.5.6) with ExternalDependencyInstrumentingArtifactTransform
[        ] Transforming jetifier-processor-1.0.0-beta09.jar (com.android.tools.build.jetifier:jetifier-processor:1.0.0-beta09) with MergeInstrumentationAnalysisTransform
[        ] Transforming asm-commons-9.1.jar (org.ow2.asm:asm-commons:9.1) with InstrumentationAnalysisTransform
[        ] Transforming asm-commons-9.1.jar (org.ow2.asm:asm-commons:9.1) with MergeInstrumentationAnalysisTransform
[        ] Transforming asm-util-9.1.jar (org.ow2.asm:asm-util:9.1) with InstrumentationAnalysisTransform
[        ] Transforming asm-util-9.1.jar (org.ow2.asm:asm-util:9.1) with MergeInstrumentationAnalysisTransform
[        ] Transforming asm-analysis-9.1.jar (org.ow2.asm:asm-analysis:9.1) with InstrumentationAnalysisTransform
[        ] Transforming commons-io-2.4.jar (commons-io:commons-io:2.4) with ExternalDependencyInstrumentingArtifactTransform
[        ] Transforming jetifier-processor-1.0.0-beta09.jar (com.android.tools.build.jetifier:jetifier-processor:1.0.0-beta09) with ExternalDependencyInstrumentingArtifactTransform
[        ] Transforming asm-util-9.1.jar (org.ow2.asm:asm-util:9.1) with ExternalDependencyInstrumentingArtifactTransform
[        ] Transforming asm-commons-9.1.jar (org.ow2.asm:asm-commons:9.1) with ExternalDependencyInstrumentingArtifactTransform
[        ] Transforming asm-analysis-9.1.jar (org.ow2.asm:asm-analysis:9.1) with MergeInstrumentationAnalysisTransform
[        ] Transforming asm-tree-9.1.jar (org.ow2.asm:asm-tree:9.1) with InstrumentationAnalysisTransform
[        ] Transforming asm-tree-9.1.jar (org.ow2.asm:asm-tree:9.1) with MergeInstrumentationAnalysisTransform
[        ] Transforming asm-9.1.jar (org.ow2.asm:asm:9.1) with InstrumentationAnalysisTransform
[        ] Transforming asm-9.1.jar (org.ow2.asm:asm:9.1) with MergeInstrumentationAnalysisTransform
[        ] Transforming asm-analysis-9.1.jar (org.ow2.asm:asm-analysis:9.1) with ExternalDependencyInstrumentingArtifactTransform
[        ] Transforming asm-tree-9.1.jar (org.ow2.asm:asm-tree:9.1) with ExternalDependencyInstrumentingArtifactTransform
[        ] Transforming apkzlib-7.1.3.jar (com.android.tools.build:apkzlib:7.1.3) with InstrumentationAnalysisTransform
[        ] Transforming asm-9.1.jar (org.ow2.asm:asm:9.1) with ExternalDependencyInstrumentingArtifactTransform
[        ] Transforming apkzlib-7.1.3.jar (com.android.tools.build:apkzlib:7.1.3) with MergeInstrumentationAnalysisTransform
[        ] Transforming bcpkix-jdk15on-1.56.jar (org.bouncycastle:bcpkix-jdk15on:1.56) with InstrumentationAnalysisTransform
[        ] Transforming bcpkix-jdk15on-1.56.jar (org.bouncycastle:bcpkix-jdk15on:1.56) with MergeInstrumentationAnalysisTransform
[        ] Transforming jaxb-runtime-2.3.2.jar (org.glassfish.jaxb:jaxb-runtime:2.3.2) with InstrumentationAnalysisTransform
[        ] Transforming jaxb-runtime-2.3.2.jar (org.glassfish.jaxb:jaxb-runtime:2.3.2) with MergeInstrumentationAnalysisTransform
[        ] Transforming jopt-simple-4.9.jar (net.sf.jopt-simple:jopt-simple:4.9) with InstrumentationAnalysisTransform
[        ] Transforming jopt-simple-4.9.jar (net.sf.jopt-simple:jopt-simple:4.9) with MergeInstrumentationAnalysisTransform
[        ] Transforming jetifier-core-1.0.0-beta09.jar (com.android.tools.build.jetifier:jetifier-core:1.0.0-beta09) with InstrumentationAnalysisTransform
[        ] Transforming bcpkix-jdk15on-1.56.jar (org.bouncycastle:bcpkix-jdk15on:1.56) with ExternalDependencyInstrumentingArtifactTransform
[        ] Transforming jaxb-runtime-2.3.2.jar (org.glassfish.jaxb:jaxb-runtime:2.3.2) with ExternalDependencyInstrumentingArtifactTransform
[        ] Transforming apkzlib-7.1.3.jar (com.android.tools.build:apkzlib:7.1.3) with ExternalDependencyInstrumentingArtifactTransform
[        ] Transforming jetifier-core-1.0.0-beta09.jar (com.android.tools.build.jetifier:jetifier-core:1.0.0-beta09) with MergeInstrumentationAnalysisTransform
[        ] Transforming javapoet-1.10.0.jar (com.squareup:javapoet:1.10.0) with InstrumentationAnalysisTransform
[        ] Transforming jopt-simple-4.9.jar (net.sf.jopt-simple:jopt-simple:4.9) with ExternalDependencyInstrumentingArtifactTransform
[        ] Transforming jetifier-core-1.0.0-beta09.jar (com.android.tools.build.jetifier:jetifier-core:1.0.0-beta09) with ExternalDependencyInstrumentingArtifactTransform
[        ] Transforming javapoet-1.10.0.jar (com.squareup:javapoet:1.10.0) with MergeInstrumentationAnalysisTransform
[        ] Transforming protobuf-java-util-3.10.0.jar (com.google.protobuf:protobuf-java-util:3.10.0) with InstrumentationAnalysisTransform
[        ] Transforming protobuf-java-util-3.10.0.jar (com.google.protobuf:protobuf-java-util:3.10.0) with MergeInstrumentationAnalysisTransform
[        ] Transforming grpc-protobuf-1.21.1.jar (io.grpc:grpc-protobuf:1.21.1) with InstrumentationAnalysisTransform
[        ] Transforming grpc-protobuf-1.21.1.jar (io.grpc:grpc-protobuf:1.21.1) with MergeInstrumentationAnalysisTransform
[        ] Transforming tink-1.3.0-rc2.jar (com.google.crypto.tink:tink:1.3.0-rc2) with InstrumentationAnalysisTransform
[        ] Transforming tink-1.3.0-rc2.jar (com.google.crypto.tink:tink:1.3.0-rc2) with MergeInstrumentationAnalysisTransform
[        ] Transforming javapoet-1.10.0.jar (com.squareup:javapoet:1.10.0) with ExternalDependencyInstrumentingArtifactTransform
[        ] Transforming protobuf-java-util-3.10.0.jar (com.google.protobuf:protobuf-java-util:3.10.0) with ExternalDependencyInstrumentingArtifactTransform
[        ] Transforming protos-30.1.3.jar (com.android.tools.analytics-library:protos:30.1.3) with InstrumentationAnalysisTransform
[        ] Transforming grpc-protobuf-1.21.1.jar (io.grpc:grpc-protobuf:1.21.1) with ExternalDependencyInstrumentingArtifactTransform
[        ] Transforming protos-30.1.3.jar (com.android.tools.analytics-library:protos:30.1.3) with MergeInstrumentationAnalysisTransform
[        ] Transforming tink-1.3.0-rc2.jar (com.google.crypto.tink:tink:1.3.0-rc2) with ExternalDependencyInstrumentingArtifactTransform
[        ] Transforming protobuf-java-3.10.0.jar (com.google.protobuf:protobuf-java:3.10.0) with InstrumentationAnalysisTransform
[        ] Transforming protobuf-java-3.10.0.jar (com.google.protobuf:protobuf-java:3.10.0) with MergeInstrumentationAnalysisTransform
[        ] Transforming grpc-netty-1.21.1.jar (io.grpc:grpc-netty:1.21.1) with InstrumentationAnalysisTransform
[        ] Transforming protos-30.1.3.jar (com.android.tools.analytics-library:protos:30.1.3) with ExternalDependencyInstrumentingArtifactTransform
[        ] Transforming protobuf-java-3.10.0.jar (com.google.protobuf:protobuf-java:3.10.0) with ExternalDependencyInstrumentingArtifactTransform
[        ] Transforming grpc-netty-1.21.1.jar (io.grpc:grpc-netty:1.21.1) with MergeInstrumentationAnalysisTransform
[        ] Transforming grpc-core-1.21.1.jar (io.grpc:grpc-core:1.21.1) with InstrumentationAnalysisTransform
[        ] Transforming grpc-core-1.21.1.jar (io.grpc:grpc-core:1.21.1) with MergeInstrumentationAnalysisTransform
[        ] Transforming grpc-netty-1.21.1.jar (io.grpc:grpc-netty:1.21.1) with ExternalDependencyInstrumentingArtifactTransform
[        ] Transforming gson-2.8.6.jar (com.google.code.gson:gson:2.8.6) with InstrumentationAnalysisTransform
[        ] Transforming gson-2.8.6.jar (com.google.code.gson:gson:2.8.6) with MergeInstrumentationAnalysisTransform
[        ] Transforming grpc-stub-1.21.1.jar (io.grpc:grpc-stub:1.21.1) with InstrumentationAnalysisTransform
[        ] Transforming grpc-core-1.21.1.jar (io.grpc:grpc-core:1.21.1) with ExternalDependencyInstrumentingArtifactTransform
[        ] Transforming grpc-stub-1.21.1.jar (io.grpc:grpc-stub:1.21.1) with MergeInstrumentationAnalysisTransform
[        ] Transforming core-proto-0.0.8-alpha07.jar (com.google.testing.platform:core-proto:0.0.8-alpha07) with InstrumentationAnalysisTransform
[        ] Transforming core-proto-0.0.8-alpha07.jar (com.google.testing.platform:core-proto:0.0.8-alpha07) with MergeInstrumentationAnalysisTransform
[        ] Transforming tensorflow-lite-metadata-0.1.0-rc2.jar (org.tensorflow:tensorflow-lite-metadata:0.1.0-rc2) with InstrumentationAnalysisTransform
[        ] Transforming gson-2.8.6.jar (com.google.code.gson:gson:2.8.6) with ExternalDependencyInstrumentingArtifactTransform
[        ] Transforming core-proto-0.0.8-alpha07.jar (com.google.testing.platform:core-proto:0.0.8-alpha07) with ExternalDependencyInstrumentingArtifactTransform
[        ] Transforming tensorflow-lite-metadata-0.1.0-rc2.jar (org.tensorflow:tensorflow-lite-metadata:0.1.0-rc2) with MergeInstrumentationAnalysisTransform
[        ] Transforming flatbuffers-java-1.12.0.jar (com.google.flatbuffers:flatbuffers-java:1.12.0) with InstrumentationAnalysisTransform
[        ] Transforming grpc-stub-1.21.1.jar (io.grpc:grpc-stub:1.21.1) with ExternalDependencyInstrumentingArtifactTransform
[        ] Transforming flatbuffers-java-1.12.0.jar (com.google.flatbuffers:flatbuffers-java:1.12.0) with MergeInstrumentationAnalysisTransform
[        ] Transforming bcprov-jdk15on-1.56.jar (org.bouncycastle:bcprov-jdk15on:1.56) with InstrumentationAnalysisTransform
[        ] Transforming tensorflow-lite-metadata-0.1.0-rc2.jar (org.tensorflow:tensorflow-lite-metadata:0.1.0-rc2) with ExternalDependencyInstrumentingArtifactTransform
[        ] Transforming bcprov-jdk15on-1.56.jar (org.bouncycastle:bcprov-jdk15on:1.56) with MergeInstrumentationAnalysisTransform
[        ] Transforming jimfs-1.1.jar (com.google.jimfs:jimfs:1.1) with InstrumentationAnalysisTransform
[        ] Transforming jimfs-1.1.jar (com.google.jimfs:jimfs:1.1) with MergeInstrumentationAnalysisTransform
[        ] Transforming grpc-protobuf-lite-1.21.1.jar (io.grpc:grpc-protobuf-lite:1.21.1) with InstrumentationAnalysisTransform
[        ] Transforming grpc-protobuf-lite-1.21.1.jar (io.grpc:grpc-protobuf-lite:1.21.1) with MergeInstrumentationAnalysisTransform
[        ] Transforming flatbuffers-java-1.12.0.jar (com.google.flatbuffers:flatbuffers-java:1.12.0) with ExternalDependencyInstrumentingArtifactTransform
[        ] Transforming grpc-api-1.21.1.jar (io.grpc:grpc-api:1.21.1) with InstrumentationAnalysisTransform
[        ] Transforming bcprov-jdk15on-1.56.jar (org.bouncycastle:bcprov-jdk15on:1.56) with ExternalDependencyInstrumentingArtifactTransform
[        ] Transforming grpc-protobuf-lite-1.21.1.jar (io.grpc:grpc-protobuf-lite:1.21.1) with ExternalDependencyInstrumentingArtifactTransform
[        ] Transforming grpc-api-1.21.1.jar (io.grpc:grpc-api:1.21.1) with MergeInstrumentationAnalysisTransform
[        ] Transforming guava-30.1-jre.jar (com.google.guava:guava:30.1-jre) with InstrumentationAnalysisTransform
[        ] Transforming jimfs-1.1.jar (com.google.jimfs:jimfs:1.1) with ExternalDependencyInstrumentingArtifactTransform
[        ] Transforming guava-30.1-jre.jar (com.google.guava:guava:30.1-jre) with MergeInstrumentationAnalysisTransform
[        ] Transforming grpc-api-1.21.1.jar (io.grpc:grpc-api:1.21.1) with ExternalDependencyInstrumentingArtifactTransform
[        ] Transforming jackson-module-kotlin-2.11.1.jar (com.fasterxml.jackson.module:jackson-module-kotlin:2.11.1) with InstrumentationAnalysisTransform
[        ] Transforming jackson-module-kotlin-2.11.1.jar (com.fasterxml.jackson.module:jackson-module-kotlin:2.11.1) with MergeInstrumentationAnalysisTransform
[        ] Transforming kotlin-reflect-1.4.32.jar (org.jetbrains.kotlin:kotlin-reflect:1.4.32) with InstrumentationAnalysisTransform
[        ] Transforming kotlin-reflect-1.4.32.jar (org.jetbrains.kotlin:kotlin-reflect:1.4.32) with MergeInstrumentationAnalysisTransform
[        ] Transforming dagger-2.28.3.jar (com.google.dagger:dagger:2.28.3) with InstrumentationAnalysisTransform
[        ] Transforming guava-30.1-jre.jar (com.google.guava:guava:30.1-jre) with ExternalDependencyInstrumentingArtifactTransform
[        ] Transforming kotlin-reflect-1.4.32.jar (org.jetbrains.kotlin:kotlin-reflect:1.4.32) with ExternalDependencyInstrumentingArtifactTransform
[        ] Transforming jackson-module-kotlin-2.11.1.jar (com.fasterxml.jackson.module:jackson-module-kotlin:2.11.1) with ExternalDependencyInstrumentingArtifactTransform
[        ] Transforming dagger-2.28.3.jar (com.google.dagger:dagger:2.28.3) with MergeInstrumentationAnalysisTransform
[        ] Transforming javax.inject-1.jar (javax.inject:javax.inject:1) with InstrumentationAnalysisTransform
[        ] Transforming dagger-2.28.3.jar (com.google.dagger:dagger:2.28.3) with ExternalDependencyInstrumentingArtifactTransform
[        ] Transforming javax.inject-1.jar (javax.inject:javax.inject:1) with MergeInstrumentationAnalysisTransform
[        ] Transforming kxml2-2.3.0.jar (net.sf.kxml:kxml2:2.3.0) with InstrumentationAnalysisTransform
[        ] Transforming kxml2-2.3.0.jar (net.sf.kxml:kxml2:2.3.0) with MergeInstrumentationAnalysisTransform
[        ] Transforming trove4j-1.0.20181211.jar (org.jetbrains.intellij.deps:trove4j:1.0.20181211) with InstrumentationAnalysisTransform
[        ] Transforming javax.inject-1.jar (javax.inject:javax.inject:1) with ExternalDependencyInstrumentingArtifactTransform
[        ] Transforming trove4j-1.0.20181211.jar (org.jetbrains.intellij.deps:trove4j:1.0.20181211) with MergeInstrumentationAnalysisTransform
[        ] Transforming xercesImpl-2.12.0.jar (xerces:xercesImpl:2.12.0) with InstrumentationAnalysisTransform
[        ] Transforming kxml2-2.3.0.jar (net.sf.kxml:kxml2:2.3.0) with ExternalDependencyInstrumentingArtifactTransform
[        ] Transforming trove4j-1.0.20181211.jar (org.jetbrains.intellij.deps:trove4j:1.0.20181211) with ExternalDependencyInstrumentingArtifactTransform
[        ] Transforming xercesImpl-2.12.0.jar (xerces:xercesImpl:2.12.0) with MergeInstrumentationAnalysisTransform
[        ] Transforming commons-compress-1.20.jar (org.apache.commons:commons-compress:1.20) with InstrumentationAnalysisTransform
[        ] Transforming commons-compress-1.20.jar (org.apache.commons:commons-compress:1.20) with MergeInstrumentationAnalysisTransform
[        ] Transforming xercesImpl-2.12.0.jar (xerces:xercesImpl:2.12.0) with ExternalDependencyInstrumentingArtifactTransform
[        ] Transforming httpclient-4.5.6.jar (org.apache.httpcomponents:httpclient:4.5.6) with InstrumentationAnalysisTransform
[        ] Transforming httpclient-4.5.6.jar (org.apache.httpcomponents:httpclient:4.5.6) with MergeInstrumentationAnalysisTransform
[        ] Transforming httpcore-4.4.10.jar (org.apache.httpcomponents:httpcore:4.4.10) with InstrumentationAnalysisTransform
[        ] Transforming httpcore-4.4.10.jar (org.apache.httpcomponents:httpcore:4.4.10) with MergeInstrumentationAnalysisTransform
[        ] Transforming javax.activation-1.2.0.jar (com.sun.activation:javax.activation:1.2.0) with InstrumentationAnalysisTransform
[        ] Transforming commons-compress-1.20.jar (org.apache.commons:commons-compress:1.20) with ExternalDependencyInstrumentingArtifactTransform
[        ] Transforming httpcore-4.4.10.jar (org.apache.httpcomponents:httpcore:4.4.10) with ExternalDependencyInstrumentingArtifactTransform
[        ] Transforming httpclient-4.5.6.jar (org.apache.httpcomponents:httpclient:4.5.6) with ExternalDependencyInstrumentingArtifactTransform
[        ] Transforming javax.activation-1.2.0.jar (com.sun.activation:javax.activation:1.2.0) with MergeInstrumentationAnalysisTransform
[        ] Transforming signflinger-7.1.3.jar (com.android:signflinger:7.1.3) with InstrumentationAnalysisTransform
[        ] Transforming signflinger-7.1.3.jar (com.android:signflinger:7.1.3) with MergeInstrumentationAnalysisTransform
[        ] Transforming zipflinger-7.1.3.jar (com.android:zipflinger:7.1.3) with InstrumentationAnalysisTransform
[        ] Transforming javax.activation-1.2.0.jar (com.sun.activation:javax.activation:1.2.0) with ExternalDependencyInstrumentingArtifactTransform
[        ] Transforming zipflinger-7.1.3.jar (com.android:zipflinger:7.1.3) with MergeInstrumentationAnalysisTransform
[        ] Transforming signflinger-7.1.3.jar (com.android:signflinger:7.1.3) with ExternalDependencyInstrumentingArtifactTransform
[        ] Transforming annotations-30.1.3.jar (com.android.tools:annotations:30.1.3) with InstrumentationAnalysisTransform
[        ] Transforming annotations-30.1.3.jar (com.android.tools:annotations:30.1.3) with MergeInstrumentationAnalysisTransform
[        ] Transforming jna-platform-5.6.0.jar (net.java.dev.jna:jna-platform:5.6.0) with InstrumentationAnalysisTransform
[        ] Transforming jna-platform-5.6.0.jar (net.java.dev.jna:jna-platform:5.6.0) with MergeInstrumentationAnalysisTransform
[        ] Transforming zipflinger-7.1.3.jar (com.android:zipflinger:7.1.3) with ExternalDependencyInstrumentingArtifactTransform
[        ] Transforming antlr4-4.5.3.jar (org.antlr:antlr4:4.5.3) with InstrumentationAnalysisTransform
[        ] Transforming jna-platform-5.6.0.jar (net.java.dev.jna:jna-platform:5.6.0) with ExternalDependencyInstrumentingArtifactTransform
[        ] Transforming annotations-30.1.3.jar (com.android.tools:annotations:30.1.3) with ExternalDependencyInstrumentingArtifactTransform
[        ] Transforming antlr4-4.5.3.jar (org.antlr:antlr4:4.5.3) with MergeInstrumentationAnalysisTransform
[        ] Transforming juniversalchardet-1.0.3.jar (com.googlecode.juniversalchardet:juniversalchardet:1.0.3) with InstrumentationAnalysisTransform
[        ] Transforming juniversalchardet-1.0.3.jar (com.googlecode.juniversalchardet:juniversalchardet:1.0.3) with MergeInstrumentationAnalysisTransform
[        ] Transforming kotlin-stdlib-jdk7-1.4.32.jar (org.jetbrains.kotlin:kotlin-stdlib-jdk7:1.4.32) with InstrumentationAnalysisTransform
[        ] Transforming antlr4-4.5.3.jar (org.antlr:antlr4:4.5.3) with ExternalDependencyInstrumentingArtifactTransform
[        ] Transforming kotlin-stdlib-jdk7-1.4.32.jar (org.jetbrains.kotlin:kotlin-stdlib-jdk7:1.4.32) with MergeInstrumentationAnalysisTransform
[        ] Transforming kotlinx-coroutines-core-jvm-1.4.1.jar (org.jetbrains.kotlinx:kotlinx-coroutines-core-jvm:1.4.1) with InstrumentationAnalysisTransform
[        ] Transforming juniversalchardet-1.0.3.jar (com.googlecode.juniversalchardet:juniversalchardet:1.0.3) with ExternalDependencyInstrumentingArtifactTransform
[        ] Transforming kotlinx-coroutines-core-jvm-1.4.1.jar (org.jetbrains.kotlinx:kotlinx-coroutines-core-jvm:1.4.1) with MergeInstrumentationAnalysisTransform
[        ] Transforming kotlin-stdlib-jdk7-1.4.32.jar (org.jetbrains.kotlin:kotlin-stdlib-jdk7:1.4.32) with ExternalDependencyInstrumentingArtifactTransform
[        ] Transforming markdown-jvm-0.2.1.jar (org.jetbrains:markdown-jvm:0.2.1) with InstrumentationAnalysisTransform
[        ] Transforming kotlinx-coroutines-core-jvm-1.4.1.jar (org.jetbrains.kotlinx:kotlinx-coroutines-core-jvm:1.4.1) with ExternalDependencyInstrumentingArtifactTransform
[        ] Transforming markdown-jvm-0.2.1.jar (org.jetbrains:markdown-jvm:0.2.1) with MergeInstrumentationAnalysisTransform
[        ] Transforming kotlin-stdlib-1.4.32.jar (org.jetbrains.kotlin:kotlin-stdlib:1.4.32) with InstrumentationAnalysisTransform
[        ] Transforming kotlin-stdlib-1.4.32.jar (org.jetbrains.kotlin:kotlin-stdlib:1.4.32) with MergeInstrumentationAnalysisTransform
[        ] Transforming annotations-13.0.jar (org.jetbrains:annotations:13.0) with InstrumentationAnalysisTransform
[        ] Transforming markdown-jvm-0.2.1.jar (org.jetbrains:markdown-jvm:0.2.1) with ExternalDependencyInstrumentingArtifactTransform
[        ] Transforming kotlin-stdlib-1.4.32.jar (org.jetbrains.kotlin:kotlin-stdlib:1.4.32) with ExternalDependencyInstrumentingArtifactTransform
[        ] Transforming annotations-13.0.jar (org.jetbrains:annotations:13.0) with MergeInstrumentationAnalysisTransform
[        ] Transforming stax-ex-1.8.1.jar (org.jvnet.staxex:stax-ex:1.8.1) with InstrumentationAnalysisTransform
[        ] Transforming stax-ex-1.8.1.jar (org.jvnet.staxex:stax-ex:1.8.1) with MergeInstrumentationAnalysisTransform
[        ] Transforming jackson-dataformat-xml-2.11.1.jar (com.fasterxml.jackson.dataformat:jackson-dataformat-xml:2.11.1) with InstrumentationAnalysisTransform
[        ] Transforming jackson-dataformat-xml-2.11.1.jar (com.fasterxml.jackson.dataformat:jackson-dataformat-xml:2.11.1) with MergeInstrumentationAnalysisTransform
[        ] Transforming annotations-13.0.jar (org.jetbrains:annotations:13.0) with ExternalDependencyInstrumentingArtifactTransform
[        ] Transforming jackson-module-jaxb-annotations-2.11.1.jar (com.fasterxml.jackson.module:jackson-module-jaxb-annotations:2.11.1) with InstrumentationAnalysisTransform
[        ] Transforming jackson-module-jaxb-annotations-2.11.1.jar (com.fasterxml.jackson.module:jackson-module-jaxb-annotations:2.11.1) with MergeInstrumentationAnalysisTransform
[        ] Transforming jakarta.xml.bind-api-2.3.2.jar (jakarta.xml.bind:jakarta.xml.bind-api:2.3.2) with InstrumentationAnalysisTransform
[        ] Transforming jackson-dataformat-xml-2.11.1.jar (com.fasterxml.jackson.dataformat:jackson-dataformat-xml:2.11.1) with ExternalDependencyInstrumentingArtifactTransform
[        ] Transforming jackson-module-jaxb-annotations-2.11.1.jar (com.fasterxml.jackson.module:jackson-module-jaxb-annotations:2.11.1) with ExternalDependencyInstrumentingArtifactTransform
[        ] Transforming stax-ex-1.8.1.jar (org.jvnet.staxex:stax-ex:1.8.1) with ExternalDependencyInstrumentingArtifactTransform
[        ] Transforming jakarta.xml.bind-api-2.3.2.jar (jakarta.xml.bind:jakarta.xml.bind-api:2.3.2) with MergeInstrumentationAnalysisTransform
[        ] Transforming txw2-2.3.2.jar (org.glassfish.jaxb:txw2:2.3.2) with InstrumentationAnalysisTransform
[        ] Transforming txw2-2.3.2.jar (org.glassfish.jaxb:txw2:2.3.2) with MergeInstrumentationAnalysisTransform
[        ] Transforming istack-commons-runtime-3.0.8.jar (com.sun.istack:istack-commons-runtime:3.0.8) with InstrumentationAnalysisTransform
[        ] Transforming istack-commons-runtime-3.0.8.jar (com.sun.istack:istack-commons-runtime:3.0.8) with MergeInstrumentationAnalysisTransform
[        ] Transforming FastInfoset-1.2.16.jar (com.sun.xml.fastinfoset:FastInfoset:1.2.16) with InstrumentationAnalysisTransform
[        ] Transforming jakarta.xml.bind-api-2.3.2.jar (jakarta.xml.bind:jakarta.xml.bind-api:2.3.2) with ExternalDependencyInstrumentingArtifactTransform
[        ] Transforming FastInfoset-1.2.16.jar (com.sun.xml.fastinfoset:FastInfoset:1.2.16) with MergeInstrumentationAnalysisTransform
[        ] Transforming jakarta.activation-api-1.2.1.jar (jakarta.activation:jakarta.activation-api:1.2.1) with InstrumentationAnalysisTransform
[        ] Transforming istack-commons-runtime-3.0.8.jar (com.sun.istack:istack-commons-runtime:3.0.8) with ExternalDependencyInstrumentingArtifactTransform
[        ] Transforming jakarta.activation-api-1.2.1.jar (jakarta.activation:jakarta.activation-api:1.2.1) with MergeInstrumentationAnalysisTransform
[        ] Transforming auto-value-annotations-1.6.2.jar (com.google.auto.value:auto-value-annotations:1.6.2) with InstrumentationAnalysisTransform
[        ] Transforming auto-value-annotations-1.6.2.jar (com.google.auto.value:auto-value-annotations:1.6.2) with MergeInstrumentationAnalysisTransform
[        ] Transforming error_prone_annotations-2.3.4.jar (com.google.errorprone:error_prone_annotations:2.3.4) with InstrumentationAnalysisTransform
[        ] Transforming error_prone_annotations-2.3.4.jar (com.google.errorprone:error_prone_annotations:2.3.4) with MergeInstrumentationAnalysisTransform
[        ] Transforming FastInfoset-1.2.16.jar (com.sun.xml.fastinfoset:FastInfoset:1.2.16) with ExternalDependencyInstrumentingArtifactTransform
[        ] Transforming error_prone_annotations-2.3.4.jar (com.google.errorprone:error_prone_annotations:2.3.4) with ExternalDependencyInstrumentingArtifactTransform
[        ] Transforming txw2-2.3.2.jar (org.glassfish.jaxb:txw2:2.3.2) with ExternalDependencyInstrumentingArtifactTransform
[        ] Transforming auto-value-annotations-1.6.2.jar (com.google.auto.value:auto-value-annotations:1.6.2) with ExternalDependencyInstrumentingArtifactTransform
[        ] Transforming jakarta.activation-api-1.2.1.jar (jakarta.activation:jakarta.activation-api:1.2.1) with ExternalDependencyInstrumentingArtifactTransform
[        ] Transforming jose4j-0.7.0.jar (org.bitbucket.b_c:jose4j:0.7.0) with InstrumentationAnalysisTransform
[        ] Transforming jose4j-0.7.0.jar (org.bitbucket.b_c:jose4j:0.7.0) with MergeInstrumentationAnalysisTransform
[        ] Transforming slf4j-api-1.7.30.jar (org.slf4j:slf4j-api:1.7.30) with InstrumentationAnalysisTransform
[        ] Transforming slf4j-api-1.7.30.jar (org.slf4j:slf4j-api:1.7.30) with MergeInstrumentationAnalysisTransform
[        ] Transforming jdom2-2.0.6.jar (org.jdom:jdom2:2.0.6) with InstrumentationAnalysisTransform
[        ] Transforming jdom2-2.0.6.jar (org.jdom:jdom2:2.0.6) with MergeInstrumentationAnalysisTransform
[        ] Transforming opencensus-contrib-grpc-metrics-0.21.0.jar (io.opencensus:opencensus-contrib-grpc-metrics:0.21.0) with InstrumentationAnalysisTransform
[        ] Transforming opencensus-contrib-grpc-metrics-0.21.0.jar (io.opencensus:opencensus-contrib-grpc-metrics:0.21.0) with MergeInstrumentationAnalysisTransform
[        ] Transforming opencensus-api-0.21.0.jar (io.opencensus:opencensus-api:0.21.0) with InstrumentationAnalysisTransform
[        ] Transforming opencensus-api-0.21.0.jar (io.opencensus:opencensus-api:0.21.0) with MergeInstrumentationAnalysisTransform
[        ] Transforming jdom2-2.0.6.jar (org.jdom:jdom2:2.0.6) with ExternalDependencyInstrumentingArtifactTransform
[        ] Transforming opencensus-contrib-grpc-metrics-0.21.0.jar (io.opencensus:opencensus-contrib-grpc-metrics:0.21.0) with ExternalDependencyInstrumentingArtifactTransform
[        ] Transforming jose4j-0.7.0.jar (org.bitbucket.b_c:jose4j:0.7.0) with ExternalDependencyInstrumentingArtifactTransform
[        ] Transforming annotations-4.1.1.4.jar (com.google.android:annotations:4.1.1.4) with InstrumentationAnalysisTransform
[        ] Transforming opencensus-api-0.21.0.jar (io.opencensus:opencensus-api:0.21.0) with ExternalDependencyInstrumentingArtifactTransform
[        ] Transforming slf4j-api-1.7.30.jar (org.slf4j:slf4j-api:1.7.30) with ExternalDependencyInstrumentingArtifactTransform
[        ] Transforming annotations-4.1.1.4.jar (com.google.android:annotations:4.1.1.4) with MergeInstrumentationAnalysisTransform
[        ] Transforming netty-codec-http2-4.1.34.Final.jar (io.netty:netty-codec-http2:4.1.34.Final) with InstrumentationAnalysisTransform
[        ] Transforming netty-codec-http2-4.1.34.Final.jar (io.netty:netty-codec-http2:4.1.34.Final) with MergeInstrumentationAnalysisTransform
[        ] Transforming annotations-4.1.1.4.jar (com.google.android:annotations:4.1.1.4) with ExternalDependencyInstrumentingArtifactTransform
[        ] Transforming netty-handler-proxy-4.1.34.Final.jar (io.netty:netty-handler-proxy:4.1.34.Final) with InstrumentationAnalysisTransform
[        ] Transforming netty-handler-proxy-4.1.34.Final.jar (io.netty:netty-handler-proxy:4.1.34.Final) with MergeInstrumentationAnalysisTransform
[        ] Transforming netty-codec-http2-4.1.34.Final.jar (io.netty:netty-codec-http2:4.1.34.Final) with ExternalDependencyInstrumentingArtifactTransform
[        ] Transforming netty-handler-proxy-4.1.34.Final.jar (io.netty:netty-handler-proxy:4.1.34.Final) with ExternalDependencyInstrumentingArtifactTransform
[        ] Transforming proto-google-common-protos-1.12.0.jar (com.google.api.grpc:proto-google-common-protos:1.12.0) with InstrumentationAnalysisTransform
[        ] Transforming proto-google-common-protos-1.12.0.jar (com.google.api.grpc:proto-google-common-protos:1.12.0) with MergeInstrumentationAnalysisTransform
[        ] Transforming json-20180813.jar (org.json:json:20180813) with InstrumentationAnalysisTransform
[        ] Transforming json-20180813.jar (org.json:json:20180813) with MergeInstrumentationAnalysisTransform
[        ] Transforming jsoup-1.13.1.jar (org.jsoup:jsoup:1.13.1) with InstrumentationAnalysisTransform
[        ] Transforming jsoup-1.13.1.jar (org.jsoup:jsoup:1.13.1) with MergeInstrumentationAnalysisTransform
[        ] Transforming proto-google-common-protos-1.12.0.jar (com.google.api.grpc:proto-google-common-protos:1.12.0) with ExternalDependencyInstrumentingArtifactTransform
[        ] Transforming checker-qual-3.5.0.jar (org.checkerframework:checker-qual:3.5.0) with InstrumentationAnalysisTransform
[        ] Transforming json-20180813.jar (org.json:json:20180813) with ExternalDependencyInstrumentingArtifactTransform
[        ] Transforming jsoup-1.13.1.jar (org.jsoup:jsoup:1.13.1) with ExternalDependencyInstrumentingArtifactTransform
[        ] Transforming checker-qual-3.5.0.jar (org.checkerframework:checker-qual:3.5.0) with MergeInstrumentationAnalysisTransform
[        ] Transforming commons-codec-1.10.jar (commons-codec:commons-codec:1.10) with InstrumentationAnalysisTransform
[        ] Transforming checker-qual-3.5.0.jar (org.checkerframework:checker-qual:3.5.0) with ExternalDependencyInstrumentingArtifactTransform
[        ] Transforming commons-codec-1.10.jar (commons-codec:commons-codec:1.10) with MergeInstrumentationAnalysisTransform
[        ] Transforming fastutil-8.4.0.jar (it.unimi.dsi:fastutil:8.4.0) with InstrumentationAnalysisTransform
[        ] Transforming fastutil-8.4.0.jar (it.unimi.dsi:fastutil:8.4.0) with MergeInstrumentationAnalysisTransform
[        ] Transforming json-simple-1.1.jar (com.googlecode.json-simple:json-simple:1.1) with InstrumentationAnalysisTransform
[        ] Transforming commons-codec-1.10.jar (commons-codec:commons-codec:1.10) with ExternalDependencyInstrumentingArtifactTransform
[        ] Transforming json-simple-1.1.jar (com.googlecode.json-simple:json-simple:1.1) with MergeInstrumentationAnalysisTransform
[        ] Transforming apksig-7.1.3.jar (com.android.tools.build:apksig:7.1.3) with InstrumentationAnalysisTransform
[        ] Transforming apksig-7.1.3.jar (com.android.tools.build:apksig:7.1.3) with MergeInstrumentationAnalysisTransform
[        ] Transforming fastutil-8.4.0.jar (it.unimi.dsi:fastutil:8.4.0) with ExternalDependencyInstrumentingArtifactTransform
[        ] Transforming javawriter-2.5.0.jar (com.squareup:javawriter:2.5.0) with InstrumentationAnalysisTransform
[        ] Transforming apksig-7.1.3.jar (com.android.tools.build:apksig:7.1.3) with ExternalDependencyInstrumentingArtifactTransform
[        ] Transforming json-simple-1.1.jar (com.googlecode.json-simple:json-simple:1.1) with ExternalDependencyInstrumentingArtifactTransform
[        ] Transforming javawriter-2.5.0.jar (com.squareup:javawriter:2.5.0) with MergeInstrumentationAnalysisTransform
[        ] Transforming failureaccess-1.0.1.jar (com.google.guava:failureaccess:1.0.1) with InstrumentationAnalysisTransform
[        ] Transforming failureaccess-1.0.1.jar (com.google.guava:failureaccess:1.0.1) with MergeInstrumentationAnalysisTransform
[        ] Transforming listenablefuture-9999.0-empty-to-avoid-conflict-with-guava.jar (com.google.guava:listenablefuture:9999.0-empty-to-avoid-conflict-with-guava) with InstrumentationAnalysisTransform
[        ] Transforming listenablefuture-9999.0-empty-to-avoid-conflict-with-guava.jar (com.google.guava:listenablefuture:9999.0-empty-to-avoid-conflict-with-guava) with MergeInstrumentationAnalysisTransform
[        ] Transforming jsr305-3.0.2.jar (com.google.code.findbugs:jsr305:3.0.2) with InstrumentationAnalysisTransform
[        ] Transforming jsr305-3.0.2.jar (com.google.code.findbugs:jsr305:3.0.2) with MergeInstrumentationAnalysisTransform
[        ] Transforming j2objc-annotations-1.3.jar (com.google.j2objc:j2objc-annotations:1.3) with InstrumentationAnalysisTransform
[        ] Transforming j2objc-annotations-1.3.jar (com.google.j2objc:j2objc-annotations:1.3) with MergeInstrumentationAnalysisTransform
[        ] Transforming listenablefuture-9999.0-empty-to-avoid-conflict-with-guava.jar (com.google.guava:listenablefuture:9999.0-empty-to-avoid-conflict-with-guava) with ExternalDependencyInstrumentingArtifactTransform
[        ] Transforming javawriter-2.5.0.jar (com.squareup:javawriter:2.5.0) with ExternalDependencyInstrumentingArtifactTransform
[        ] Transforming failureaccess-1.0.1.jar (com.google.guava:failureaccess:1.0.1) with ExternalDependencyInstrumentingArtifactTransform
[        ] Transforming j2objc-annotations-1.3.jar (com.google.j2objc:j2objc-annotations:1.3) with ExternalDependencyInstrumentingArtifactTransform
[        ] Transforming jsr305-3.0.2.jar (com.google.code.findbugs:jsr305:3.0.2) with ExternalDependencyInstrumentingArtifactTransform
[        ] Transforming xml-apis-1.4.01.jar (xml-apis:xml-apis:1.4.01) with InstrumentationAnalysisTransform
[        ] Transforming xml-apis-1.4.01.jar (xml-apis:xml-apis:1.4.01) with MergeInstrumentationAnalysisTransform
[        ] Transforming commons-logging-1.2.jar (commons-logging:commons-logging:1.2) with InstrumentationAnalysisTransform
[        ] Transforming commons-logging-1.2.jar (commons-logging:commons-logging:1.2) with MergeInstrumentationAnalysisTransform
[        ] Transforming xml-apis-1.4.01.jar (xml-apis:xml-apis:1.4.01) with ExternalDependencyInstrumentingArtifactTransform
[        ] Transforming jna-5.6.0.jar (net.java.dev.jna:jna:5.6.0) with InstrumentationAnalysisTransform
[        ] Transforming jna-5.6.0.jar (net.java.dev.jna:jna:5.6.0) with MergeInstrumentationAnalysisTransform
[        ] Transforming kotlin-stdlib-common-1.4.32.jar (org.jetbrains.kotlin:kotlin-stdlib-common:1.4.32) with InstrumentationAnalysisTransform
[        ] Transforming kotlin-stdlib-common-1.4.32.jar (org.jetbrains.kotlin:kotlin-stdlib-common:1.4.32) with MergeInstrumentationAnalysisTransform
[        ] Transforming jna-5.6.0.jar (net.java.dev.jna:jna:5.6.0) with ExternalDependencyInstrumentingArtifactTransform
[        ] Transforming grpc-context-1.21.1.jar (io.grpc:grpc-context:1.21.1) with InstrumentationAnalysisTransform
[        ] Transforming commons-logging-1.2.jar (commons-logging:commons-logging:1.2) with ExternalDependencyInstrumentingArtifactTransform
[        ] Transforming kotlin-stdlib-common-1.4.32.jar (org.jetbrains.kotlin:kotlin-stdlib-common:1.4.32) with ExternalDependencyInstrumentingArtifactTransform
[        ] Transforming grpc-context-1.21.1.jar (io.grpc:grpc-context:1.21.1) with MergeInstrumentationAnalysisTransform
[        ] Transforming animal-sniffer-annotations-1.17.jar (org.codehaus.mojo:animal-sniffer-annotations:1.17) with InstrumentationAnalysisTransform
[        ] Transforming animal-sniffer-annotations-1.17.jar (org.codehaus.mojo:animal-sniffer-annotations:1.17) with MergeInstrumentationAnalysisTransform
[        ] Transforming netty-codec-http-4.1.34.Final.jar (io.netty:netty-codec-http:4.1.34.Final) with InstrumentationAnalysisTransform
[        ] Transforming netty-codec-http-4.1.34.Final.jar (io.netty:netty-codec-http:4.1.34.Final) with MergeInstrumentationAnalysisTransform
[        ] Transforming netty-handler-4.1.34.Final.jar (io.netty:netty-handler:4.1.34.Final) with InstrumentationAnalysisTransform
[        ] Transforming netty-handler-4.1.34.Final.jar (io.netty:netty-handler:4.1.34.Final) with MergeInstrumentationAnalysisTransform
[        ] Transforming netty-codec-socks-4.1.34.Final.jar (io.netty:netty-codec-socks:4.1.34.Final) with InstrumentationAnalysisTransform
[        ] Transforming grpc-context-1.21.1.jar (io.grpc:grpc-context:1.21.1) with ExternalDependencyInstrumentingArtifactTransform
[        ] Transforming netty-codec-http-4.1.34.Final.jar (io.netty:netty-codec-http:4.1.34.Final) with ExternalDependencyInstrumentingArtifactTransform
[        ] Transforming animal-sniffer-annotations-1.17.jar (org.codehaus.mojo:animal-sniffer-annotations:1.17) with ExternalDependencyInstrumentingArtifactTransform
[        ] Transforming netty-codec-socks-4.1.34.Final.jar (io.netty:netty-codec-socks:4.1.34.Final) with MergeInstrumentationAnalysisTransform
[        ] Transforming netty-codec-4.1.34.Final.jar (io.netty:netty-codec:4.1.34.Final) with InstrumentationAnalysisTransform
[        ] Transforming netty-handler-4.1.34.Final.jar (io.netty:netty-handler:4.1.34.Final) with ExternalDependencyInstrumentingArtifactTransform
[        ] Transforming netty-codec-socks-4.1.34.Final.jar (io.netty:netty-codec-socks:4.1.34.Final) with ExternalDependencyInstrumentingArtifactTransform
[        ] Transforming netty-codec-4.1.34.Final.jar (io.netty:netty-codec:4.1.34.Final) with MergeInstrumentationAnalysisTransform
[        ] Transforming netty-transport-4.1.34.Final.jar (io.netty:netty-transport:4.1.34.Final) with InstrumentationAnalysisTransform
[        ] Transforming netty-transport-4.1.34.Final.jar (io.netty:netty-transport:4.1.34.Final) with MergeInstrumentationAnalysisTransform
[        ] Transforming netty-buffer-4.1.34.Final.jar (io.netty:netty-buffer:4.1.34.Final) with InstrumentationAnalysisTransform
[        ] Transforming netty-buffer-4.1.34.Final.jar (io.netty:netty-buffer:4.1.34.Final) with MergeInstrumentationAnalysisTransform
[        ] Transforming netty-resolver-4.1.34.Final.jar (io.netty:netty-resolver:4.1.34.Final) with InstrumentationAnalysisTransform
[        ] Transforming netty-resolver-4.1.34.Final.jar (io.netty:netty-resolver:4.1.34.Final) with MergeInstrumentationAnalysisTransform
[        ] Transforming netty-common-4.1.34.Final.jar (io.netty:netty-common:4.1.34.Final) with InstrumentationAnalysisTransform
[        ] Transforming netty-common-4.1.34.Final.jar (io.netty:netty-common:4.1.34.Final) with MergeInstrumentationAnalysisTransform
[        ] Transforming jackson-databind-2.11.1.jar (com.fasterxml.jackson.core:jackson-databind:2.11.1) with InstrumentationAnalysisTransform
[        ] Transforming jackson-databind-2.11.1.jar (com.fasterxml.jackson.core:jackson-databind:2.11.1) with MergeInstrumentationAnalysisTransform
[        ] Transforming jackson-annotations-2.11.1.jar (com.fasterxml.jackson.core:jackson-annotations:2.11.1) with InstrumentationAnalysisTransform
[        ] Transforming jackson-annotations-2.11.1.jar (com.fasterxml.jackson.core:jackson-annotations:2.11.1) with MergeInstrumentationAnalysisTransform
[        ] Transforming jackson-core-2.11.1.jar (com.fasterxml.jackson.core:jackson-core:2.11.1) with InstrumentationAnalysisTransform
[        ] Transforming jackson-core-2.11.1.jar (com.fasterxml.jackson.core:jackson-core:2.11.1) with MergeInstrumentationAnalysisTransform
[        ] Transforming woodstox-core-6.2.1.jar (com.fasterxml.woodstox:woodstox-core:6.2.1) with InstrumentationAnalysisTransform
[        ] Transforming woodstox-core-6.2.1.jar (com.fasterxml.woodstox:woodstox-core:6.2.1) with MergeInstrumentationAnalysisTransform
[        ] Transforming stax2-api-4.2.1.jar (org.codehaus.woodstox:stax2-api:4.2.1) with InstrumentationAnalysisTransform
[        ] Transforming stax2-api-4.2.1.jar (org.codehaus.woodstox:stax2-api:4.2.1) with MergeInstrumentationAnalysisTransform
[        ] Transforming netty-common-4.1.34.Final.jar (io.netty:netty-common:4.1.34.Final) with ExternalDependencyInstrumentingArtifactTransform
[        ] Transforming jackson-databind-2.11.1.jar (com.fasterxml.jackson.core:jackson-databind:2.11.1) with ExternalDependencyInstrumentingArtifactTransform
[        ] Transforming jackson-annotations-2.11.1.jar (com.fasterxml.jackson.core:jackson-annotations:2.11.1) with ExternalDependencyInstrumentingArtifactTransform
[        ] Transforming stax2-api-4.2.1.jar (org.codehaus.woodstox:stax2-api:4.2.1) with ExternalDependencyInstrumentingArtifactTransform
[        ] Transforming netty-codec-4.1.34.Final.jar (io.netty:netty-codec:4.1.34.Final) with ExternalDependencyInstrumentingArtifactTransform
[        ] Transforming jackson-core-2.11.1.jar (com.fasterxml.jackson.core:jackson-core:2.11.1) with ExternalDependencyInstrumentingArtifactTransform
[        ] Transforming woodstox-core-6.2.1.jar (com.fasterxml.woodstox:woodstox-core:6.2.1) with ExternalDependencyInstrumentingArtifactTransform
[        ] Transforming netty-resolver-4.1.34.Final.jar (io.netty:netty-resolver:4.1.34.Final) with ExternalDependencyInstrumentingArtifactTransform
[        ] Transforming netty-buffer-4.1.34.Final.jar (io.netty:netty-buffer:4.1.34.Final) with ExternalDependencyInstrumentingArtifactTransform
[        ] Transforming netty-transport-4.1.34.Final.jar (io.netty:netty-transport:4.1.34.Final) with ExternalDependencyInstrumentingArtifactTransform
[        ] Using default execution profile
[  +55 ms] > Configure project :shared_preferences_android
[        ] Evaluating project ':shared_preferences_android' using build file 'C:\Users\midhu\AppData\Local\Pub\Cache\hosted\pub.dev\shared_preferences_android-2.4.21\android\build.gradle'.
[        ] Transforming gradle-8.13.1.jar (com.android.tools.build:gradle:8.13.1) with InstrumentationAnalysisTransform
[        ] Transforming fus-statistics-gradle-plugin-2.3.0-gradle811.jar (org.jetbrains.kotlin:fus-statistics-gradle-plugin:2.3.0) with InstrumentationAnalysisTransform
[        ] Transforming kotlin-gradle-plugin-api-2.3.0-gradle811.jar (org.jetbrains.kotlin:kotlin-gradle-plugin-api:2.3.0) with InstrumentationAnalysisTransform
[        ] Transforming kotlin-gradle-plugin-2.3.0-gradle811.jar (org.jetbrains.kotlin:kotlin-gradle-plugin:2.3.0) with InstrumentationAnalysisTransform
[        ] Transforming gradle-api-8.13.1.jar (com.android.tools.build:gradle-api:8.13.1) with InstrumentationAnalysisTransform
[        ] Transforming gradle-common-api-8.13.1.jar (com.android.tools.build:gradle-common-api:8.13.1) with InstrumentationAnalysisTransform
[        ] Transforming gradle-settings-api-8.13.1.jar (com.android.tools.build:gradle-settings-api:8.13.1) with InstrumentationAnalysisTransform
[        ] Transforming lint-model-31.13.1.jar (com.android.tools.lint:lint-model:31.13.1) with InstrumentationAnalysisTransform
[        ] Transforming builder-8.13.1.jar (com.android.tools.build:builder:8.13.1) with InstrumentationAnalysisTransform
[        ] Transforming manifest-merger-31.13.1.jar (com.android.tools.build:manifest-merger:31.13.1) with InstrumentationAnalysisTransform
[        ] Transforming sdk-common-31.13.1.jar (com.android.tools:sdk-common:31.13.1) with InstrumentationAnalysisTransform
[        ] Transforming sdklib-31.13.1.jar (com.android.tools:sdklib:31.13.1) with InstrumentationAnalysisTransform
[        ] Transforming repository-31.13.1.jar (com.android.tools:repository:31.13.1) with InstrumentationAnalysisTransform
[        ] Transforming builder-test-api-8.13.1.jar (com.android.tools.build:builder-test-api:8.13.1) with InstrumentationAnalysisTransform
[        ] Transforming ddmlib-31.13.1.jar (com.android.tools.ddms:ddmlib:31.13.1) with InstrumentationAnalysisTransform
[        ] Transforming aaptcompiler-8.13.1.jar (com.android.tools.build:aaptcompiler:8.13.1) with InstrumentationAnalysisTransform
[        ] Transforming bundletool-1.18.1.jar (com.android.tools.build:bundletool:1.18.1) with InstrumentationAnalysisTransform
[        ] Transforming aapt2-proto-8.13.1-13719691.jar (com.android.tools.build:aapt2-proto:8.13.1-13719691) with InstrumentationAnalysisTransform
[        ] Transforming crash-31.13.1.jar (com.android.tools.analytics-library:crash:31.13.1) with InstrumentationAnalysisTransform
[        ] Transforming tracker-31.13.1.jar (com.android.tools.analytics-library:tracker:31.13.1) with InstrumentationAnalysisTransform
[        ] Transforming shared-31.13.1.jar (com.android.tools.analytics-library:shared:31.13.1) with InstrumentationAnalysisTransform
[        ] Transforming lint-typedef-remover-31.13.1.jar (com.android.tools.lint:lint-typedef-remover:31.13.1) with InstrumentationAnalysisTransform
[        ] Transforming databinding-compiler-common-8.13.1.jar (androidx.databinding:databinding-compiler-common:8.13.1) with InstrumentationAnalysisTransform
[        ] Transforming databinding-common-8.13.1.jar (androidx.databinding:databinding-common:8.13.1) with InstrumentationAnalysisTransform
[        ] Transforming baseLibrary-8.13.1.jar (com.android.databinding:baseLibrary:8.13.1) with InstrumentationAnalysisTransform
[        ] Transforming layoutlib-api-31.13.1.jar (com.android.tools.layoutlib:layoutlib-api:31.13.1) with InstrumentationAnalysisTransform
[        ] Transforming android-device-provider-ddmlib-proto-31.13.1.jar (com.android.tools.utp:android-device-provider-ddmlib-proto:31.13.1) with InstrumentationAnalysisTransform
[        ] Transforming android-device-provider-profile-proto-31.13.1.jar (com.android.tools.utp:android-device-provider-profile-proto:31.13.1) with InstrumentationAnalysisTransform
[        ] Transforming android-test-plugin-host-additional-test-output-proto-31.13.1.jar (com.android.tools.utp:android-test-plugin-host-additional-test-output-proto:31.13.1) with InstrumentationAnalysisTransform
[        ] Transforming android-test-plugin-host-coverage-proto-31.13.1.jar (com.android.tools.utp:android-test-plugin-host-coverage-proto:31.13.1) with InstrumentationAnalysisTransform
[        ] Transforming android-test-plugin-host-emulator-control-proto-31.13.1.jar (com.android.tools.utp:android-test-plugin-host-emulator-control-proto:31.13.1) with InstrumentationAnalysisTransform
[        ] Transforming android-test-plugin-host-logcat-proto-31.13.1.jar (com.android.tools.utp:android-test-plugin-host-logcat-proto:31.13.1) with InstrumentationAnalysisTransform
[        ] Transforming android-test-plugin-host-apk-installer-proto-31.13.1.jar (com.android.tools.utp:android-test-plugin-host-apk-installer-proto:31.13.1) with InstrumentationAnalysisTransform
[        ] Transforming android-test-plugin-result-listener-gradle-proto-31.13.1.jar (com.android.tools.utp:android-test-plugin-result-listener-gradle-proto:31.13.1) with InstrumentationAnalysisTransform
[        ] Transforming jetifier-processor-1.0.0-beta10.jar (com.android.tools.build.jetifier:jetifier-processor:1.0.0-beta10) with InstrumentationAnalysisTransform
[        ] Transforming jetifier-core-1.0.0-beta10.jar (com.android.tools.build.jetifier:jetifier-core:1.0.0-beta10) with InstrumentationAnalysisTransform
[        ] Transforming builder-model-8.13.1.jar (com.android.tools.build:builder-model:8.13.1) with InstrumentationAnalysisTransform
[        ] Transforming kotlin-reflect-2.2.0.jar (org.jetbrains.kotlin:kotlin-reflect:2.2.0) with InstrumentationAnalysisTransform
[        ] Transforming dvlib-31.13.1.jar (com.android.tools:dvlib:31.13.1) with InstrumentationAnalysisTransform
[        ] Transforming common-31.13.1.jar (com.android.tools:common:31.13.1) with InstrumentationAnalysisTransform
[        ] Transforming kotlin-stdlib-jdk8-2.2.0.jar (org.jetbrains.kotlin:kotlin-stdlib-jdk8:2.2.0) with InstrumentationAnalysisTransform
[        ] Transforming kotlin-compiler-runner-2.3.0.jar (org.jetbrains.kotlin:kotlin-compiler-runner:2.3.0) with InstrumentationAnalysisTransform
[        ] Transforming kotlinx-coroutines-core-jvm-1.9.0.jar (org.jetbrains.kotlinx:kotlinx-coroutines-core-jvm:1.9.0) with InstrumentationAnalysisTransform
[        ] Transforming kotlin-stdlib-jdk7-2.2.0.jar (org.jetbrains.kotlin:kotlin-stdlib-jdk7:2.2.0) with InstrumentationAnalysisTransform
[        ] Transforming kotlin-stdlib-2.2.0.jar (org.jetbrains.kotlin:kotlin-stdlib:2.2.0) with InstrumentationAnalysisTransform
[        ] Transforming transform-api-2.0.0-deprecated-use-gradle-api.jar (com.android.tools.build:transform-api:2.0.0-deprecated-use-gradle-api) with InstrumentationAnalysisTransform
[        ] Transforming httpmime-4.5.6.jar (org.apache.httpcomponents:httpmime:4.5.6) with InstrumentationAnalysisTransform
[        ] Transforming commons-io-2.16.1.jar (commons-io:commons-io:2.16.1) with InstrumentationAnalysisTransform
[        ] Transforming asm-commons-9.8.jar (org.ow2.asm:asm-commons:9.8) with InstrumentationAnalysisTransform
[        ] Transforming asm-util-9.8.jar (org.ow2.asm:asm-util:9.8) with InstrumentationAnalysisTransform
[        ] Transforming asm-analysis-9.8.jar (org.ow2.asm:asm-analysis:9.8) with InstrumentationAnalysisTransform
[        ] Transforming asm-tree-9.8.jar (org.ow2.asm:asm-tree:9.8) with InstrumentationAnalysisTransform
[        ] Transforming asm-9.8.jar (org.ow2.asm:asm:9.8) with InstrumentationAnalysisTransform
[        ] Transforming apkzlib-8.13.1.jar (com.android.tools.build:apkzlib:8.13.1) with InstrumentationAnalysisTransform
[        ] Transforming bcpkix-jdk18on-1.79.jar (org.bouncycastle:bcpkix-jdk18on:1.79) with InstrumentationAnalysisTransform
[        ] Transforming jaxb-runtime-2.3.2.jar (org.glassfish.jaxb:jaxb-runtime:2.3.2) with InstrumentationAnalysisTransform
[        ] Transforming jopt-simple-4.9.jar (net.sf.jopt-simple:jopt-simple:4.9) with InstrumentationAnalysisTransform
[        ] Transforming javapoet-1.10.0.jar (com.squareup:javapoet:1.10.0) with InstrumentationAnalysisTransform
[        ] Transforming protobuf-java-util-3.25.5.jar (com.google.protobuf:protobuf-java-util:3.25.5) with InstrumentationAnalysisTransform
[        ] Transforming grpc-protobuf-1.69.1.jar (io.grpc:grpc-protobuf:1.69.1) with InstrumentationAnalysisTransform
[        ] Transforming tink-1.7.0.jar (com.google.crypto.tink:tink:1.7.0) with InstrumentationAnalysisTransform
[        ] Transforming core-proto-0.0.9-alpha03.jar (com.google.testing.platform:core-proto:0.0.9-alpha03) with InstrumentationAnalysisTransform
[        ] Transforming protos-31.13.1.jar (com.android.tools.analytics-library:protos:31.13.1) with InstrumentationAnalysisTransform
[        ] Transforming proto-google-common-protos-2.48.0.jar (com.google.api.grpc:proto-google-common-protos:2.48.0) with InstrumentationAnalysisTransform
[        ] Transforming protobuf-java-3.25.5.jar (com.google.protobuf:protobuf-java:3.25.5) with InstrumentationAnalysisTransform
[        ] Transforming grpc-netty-1.69.1.jar (io.grpc:grpc-netty:1.69.1) with InstrumentationAnalysisTransform
[        ] Transforming grpc-inprocess-1.69.1.jar (io.grpc:grpc-inprocess:1.69.1) with InstrumentationAnalysisTransform
[        ] Transforming grpc-util-1.69.1.jar (io.grpc:grpc-util:1.69.1) with InstrumentationAnalysisTransform
[        ] Transforming grpc-core-1.69.1.jar (io.grpc:grpc-core:1.69.1) with InstrumentationAnalysisTransform
[        ] Transforming kotlin-build-statistics-2.3.0.jar (org.jetbrains.kotlin:kotlin-build-statistics:2.3.0) with InstrumentationAnalysisTransform
[        ] Transforming gson-2.11.0.jar (com.google.code.gson:gson:2.11.0) with InstrumentationAnalysisTransform
[        ] Transforming grpc-stub-1.69.1.jar (io.grpc:grpc-stub:1.69.1) with InstrumentationAnalysisTransform
[        ] Transforming tensorflow-lite-metadata-0.2.0.jar (org.tensorflow:tensorflow-lite-metadata:0.2.0) with InstrumentationAnalysisTransform
[        ] Transforming flatbuffers-java-1.12.0.jar (com.google.flatbuffers:flatbuffers-java:1.12.0) with InstrumentationAnalysisTransform
[        ] Transforming kotlin-gradle-plugin-idea-proto-2.3.0.jar (org.jetbrains.kotlin:kotlin-gradle-plugin-idea-proto:2.3.0) with InstrumentationAnalysisTransform
[        ] Transforming kotlin-gradle-plugin-idea-2.3.0.jar (org.jetbrains.kotlin:kotlin-gradle-plugin-idea:2.3.0) with InstrumentationAnalysisTransform
[        ] Transforming kotlin-klib-commonizer-api-2.3.0.jar (org.jetbrains.kotlin:kotlin-klib-commonizer-api:2.3.0) with InstrumentationAnalysisTransform
[        ] Transforming kotlin-util-klib-metadata-2.3.0.jar (org.jetbrains.kotlin:kotlin-util-klib-metadata:2.3.0) with InstrumentationAnalysisTransform
[        ] Transforming abi-tools-api-2.3.0.jar (org.jetbrains.kotlin:abi-tools-api:2.3.0) with InstrumentationAnalysisTransform
[        ] Transforming jimfs-1.1.jar (com.google.jimfs:jimfs:1.1) with InstrumentationAnalysisTransform
[        ] Transforming grpc-context-1.69.1.jar (io.grpc:grpc-context:1.69.1) with InstrumentationAnalysisTransform
[        ] Transforming grpc-protobuf-lite-1.69.1.jar (io.grpc:grpc-protobuf-lite:1.69.1) with InstrumentationAnalysisTransform
[        ] Transforming grpc-api-1.69.1.jar (io.grpc:grpc-api:1.69.1) with InstrumentationAnalysisTransform
[        ] Transforming guava-33.3.1-jre.jar (com.google.guava:guava:33.3.1-jre) with InstrumentationAnalysisTransform
[        ] Transforming dagger-2.28.3.jar (com.google.dagger:dagger:2.28.3) with InstrumentationAnalysisTransform
[        ] Transforming javax.inject-1.jar (javax.inject:javax.inject:1) with InstrumentationAnalysisTransform
[        ] Transforming kxml2-2.3.0.jar (net.sf.kxml:kxml2:2.3.0) with InstrumentationAnalysisTransform
[        ] Transforming commons-compress-1.21.jar (org.apache.commons:commons-compress:1.21) with InstrumentationAnalysisTransform
[        ] Transforming bcutil-jdk18on-1.79.jar (org.bouncycastle:bcutil-jdk18on:1.79) with InstrumentationAnalysisTransform
[        ] Transforming bcprov-jdk18on-1.79.jar (org.bouncycastle:bcprov-jdk18on:1.79) with InstrumentationAnalysisTransform
[        ] Transforming httpclient-4.5.14.jar (org.apache.httpcomponents:httpclient:4.5.14) with InstrumentationAnalysisTransform
[        ] Transforming httpcore-4.4.16.jar (org.apache.httpcomponents:httpcore:4.4.16) with InstrumentationAnalysisTransform
[        ] Transforming javax.activation-1.2.0.jar (com.sun.activation:javax.activation:1.2.0) with InstrumentationAnalysisTransform
[        ] Transforming annotations-23.0.0.jar (org.jetbrains:annotations:23.0.0) with InstrumentationAnalysisTransform
[        ] Transforming signflinger-8.13.1.jar (com.android:signflinger:8.13.1) with InstrumentationAnalysisTransform
[        ] Transforming zipflinger-8.13.1.jar (com.android:zipflinger:8.13.1) with InstrumentationAnalysisTransform
[        ] Transforming annotations-31.13.1.jar (com.android.tools:annotations:31.13.1) with InstrumentationAnalysisTransform
[        ] Transforming jna-platform-5.6.0.jar (net.java.dev.jna:jna-platform:5.6.0) with InstrumentationAnalysisTransform
[        ] Transforming juniversalchardet-1.0.3.jar (com.googlecode.juniversalchardet:juniversalchardet:1.0.3) with InstrumentationAnalysisTransform
[        ] Transforming javax.annotation-api-1.3.2.jar (javax.annotation:javax.annotation-api:1.3.2) with InstrumentationAnalysisTransform
[        ] Transforming stax-ex-1.8.1.jar (org.jvnet.staxex:stax-ex:1.8.1) with InstrumentationAnalysisTransform
[        ] Transforming jakarta.xml.bind-api-2.3.2.jar (jakarta.xml.bind:jakarta.xml.bind-api:2.3.2) with InstrumentationAnalysisTransform
[        ] Transforming txw2-2.3.2.jar (org.glassfish.jaxb:txw2:2.3.2) with InstrumentationAnalysisTransform
[        ] Transforming istack-commons-runtime-3.0.8.jar (com.sun.istack:istack-commons-runtime:3.0.8) with InstrumentationAnalysisTransform
[        ] Transforming FastInfoset-1.2.16.jar (com.sun.xml.fastinfoset:FastInfoset:1.2.16) with InstrumentationAnalysisTransform
[        ] Transforming jakarta.activation-api-1.2.1.jar (jakarta.activation:jakarta.activation-api:1.2.1) with InstrumentationAnalysisTransform
[        ] Transforming auto-value-annotations-1.6.2.jar (com.google.auto.value:auto-value-annotations:1.6.2) with InstrumentationAnalysisTransform
[        ] Transforming error_prone_annotations-2.30.0.jar (com.google.errorprone:error_prone_annotations:2.30.0) with InstrumentationAnalysisTransform
[        ] Transforming jose4j-0.9.5.jar (org.bitbucket.b_c:jose4j:0.9.5) with InstrumentationAnalysisTransform
[        ] Transforming slf4j-api-1.7.30.jar (org.slf4j:slf4j-api:1.7.30) with InstrumentationAnalysisTransform
[        ] Transforming jdom2-2.0.6.jar (org.jdom:jdom2:2.0.6) with InstrumentationAnalysisTransform
[        ] Transforming jsr305-3.0.2.jar (com.google.code.findbugs:jsr305:3.0.2) with InstrumentationAnalysisTransform
[        ] Transforming j2objc-annotations-3.0.0.jar (com.google.j2objc:j2objc-annotations:3.0.0) with InstrumentationAnalysisTransform
[        ] Transforming annotations-4.1.1.4.jar (com.google.android:annotations:4.1.1.4) with InstrumentationAnalysisTransform
[        ] Transforming animal-sniffer-annotations-1.24.jar (org.codehaus.mojo:animal-sniffer-annotations:1.24) with InstrumentationAnalysisTransform
[        ] Transforming perfmark-api-0.27.0.jar (io.perfmark:perfmark-api:0.27.0) with InstrumentationAnalysisTransform
[        ] Transforming netty-codec-http2-4.1.110.Final.jar (io.netty:netty-codec-http2:4.1.110.Final) with InstrumentationAnalysisTransform
[        ] Transforming netty-handler-proxy-4.1.110.Final.jar (io.netty:netty-handler-proxy:4.1.110.Final) with InstrumentationAnalysisTransform
[        ] Transforming netty-codec-http-4.1.110.Final.jar (io.netty:netty-codec-http:4.1.110.Final) with InstrumentationAnalysisTransform
[        ] Transforming netty-handler-4.1.110.Final.jar (io.netty:netty-handler:4.1.110.Final) with InstrumentationAnalysisTransform
[        ] Transforming netty-transport-native-unix-common-4.1.110.Final.jar (io.netty:netty-transport-native-unix-common:4.1.110.Final) with InstrumentationAnalysisTransform
[        ] Transforming checker-qual-3.43.0.jar (org.checkerframework:checker-qual:3.43.0) with InstrumentationAnalysisTransform
[        ] Transforming apksig-8.13.1.jar (com.android.tools.build:apksig:8.13.1) with InstrumentationAnalysisTransform
[        ] Transforming javawriter-2.5.0.jar (com.squareup:javawriter:2.5.0) with InstrumentationAnalysisTransform
[        ] Transforming kotlin-gradle-plugin-annotations-2.3.0.jar (org.jetbrains.kotlin:kotlin-gradle-plugin-annotations:2.3.0) with InstrumentationAnalysisTransform
[        ] Transforming kotlin-native-utils-2.3.0.jar (org.jetbrains.kotlin:kotlin-native-utils:2.3.0) with InstrumentationAnalysisTransform
[        ] Transforming kotlin-tooling-core-2.3.0.jar (org.jetbrains.kotlin:kotlin-tooling-core:2.3.0) with InstrumentationAnalysisTransform
[        ] Transforming kotlin-build-tools-api-2.3.0.jar (org.jetbrains.kotlin:kotlin-build-tools-api:2.3.0) with InstrumentationAnalysisTransform
[        ] Transforming kotlin-util-klib-2.3.0.jar (org.jetbrains.kotlin:kotlin-util-klib:2.3.0) with InstrumentationAnalysisTransform
[        ] Transforming kotlin-util-io-2.3.0.jar (org.jetbrains.kotlin:kotlin-util-io:2.3.0) with InstrumentationAnalysisTransform
[        ] Transforming kotlin-daemon-client-2.3.0.jar (org.jetbrains.kotlin:kotlin-daemon-client:2.3.0) with InstrumentationAnalysisTransform
[        ] Transforming failureaccess-1.0.2.jar (com.google.guava:failureaccess:1.0.2) with InstrumentationAnalysisTransform
[        ] Transforming listenablefuture-9999.0-empty-to-avoid-conflict-with-guava.jar (com.google.guava:listenablefuture:9999.0-empty-to-avoid-conflict-with-guava) with InstrumentationAnalysisTransform
[        ] Transforming commons-logging-1.2.jar (commons-logging:commons-logging:1.2) with InstrumentationAnalysisTransform
[        ] Transforming commons-codec-1.11.jar (commons-codec:commons-codec:1.11) with InstrumentationAnalysisTransform
[        ] Transforming jna-5.6.0.jar (net.java.dev.jna:jna:5.6.0) with InstrumentationAnalysisTransform
[        ] Transforming netty-codec-socks-4.1.110.Final.jar (io.netty:netty-codec-socks:4.1.110.Final) with InstrumentationAnalysisTransform
[        ] Transforming netty-codec-4.1.110.Final.jar (io.netty:netty-codec:4.1.110.Final) with InstrumentationAnalysisTransform
[        ] Transforming netty-transport-4.1.110.Final.jar (io.netty:netty-transport:4.1.110.Final) with InstrumentationAnalysisTransform
[        ] Transforming netty-buffer-4.1.110.Final.jar (io.netty:netty-buffer:4.1.110.Final) with InstrumentationAnalysisTransform
[        ] Transforming netty-resolver-4.1.110.Final.jar (io.netty:netty-resolver:4.1.110.Final) with InstrumentationAnalysisTransform
[        ] Transforming netty-common-4.1.110.Final.jar (io.netty:netty-common:4.1.110.Final) with InstrumentationAnalysisTransform
[        ] Transforming gradle-8.13.1.jar (com.android.tools.build:gradle:8.13.1) with InstrumentationAnalysisTransform
[        ] Transforming gradle-8.13.1.jar (com.android.tools.build:gradle:8.13.1) with MergeInstrumentationAnalysisTransform
[        ] Transforming fus-statistics-gradle-plugin-2.3.0-gradle811.jar (org.jetbrains.kotlin:fus-statistics-gradle-plugin:2.3.0) with InstrumentationAnalysisTransform
[        ] Transforming fus-statistics-gradle-plugin-2.3.0-gradle811.jar (org.jetbrains.kotlin:fus-statistics-gradle-plugin:2.3.0) with MergeInstrumentationAnalysisTransform
[        ] Transforming kotlin-gradle-plugin-api-2.3.0-gradle811.jar (org.jetbrains.kotlin:kotlin-gradle-plugin-api:2.3.0) with InstrumentationAnalysisTransform
[        ] Transforming kotlin-gradle-plugin-api-2.3.0-gradle811.jar (org.jetbrains.kotlin:kotlin-gradle-plugin-api:2.3.0) with MergeInstrumentationAnalysisTransform
[        ] Transforming kotlin-gradle-plugin-2.3.0-gradle811.jar (org.jetbrains.kotlin:kotlin-gradle-plugin:2.3.0) with InstrumentationAnalysisTransform
[        ] Transforming kotlin-gradle-plugin-2.3.0-gradle811.jar (org.jetbrains.kotlin:kotlin-gradle-plugin:2.3.0) with MergeInstrumentationAnalysisTransform
[        ] Transforming gradle-api-8.13.1.jar (com.android.tools.build:gradle-api:8.13.1) with InstrumentationAnalysisTransform
[        ] Transforming gradle-8.13.1.jar (com.android.tools.build:gradle:8.13.1) with ExternalDependencyInstrumentingArtifactTransform
[        ] Transforming gradle-api-8.13.1.jar (com.android.tools.build:gradle-api:8.13.1) with MergeInstrumentationAnalysisTransform
[        ] Transforming gradle-common-api-8.13.1.jar (com.android.tools.build:gradle-common-api:8.13.1) with InstrumentationAnalysisTransform
[        ] Transforming kotlin-gradle-plugin-2.3.0-gradle811.jar (org.jetbrains.kotlin:kotlin-gradle-plugin:2.3.0) with ExternalDependencyInstrumentingArtifactTransform
[        ] Transforming kotlin-gradle-plugin-api-2.3.0-gradle811.jar (org.jetbrains.kotlin:kotlin-gradle-plugin-api:2.3.0) with ExternalDependencyInstrumentingArtifactTransform
[        ] Transforming fus-statistics-gradle-plugin-2.3.0-gradle811.jar (org.jetbrains.kotlin:fus-statistics-gradle-plugin:2.3.0) with ExternalDependencyInstrumentingArtifactTransform
[        ] Transforming gradle-api-8.13.1.jar (com.android.tools.build:gradle-api:8.13.1) with ExternalDependencyInstrumentingArtifactTransform
[        ] Transforming gradle-common-api-8.13.1.jar (com.android.tools.build:gradle-common-api:8.13.1) with MergeInstrumentationAnalysisTransform
[        ] Transforming gradle-settings-api-8.13.1.jar (com.android.tools.build:gradle-settings-api:8.13.1) with InstrumentationAnalysisTransform
[        ] Transforming gradle-settings-api-8.13.1.jar (com.android.tools.build:gradle-settings-api:8.13.1) with MergeInstrumentationAnalysisTransform
[        ] Transforming lint-model-31.13.1.jar (com.android.tools.lint:lint-model:31.13.1) with InstrumentationAnalysisTransform
[        ] Transforming gradle-common-api-8.13.1.jar (com.android.tools.build:gradle-common-api:8.13.1) with ExternalDependencyInstrumentingArtifactTransform
[        ] Transforming lint-model-31.13.1.jar (com.android.tools.lint:lint-model:31.13.1) with MergeInstrumentationAnalysisTransform
[        ] Transforming builder-8.13.1.jar (com.android.tools.build:builder:8.13.1) with InstrumentationAnalysisTransform
[        ] Transforming builder-8.13.1.jar (com.android.tools.build:builder:8.13.1) with MergeInstrumentationAnalysisTransform
[        ] Transforming manifest-merger-31.13.1.jar (com.android.tools.build:manifest-merger:31.13.1) with InstrumentationAnalysisTransform
[        ] Transforming manifest-merger-31.13.1.jar (com.android.tools.build:manifest-merger:31.13.1) with MergeInstrumentationAnalysisTransform
[        ] Transforming gradle-settings-api-8.13.1.jar (com.android.tools.build:gradle-settings-api:8.13.1) with ExternalDependencyInstrumentingArtifactTransform
[        ] Transforming lint-model-31.13.1.jar (com.android.tools.lint:lint-model:31.13.1) with ExternalDependencyInstrumentingArtifactTransform
[        ] Transforming manifest-merger-31.13.1.jar (com.android.tools.build:manifest-merger:31.13.1) with ExternalDependencyInstrumentingArtifactTransform
[        ] Transforming sdk-common-31.13.1.jar (com.android.tools:sdk-common:31.13.1) with InstrumentationAnalysisTransform
[        ] Transforming builder-8.13.1.jar (com.android.tools.build:builder:8.13.1) with ExternalDependencyInstrumentingArtifactTransform
[        ] Transforming sdk-common-31.13.1.jar (com.android.tools:sdk-common:31.13.1) with MergeInstrumentationAnalysisTransform
[        ] Transforming sdklib-31.13.1.jar (com.android.tools:sdklib:31.13.1) with InstrumentationAnalysisTransform
[        ] Transforming sdklib-31.13.1.jar (com.android.tools:sdklib:31.13.1) with MergeInstrumentationAnalysisTransform
[        ] Transforming sdk-common-31.13.1.jar (com.android.tools:sdk-common:31.13.1) with ExternalDependencyInstrumentingArtifactTransform
[        ] Transforming repository-31.13.1.jar (com.android.tools:repository:31.13.1) with InstrumentationAnalysisTransform
[        ] Transforming sdklib-31.13.1.jar (com.android.tools:sdklib:31.13.1) with ExternalDependencyInstrumentingArtifactTransform
[        ] Transforming repository-31.13.1.jar (com.android.tools:repository:31.13.1) with MergeInstrumentationAnalysisTransform
[        ] Transforming builder-test-api-8.13.1.jar (com.android.tools.build:builder-test-api:8.13.1) with InstrumentationAnalysisTransform
[        ] Transforming builder-test-api-8.13.1.jar (com.android.tools.build:builder-test-api:8.13.1) with MergeInstrumentationAnalysisTransform
[        ] Transforming ddmlib-31.13.1.jar (com.android.tools.ddms:ddmlib:31.13.1) with InstrumentationAnalysisTransform
[        ] Transforming repository-31.13.1.jar (com.android.tools:repository:31.13.1) with ExternalDependencyInstrumentingArtifactTransform
[        ] Transforming builder-test-api-8.13.1.jar (com.android.tools.build:builder-test-api:8.13.1) with ExternalDependencyInstrumentingArtifactTransform
[        ] Transforming ddmlib-31.13.1.jar (com.android.tools.ddms:ddmlib:31.13.1) with MergeInstrumentationAnalysisTransform
[        ] Transforming aaptcompiler-8.13.1.jar (com.android.tools.build:aaptcompiler:8.13.1) with InstrumentationAnalysisTransform
[        ] Transforming aaptcompiler-8.13.1.jar (com.android.tools.build:aaptcompiler:8.13.1) with MergeInstrumentationAnalysisTransform
[        ] Transforming bundletool-1.18.1.jar (com.android.tools.build:bundletool:1.18.1) with InstrumentationAnalysisTransform
[        ] Transforming bundletool-1.18.1.jar (com.android.tools.build:bundletool:1.18.1) with MergeInstrumentationAnalysisTransform
[        ] Transforming aapt2-proto-8.13.1-13719691.jar (com.android.tools.build:aapt2-proto:8.13.1-13719691) with InstrumentationAnalysisTransform
[        ] Transforming aapt2-proto-8.13.1-13719691.jar (com.android.tools.build:aapt2-proto:8.13.1-13719691) with MergeInstrumentationAnalysisTransform
[        ] Transforming crash-31.13.1.jar (com.android.tools.analytics-library:crash:31.13.1) with InstrumentationAnalysisTransform
[        ] Transforming crash-31.13.1.jar (com.android.tools.analytics-library:crash:31.13.1) with MergeInstrumentationAnalysisTransform
[        ] Transforming tracker-31.13.1.jar (com.android.tools.analytics-library:tracker:31.13.1) with InstrumentationAnalysisTransform
[        ] Transforming tracker-31.13.1.jar (com.android.tools.analytics-library:tracker:31.13.1) with MergeInstrumentationAnalysisTransform
[        ] Transforming shared-31.13.1.jar (com.android.tools.analytics-library:shared:31.13.1) with InstrumentationAnalysisTransform
[        ] Transforming shared-31.13.1.jar (com.android.tools.analytics-library:shared:31.13.1) with MergeInstrumentationAnalysisTransform
[        ] Transforming lint-typedef-remover-31.13.1.jar (com.android.tools.lint:lint-typedef-remover:31.13.1) with InstrumentationAnalysisTransform
[        ] Transforming lint-typedef-remover-31.13.1.jar (com.android.tools.lint:lint-typedef-remover:31.13.1) with MergeInstrumentationAnalysisTransform
[        ] Transforming databinding-compiler-common-8.13.1.jar (androidx.databinding:databinding-compiler-common:8.13.1) with InstrumentationAnalysisTransform
[        ] Transforming databinding-compiler-common-8.13.1.jar (androidx.databinding:databinding-compiler-common:8.13.1) with MergeInstrumentationAnalysisTransform
[        ] Transforming ddmlib-31.13.1.jar (com.android.tools.ddms:ddmlib:31.13.1) with ExternalDependencyInstrumentingArtifactTransform
[        ] Transforming aaptcompiler-8.13.1.jar (com.android.tools.build:aaptcompiler:8.13.1) with ExternalDependencyInstrumentingArtifactTransform
[        ] Transforming aapt2-proto-8.13.1-13719691.jar (com.android.tools.build:aapt2-proto:8.13.1-13719691) with ExternalDependencyInstrumentingArtifactTransform
[        ] Transforming shared-31.13.1.jar (com.android.tools.analytics-library:shared:31.13.1) with ExternalDependencyInstrumentingArtifactTransform
[        ] Transforming lint-typedef-remover-31.13.1.jar (com.android.tools.lint:lint-typedef-remover:31.13.1) with ExternalDependencyInstrumentingArtifactTransform
[        ] Transforming bundletool-1.18.1.jar (com.android.tools.build:bundletool:1.18.1) with ExternalDependencyInstrumentingArtifactTransform
[        ] Transforming tracker-31.13.1.jar (com.android.tools.analytics-library:tracker:31.13.1) with ExternalDependencyInstrumentingArtifactTransform
[        ] Transforming crash-31.13.1.jar (com.android.tools.analytics-library:crash:31.13.1) with ExternalDependencyInstrumentingArtifactTransform
[        ] Transforming databinding-common-8.13.1.jar (androidx.databinding:databinding-common:8.13.1) with InstrumentationAnalysisTransform
[        ] Transforming databinding-compiler-common-8.13.1.jar (androidx.databinding:databinding-compiler-common:8.13.1) with ExternalDependencyInstrumentingArtifactTransform
[        ] Transforming databinding-common-8.13.1.jar (androidx.databinding:databinding-common:8.13.1) with MergeInstrumentationAnalysisTransform
[        ] Transforming baseLibrary-8.13.1.jar (com.android.databinding:baseLibrary:8.13.1) with InstrumentationAnalysisTransform
[        ] Transforming baseLibrary-8.13.1.jar (com.android.databinding:baseLibrary:8.13.1) with MergeInstrumentationAnalysisTransform
[        ] Transforming layoutlib-api-31.13.1.jar (com.android.tools.layoutlib:layoutlib-api:31.13.1) with InstrumentationAnalysisTransform
[        ] Transforming layoutlib-api-31.13.1.jar (com.android.tools.layoutlib:layoutlib-api:31.13.1) with MergeInstrumentationAnalysisTransform
[        ] Transforming android-device-provider-ddmlib-proto-31.13.1.jar (com.android.tools.utp:android-device-provider-ddmlib-proto:31.13.1) with InstrumentationAnalysisTransform
[        ] Transforming android-device-provider-ddmlib-proto-31.13.1.jar (com.android.tools.utp:android-device-provider-ddmlib-proto:31.13.1) with MergeInstrumentationAnalysisTransform
[        ] Transforming android-device-provider-profile-proto-31.13.1.jar (com.android.tools.utp:android-device-provider-profile-proto:31.13.1) with InstrumentationAnalysisTransform
[        ] Transforming android-device-provider-profile-proto-31.13.1.jar (com.android.tools.utp:android-device-provider-profile-proto:31.13.1) with MergeInstrumentationAnalysisTransform
[        ] Transforming android-test-plugin-host-additional-test-output-proto-31.13.1.jar (com.android.tools.utp:android-test-plugin-host-additional-test-output-proto:31.13.1) with InstrumentationAnalysisTransform
[        ] Transforming android-test-plugin-host-additional-test-output-proto-31.13.1.jar (com.android.tools.utp:android-test-plugin-host-additional-test-output-proto:31.13.1) with MergeInstrumentationAnalysisTransform
[        ] Transforming android-test-plugin-host-coverage-proto-31.13.1.jar (com.android.tools.utp:android-test-plugin-host-coverage-proto:31.13.1) with InstrumentationAnalysisTransform
[        ] Transforming baseLibrary-8.13.1.jar (com.android.databinding:baseLibrary:8.13.1) with ExternalDependencyInstrumentingArtifactTransform
[        ] Transforming android-device-provider-profile-proto-31.13.1.jar (com.android.tools.utp:android-device-provider-profile-proto:31.13.1) with ExternalDependencyInstrumentingArtifactTransform
[        ] Transforming databinding-common-8.13.1.jar (androidx.databinding:databinding-common:8.13.1) with ExternalDependencyInstrumentingArtifactTransform
[        ] Transforming android-test-plugin-host-additional-test-output-proto-31.13.1.jar (com.android.tools.utp:android-test-plugin-host-additional-test-output-proto:31.13.1) with ExternalDependencyInstrumentingArtifactTransform
[        ] Transforming android-test-plugin-host-coverage-proto-31.13.1.jar (com.android.tools.utp:android-test-plugin-host-coverage-proto:31.13.1) with MergeInstrumentationAnalysisTransform
[        ] Transforming android-test-plugin-host-emulator-control-proto-31.13.1.jar (com.android.tools.utp:android-test-plugin-host-emulator-control-proto:31.13.1) with InstrumentationAnalysisTransform
[        ] Transforming layoutlib-api-31.13.1.jar (com.android.tools.layoutlib:layoutlib-api:31.13.1) with ExternalDependencyInstrumentingArtifactTransform
[        ] Transforming android-device-provider-ddmlib-proto-31.13.1.jar (com.android.tools.utp:android-device-provider-ddmlib-proto:31.13.1) with ExternalDependencyInstrumentingArtifactTransform
[        ] Transforming android-test-plugin-host-emulator-control-proto-31.13.1.jar (com.android.tools.utp:android-test-plugin-host-emulator-control-proto:31.13.1) with MergeInstrumentationAnalysisTransform
[        ] Transforming android-test-plugin-host-coverage-proto-31.13.1.jar (com.android.tools.utp:android-test-plugin-host-coverage-proto:31.13.1) with ExternalDependencyInstrumentingArtifactTransform
[        ] Transforming android-test-plugin-host-logcat-proto-31.13.1.jar (com.android.tools.utp:android-test-plugin-host-logcat-proto:31.13.1) with InstrumentationAnalysisTransform
[        ] Transforming android-test-plugin-host-logcat-proto-31.13.1.jar (com.android.tools.utp:android-test-plugin-host-logcat-proto:31.13.1) with MergeInstrumentationAnalysisTransform
[        ] Transforming android-test-plugin-host-apk-installer-proto-31.13.1.jar (com.android.tools.utp:android-test-plugin-host-apk-installer-proto:31.13.1) with InstrumentationAnalysisTransform
[        ] Transforming android-test-plugin-host-apk-installer-proto-31.13.1.jar (com.android.tools.utp:android-test-plugin-host-apk-installer-proto:31.13.1) with MergeInstrumentationAnalysisTransform
[        ] Transforming android-test-plugin-result-listener-gradle-proto-31.13.1.jar (com.android.tools.utp:android-test-plugin-result-listener-gradle-proto:31.13.1) with InstrumentationAnalysisTransform
[        ] Transforming android-test-plugin-result-listener-gradle-proto-31.13.1.jar (com.android.tools.utp:android-test-plugin-result-listener-gradle-proto:31.13.1) with MergeInstrumentationAnalysisTransform
[        ] Transforming jetifier-processor-1.0.0-beta10.jar (com.android.tools.build.jetifier:jetifier-processor:1.0.0-beta10) with InstrumentationAnalysisTransform
[        ] Transforming jetifier-processor-1.0.0-beta10.jar (com.android.tools.build.jetifier:jetifier-processor:1.0.0-beta10) with MergeInstrumentationAnalysisTransform
[        ] Transforming jetifier-core-1.0.0-beta10.jar (com.android.tools.build.jetifier:jetifier-core:1.0.0-beta10) with InstrumentationAnalysisTransform
[        ] Transforming android-test-plugin-host-emulator-control-proto-31.13.1.jar (com.android.tools.utp:android-test-plugin-host-emulator-control-proto:31.13.1) with ExternalDependencyInstrumentingArtifactTransform
[        ] Transforming android-test-plugin-host-apk-installer-proto-31.13.1.jar (com.android.tools.utp:android-test-plugin-host-apk-installer-proto:31.13.1) with ExternalDependencyInstrumentingArtifactTransform
[        ] Transforming jetifier-processor-1.0.0-beta10.jar (com.android.tools.build.jetifier:jetifier-processor:1.0.0-beta10) with ExternalDependencyInstrumentingArtifactTransform
[        ] Transforming jetifier-core-1.0.0-beta10.jar (com.android.tools.build.jetifier:jetifier-core:1.0.0-beta10) with MergeInstrumentationAnalysisTransform
[        ] Transforming android-test-plugin-result-listener-gradle-proto-31.13.1.jar (com.android.tools.utp:android-test-plugin-result-listener-gradle-proto:31.13.1) with ExternalDependencyInstrumentingArtifactTransform
[        ] Transforming android-test-plugin-host-logcat-proto-31.13.1.jar (com.android.tools.utp:android-test-plugin-host-logcat-proto:31.13.1) with ExternalDependencyInstrumentingArtifactTransform
[        ] Transforming jetifier-core-1.0.0-beta10.jar (com.android.tools.build.jetifier:jetifier-core:1.0.0-beta10) with ExternalDependencyInstrumentingArtifactTransform
[        ] Transforming builder-model-8.13.1.jar (com.android.tools.build:builder-model:8.13.1) with InstrumentationAnalysisTransform
[        ] Transforming builder-model-8.13.1.jar (com.android.tools.build:builder-model:8.13.1) with MergeInstrumentationAnalysisTransform
[        ] Transforming kotlin-reflect-2.2.0.jar (org.jetbrains.kotlin:kotlin-reflect:2.2.0) with InstrumentationAnalysisTransform
[        ] Transforming kotlin-reflect-2.2.0.jar (org.jetbrains.kotlin:kotlin-reflect:2.2.0) with MergeInstrumentationAnalysisTransform
[        ] Transforming dvlib-31.13.1.jar (com.android.tools:dvlib:31.13.1) with InstrumentationAnalysisTransform
[        ] Transforming dvlib-31.13.1.jar (com.android.tools:dvlib:31.13.1) with MergeInstrumentationAnalysisTransform
[        ] Transforming builder-model-8.13.1.jar (com.android.tools.build:builder-model:8.13.1) with ExternalDependencyInstrumentingArtifactTransform
[        ] Transforming common-31.13.1.jar (com.android.tools:common:31.13.1) with InstrumentationAnalysisTransform
[        ] Transforming common-31.13.1.jar (com.android.tools:common:31.13.1) with MergeInstrumentationAnalysisTransform
[        ] Transforming kotlin-stdlib-jdk8-2.2.0.jar (org.jetbrains.kotlin:kotlin-stdlib-jdk8:2.2.0) with InstrumentationAnalysisTransform
[        ] Transforming kotlin-reflect-2.2.0.jar (org.jetbrains.kotlin:kotlin-reflect:2.2.0) with ExternalDependencyInstrumentingArtifactTransform
[        ] Transforming common-31.13.1.jar (com.android.tools:common:31.13.1) with ExternalDependencyInstrumentingArtifactTransform
[        ] Transforming kotlin-stdlib-jdk8-2.2.0.jar (org.jetbrains.kotlin:kotlin-stdlib-jdk8:2.2.0) with MergeInstrumentationAnalysisTransform
[        ] Transforming dvlib-31.13.1.jar (com.android.tools:dvlib:31.13.1) with ExternalDependencyInstrumentingArtifactTransform
[        ] Transforming kotlin-compiler-runner-2.3.0.jar (org.jetbrains.kotlin:kotlin-compiler-runner:2.3.0) with InstrumentationAnalysisTransform
[        ] Transforming kotlin-stdlib-jdk8-2.2.0.jar (org.jetbrains.kotlin:kotlin-stdlib-jdk8:2.2.0) with ExternalDependencyInstrumentingArtifactTransform
[        ] Transforming kotlin-compiler-runner-2.3.0.jar (org.jetbrains.kotlin:kotlin-compiler-runner:2.3.0) with MergeInstrumentationAnalysisTransform
[        ] Transforming kotlinx-coroutines-core-jvm-1.9.0.jar (org.jetbrains.kotlinx:kotlinx-coroutines-core-jvm:1.9.0) with InstrumentationAnalysisTransform
[        ] Transforming kotlinx-coroutines-core-jvm-1.9.0.jar (org.jetbrains.kotlinx:kotlinx-coroutines-core-jvm:1.9.0) with MergeInstrumentationAnalysisTransform
[        ] Transforming kotlin-stdlib-jdk7-2.2.0.jar (org.jetbrains.kotlin:kotlin-stdlib-jdk7:2.2.0) with InstrumentationAnalysisTransform
[        ] Transforming kotlin-compiler-runner-2.3.0.jar (org.jetbrains.kotlin:kotlin-compiler-runner:2.3.0) with ExternalDependencyInstrumentingArtifactTransform
[        ] Transforming kotlin-stdlib-jdk7-2.2.0.jar (org.jetbrains.kotlin:kotlin-stdlib-jdk7:2.2.0) with MergeInstrumentationAnalysisTransform
[        ] Transforming kotlinx-coroutines-core-jvm-1.9.0.jar (org.jetbrains.kotlinx:kotlinx-coroutines-core-jvm:1.9.0) with ExternalDependencyInstrumentingArtifactTransform
[        ] Transforming kotlin-stdlib-2.2.0.jar (org.jetbrains.kotlin:kotlin-stdlib:2.2.0) with InstrumentationAnalysisTransform
[        ] Transforming kotlin-stdlib-jdk7-2.2.0.jar (org.jetbrains.kotlin:kotlin-stdlib-jdk7:2.2.0) with ExternalDependencyInstrumentingArtifactTransform
[        ] Transforming kotlin-stdlib-2.2.0.jar (org.jetbrains.kotlin:kotlin-stdlib:2.2.0) with MergeInstrumentationAnalysisTransform
[        ] Transforming transform-api-2.0.0-deprecated-use-gradle-api.jar (com.android.tools.build:transform-api:2.0.0-deprecated-use-gradle-api) with InstrumentationAnalysisTransform
[        ] Transforming transform-api-2.0.0-deprecated-use-gradle-api.jar (com.android.tools.build:transform-api:2.0.0-deprecated-use-gradle-api) with MergeInstrumentationAnalysisTransform
[        ] Transforming httpmime-4.5.6.jar (org.apache.httpcomponents:httpmime:4.5.6) with InstrumentationAnalysisTransform
[        ] Transforming kotlin-stdlib-2.2.0.jar (org.jetbrains.kotlin:kotlin-stdlib:2.2.0) with ExternalDependencyInstrumentingArtifactTransform
[        ] Transforming transform-api-2.0.0-deprecated-use-gradle-api.jar (com.android.tools.build:transform-api:2.0.0-deprecated-use-gradle-api) with ExternalDependencyInstrumentingArtifactTransform
[        ] Transforming httpmime-4.5.6.jar (org.apache.httpcomponents:httpmime:4.5.6) with MergeInstrumentationAnalysisTransform
[        ] Transforming commons-io-2.16.1.jar (commons-io:commons-io:2.16.1) with InstrumentationAnalysisTransform
[        ] Transforming commons-io-2.16.1.jar (commons-io:commons-io:2.16.1) with MergeInstrumentationAnalysisTransform
[        ] Transforming asm-commons-9.8.jar (org.ow2.asm:asm-commons:9.8) with InstrumentationAnalysisTransform
[        ] Transforming httpmime-4.5.6.jar (org.apache.httpcomponents:httpmime:4.5.6) with ExternalDependencyInstrumentingArtifactTransform
[        ] Transforming asm-commons-9.8.jar (org.ow2.asm:asm-commons:9.8) with MergeInstrumentationAnalysisTransform
[        ] Transforming asm-util-9.8.jar (org.ow2.asm:asm-util:9.8) with InstrumentationAnalysisTransform
[        ] Transforming commons-io-2.16.1.jar (commons-io:commons-io:2.16.1) with ExternalDependencyInstrumentingArtifactTransform
[        ] Transforming asm-util-9.8.jar (org.ow2.asm:asm-util:9.8) with MergeInstrumentationAnalysisTransform
[        ] Transforming asm-analysis-9.8.jar (org.ow2.asm:asm-analysis:9.8) with InstrumentationAnalysisTransform
[        ] Transforming asm-analysis-9.8.jar (org.ow2.asm:asm-analysis:9.8) with MergeInstrumentationAnalysisTransform
[        ] Transforming asm-tree-9.8.jar (org.ow2.asm:asm-tree:9.8) with InstrumentationAnalysisTransform
[        ] Transforming asm-tree-9.8.jar (org.ow2.asm:asm-tree:9.8) with MergeInstrumentationAnalysisTransform
[        ] Transforming asm-9.8.jar (org.ow2.asm:asm:9.8) with InstrumentationAnalysisTransform
[        ] Transforming asm-util-9.8.jar (org.ow2.asm:asm-util:9.8) with ExternalDependencyInstrumentingArtifactTransform
[        ] Transforming asm-analysis-9.8.jar (org.ow2.asm:asm-analysis:9.8) with ExternalDependencyInstrumentingArtifactTransform
[        ] Transforming asm-9.8.jar (org.ow2.asm:asm:9.8) with MergeInstrumentationAnalysisTransform
[        ] Transforming asm-commons-9.8.jar (org.ow2.asm:asm-commons:9.8) with ExternalDependencyInstrumentingArtifactTransform
[        ] Transforming apkzlib-8.13.1.jar (com.android.tools.build:apkzlib:8.13.1) with InstrumentationAnalysisTransform
[        ] Transforming asm-tree-9.8.jar (org.ow2.asm:asm-tree:9.8) with ExternalDependencyInstrumentingArtifactTransform
[        ] Transforming apkzlib-8.13.1.jar (com.android.tools.build:apkzlib:8.13.1) with MergeInstrumentationAnalysisTransform
[        ] Transforming asm-9.8.jar (org.ow2.asm:asm:9.8) with ExternalDependencyInstrumentingArtifactTransform
[        ] Transforming bcpkix-jdk18on-1.79.jar (org.bouncycastle:bcpkix-jdk18on:1.79) with InstrumentationAnalysisTransform
[        ] Transforming bcpkix-jdk18on-1.79.jar (org.bouncycastle:bcpkix-jdk18on:1.79) with MergeInstrumentationAnalysisTransform
[        ] Transforming jaxb-runtime-2.3.2.jar (org.glassfish.jaxb:jaxb-runtime:2.3.2) with InstrumentationAnalysisTransform
[        ] Transforming apkzlib-8.13.1.jar (com.android.tools.build:apkzlib:8.13.1) with ExternalDependencyInstrumentingArtifactTransform
[        ] Transforming jaxb-runtime-2.3.2.jar (org.glassfish.jaxb:jaxb-runtime:2.3.2) with MergeInstrumentationAnalysisTransform
[        ] Transforming jopt-simple-4.9.jar (net.sf.jopt-simple:jopt-simple:4.9) with InstrumentationAnalysisTransform
[        ] Transforming bcpkix-jdk18on-1.79.jar (org.bouncycastle:bcpkix-jdk18on:1.79) with ExternalDependencyInstrumentingArtifactTransform
[        ] Transforming jaxb-runtime-2.3.2.jar (org.glassfish.jaxb:jaxb-runtime:2.3.2) with ExternalDependencyInstrumentingArtifactTransform
[        ] Transforming jopt-simple-4.9.jar (net.sf.jopt-simple:jopt-simple:4.9) with MergeInstrumentationAnalysisTransform
[        ] Transforming javapoet-1.10.0.jar (com.squareup:javapoet:1.10.0) with InstrumentationAnalysisTransform
[        ] Transforming jopt-simple-4.9.jar (net.sf.jopt-simple:jopt-simple:4.9) with ExternalDependencyInstrumentingArtifactTransform
[        ] Transforming javapoet-1.10.0.jar (com.squareup:javapoet:1.10.0) with MergeInstrumentationAnalysisTransform
[        ] Transforming protobuf-java-util-3.25.5.jar (com.google.protobuf:protobuf-java-util:3.25.5) with InstrumentationAnalysisTransform
[        ] Transforming javapoet-1.10.0.jar (com.squareup:javapoet:1.10.0) with ExternalDependencyInstrumentingArtifactTransform
[        ] Transforming protobuf-java-util-3.25.5.jar (com.google.protobuf:protobuf-java-util:3.25.5) with MergeInstrumentationAnalysisTransform
[        ] Transforming grpc-protobuf-1.69.1.jar (io.grpc:grpc-protobuf:1.69.1) with InstrumentationAnalysisTransform
[        ] Transforming grpc-protobuf-1.69.1.jar (io.grpc:grpc-protobuf:1.69.1) with MergeInstrumentationAnalysisTransform
[        ] Transforming tink-1.7.0.jar (com.google.crypto.tink:tink:1.7.0) with InstrumentationAnalysisTransform
[        ] Transforming tink-1.7.0.jar (com.google.crypto.tink:tink:1.7.0) with MergeInstrumentationAnalysisTransform
[        ] Transforming core-proto-0.0.9-alpha03.jar (com.google.testing.platform:core-proto:0.0.9-alpha03) with InstrumentationAnalysisTransform
[        ] Transforming core-proto-0.0.9-alpha03.jar (com.google.testing.platform:core-proto:0.0.9-alpha03) with MergeInstrumentationAnalysisTransform
[        ] Transforming protos-31.13.1.jar (com.android.tools.analytics-library:protos:31.13.1) with InstrumentationAnalysisTransform
[        ] Transforming protobuf-java-util-3.25.5.jar (com.google.protobuf:protobuf-java-util:3.25.5) with ExternalDependencyInstrumentingArtifactTransform
[        ] Transforming grpc-protobuf-1.69.1.jar (io.grpc:grpc-protobuf:1.69.1) with ExternalDependencyInstrumentingArtifactTransform
[        ] Transforming tink-1.7.0.jar (com.google.crypto.tink:tink:1.7.0) with ExternalDependencyInstrumentingArtifactTransform
[        ] Transforming protos-31.13.1.jar (com.android.tools.analytics-library:protos:31.13.1) with MergeInstrumentationAnalysisTransform
[        ] Transforming core-proto-0.0.9-alpha03.jar (com.google.testing.platform:core-proto:0.0.9-alpha03) with ExternalDependencyInstrumentingArtifactTransform
[        ] Transforming proto-google-common-protos-2.48.0.jar (com.google.api.grpc:proto-google-common-protos:2.48.0) with InstrumentationAnalysisTransform
[        ] Transforming proto-google-common-protos-2.48.0.jar (com.google.api.grpc:proto-google-common-protos:2.48.0) with MergeInstrumentationAnalysisTransform
[        ] Transforming protobuf-java-3.25.5.jar (com.google.protobuf:protobuf-java:3.25.5) with InstrumentationAnalysisTransform
[        ] Transforming protobuf-java-3.25.5.jar (com.google.protobuf:protobuf-java:3.25.5) with MergeInstrumentationAnalysisTransform
[        ] Transforming grpc-netty-1.69.1.jar (io.grpc:grpc-netty:1.69.1) with InstrumentationAnalysisTransform
[        ] Transforming protos-31.13.1.jar (com.android.tools.analytics-library:protos:31.13.1) with ExternalDependencyInstrumentingArtifactTransform
[        ] Transforming grpc-netty-1.69.1.jar (io.grpc:grpc-netty:1.69.1) with MergeInstrumentationAnalysisTransform
[        ] Transforming protobuf-java-3.25.5.jar (com.google.protobuf:protobuf-java:3.25.5) with ExternalDependencyInstrumentingArtifactTransform
[        ] Transforming proto-google-common-protos-2.48.0.jar (com.google.api.grpc:proto-google-common-protos:2.48.0) with ExternalDependencyInstrumentingArtifactTransform
[        ] Transforming grpc-inprocess-1.69.1.jar (io.grpc:grpc-inprocess:1.69.1) with InstrumentationAnalysisTransform
[        ] Transforming grpc-netty-1.69.1.jar (io.grpc:grpc-netty:1.69.1) with ExternalDependencyInstrumentingArtifactTransform
[        ] Transforming grpc-inprocess-1.69.1.jar (io.grpc:grpc-inprocess:1.69.1) with MergeInstrumentationAnalysisTransform
[        ] Transforming grpc-util-1.69.1.jar (io.grpc:grpc-util:1.69.1) with InstrumentationAnalysisTransform
[        ] Transforming grpc-util-1.69.1.jar (io.grpc:grpc-util:1.69.1) with MergeInstrumentationAnalysisTransform
[        ] Transforming grpc-core-1.69.1.jar (io.grpc:grpc-core:1.69.1) with InstrumentationAnalysisTransform
[        ] Transforming grpc-inprocess-1.69.1.jar (io.grpc:grpc-inprocess:1.69.1) with ExternalDependencyInstrumentingArtifactTransform
[        ] Transforming grpc-util-1.69.1.jar (io.grpc:grpc-util:1.69.1) with ExternalDependencyInstrumentingArtifactTransform
[        ] Transforming grpc-core-1.69.1.jar (io.grpc:grpc-core:1.69.1) with MergeInstrumentationAnalysisTransform
[        ] Transforming kotlin-build-statistics-2.3.0.jar (org.jetbrains.kotlin:kotlin-build-statistics:2.3.0) with InstrumentationAnalysisTransform
[        ] Transforming kotlin-build-statistics-2.3.0.jar (org.jetbrains.kotlin:kotlin-build-statistics:2.3.0) with MergeInstrumentationAnalysisTransform
[        ] Transforming grpc-core-1.69.1.jar (io.grpc:grpc-core:1.69.1) with ExternalDependencyInstrumentingArtifactTransform
[        ] Transforming gson-2.11.0.jar (com.google.code.gson:gson:2.11.0) with InstrumentationAnalysisTransform
[        ] Transforming gson-2.11.0.jar (com.google.code.gson:gson:2.11.0) with MergeInstrumentationAnalysisTransform
[        ] Transforming grpc-stub-1.69.1.jar (io.grpc:grpc-stub:1.69.1) with InstrumentationAnalysisTransform
[        ] Transforming grpc-stub-1.69.1.jar (io.grpc:grpc-stub:1.69.1) with MergeInstrumentationAnalysisTransform
[        ] Transforming tensorflow-lite-metadata-0.2.0.jar (org.tensorflow:tensorflow-lite-metadata:0.2.0) with InstrumentationAnalysisTransform
[        ] Transforming tensorflow-lite-metadata-0.2.0.jar (org.tensorflow:tensorflow-lite-metadata:0.2.0) with MergeInstrumentationAnalysisTransform
[        ] Transforming flatbuffers-java-1.12.0.jar (com.google.flatbuffers:flatbuffers-java:1.12.0) with InstrumentationAnalysisTransform
[        ] Transforming kotlin-build-statistics-2.3.0.jar (org.jetbrains.kotlin:kotlin-build-statistics:2.3.0) with ExternalDependencyInstrumentingArtifactTransform
[        ] Transforming grpc-stub-1.69.1.jar (io.grpc:grpc-stub:1.69.1) with ExternalDependencyInstrumentingArtifactTransform
[        ] Transforming gson-2.11.0.jar (com.google.code.gson:gson:2.11.0) with ExternalDependencyInstrumentingArtifactTransform
[        ] Transforming tensorflow-lite-metadata-0.2.0.jar (org.tensorflow:tensorflow-lite-metadata:0.2.0) with ExternalDependencyInstrumentingArtifactTransform
[        ] Transforming flatbuffers-java-1.12.0.jar (com.google.flatbuffers:flatbuffers-java:1.12.0) with MergeInstrumentationAnalysisTransform
[        ] Transforming kotlin-gradle-plugin-idea-proto-2.3.0.jar (org.jetbrains.kotlin:kotlin-gradle-plugin-idea-proto:2.3.0) with InstrumentationAnalysisTransform
[        ] Transforming kotlin-gradle-plugin-idea-proto-2.3.0.jar (org.jetbrains.kotlin:kotlin-gradle-plugin-idea-proto:2.3.0) with MergeInstrumentationAnalysisTransform
[        ] Transforming kotlin-gradle-plugin-idea-2.3.0.jar (org.jetbrains.kotlin:kotlin-gradle-plugin-idea:2.3.0) with InstrumentationAnalysisTransform
[        ] Transforming kotlin-gradle-plugin-idea-2.3.0.jar (org.jetbrains.kotlin:kotlin-gradle-plugin-idea:2.3.0) with MergeInstrumentationAnalysisTransform
[        ] Transforming kotlin-klib-commonizer-api-2.3.0.jar (org.jetbrains.kotlin:kotlin-klib-commonizer-api:2.3.0) with InstrumentationAnalysisTransform
[        ] Transforming kotlin-gradle-plugin-idea-proto-2.3.0.jar (org.jetbrains.kotlin:kotlin-gradle-plugin-idea-proto:2.3.0) with ExternalDependencyInstrumentingArtifactTransform
[        ] Transforming flatbuffers-java-1.12.0.jar (com.google.flatbuffers:flatbuffers-java:1.12.0) with ExternalDependencyInstrumentingArtifactTransform
[        ] Transforming kotlin-klib-commonizer-api-2.3.0.jar (org.jetbrains.kotlin:kotlin-klib-commonizer-api:2.3.0) with MergeInstrumentationAnalysisTransform
[        ] Transforming kotlin-gradle-plugin-idea-2.3.0.jar (org.jetbrains.kotlin:kotlin-gradle-plugin-idea:2.3.0) with ExternalDependencyInstrumentingArtifactTransform
[        ] Transforming kotlin-util-klib-metadata-2.3.0.jar (org.jetbrains.kotlin:kotlin-util-klib-metadata:2.3.0) with InstrumentationAnalysisTransform
[        ] Transforming kotlin-util-klib-metadata-2.3.0.jar (org.jetbrains.kotlin:kotlin-util-klib-metadata:2.3.0) with MergeInstrumentationAnalysisTransform
[        ] Transforming abi-tools-api-2.3.0.jar (org.jetbrains.kotlin:abi-tools-api:2.3.0) with InstrumentationAnalysisTransform
[        ] Transforming kotlin-klib-commonizer-api-2.3.0.jar (org.jetbrains.kotlin:kotlin-klib-commonizer-api:2.3.0) with ExternalDependencyInstrumentingArtifactTransform
[        ] Transforming kotlin-util-klib-metadata-2.3.0.jar (org.jetbrains.kotlin:kotlin-util-klib-metadata:2.3.0) with ExternalDependencyInstrumentingArtifactTransform
[        ] Transforming abi-tools-api-2.3.0.jar (org.jetbrains.kotlin:abi-tools-api:2.3.0) with MergeInstrumentationAnalysisTransform
[        ] Transforming jimfs-1.1.jar (com.google.jimfs:jimfs:1.1) with InstrumentationAnalysisTransform
[        ] Transforming jimfs-1.1.jar (com.google.jimfs:jimfs:1.1) with MergeInstrumentationAnalysisTransform
[        ] Transforming grpc-context-1.69.1.jar (io.grpc:grpc-context:1.69.1) with InstrumentationAnalysisTransform
[        ] Transforming grpc-context-1.69.1.jar (io.grpc:grpc-context:1.69.1) with MergeInstrumentationAnalysisTransform
[        ] Transforming grpc-protobuf-lite-1.69.1.jar (io.grpc:grpc-protobuf-lite:1.69.1) with InstrumentationAnalysisTransform
[        ] Transforming abi-tools-api-2.3.0.jar (org.jetbrains.kotlin:abi-tools-api:2.3.0) with ExternalDependencyInstrumentingArtifactTransform
[        ] Transforming grpc-context-1.69.1.jar (io.grpc:grpc-context:1.69.1) with ExternalDependencyInstrumentingArtifactTransform
[        ] Transforming grpc-protobuf-lite-1.69.1.jar (io.grpc:grpc-protobuf-lite:1.69.1) with MergeInstrumentationAnalysisTransform
[        ] Transforming grpc-api-1.69.1.jar (io.grpc:grpc-api:1.69.1) with InstrumentationAnalysisTransform
[        ] Transforming jimfs-1.1.jar (com.google.jimfs:jimfs:1.1) with ExternalDependencyInstrumentingArtifactTransform
[        ] Transforming grpc-api-1.69.1.jar (io.grpc:grpc-api:1.69.1) with MergeInstrumentationAnalysisTransform
[        ] Transforming grpc-protobuf-lite-1.69.1.jar (io.grpc:grpc-protobuf-lite:1.69.1) with ExternalDependencyInstrumentingArtifactTransform
[        ] Transforming guava-33.3.1-jre.jar (com.google.guava:guava:33.3.1-jre) with InstrumentationAnalysisTransform
[        ] Transforming guava-33.3.1-jre.jar (com.google.guava:guava:33.3.1-jre) with MergeInstrumentationAnalysisTransform
[        ] Transforming dagger-2.28.3.jar (com.google.dagger:dagger:2.28.3) with InstrumentationAnalysisTransform
[        ] Transforming grpc-api-1.69.1.jar (io.grpc:grpc-api:1.69.1) with ExternalDependencyInstrumentingArtifactTransform
[        ] Transforming dagger-2.28.3.jar (com.google.dagger:dagger:2.28.3) with MergeInstrumentationAnalysisTransform
[        ] Transforming javax.inject-1.jar (javax.inject:javax.inject:1) with InstrumentationAnalysisTransform
[        ] Transforming guava-33.3.1-jre.jar (com.google.guava:guava:33.3.1-jre) with ExternalDependencyInstrumentingArtifactTransform
[        ] Transforming dagger-2.28.3.jar (com.google.dagger:dagger:2.28.3) with ExternalDependencyInstrumentingArtifactTransform
[        ] Transforming javax.inject-1.jar (javax.inject:javax.inject:1) with MergeInstrumentationAnalysisTransform
[        ] Transforming kxml2-2.3.0.jar (net.sf.kxml:kxml2:2.3.0) with InstrumentationAnalysisTransform
[        ] Transforming kxml2-2.3.0.jar (net.sf.kxml:kxml2:2.3.0) with MergeInstrumentationAnalysisTransform
[        ] Transforming javax.inject-1.jar (javax.inject:javax.inject:1) with ExternalDependencyInstrumentingArtifactTransform
[        ] Transforming commons-compress-1.21.jar (org.apache.commons:commons-compress:1.21) with InstrumentationAnalysisTransform
[        ] Transforming kxml2-2.3.0.jar (net.sf.kxml:kxml2:2.3.0) with ExternalDependencyInstrumentingArtifactTransform
[        ] Transforming commons-compress-1.21.jar (org.apache.commons:commons-compress:1.21) with MergeInstrumentationAnalysisTransform
[        ] Transforming bcutil-jdk18on-1.79.jar (org.bouncycastle:bcutil-jdk18on:1.79) with InstrumentationAnalysisTransform
[        ] Transforming bcutil-jdk18on-1.79.jar (org.bouncycastle:bcutil-jdk18on:1.79) with MergeInstrumentationAnalysisTransform
[        ] Transforming bcprov-jdk18on-1.79.jar (org.bouncycastle:bcprov-jdk18on:1.79) with InstrumentationAnalysisTransform
[        ] Transforming commons-compress-1.21.jar (org.apache.commons:commons-compress:1.21) with ExternalDependencyInstrumentingArtifactTransform
[        ] Transforming bcprov-jdk18on-1.79.jar (org.bouncycastle:bcprov-jdk18on:1.79) with MergeInstrumentationAnalysisTransform
[        ] Transforming httpclient-4.5.14.jar (org.apache.httpcomponents:httpclient:4.5.14) with InstrumentationAnalysisTransform
[        ] Transforming httpclient-4.5.14.jar (org.apache.httpcomponents:httpclient:4.5.14) with MergeInstrumentationAnalysisTransform
[        ] Transforming bcprov-jdk18on-1.79.jar (org.bouncycastle:bcprov-jdk18on:1.79) with ExternalDependencyInstrumentingArtifactTransform
[        ] Transforming httpcore-4.4.16.jar (org.apache.httpcomponents:httpcore:4.4.16) with InstrumentationAnalysisTransform
[        ] Transforming httpcore-4.4.16.jar (org.apache.httpcomponents:httpcore:4.4.16) with MergeInstrumentationAnalysisTransform
[        ] Transforming httpclient-4.5.14.jar (org.apache.httpcomponents:httpclient:4.5.14) with ExternalDependencyInstrumentingArtifactTransform
[        ] Transforming bcutil-jdk18on-1.79.jar (org.bouncycastle:bcutil-jdk18on:1.79) with ExternalDependencyInstrumentingArtifactTransform
[        ] Transforming javax.activation-1.2.0.jar (com.sun.activation:javax.activation:1.2.0) with InstrumentationAnalysisTransform
[        ] Transforming httpcore-4.4.16.jar (org.apache.httpcomponents:httpcore:4.4.16) with ExternalDependencyInstrumentingArtifactTransform
[        ] Transforming javax.activation-1.2.0.jar (com.sun.activation:javax.activation:1.2.0) with MergeInstrumentationAnalysisTransform
[        ] Transforming annotations-23.0.0.jar (org.jetbrains:annotations:23.0.0) with InstrumentationAnalysisTransform
[        ] Transforming annotations-23.0.0.jar (org.jetbrains:annotations:23.0.0) with MergeInstrumentationAnalysisTransform
[        ] Transforming signflinger-8.13.1.jar (com.android:signflinger:8.13.1) with InstrumentationAnalysisTransform
[        ] Transforming signflinger-8.13.1.jar (com.android:signflinger:8.13.1) with MergeInstrumentationAnalysisTransform
[        ] Transforming zipflinger-8.13.1.jar (com.android:zipflinger:8.13.1) with InstrumentationAnalysisTransform
[        ] Transforming zipflinger-8.13.1.jar (com.android:zipflinger:8.13.1) with MergeInstrumentationAnalysisTransform
[        ] Transforming annotations-31.13.1.jar (com.android.tools:annotations:31.13.1) with InstrumentationAnalysisTransform
[        ] Transforming signflinger-8.13.1.jar (com.android:signflinger:8.13.1) with ExternalDependencyInstrumentingArtifactTransform
[        ] Transforming javax.activation-1.2.0.jar (com.sun.activation:javax.activation:1.2.0) with ExternalDependencyInstrumentingArtifactTransform
[        ] Transforming annotations-23.0.0.jar (org.jetbrains:annotations:23.0.0) with ExternalDependencyInstrumentingArtifactTransform
[        ] Transforming annotations-31.13.1.jar (com.android.tools:annotations:31.13.1) with MergeInstrumentationAnalysisTransform
[        ] Transforming zipflinger-8.13.1.jar (com.android:zipflinger:8.13.1) with ExternalDependencyInstrumentingArtifactTransform
[        ] Transforming jna-platform-5.6.0.jar (net.java.dev.jna:jna-platform:5.6.0) with InstrumentationAnalysisTransform
[        ] Transforming jna-platform-5.6.0.jar (net.java.dev.jna:jna-platform:5.6.0) with MergeInstrumentationAnalysisTransform
[        ] Transforming juniversalchardet-1.0.3.jar (com.googlecode.juniversalchardet:juniversalchardet:1.0.3) with InstrumentationAnalysisTransform
[        ] Transforming annotations-31.13.1.jar (com.android.tools:annotations:31.13.1) with ExternalDependencyInstrumentingArtifactTransform
[        ] Transforming jna-platform-5.6.0.jar (net.java.dev.jna:jna-platform:5.6.0) with ExternalDependencyInstrumentingArtifactTransform
[        ] Transforming juniversalchardet-1.0.3.jar (com.googlecode.juniversalchardet:juniversalchardet:1.0.3) with MergeInstrumentationAnalysisTransform
[        ] Transforming javax.annotation-api-1.3.2.jar (javax.annotation:javax.annotation-api:1.3.2) with InstrumentationAnalysisTransform
[        ] Transforming javax.annotation-api-1.3.2.jar (javax.annotation:javax.annotation-api:1.3.2) with MergeInstrumentationAnalysisTransform
[        ] Transforming stax-ex-1.8.1.jar (org.jvnet.staxex:stax-ex:1.8.1) with InstrumentationAnalysisTransform
[        ] Transforming juniversalchardet-1.0.3.jar (com.googlecode.juniversalchardet:juniversalchardet:1.0.3) with ExternalDependencyInstrumentingArtifactTransform
[        ] Transforming stax-ex-1.8.1.jar (org.jvnet.staxex:stax-ex:1.8.1) with MergeInstrumentationAnalysisTransform
[        ] Transforming javax.annotation-api-1.3.2.jar (javax.annotation:javax.annotation-api:1.3.2) with ExternalDependencyInstrumentingArtifactTransform
[        ] Transforming jakarta.xml.bind-api-2.3.2.jar (jakarta.xml.bind:jakarta.xml.bind-api:2.3.2) with InstrumentationAnalysisTransform
[        ] Transforming stax-ex-1.8.1.jar (org.jvnet.staxex:stax-ex:1.8.1) with ExternalDependencyInstrumentingArtifactTransform
[        ] Transforming jakarta.xml.bind-api-2.3.2.jar (jakarta.xml.bind:jakarta.xml.bind-api:2.3.2) with MergeInstrumentationAnalysisTransform
[        ] Transforming txw2-2.3.2.jar (org.glassfish.jaxb:txw2:2.3.2) with InstrumentationAnalysisTransform
[        ] Transforming txw2-2.3.2.jar (org.glassfish.jaxb:txw2:2.3.2) with MergeInstrumentationAnalysisTransform
[        ] Transforming istack-commons-runtime-3.0.8.jar (com.sun.istack:istack-commons-runtime:3.0.8) with InstrumentationAnalysisTransform
[        ] Transforming jakarta.xml.bind-api-2.3.2.jar (jakarta.xml.bind:jakarta.xml.bind-api:2.3.2) with ExternalDependencyInstrumentingArtifactTransform
[        ] Transforming istack-commons-runtime-3.0.8.jar (com.sun.istack:istack-commons-runtime:3.0.8) with MergeInstrumentationAnalysisTransform
[        ] Transforming FastInfoset-1.2.16.jar (com.sun.xml.fastinfoset:FastInfoset:1.2.16) with InstrumentationAnalysisTransform
[        ] Transforming FastInfoset-1.2.16.jar (com.sun.xml.fastinfoset:FastInfoset:1.2.16) with MergeInstrumentationAnalysisTransform
[        ] Transforming txw2-2.3.2.jar (org.glassfish.jaxb:txw2:2.3.2) with ExternalDependencyInstrumentingArtifactTransform
[        ] Transforming jakarta.activation-api-1.2.1.jar (jakarta.activation:jakarta.activation-api:1.2.1) with InstrumentationAnalysisTransform
[        ] Transforming istack-commons-runtime-3.0.8.jar (com.sun.istack:istack-commons-runtime:3.0.8) with ExternalDependencyInstrumentingArtifactTransform
[        ] Transforming FastInfoset-1.2.16.jar (com.sun.xml.fastinfoset:FastInfoset:1.2.16) with ExternalDependencyInstrumentingArtifactTransform
[        ] Transforming jakarta.activation-api-1.2.1.jar (jakarta.activation:jakarta.activation-api:1.2.1) with MergeInstrumentationAnalysisTransform
[        ] Transforming auto-value-annotations-1.6.2.jar (com.google.auto.value:auto-value-annotations:1.6.2) with InstrumentationAnalysisTransform
[        ] Transforming auto-value-annotations-1.6.2.jar (com.google.auto.value:auto-value-annotations:1.6.2) with MergeInstrumentationAnalysisTransform
[        ] Transforming error_prone_annotations-2.30.0.jar (com.google.errorprone:error_prone_annotations:2.30.0) with InstrumentationAnalysisTransform
[        ] Transforming error_prone_annotations-2.30.0.jar (com.google.errorprone:error_prone_annotations:2.30.0) with MergeInstrumentationAnalysisTransform
[        ] Transforming jose4j-0.9.5.jar (org.bitbucket.b_c:jose4j:0.9.5) with InstrumentationAnalysisTransform
[        ] Transforming jakarta.activation-api-1.2.1.jar (jakarta.activation:jakarta.activation-api:1.2.1) with ExternalDependencyInstrumentingArtifactTransform
[        ] Transforming jose4j-0.9.5.jar (org.bitbucket.b_c:jose4j:0.9.5) with MergeInstrumentationAnalysisTransform
[        ] Transforming error_prone_annotations-2.30.0.jar (com.google.errorprone:error_prone_annotations:2.30.0) with ExternalDependencyInstrumentingArtifactTransform
[        ] Transforming auto-value-annotations-1.6.2.jar (com.google.auto.value:auto-value-annotations:1.6.2) with ExternalDependencyInstrumentingArtifactTransform
[        ] Transforming jose4j-0.9.5.jar (org.bitbucket.b_c:jose4j:0.9.5) with ExternalDependencyInstrumentingArtifactTransform
[        ] Transforming slf4j-api-1.7.30.jar (org.slf4j:slf4j-api:1.7.30) with InstrumentationAnalysisTransform
[        ] Transforming slf4j-api-1.7.30.jar (org.slf4j:slf4j-api:1.7.30) with MergeInstrumentationAnalysisTransform
[        ] Transforming jdom2-2.0.6.jar (org.jdom:jdom2:2.0.6) with InstrumentationAnalysisTransform
[        ] Transforming jdom2-2.0.6.jar (org.jdom:jdom2:2.0.6) with MergeInstrumentationAnalysisTransform
[        ] Transforming jsr305-3.0.2.jar (com.google.code.findbugs:jsr305:3.0.2) with InstrumentationAnalysisTransform
[        ] Transforming jsr305-3.0.2.jar (com.google.code.findbugs:jsr305:3.0.2) with MergeInstrumentationAnalysisTransform
[        ] Transforming j2objc-annotations-3.0.0.jar (com.google.j2objc:j2objc-annotations:3.0.0) with InstrumentationAnalysisTransform
[        ] Transforming j2objc-annotations-3.0.0.jar (com.google.j2objc:j2objc-annotations:3.0.0) with MergeInstrumentationAnalysisTransform
[        ] Transforming annotations-4.1.1.4.jar (com.google.android:annotations:4.1.1.4) with InstrumentationAnalysisTransform
[        ] Transforming jdom2-2.0.6.jar (org.jdom:jdom2:2.0.6) with ExternalDependencyInstrumentingArtifactTransform
[        ] Transforming j2objc-annotations-3.0.0.jar (com.google.j2objc:j2objc-annotations:3.0.0) with ExternalDependencyInstrumentingArtifactTransform
[        ] Transforming slf4j-api-1.7.30.jar (org.slf4j:slf4j-api:1.7.30) with ExternalDependencyInstrumentingArtifactTransform
[        ] Transforming jsr305-3.0.2.jar (com.google.code.findbugs:jsr305:3.0.2) with ExternalDependencyInstrumentingArtifactTransform
[        ] Transforming annotations-4.1.1.4.jar (com.google.android:annotations:4.1.1.4) with MergeInstrumentationAnalysisTransform
[        ] Transforming animal-sniffer-annotations-1.24.jar (org.codehaus.mojo:animal-sniffer-annotations:1.24) with InstrumentationAnalysisTransform
[        ] Transforming animal-sniffer-annotations-1.24.jar (org.codehaus.mojo:animal-sniffer-annotations:1.24) with MergeInstrumentationAnalysisTransform
[        ] Transforming perfmark-api-0.27.0.jar (io.perfmark:perfmark-api:0.27.0) with InstrumentationAnalysisTransform
[        ] Transforming perfmark-api-0.27.0.jar (io.perfmark:perfmark-api:0.27.0) with MergeInstrumentationAnalysisTransform
[        ] Transforming netty-codec-http2-4.1.110.Final.jar (io.netty:netty-codec-http2:4.1.110.Final) with InstrumentationAnalysisTransform
[        ] Transforming annotations-4.1.1.4.jar (com.google.android:annotations:4.1.1.4) with ExternalDependencyInstrumentingArtifactTransform
[        ] Transforming perfmark-api-0.27.0.jar (io.perfmark:perfmark-api:0.27.0) with ExternalDependencyInstrumentingArtifactTransform
[        ] Transforming animal-sniffer-annotations-1.24.jar (org.codehaus.mojo:animal-sniffer-annotations:1.24) with ExternalDependencyInstrumentingArtifactTransform
[        ] Transforming netty-codec-http2-4.1.110.Final.jar (io.netty:netty-codec-http2:4.1.110.Final) with MergeInstrumentationAnalysisTransform
[        ] Transforming netty-handler-proxy-4.1.110.Final.jar (io.netty:netty-handler-proxy:4.1.110.Final) with InstrumentationAnalysisTransform
[        ] Transforming netty-codec-http2-4.1.110.Final.jar (io.netty:netty-codec-http2:4.1.110.Final) with ExternalDependencyInstrumentingArtifactTransform
[        ] Transforming netty-handler-proxy-4.1.110.Final.jar (io.netty:netty-handler-proxy:4.1.110.Final) with MergeInstrumentationAnalysisTransform
[        ] Transforming netty-codec-http-4.1.110.Final.jar (io.netty:netty-codec-http:4.1.110.Final) with InstrumentationAnalysisTransform
[        ] Transforming netty-codec-http-4.1.110.Final.jar (io.netty:netty-codec-http:4.1.110.Final) with MergeInstrumentationAnalysisTransform
[        ] Transforming netty-handler-4.1.110.Final.jar (io.netty:netty-handler:4.1.110.Final) with InstrumentationAnalysisTransform
[        ] Transforming netty-handler-4.1.110.Final.jar (io.netty:netty-handler:4.1.110.Final) with MergeInstrumentationAnalysisTransform
[        ] Transforming netty-transport-native-unix-common-4.1.110.Final.jar (io.netty:netty-transport-native-unix-common:4.1.110.Final) with InstrumentationAnalysisTransform
[        ] Transforming netty-handler-proxy-4.1.110.Final.jar (io.netty:netty-handler-proxy:4.1.110.Final) with ExternalDependencyInstrumentingArtifactTransform
[        ] Transforming netty-handler-4.1.110.Final.jar (io.netty:netty-handler:4.1.110.Final) with ExternalDependencyInstrumentingArtifactTransform
[        ] Transforming netty-transport-native-unix-common-4.1.110.Final.jar (io.netty:netty-transport-native-unix-common:4.1.110.Final) with MergeInstrumentationAnalysisTransform
[        ] Transforming netty-codec-http-4.1.110.Final.jar (io.netty:netty-codec-http:4.1.110.Final) with ExternalDependencyInstrumentingArtifactTransform
[        ] Transforming checker-qual-3.43.0.jar (org.checkerframework:checker-qual:3.43.0) with InstrumentationAnalysisTransform
[        ] Transforming netty-transport-native-unix-common-4.1.110.Final.jar (io.netty:netty-transport-native-unix-common:4.1.110.Final) with ExternalDependencyInstrumentingArtifactTransform
[        ] Transforming checker-qual-3.43.0.jar (org.checkerframework:checker-qual:3.43.0) with MergeInstrumentationAnalysisTransform
[        ] Transforming apksig-8.13.1.jar (com.android.tools.build:apksig:8.13.1) with InstrumentationAnalysisTransform
[        ] Transforming apksig-8.13.1.jar (com.android.tools.build:apksig:8.13.1) with MergeInstrumentationAnalysisTransform
[        ] Transforming checker-qual-3.43.0.jar (org.checkerframework:checker-qual:3.43.0) with ExternalDependencyInstrumentingArtifactTransform
[        ] Transforming javawriter-2.5.0.jar (com.squareup:javawriter:2.5.0) with InstrumentationAnalysisTransform
[        ] Transforming javawriter-2.5.0.jar (com.squareup:javawriter:2.5.0) with MergeInstrumentationAnalysisTransform
[        ] Transforming kotlin-gradle-plugin-annotations-2.3.0.jar (org.jetbrains.kotlin:kotlin-gradle-plugin-annotations:2.3.0) with InstrumentationAnalysisTransform
[        ] Transforming apksig-8.13.1.jar (com.android.tools.build:apksig:8.13.1) with ExternalDependencyInstrumentingArtifactTransform
[        ] Transforming javawriter-2.5.0.jar (com.squareup:javawriter:2.5.0) with ExternalDependencyInstrumentingArtifactTransform
[        ] Transforming kotlin-gradle-plugin-annotations-2.3.0.jar (org.jetbrains.kotlin:kotlin-gradle-plugin-annotations:2.3.0) with MergeInstrumentationAnalysisTransform
[        ] Transforming kotlin-native-utils-2.3.0.jar (org.jetbrains.kotlin:kotlin-native-utils:2.3.0) with InstrumentationAnalysisTransform
[        ] Transforming kotlin-native-utils-2.3.0.jar (org.jetbrains.kotlin:kotlin-native-utils:2.3.0) with MergeInstrumentationAnalysisTransform
[        ] Transforming kotlin-tooling-core-2.3.0.jar (org.jetbrains.kotlin:kotlin-tooling-core:2.3.0) with InstrumentationAnalysisTransform
[        ] Transforming kotlin-tooling-core-2.3.0.jar (org.jetbrains.kotlin:kotlin-tooling-core:2.3.0) with MergeInstrumentationAnalysisTransform
[        ] Transforming kotlin-build-tools-api-2.3.0.jar (org.jetbrains.kotlin:kotlin-build-tools-api:2.3.0) with InstrumentationAnalysisTransform
[        ] Transforming kotlin-gradle-plugin-annotations-2.3.0.jar (org.jetbrains.kotlin:kotlin-gradle-plugin-annotations:2.3.0) with ExternalDependencyInstrumentingArtifactTransform
[        ] Transforming kotlin-native-utils-2.3.0.jar (org.jetbrains.kotlin:kotlin-native-utils:2.3.0) with ExternalDependencyInstrumentingArtifactTransform
[        ] Transforming kotlin-tooling-core-2.3.0.jar (org.jetbrains.kotlin:kotlin-tooling-core:2.3.0) with ExternalDependencyInstrumentingArtifactTransform
[        ] Transforming kotlin-build-tools-api-2.3.0.jar (org.jetbrains.kotlin:kotlin-build-tools-api:2.3.0) with MergeInstrumentationAnalysisTransform
[        ] Transforming kotlin-util-klib-2.3.0.jar (org.jetbrains.kotlin:kotlin-util-klib:2.3.0) with InstrumentationAnalysisTransform
[        ] Transforming kotlin-build-tools-api-2.3.0.jar (org.jetbrains.kotlin:kotlin-build-tools-api:2.3.0) with ExternalDependencyInstrumentingArtifactTransform
[        ] Transforming kotlin-util-klib-2.3.0.jar (org.jetbrains.kotlin:kotlin-util-klib:2.3.0) with MergeInstrumentationAnalysisTransform
[        ] Transforming kotlin-util-io-2.3.0.jar (org.jetbrains.kotlin:kotlin-util-io:2.3.0) with InstrumentationAnalysisTransform
[        ] Transforming kotlin-util-io-2.3.0.jar (org.jetbrains.kotlin:kotlin-util-io:2.3.0) with MergeInstrumentationAnalysisTransform
[        ] Transforming kotlin-daemon-client-2.3.0.jar (org.jetbrains.kotlin:kotlin-daemon-client:2.3.0) with InstrumentationAnalysisTransform
[        ] Transforming kotlin-daemon-client-2.3.0.jar (org.jetbrains.kotlin:kotlin-daemon-client:2.3.0) with MergeInstrumentationAnalysisTransform
[        ] Transforming failureaccess-1.0.2.jar (com.google.guava:failureaccess:1.0.2) with InstrumentationAnalysisTransform
[        ] Transforming failureaccess-1.0.2.jar (com.google.guava:failureaccess:1.0.2) with MergeInstrumentationAnalysisTransform
[        ] Transforming kotlin-util-klib-2.3.0.jar (org.jetbrains.kotlin:kotlin-util-klib:2.3.0) with ExternalDependencyInstrumentingArtifactTransform
[        ] Transforming kotlin-util-io-2.3.0.jar (org.jetbrains.kotlin:kotlin-util-io:2.3.0) with ExternalDependencyInstrumentingArtifactTransform
[        ] Transforming kotlin-daemon-client-2.3.0.jar (org.jetbrains.kotlin:kotlin-daemon-client:2.3.0) with ExternalDependencyInstrumentingArtifactTransform
[        ] Transforming listenablefuture-9999.0-empty-to-avoid-conflict-with-guava.jar (com.google.guava:listenablefuture:9999.0-empty-to-avoid-conflict-with-guava) with InstrumentationAnalysisTransform
[        ] Transforming failureaccess-1.0.2.jar (com.google.guava:failureaccess:1.0.2) with ExternalDependencyInstrumentingArtifactTransform
[        ] Transforming listenablefuture-9999.0-empty-to-avoid-conflict-with-guava.jar (com.google.guava:listenablefuture:9999.0-empty-to-avoid-conflict-with-guava) with MergeInstrumentationAnalysisTransform
[        ] Transforming commons-logging-1.2.jar (commons-logging:commons-logging:1.2) with InstrumentationAnalysisTransform
[        ] Transforming listenablefuture-9999.0-empty-to-avoid-conflict-with-guava.jar (com.google.guava:listenablefuture:9999.0-empty-to-avoid-conflict-with-guava) with ExternalDependencyInstrumentingArtifactTransform
[        ] Transforming commons-logging-1.2.jar (commons-logging:commons-logging:1.2) with MergeInstrumentationAnalysisTransform
[        ] Transforming commons-codec-1.11.jar (commons-codec:commons-codec:1.11) with InstrumentationAnalysisTransform
[        ] Transforming commons-codec-1.11.jar (commons-codec:commons-codec:1.11) with MergeInstrumentationAnalysisTransform
[        ] Transforming jna-5.6.0.jar (net.java.dev.jna:jna:5.6.0) with InstrumentationAnalysisTransform
[        ] Transforming commons-logging-1.2.jar (commons-logging:commons-logging:1.2) with ExternalDependencyInstrumentingArtifactTransform
[        ] Transforming commons-codec-1.11.jar (commons-codec:commons-codec:1.11) with ExternalDependencyInstrumentingArtifactTransform
[        ] Transforming jna-5.6.0.jar (net.java.dev.jna:jna:5.6.0) with MergeInstrumentationAnalysisTransform
[        ] Transforming netty-codec-socks-4.1.110.Final.jar (io.netty:netty-codec-socks:4.1.110.Final) with InstrumentationAnalysisTransform
[        ] Transforming jna-5.6.0.jar (net.java.dev.jna:jna:5.6.0) with ExternalDependencyInstrumentingArtifactTransform
[        ] Transforming netty-codec-socks-4.1.110.Final.jar (io.netty:netty-codec-socks:4.1.110.Final) with MergeInstrumentationAnalysisTransform
[        ] Transforming netty-codec-4.1.110.Final.jar (io.netty:netty-codec:4.1.110.Final) with InstrumentationAnalysisTransform
[        ] Transforming netty-codec-4.1.110.Final.jar (io.netty:netty-codec:4.1.110.Final) with MergeInstrumentationAnalysisTransform
[        ] Transforming netty-transport-4.1.110.Final.jar (io.netty:netty-transport:4.1.110.Final) with InstrumentationAnalysisTransform
[        ] Transforming netty-codec-socks-4.1.110.Final.jar (io.netty:netty-codec-socks:4.1.110.Final) with ExternalDependencyInstrumentingArtifactTransform
[        ] Transforming netty-transport-4.1.110.Final.jar (io.netty:netty-transport:4.1.110.Final) with MergeInstrumentationAnalysisTransform
[        ] Transforming netty-codec-4.1.110.Final.jar (io.netty:netty-codec:4.1.110.Final) with ExternalDependencyInstrumentingArtifactTransform
[        ] Transforming netty-buffer-4.1.110.Final.jar (io.netty:netty-buffer:4.1.110.Final) with InstrumentationAnalysisTransform
[        ] Transforming netty-transport-4.1.110.Final.jar (io.netty:netty-transport:4.1.110.Final) with ExternalDependencyInstrumentingArtifactTransform
[        ] Transforming netty-buffer-4.1.110.Final.jar (io.netty:netty-buffer:4.1.110.Final) with MergeInstrumentationAnalysisTransform
[        ] Transforming netty-resolver-4.1.110.Final.jar (io.netty:netty-resolver:4.1.110.Final) with InstrumentationAnalysisTransform
[        ] Transforming netty-resolver-4.1.110.Final.jar (io.netty:netty-resolver:4.1.110.Final) with MergeInstrumentationAnalysisTransform
[        ] Transforming netty-common-4.1.110.Final.jar (io.netty:netty-common:4.1.110.Final) with InstrumentationAnalysisTransform
[        ] Transforming netty-buffer-4.1.110.Final.jar (io.netty:netty-buffer:4.1.110.Final) with ExternalDependencyInstrumentingArtifactTransform
[        ] Transforming netty-common-4.1.110.Final.jar (io.netty:netty-common:4.1.110.Final) with MergeInstrumentationAnalysisTransform
[        ] Transforming netty-resolver-4.1.110.Final.jar (io.netty:netty-resolver:4.1.110.Final) with ExternalDependencyInstrumentingArtifactTransform
[        ] Transforming netty-common-4.1.110.Final.jar (io.netty:netty-common:4.1.110.Final) with ExternalDependencyInstrumentingArtifactTransform
[        ] Using default execution profile
[        ] Using Kotlin Gradle Plugin gradle85 variant
[        ] All projects evaluated.
[        ] Task name matched 'assembleRelease'
[        ] Selected primary task 'assembleRelease' from project :
[ +260 ms] file or directory 'C:\Users\midhu\AppData\Local\Pub\Cache\hosted\pub.dev\razorpay_flutter-1.4.1\android\libs', not found
[        ] file or directory 'C:\Users\midhu\AppData\Local\Pub\Cache\hosted\pub.dev\razorpay_flutter-1.4.1\android\libs', not found
[        ] file or directory 'C:\Users\midhu\AppData\Local\Pub\Cache\hosted\pub.dev\razorpay_flutter-1.4.1\android\libs', not found
[        ] file or directory 'C:\Users\midhu\AppData\Local\Pub\Cache\hosted\pub.dev\razorpay_flutter-1.4.1\android\libs', not found
[        ] file or directory 'C:\Users\midhu\AppData\Local\Pub\Cache\hosted\pub.dev\razorpay_flutter-1.4.1\android\libs', not found
[   +2 ms] Tasks to be executed: [task ':app:ReleaseMinSdkCheck', task ':app:compileFlutterBuildRelease', task ':app:packJniLibsflutterBuildRelease', task ':app:preBuild', task ':app:preReleaseBuild', task ':app:configureCMakeRelease[arm64-v8a]', task ':app:buildCMakeRelease[arm64-v8a]', task ':app:configureCMakeRelease[armeabi-v7a]', task ':app:buildCMakeRelease[armeabi-v7a]', task ':app:configureCMakeRelease[x86_64]', task ':app:buildCMakeRelease[x86_64]', task ':app:mergeReleaseJniLibFolders', task ':cloud_firestore:preBuild', task ':cloud_firestore:preReleaseBuild', task ':cloud_firestore:mergeReleaseJniLibFolders', task ':cloud_firestore:mergeReleaseNativeLibs', task ':cloud_firestore:copyReleaseJniLibsProjectOnly', task ':firebase_auth:preBuild', task ':firebase_auth:preReleaseBuild', task ':firebase_auth:mergeReleaseJniLibFolders', task ':firebase_auth:mergeReleaseNativeLibs', task ':firebase_auth:copyReleaseJniLibsProjectOnly', task ':firebase_core:preBuild', task ':firebase_core:preReleaseBuild', task ':firebase_core:mergeReleaseJniLibFolders', task ':firebase_core:mergeReleaseNativeLibs', task ':firebase_core:copyReleaseJniLibsProjectOnly', task ':firebase_messaging:preBuild', task ':firebase_messaging:preReleaseBuild', task ':firebase_messaging:mergeReleaseJniLibFolders', task ':firebase_messaging:mergeReleaseNativeLibs', task ':firebase_messaging:copyReleaseJniLibsProjectOnly', task ':flutter_plugin_android_lifecycle:preBuild', task ':flutter_plugin_android_lifecycle:preReleaseBuild', task ':flutter_plugin_android_lifecycle:mergeReleaseJniLibFolders', task ':flutter_plugin_android_lifecycle:mergeReleaseNativeLibs', task ':flutter_plugin_android_lifecycle:copyReleaseJniLibsProjectOnly', task ':image_picker_android:preBuild', task ':image_picker_android:preReleaseBuild', task ':image_picker_android:mergeReleaseJniLibFolders', task ':image_picker_android:mergeReleaseNativeLibs', task ':image_picker_android:copyReleaseJniLibsProjectOnly', task ':mobile_scanner:preBuild', task ':mobile_scanner:preReleaseBuild', task ':mobile_scanner:mergeReleaseJniLibFolders', task ':mobile_scanner:mergeReleaseNativeLibs', task ':mobile_scanner:copyReleaseJniLibsProjectOnly', task ':path_provider_android:preBuild', task ':path_provider_android:preReleaseBuild', task ':path_provider_android:mergeReleaseJniLibFolders', task ':path_provider_android:mergeReleaseNativeLibs', task ':path_provider_android:copyReleaseJniLibsProjectOnly', task ':razorpay_flutter:preBuild', task ':razorpay_flutter:preReleaseBuild', task ':razorpay_flutter:mergeReleaseJniLibFolders', task ':razorpay_flutter:mergeReleaseNativeLibs', task ':razorpay_flutter:copyReleaseJniLibsProjectOnly', task ':shared_preferences_android:preBuild', task ':shared_preferences_android:preReleaseBuild', task ':shared_preferences_android:mergeReleaseJniLibFolders', task ':shared_preferences_android:mergeReleaseNativeLibs', task ':shared_preferences_android:copyReleaseJniLibsProjectOnly', task ':app:mergeReleaseNativeLibs', task ':app:stripReleaseDebugSymbols', task ':app:extractReleaseNativeSymbolTables', task ':app:mergeReleaseNativeDebugMetadata', task ':cloud_firestore:generateReleaseBuildConfig', task ':cloud_firestore:generateReleaseResValues', task ':cloud_firestore:generateReleaseResources', task ':cloud_firestore:packageReleaseResources', task ':cloud_firestore:parseReleaseLocalResources', task ':cloud_firestore:generateReleaseRFile', task ':cloud_firestore:javaPreCompileRelease', task ':firebase_core:generateReleaseBuildConfig', task ':firebase_core:generateReleaseResValues', task ':firebase_core:generateReleaseResources', task ':firebase_core:packageReleaseResources', task ':firebase_core:parseReleaseLocalResources', task ':firebase_core:generateReleaseRFile', task ':firebase_core:javaPreCompileRelease', task ':firebase_core:compileReleaseJavaWithJavac', task ':firebase_core:bundleLibCompileToJarRelease', task ':cloud_firestore:compileReleaseJavaWithJavac', task ':cloud_firestore:mergeReleaseGeneratedProguardFiles', task ':cloud_firestore:exportReleaseConsumerProguardFiles', task ':firebase_auth:generateReleaseBuildConfig', task ':firebase_auth:generateReleaseResValues', task ':firebase_auth:generateReleaseResources', task ':firebase_auth:packageReleaseResources', task ':firebase_auth:parseReleaseLocalResources', task ':firebase_auth:generateReleaseRFile', task ':firebase_auth:javaPreCompileRelease', task ':firebase_auth:compileReleaseJavaWithJavac', task ':firebase_auth:mergeReleaseGeneratedProguardFiles', task ':firebase_auth:exportReleaseConsumerProguardFiles', task ':firebase_messaging:generateReleaseBuildConfig', task ':firebase_messaging:generateReleaseResValues', task ':firebase_messaging:generateReleaseResources', task ':firebase_messaging:packageReleaseResources', task ':firebase_messaging:parseReleaseLocalResources', task ':firebase_messaging:generateReleaseRFile', task ':firebase_messaging:javaPreCompileRelease', task ':firebase_messaging:compileReleaseJavaWithJavac', task ':firebase_messaging:mergeReleaseGeneratedProguardFiles', task ':firebase_messaging:exportReleaseConsumerProguardFiles', task ':firebase_core:mergeReleaseGeneratedProguardFiles', task ':firebase_core:exportReleaseConsumerProguardFiles', task ':flutter_plugin_android_lifecycle:generateReleaseResValues', task ':flutter_plugin_android_lifecycle:generateReleaseResources', task ':flutter_plugin_android_lifecycle:packageReleaseResources', task ':flutter_plugin_android_lifecycle:parseReleaseLocalResources', task ':flutter_plugin_android_lifecycle:generateReleaseRFile', task ':flutter_plugin_android_lifecycle:javaPreCompileRelease', task ':flutter_plugin_android_lifecycle:compileReleaseJavaWithJavac', task ':flutter_plugin_android_lifecycle:bundleLibCompileToJarRelease', task ':image_picker_android:generateReleaseResValues', task ':image_picker_android:generateReleaseResources', task ':image_picker_android:packageReleaseResources', task ':image_picker_android:parseReleaseLocalResources', task ':image_picker_android:generateReleaseRFile', task ':image_picker_android:javaPreCompileRelease', task ':image_picker_android:compileReleaseJavaWithJavac', task ':image_picker_android:mergeReleaseGeneratedProguardFiles', task ':image_picker_android:exportReleaseConsumerProguardFiles', task ':flutter_plugin_android_lifecycle:mergeReleaseGeneratedProguardFiles', task ':flutter_plugin_android_lifecycle:exportReleaseConsumerProguardFiles', task ':mobile_scanner:checkKotlinGradlePluginConfigurationErrors', task ':mobile_scanner:generateReleaseResValues', task ':mobile_scanner:generateReleaseResources', task ':mobile_scanner:packageReleaseResources', task ':mobile_scanner:parseReleaseLocalResources', task ':mobile_scanner:generateReleaseRFile', task ':mobile_scanner:compileReleaseKotlin', task ':mobile_scanner:javaPreCompileRelease', task ':mobile_scanner:compileReleaseJavaWithJavac', task ':mobile_scanner:mergeReleaseGeneratedProguardFiles', task ':mobile_scanner:exportReleaseConsumerProguardFiles', task ':path_provider_android:generateReleaseResValues', task ':path_provider_android:generateReleaseResources', task ':path_provider_android:packageReleaseResources', task ':path_provider_android:parseReleaseLocalResources', task ':path_provider_android:generateReleaseRFile', task ':path_provider_android:javaPreCompileRelease', task ':path_provider_android:compileReleaseJavaWithJavac', task ':path_provider_android:mergeReleaseGeneratedProguardFiles', task ':path_provider_android:exportReleaseConsumerProguardFiles', task ':razorpay_flutter:generateReleaseResValues', task ':razorpay_flutter:generateReleaseResources', task ':razorpay_flutter:packageReleaseResources', task ':razorpay_flutter:parseReleaseLocalResources', task ':razorpay_flutter:generateReleaseRFile', task ':razorpay_flutter:javaPreCompileRelease', task ':razorpay_flutter:compileReleaseJavaWithJavac', task ':razorpay_flutter:mergeReleaseGeneratedProguardFiles', task ':razorpay_flutter:exportReleaseConsumerProguardFiles', task ':shared_preferences_android:checkKotlinGradlePluginConfigurationErrors', task ':shared_preferences_android:generateReleaseResValues', task ':shared_preferences_android:generateReleaseResources', task ':shared_preferences_android:packageReleaseResources', task ':shared_preferences_android:parseReleaseLocalResources', task ':shared_preferences_android:generateReleaseRFile', task ':shared_preferences_android:compileReleaseKotlin', task ':shared_preferences_android:javaPreCompileRelease', task ':shared_preferences_android:compileReleaseJavaWithJavac', task ':shared_preferences_android:mergeReleaseGeneratedProguardFiles', task ':shared_preferences_android:exportReleaseConsumerProguardFiles', task ':app:buildKotlinToolingMetadata', task ':app:checkReleaseDuplicateClasses', task ':app:checkKotlinGradlePluginConfigurationErrors', task ':cloud_firestore:writeReleaseAarMetadata', task ':firebase_auth:writeReleaseAarMetadata', task ':firebase_core:writeReleaseAarMetadata', task ':firebase_messaging:writeReleaseAarMetadata', task ':flutter_plugin_android_lifecycle:writeReleaseAarMetadata', task ':image_picker_android:writeReleaseAarMetadata', task ':mobile_scanner:writeReleaseAarMetadata', task ':path_provider_android:writeReleaseAarMetadata', task ':razorpay_flutter:writeReleaseAarMetadata', task ':shared_preferences_android:writeReleaseAarMetadata', task ':app:checkReleaseAarMetadata', task ':app:cleanMergeReleaseAssets', task ':app:mergeReleaseShaders', task ':app:compileReleaseShaders', task ':app:generateReleaseAssets', task ':cloud_firestore:mergeReleaseShaders', task ':cloud_firestore:compileReleaseShaders', task ':cloud_firestore:generateReleaseAssets', task ':cloud_firestore:mergeReleaseAssets', task ':firebase_auth:mergeReleaseShaders', task ':firebase_auth:compileReleaseShaders', task ':firebase_auth:generateReleaseAssets', task ':firebase_auth:mergeReleaseAssets', task ':firebase_core:mergeReleaseShaders', task ':firebase_core:compileReleaseShaders', task ':firebase_core:generateReleaseAssets', task ':firebase_core:mergeReleaseAssets', task ':firebase_messaging:mergeReleaseShaders', task ':firebase_messaging:compileReleaseShaders', task ':firebase_messaging:generateReleaseAssets', task ':firebase_messaging:mergeReleaseAssets', task ':flutter_plugin_android_lifecycle:mergeReleaseShaders', task ':flutter_plugin_android_lifecycle:compileReleaseShaders', task ':flutter_plugin_android_lifecycle:generateReleaseAssets', task ':flutter_plugin_android_lifecycle:mergeReleaseAssets', task ':image_picker_android:mergeReleaseShaders', task ':image_picker_android:compileReleaseShaders', task ':image_picker_android:generateReleaseAssets', task ':image_picker_android:mergeReleaseAssets', task ':mobile_scanner:mergeReleaseShaders', task ':mobile_scanner:compileReleaseShaders', task ':mobile_scanner:generateReleaseAssets', task ':mobile_scanner:mergeReleaseAssets', task ':path_provider_android:mergeReleaseShaders', task ':path_provider_android:compileReleaseShaders', task ':path_provider_android:generateReleaseAssets', task ':path_provider_android:mergeReleaseAssets', task ':razorpay_flutter:mergeReleaseShaders', task ':razorpay_flutter:compileReleaseShaders', task ':razorpay_flutter:generateReleaseAssets', task ':razorpay_flutter:mergeReleaseAssets', task ':shared_preferences_android:mergeReleaseShaders', task ':shared_preferences_android:compileReleaseShaders', task ':shared_preferences_android:generateReleaseAssets', task ':shared_preferences_android:mergeReleaseAssets', task ':app:mergeReleaseAssets', task ':app:copyFlutterAssetsRelease', task ':app:generateReleaseResValues', task ':app:processReleaseGoogleServices', task ':app:mapReleaseSourceSetPaths', task ':app:generateReleaseResources', task ':app:mergeReleaseResources', task ':app:packageReleaseResources', task ':app:parseReleaseLocalResources', task ':app:createReleaseCompatibleScreenManifests', task ':app:extractDeepLinksRelease', task ':cloud_firestore:extractDeepLinksRelease', task ':cloud_firestore:processReleaseManifest', task ':firebase_auth:extractDeepLinksRelease', task ':firebase_auth:processReleaseManifest', task ':firebase_core:extractDeepLinksRelease', task ':firebase_core:processReleaseManifest', task ':firebase_messaging:extractDeepLinksRelease', task ':firebase_messaging:processReleaseManifest', task ':flutter_plugin_android_lifecycle:extractDeepLinksRelease', task ':flutter_plugin_android_lifecycle:processReleaseManifest', task ':image_picker_android:extractDeepLinksRelease', task ':image_picker_android:processReleaseManifest', task ':mobile_scanner:extractDeepLinksRelease', task ':mobile_scanner:processReleaseManifest', task ':path_provider_android:extractDeepLinksRelease', task ':path_provider_android:processReleaseManifest', task ':razorpay_flutter:extractDeepLinksRelease', task ':razorpay_flutter:processReleaseManifest', task ':shared_preferences_android:extractDeepLinksRelease', task ':shared_preferences_android:processReleaseManifest', task ':app:processReleaseMainManifest', task ':app:outputReleaseAppLinkSettings', task ':app:processReleaseManifest', task ':app:processReleaseManifestForPackage', task ':app:processReleaseResources', task ':cloud_firestore:bundleLibCompileToJarRelease', task ':firebase_auth:bundleLibCompileToJarRelease', task ':firebase_messaging:bundleLibCompileToJarRelease', task ':image_picker_android:bundleLibCompileToJarRelease', task ':mobile_scanner:bundleLibCompileToJarRelease', task ':path_provider_android:bundleLibCompileToJarRelease', task ':razorpay_flutter:bundleLibCompileToJarRelease', task ':shared_preferences_android:bundleLibCompileToJarRelease', task ':app:compileReleaseKotlin', task ':app:javaPreCompileRelease', task ':app:compileReleaseJavaWithJavac', task ':cloud_firestore:prepareReleaseArtProfile', task ':firebase_auth:prepareReleaseArtProfile', task ':firebase_core:prepareReleaseArtProfile', task ':firebase_messaging:prepareReleaseArtProfile', task ':flutter_plugin_android_lifecycle:prepareReleaseArtProfile', task ':image_picker_android:prepareReleaseArtProfile', task ':mobile_scanner:prepareReleaseArtProfile', task ':path_provider_android:prepareReleaseArtProfile', task ':razorpay_flutter:prepareReleaseArtProfile', task ':shared_preferences_android:prepareReleaseArtProfile', task ':app:mergeReleaseArtProfile', task ':cloud_firestore:bundleLibRuntimeToJarRelease', task ':firebase_auth:bundleLibRuntimeToJarRelease', task ':firebase_core:bundleLibRuntimeToJarRelease', task ':firebase_messaging:bundleLibRuntimeToJarRelease', task ':flutter_plugin_android_lifecycle:bundleLibRuntimeToJarRelease', task ':image_picker_android:bundleLibRuntimeToJarRelease', task ':mobile_scanner:bundleLibRuntimeToJarRelease', task ':path_provider_android:bundleLibRuntimeToJarRelease', task ':razorpay_flutter:bundleLibRuntimeToJarRelease', task ':shared_preferences_android:bundleLibRuntimeToJarRelease', task ':app:expandReleaseArtProfileWildcards', task ':app:extractProguardFiles', task ':app:mergeReleaseGeneratedProguardFiles', task ':app:processReleaseJavaRes', task ':cloud_firestore:processReleaseJavaRes', task ':firebase_auth:processReleaseJavaRes', task ':firebase_core:processReleaseJavaRes', task ':firebase_messaging:processReleaseJavaRes', task ':flutter_plugin_android_lifecycle:processReleaseJavaRes', task ':image_picker_android:processReleaseJavaRes', task ':mobile_scanner:processReleaseJavaRes', task ':path_provider_android:processReleaseJavaRes', task ':razorpay_flutter:processReleaseJavaRes', task ':shared_preferences_android:processReleaseJavaRes', task ':app:mergeReleaseJavaResource', task ':app:mergeReleaseStartupProfile', task ':app:minifyReleaseWithR8', task ':app:compileReleaseArtProfile', task ':app:compressReleaseAssets', task ':app:extractReleaseVersionControlInfo', task ':cloud_firestore:createFullJarRelease', task ':cloud_firestore:extractProguardFiles', task ':firebase_core:createFullJarRelease', task ':firebase_core:extractProguardFiles', task ':firebase_core:generateReleaseLintModel', task ':firebase_core:prepareLintJarForPublish', task ':cloud_firestore:generateReleaseLintModel', task ':cloud_firestore:prepareLintJarForPublish', task ':firebase_auth:createFullJarRelease', task ':firebase_auth:extractProguardFiles', task ':firebase_auth:generateReleaseLintModel', task ':firebase_auth:prepareLintJarForPublish', task ':firebase_messaging:createFullJarRelease', task ':firebase_messaging:extractProguardFiles', task ':firebase_messaging:generateReleaseLintModel', task ':firebase_messaging:prepareLintJarForPublish', task ':flutter_plugin_android_lifecycle:createFullJarRelease', task ':flutter_plugin_android_lifecycle:extractProguardFiles', task ':flutter_plugin_android_lifecycle:generateReleaseLintModel', task ':flutter_plugin_android_lifecycle:prepareLintJarForPublish', task ':image_picker_android:createFullJarRelease', task ':image_picker_android:extractProguardFiles', task ':image_picker_android:generateReleaseLintModel', task ':image_picker_android:prepareLintJarForPublish', task ':mobile_scanner:createFullJarRelease', task ':mobile_scanner:extractProguardFiles', task ':mobile_scanner:generateReleaseLintModel', task ':mobile_scanner:prepareLintJarForPublish', task ':path_provider_android:createFullJarRelease', task ':path_provider_android:extractProguardFiles', task ':path_provider_android:generateReleaseLintModel', task ':path_provider_android:prepareLintJarForPublish', task ':razorpay_flutter:createFullJarRelease', task ':razorpay_flutter:extractProguardFiles', task ':razorpay_flutter:generateReleaseLintModel', task ':razorpay_flutter:prepareLintJarForPublish', task ':shared_preferences_android:createFullJarRelease', task ':shared_preferences_android:extractProguardFiles', task ':shared_preferences_android:generateReleaseLintModel', task ':shared_preferences_android:prepareLintJarForPublish', task ':app:generateReleaseLintVitalReportModel', task ':cloud_firestore:stripReleaseDebugSymbols', task ':cloud_firestore:copyReleaseJniLibsProjectAndLocalJars', task ':cloud_firestore:extractDeepLinksForAarRelease', task ':cloud_firestore:extractReleaseAnnotations', task ':cloud_firestore:mergeReleaseConsumerProguardFiles', task ':cloud_firestore:mergeReleaseJavaResource', task ':cloud_firestore:syncReleaseLibJars', task ':cloud_firestore:bundleReleaseLocalLintAar', task ':firebase_auth:stripReleaseDebugSymbols', task ':firebase_auth:copyReleaseJniLibsProjectAndLocalJars', task ':firebase_auth:extractDeepLinksForAarRelease', task ':firebase_auth:extractReleaseAnnotations', task ':firebase_auth:mergeReleaseConsumerProguardFiles', task ':firebase_auth:mergeReleaseJavaResource', task ':firebase_auth:syncReleaseLibJars', task ':firebase_auth:bundleReleaseLocalLintAar', task ':firebase_messaging:stripReleaseDebugSymbols', task ':firebase_messaging:copyReleaseJniLibsProjectAndLocalJars', task ':firebase_messaging:extractDeepLinksForAarRelease', task ':firebase_messaging:extractReleaseAnnotations', task ':firebase_messaging:mergeReleaseConsumerProguardFiles', task ':firebase_messaging:mergeReleaseJavaResource', task ':firebase_messaging:syncReleaseLibJars', task ':firebase_messaging:bundleReleaseLocalLintAar', task ':firebase_core:stripReleaseDebugSymbols', task ':firebase_core:copyReleaseJniLibsProjectAndLocalJars', task ':firebase_core:extractDeepLinksForAarRelease', task ':firebase_core:extractReleaseAnnotations', task ':firebase_core:mergeReleaseConsumerProguardFiles', task ':firebase_core:mergeReleaseJavaResource', task ':firebase_core:syncReleaseLibJars', task ':firebase_core:bundleReleaseLocalLintAar', task ':image_picker_android:stripReleaseDebugSymbols', task ':image_picker_android:copyReleaseJniLibsProjectAndLocalJars', task ':image_picker_android:extractDeepLinksForAarRelease', task ':image_picker_android:extractReleaseAnnotations', task ':image_picker_android:mergeReleaseConsumerProguardFiles', task ':image_picker_android:mergeReleaseJavaResource', task ':image_picker_android:syncReleaseLibJars', task ':image_picker_android:bundleReleaseLocalLintAar', task ':flutter_plugin_android_lifecycle:stripReleaseDebugSymbols', task ':flutter_plugin_android_lifecycle:copyReleaseJniLibsProjectAndLocalJars', task ':flutter_plugin_android_lifecycle:extractDeepLinksForAarRelease', task ':flutter_plugin_android_lifecycle:extractReleaseAnnotations', task ':flutter_plugin_android_lifecycle:mergeReleaseConsumerProguardFiles', task ':flutter_plugin_android_lifecycle:mergeReleaseJavaResource', task ':flutter_plugin_android_lifecycle:syncReleaseLibJars', task ':flutter_plugin_android_lifecycle:bundleReleaseLocalLintAar', task ':mobile_scanner:stripReleaseDebugSymbols', task ':mobile_scanner:copyReleaseJniLibsProjectAndLocalJars', task ':mobile_scanner:extractDeepLinksForAarRelease', task ':mobile_scanner:extractReleaseAnnotations', task ':mobile_scanner:mergeReleaseConsumerProguardFiles', task ':mobile_scanner:mergeReleaseJavaResource', task ':mobile_scanner:syncReleaseLibJars', task ':mobile_scanner:bundleReleaseLocalLintAar', task ':path_provider_android:stripReleaseDebugSymbols', task ':path_provider_android:copyReleaseJniLibsProjectAndLocalJars', task ':path_provider_android:extractDeepLinksForAarRelease', task ':path_provider_android:extractReleaseAnnotations', task ':path_provider_android:mergeReleaseConsumerProguardFiles', task ':path_provider_android:mergeReleaseJavaResource', task ':path_provider_android:syncReleaseLibJars', task ':path_provider_android:bundleReleaseLocalLintAar', task ':razorpay_flutter:stripReleaseDebugSymbols', task ':razorpay_flutter:copyReleaseJniLibsProjectAndLocalJars', task ':razorpay_flutter:extractDeepLinksForAarRelease', task ':razorpay_flutter:extractReleaseAnnotations', task ':razorpay_flutter:mergeReleaseConsumerProguardFiles', task ':razorpay_flutter:mergeReleaseJavaResource', task ':razorpay_flutter:syncReleaseLibJars', task ':razorpay_flutter:bundleReleaseLocalLintAar', task ':shared_preferences_android:stripReleaseDebugSymbols', task ':shared_preferences_android:copyReleaseJniLibsProjectAndLocalJars', task ':shared_preferences_android:extractDeepLinksForAarRelease', task ':shared_preferences_android:extractReleaseAnnotations', task ':shared_preferences_android:mergeReleaseConsumerProguardFiles', task ':shared_preferences_android:mergeReleaseJavaResource', task ':shared_preferences_android:syncReleaseLibJars', task ':shared_preferences_android:bundleReleaseLocalLintAar', task ':firebase_core:writeReleaseLintModelMetadata', task ':cloud_firestore:lintVitalAnalyzeRelease', task ':cloud_firestore:writeReleaseLintModelMetadata', task ':firebase_auth:lintVitalAnalyzeRelease', task ':firebase_auth:writeReleaseLintModelMetadata', task ':firebase_core:lintVitalAnalyzeRelease', task ':firebase_messaging:lintVitalAnalyzeRelease', task ':firebase_messaging:writeReleaseLintModelMetadata', task ':flutter_plugin_android_lifecycle:lintVitalAnalyzeRelease', task ':flutter_plugin_android_lifecycle:writeReleaseLintModelMetadata', task ':image_picker_android:lintVitalAnalyzeRelease', task ':image_picker_android:writeReleaseLintModelMetadata', task ':mobile_scanner:lintVitalAnalyzeRelease', task ':mobile_scanner:writeReleaseLintModelMetadata', task ':path_provider_android:lintVitalAnalyzeRelease', task ':path_provider_android:writeReleaseLintModelMetadata', task ':razorpay_flutter:lintVitalAnalyzeRelease', task ':razorpay_flutter:writeReleaseLintModelMetadata', task ':shared_preferences_android:lintVitalAnalyzeRelease', task ':shared_preferences_android:writeReleaseLintModelMetadata', task ':app:lintVitalAnalyzeRelease', task ':cloud_firestore:generateReleaseLintVitalModel', task ':firebase_auth:generateReleaseLintVitalModel', task ':firebase_core:generateReleaseLintVitalModel', task ':firebase_messaging:generateReleaseLintVitalModel', task ':flutter_plugin_android_lifecycle:generateReleaseLintVitalModel', task ':image_picker_android:generateReleaseLintVitalModel', task ':mobile_scanner:generateReleaseLintVitalModel', task ':path_provider_android:generateReleaseLintVitalModel', task ':razorpay_flutter:generateReleaseLintVitalModel', task ':shared_preferences_android:generateReleaseLintVitalModel', task ':app:lintVitalReportRelease', task ':app:lintVitalRelease', task ':app:convertShrunkResourcesToBinaryRelease', task ':app:optimizeReleaseResources', task ':app:collectReleaseDependencies', task ':app:sdkReleaseDependencyData', task ':app:validateSigningRelease', task ':app:writeReleaseAppMetadata', task ':app:writeReleaseSigningConfigVersions', task ':app:packageRelease', task ':app:createReleaseApkListingFileRedirect', task ':app:assembleRelease', task ':cloud_firestore:bundleReleaseAar', task ':cloud_firestore:mapReleaseSourceSetPaths', task ':cloud_firestore:mergeReleaseResources', task ':firebase_core:compileReleaseLibraryResources', task ':cloud_firestore:verifyReleaseResources', task ':cloud_firestore:assembleRelease', task ':firebase_auth:bundleReleaseAar', task ':firebase_auth:mapReleaseSourceSetPaths', task ':firebase_auth:mergeReleaseResources', task ':firebase_auth:verifyReleaseResources', task ':firebase_auth:assembleRelease', task ':firebase_core:bundleReleaseAar', task ':firebase_core:mapReleaseSourceSetPaths', task ':firebase_core:mergeReleaseResources', task ':firebase_core:verifyReleaseResources', task ':firebase_core:assembleRelease', task ':firebase_messaging:bundleReleaseAar', task ':firebase_messaging:mapReleaseSourceSetPaths', task ':firebase_messaging:mergeReleaseResources', task ':firebase_messaging:verifyReleaseResources', task ':firebase_messaging:assembleRelease', task ':flutter_plugin_android_lifecycle:bundleReleaseAar', task ':flutter_plugin_android_lifecycle:mapReleaseSourceSetPaths', task ':flutter_plugin_android_lifecycle:mergeReleaseResources', task ':flutter_plugin_android_lifecycle:verifyReleaseResources', task ':flutter_plugin_android_lifecycle:assembleRelease', task ':image_picker_android:bundleReleaseAar', task ':flutter_plugin_android_lifecycle:compileReleaseLibraryResources', task ':image_picker_android:mapReleaseSourceSetPaths', task ':image_picker_android:mergeReleaseResources', task ':image_picker_android:verifyReleaseResources', task ':image_picker_android:assembleRelease', task ':mobile_scanner:bundleReleaseAar', task ':mobile_scanner:mapReleaseSourceSetPaths', task ':mobile_scanner:mergeReleaseResources', task ':mobile_scanner:verifyReleaseResources', task ':mobile_scanner:assembleRelease', task ':path_provider_android:bundleReleaseAar', task ':path_provider_android:mapReleaseSourceSetPaths', task ':path_provider_android:mergeReleaseResources', task ':path_provider_android:verifyReleaseResources', task ':path_provider_android:assembleRelease', task ':razorpay_flutter:bundleReleaseAar', task ':razorpay_flutter:mapReleaseSourceSetPaths', task ':razorpay_flutter:mergeReleaseResources', task ':razorpay_flutter:verifyReleaseResources', task ':razorpay_flutter:assembleRelease', task ':shared_preferences_android:bundleReleaseAar', task ':shared_preferences_android:mapReleaseSourceSetPaths', task ':shared_preferences_android:mergeReleaseResources', task ':shared_preferences_android:verifyReleaseResources', task ':shared_preferences_android:assembleRelease']
[        ] Tasks that were excluded: []
[        ] work action Parameters of FilterShrinkerRulesTransform (Thread[#399,included builds,5,main]) started.
[        ] work action Parameters of ExtractAarTransform (Thread[#399,included builds,5,main]) started.
[        ] work action Parameters of ExtractAarTransform (Thread[#399,included builds,5,main]) started.
[        ] work action Parameters of ExtractAarTransform (Thread[#399,included builds,5,main]) started.
[        ] work action Parameters of ExtractAarTransform (Thread[#399,included builds,5,main]) started.
[        ] work action Parameters of ExtractAarTransform (Thread[#399,included builds,5,main]) started.
[        ] Resolve mutations for :app:ReleaseMinSdkCheck (Thread[#405,Execution worker Thread 6,5,main]) started.
[        ] :app:ReleaseMinSdkCheck (Thread[#405,Execution worker Thread 6,5,main]) started.
[        ] > Task :app:ReleaseMinSdkCheck
[        ] Caching disabled for task ':app:ReleaseMinSdkCheck' because:
[        ]   Build cache is disabled
[        ] Task ':app:ReleaseMinSdkCheck' is not up-to-date because:
[        ]   Task has not declared any outputs despite executing actions.
[        ] Resolve mutations for :app:compileFlutterBuildRelease (Thread[#405,Execution worker Thread 6,5,main]) started.
[        ] :app:compileFlutterBuildRelease (Thread[#405,Execution worker Thread 6,5,main]) started.
[+1996 ms] > Task :app:compileFlutterBuildRelease
[        ] Caching disabled for task ':app:compileFlutterBuildRelease' because:
[        ]   Build cache is disabled
[        ]   Caching has not been enabled for the task
[        ] Task ':app:compileFlutterBuildRelease' is not up-to-date because:
[        ]   Value of input property 'verbose' has changed for task ':app:compileFlutterBuildRelease'
[        ] Starting process 'command 'C:\flutter_windows_3.41.2-stable\flutter\bin\flutter.bat''. Working directory: C:\MINI PROJECT-SGMSA Command: C:\flutter_windows_3.41.2-stable\flutter\bin\flutter.bat --verbose assemble --no-version-check --depfile C:\MINI PROJECT-SGMSA\build\app\intermediates\flutter\release/flutter_build.d --output C:\MINI PROJECT-SGMSA\build\app\intermediates\flutter\release -dTargetFile=lib\main.dart -dTargetPlatform=android -dBuildMode=release -dTrackWidgetCreation=true -dTreeShakeIcons=true --DartDefines=RkxVVFRFUl9WRVJTSU9OPTMuNDEuMg==,RkxVVFRFUl9DSEFOTkVMPXN0YWJsZQ==,RkxVVFRFUl9HSVRfVVJMPWh0dHBzOi8vZ2l0aHViLmNvbS9mbHV0dGVyL2ZsdXR0ZXIuZ2l0,RkxVVFRFUl9GUkFNRVdPUktfUkVWSVNJT049OTA2NzNhNGVlZg==,RkxVVFRFUl9FTkdJTkVfUkVWSVNJT049NmMwYmFhZWJmNw==,RkxVVFRFUl9EQVJUX1ZFUlNJT049My4xMS4w -dFlavor= -dAndroidArchs=android-arm android-arm64 android-x64 -dMinSdkVersion=24 android_aot_bundle_release_android-arm android_aot_bundle_release_android-arm64 android_aot_bundle_release_android-x64
[        ] Successfully started process 'command 'C:\flutter_windows_3.41.2-stable\flutter\bin\flutter.bat''
[        ] [ +321 ms] Artifact Instance of 'MaterialFonts' is not required, skipping update.
[        ] [        ] Artifact Instance of 'GradleWrapper' is not required, skipping update.
[        ] [        ] Artifact Instance of 'AndroidGenSnapshotArtifacts' is not required, skipping update.
[        ] [        ] Artifact Instance of 'AndroidInternalBuildArtifacts' is not required, skipping update.
[        ] [        ] Artifact Instance of 'IOSEngineArtifacts' is not required, skipping update.
[        ] [        ] Artifact Instance of 'FlutterWebSdk' is not required, skipping update.
[        ] [        ] Artifact Instance of 'LegacyCanvasKitRemover' is not required, skipping update.
[        ] [        ] Artifact Instance of 'FlutterSdk' is not required, skipping update.
[        ] [        ] Artifact Instance of 'WindowsEngineArtifacts' is not required, skipping update.
[        ] [        ] Artifact Instance of 'MacOSEngineArtifacts' is not required, skipping update.
[        ] [        ] Artifact Instance of 'LinuxEngineArtifacts' is not required, skipping update.
[        ] [        ] Artifact Instance of 'LinuxFuchsiaSDKArtifacts' is not required, skipping update.
[        ] [        ] Artifact Instance of 'MacOSFuchsiaSDKArtifacts' is not required, skipping update.
[        ] [        ] Artifact Instance of 'FlutterRunnerSDKArtifacts' is not required, skipping update.
[        ] [        ] Artifact Instance of 'FlutterRunnerDebugSymbols' is not required, skipping update.
[        ] [        ] Artifact Instance of 'IosUsbArtifacts' is not required, skipping update.
[        ] [        ] Artifact Instance of 'IosUsbArtifacts' is not required, skipping update.
[        ] [        ] Artifact Instance of 'IosUsbArtifacts' is not required, skipping update.
[        ] [        ] Artifact Instance of 'IosUsbArtifacts' is not required, skipping update.
[        ] [        ] Artifact Instance of 'IosUsbArtifacts' is not required, skipping update.
[        ] [        ] Artifact Instance of 'IosUsbArtifacts' is not required, skipping update.
[        ] [        ] Artifact Instance of 'FontSubsetArtifacts' is not required, skipping update.
[        ] [        ] Artifact Instance of 'PubDependencies' is not required, skipping update.
[        ] [   +8 ms] Artifact Instance of 'AndroidGenSnapshotArtifacts' is not required, skipping update.
[        ] [        ] Artifact Instance of 'AndroidInternalBuildArtifacts' is not required, skipping update.
[        ] [        ] Artifact Instance of 'IOSEngineArtifacts' is not required, skipping update.
[        ] [        ] Artifact Instance of 'FlutterWebSdk' is not required, skipping update.
[        ] [        ] Artifact Instance of 'FlutterEngineStamp' is not required, skipping update.
[        ] [        ] Artifact Instance of 'LegacyCanvasKitRemover' is not required, skipping update.
[        ] [   +2 ms] Artifact Instance of 'WindowsEngineArtifacts' is not required, skipping update.
[        ] [        ] Artifact Instance of 'MacOSEngineArtifacts' is not required, skipping update.
[        ] [        ] Artifact Instance of 'LinuxEngineArtifacts' is not required, skipping update.
[        ] [        ] Artifact Instance of 'LinuxFuchsiaSDKArtifacts' is not required, skipping update.
[        ] [        ] Artifact Instance of 'MacOSFuchsiaSDKArtifacts' is not required, skipping update.
[        ] [        ] Artifact Instance of 'FlutterRunnerSDKArtifacts' is not required, skipping update.
[        ] [        ] Artifact Instance of 'FlutterRunnerDebugSymbols' is not required, skipping update.
[        ] [  +48 ms] Artifact Instance of 'MaterialFonts' is not required, skipping update.
[        ] [        ] Artifact Instance of 'GradleWrapper' is not required, skipping update.
[        ] [   +2 ms] Artifact Instance of 'AndroidInternalBuildArtifacts' is not required, skipping update.
[        ] [        ] Artifact Instance of 'IOSEngineArtifacts' is not required, skipping update.
[        ] [        ] Artifact Instance of 'FlutterWebSdk' is not required, skipping update.
[        ] [        ] Artifact Instance of 'FlutterEngineStamp' is not required, skipping update.
[        ] [        ] Artifact Instance of 'LegacyCanvasKitRemover' is not required, skipping update.
[        ] [        ] Artifact Instance of 'FlutterSdk' is not required, skipping update.
[        ] [        ] Artifact Instance of 'WindowsEngineArtifacts' is not required, skipping update.
[        ] [        ] Artifact Instance of 'MacOSEngineArtifacts' is not required, skipping update.
[        ] [        ] Artifact Instance of 'LinuxEngineArtifacts' is not required, skipping update.
[        ] [        ] Artifact Instance of 'LinuxFuchsiaSDKArtifacts' is not required, skipping update.
[        ] [        ] Artifact Instance of 'MacOSFuchsiaSDKArtifacts' is not required, skipping update.
[        ] [        ] Artifact Instance of 'FlutterRunnerSDKArtifacts' is not required, skipping update.
[        ] [        ] Artifact Instance of 'FlutterRunnerDebugSymbols' is not required, skipping update.
[        ] [        ] Artifact Instance of 'IosUsbArtifacts' is not required, skipping update.
[        ] [        ] Artifact Instance of 'IosUsbArtifacts' is not required, skipping update.
[        ] [        ] Artifact Instance of 'IosUsbArtifacts' is not required, skipping update.
[        ] [        ] Artifact Instance of 'IosUsbArtifacts' is not required, skipping update.
[        ] [        ] Artifact Instance of 'IosUsbArtifacts' is not required, skipping update.
[        ] [        ] Artifact Instance of 'IosUsbArtifacts' is not required, skipping update.
[        ] [        ] Artifact Instance of 'FontSubsetArtifacts' is not required, skipping update.
[        ] [        ] Artifact Instance of 'PubDependencies' is not required, skipping update.
[        ] [  +21 ms] Initializing file store
[        ] [  +12 ms] Done initializing file store
[        ] [  +87 ms] Skipping target: gen_dart_plugin_registrant
[        ] [   +1 ms] Skipping target: dart_build
[        ] [        ] Skipping target: gen_localizations
[        ] [   +1 ms] Skipping target: install_code_assets
[        ] [ +285 ms] kernel_snapshot_program: Starting due to {InvalidatedReasonKind.outputSetAddition: The following outputs were added to the output set: C:\MINI PROJECT-SGMSA\.dart_tool\flutter_build\95d6435ede73f0d8437280b811299f53\app.dill}
[        ] [   +9 ms] C:\flutter_windows_3.41.2-stable\flutter\bin\cache\dart-sdk\bin\dartaotruntime.exe C:\flutter_windows_3.41.2-stable\flutter\bin\cache\dart-sdk\bin\snapshots\frontend_server_aot.dart.snapshot --sdk-root C:\flutter_windows_3.41.2-stable\flutter\bin\cache\artifacts\engine\common\flutter_patched_sdk_product/ --target=flutter --no-print-incremental-dependencies -DFLUTTER_VERSION=3.41.2 -DFLUTTER_CHANNEL=stable -DFLUTTER_GIT_URL=https://github.com/flutter/flutter.git -DFLUTTER_FRAMEWORK_REVISION=90673a4eef -DFLUTTER_ENGINE_REVISION=6c0baaebf7 -DFLUTTER_DART_VERSION=3.11.0 -DFLUTTER_APP_FLAVOR= -Ddart.vm.profile=false -Ddart.vm.product=true --delete-tostring-package-uri=dart:ui --delete-tostring-package-uri=package:flutter --aot --tfa --target-os android --packages C:\MINI PROJECT-SGMSA\.dart_tool\package_config.json --output-dill C:\MINI PROJECT-SGMSA\.dart_tool\flutter_build\95d6435ede73f0d8437280b811299f53\app.dill --depfile C:\MINI PROJECT-SGMSA\.dart_tool\flutter_build\95d6435ede73f0d8437280b811299f53\kernel_snapshot_program.d --source file:///C:/MINI%20PROJECT-SGMSA/.dart_tool/flutter_build/dart_plugin_registrant.dart --source package:flutter/src/dart_plugin_registrant.dart -Dflutter.dart_plugin_registrant=file:///C:/MINI%20PROJECT-SGMSA/.dart_tool/flutter_build/dart_plugin_registrant.dart --verbosity=error package:sgmsa/main.dart
[+3394 ms] [+3397 ms] Persisting file store
[        ] [   +9 ms] Done persisting file store
[        ] [   +5 ms] "flutter assemble" took 6,164ms.
[        ] [        ] Running 1 shutdown hook
[        ] [        ] Shutdown hooks complete
[ +190 ms] [ +218 ms] exiting with code 1
[        ] > Task :app:compileFlutterBuildRelease FAILED
[        ] 6 actionable tasks: 2 executed, 4 up-to-date
[        ] Watched directory hierarchies: [C:\flutter_windows_3.41.2-stable\flutter\packages\flutter_tools\gradle]
[  +21 ms] Running Gradle task 'assembleRelease'... (completed in 10.2s)
[   +5 ms] "flutter apk" took 10,952ms.
[        ] Running 1 shutdown hook
[   +2 ms] Shutdown hooks complete
[ +239 ms] exiting with code 1
