Analyzing MINI PROJECT-SGMSA...                                 

  error - The argument type 'CardTheme' can't be assigned to the parameter type 'CardThemeData?'.  - lib\core\theme\app_theme.dart:64:18 - argument_type_not_assignable
   info - 'withOpacity' is deprecated and shouldn't be used. Use .withValues() to avoid precision loss - lib\core\theme\app_theme.dart:67:35 - deprecated_member_use
  error - The argument type 'CardTheme' can't be assigned to the parameter type 'CardThemeData?'.  - lib\core\theme\app_theme.dart:125:18 - argument_type_not_assignable
  error - Undefined name 'AppConstants' - lib\navigation\app_router.dart:41:50 - undefined_identifier
   info - Statements in an if should be enclosed in a block - lib\screens\auth\login_screen.dart:37:53 - curly_braces_in_flow_control_structures
   info - Statements in an if should be enclosed in a block - lib\screens\auth\login_screen.dart:38:48 - curly_braces_in_flow_control_structures
   info - Statements in an if should be enclosed in a block - lib\screens\auth\login_screen.dart:39:53 - curly_braces_in_flow_control_structures
   info - Statements in an if should be enclosed in a block - lib\screens\auth\login_screen.dart:40:52 - curly_braces_in_flow_control_structures
   info - Statements in an if should be enclosed in a block - lib\screens\auth\login_screen.dart:41:14 - curly_braces_in_flow_control_structures
   info - 'withOpacity' is deprecated and shouldn't be used. Use .withValues() to avoid precision loss - lib\screens\auth\role_selection_screen.dart:23:40 - deprecated_member_use
   info - 'withOpacity' is deprecated and shouldn't be used. Use .withValues() to avoid precision loss - lib\screens\auth\role_selection_screen.dart:23:80 - deprecated_member_use
   info - 'withOpacity' is deprecated and shouldn't be used. Use .withValues() to avoid precision loss - lib\screens\auth\role_selection_screen.dart:24:39 - deprecated_member_use
   info - 'withOpacity' is deprecated and shouldn't be used. Use .withValues() to avoid precision loss - lib\screens\auth\role_selection_screen.dart:24:78 - deprecated_member_use
   info - 'withOpacity' is deprecated and shouldn't be used. Use .withValues() to avoid precision loss - lib\screens\auth\role_selection_screen.dart:29:54 - deprecated_member_use
   info - 'withOpacity' is deprecated and shouldn't be used. Use .withValues() to avoid precision loss - lib\screens\auth\role_selection_screen.dart:44:55 - deprecated_member_use
   info - 'withOpacity' is deprecated and shouldn't be used. Use .withValues() to avoid precision loss - lib\screens\auth\role_selection_screen.dart:44:96 - deprecated_member_use
   info - 'withOpacity' is deprecated and shouldn't be used. Use .withValues() to avoid precision loss - lib\screens\auth\role_selection_screen.dart:67:105 - deprecated_member_use
   info - 'withOpacity' is deprecated and shouldn't be used. Use .withValues() to avoid precision loss - lib\screens\auth\role_selection_screen.dart:98:66 - deprecated_member_use
   info - Use 'const' with the constructor to improve performance - lib\screens\auth\role_selection_screen.dart:101:15 - prefer_const_constructors
   info - Use 'const' with the constructor to improve performance - lib\screens\auth\role_selection_screen.dart:103:24 - prefer_const_constructors
   info - 'withOpacity' is deprecated and shouldn't be used. Use .withValues() to avoid precision loss - lib\screens\auth\role_selection_screen.dart:115:66 - deprecated_member_use
   info - The import of 'dart:ui' is unnecessary because all of the used elements are also provided by the import of 'package:flutter/material.dart' - lib\screens\auth\signup_screen.dart:2:8 - unnecessary_import
   info - 'withOpacity' is deprecated and shouldn't be used. Use .withValues() to avoid precision loss - lib\screens\auth\signup_screen.dart:109:83 - deprecated_member_use
   info - 'withOpacity' is deprecated and shouldn't be used. Use .withValues() to avoid precision loss - lib\screens\auth\signup_screen.dart:121:45 - deprecated_member_use
   info - 'value' is deprecated and shouldn't be used. Use initialValue instead. This will set the initial value for the form field. This feature was deprecated after v3.33.0-1.0.pre - lib\screens\auth\signup_screen.dart:156:25 - deprecated_member_use
   info - 'value' is deprecated and shouldn't be used. Use initialValue instead. This will set the initial value for the form field. This feature was deprecated after v3.33.0-1.0.pre - lib\screens\auth\signup_screen.dart:164:25 - deprecated_member_use
   info - 'value' is deprecated and shouldn't be used. Use initialValue instead. This will set the initial value for the form field. This feature was deprecated after v3.33.0-1.0.pre - lib\screens\auth\signup_screen.dart:178:25 - deprecated_member_use
   info - 'withOpacity' is deprecated and shouldn't be used. Use .withValues() to avoid precision loss - lib\screens\auth\signup_screen.dart:207:85 - deprecated_member_use
   info - Don't use 'BuildContext's across async gaps, guarded by an unrelated 'mounted' check - lib\screens\security\qr_scanner_screen.dart:52:42 - use_build_context_synchronously
   info - Don't use 'BuildContext's across async gaps, guarded by an unrelated 'mounted' check - lib\screens\security\qr_scanner_screen.dart:89:42 - use_build_context_synchronously
   info - 'withOpacity' is deprecated and shouldn't be used. Use .withValues() to avoid precision loss - lib\screens\student\active_pass_screen.dart:79:39 - deprecated_member_use
   info - 'withOpacity' is deprecated and shouldn't be used. Use .withValues() to avoid precision loss - lib\screens\student\active_pass_screen.dart:112:45 - deprecated_member_use
   info - Don't invoke 'print' in production code - lib\screens\student\student_canteen_screen.dart:131:7 - avoid_print
   info - Don't invoke 'print' in production code - lib\services\notification_service.dart:15:7 - avoid_print
   info - Don't invoke 'print' in production code - lib\services\notification_service.dart:20:5 - avoid_print
   info - Don't invoke 'print' in production code - lib\services\notification_service.dart:24:7 - avoid_print
   info - Don't invoke 'print' in production code - lib\services\notification_service.dart:30:7 - avoid_print
   info - Don't invoke 'print' in production code - lib\services\notification_service.dart:32:9 - avoid_print
   info - Don't invoke 'print' in production code - lib\services\notification_service.dart:40:5 - avoid_print
   info - Don't invoke 'print' in production code - lib\services\storage_service.dart:14:7 - avoid_print
   info - Don't invoke 'print' in production code - lib\services\storage_service.dart:26:7 - avoid_print

